표적 9개, 증인 206개
  분리실패 → D3_Scissors_02/red 제외 재시도
  분리실패 → D1_Reactive_06/red 제외 재시도


     JSBSim Flight Dynamics Model v1.3.1 [GitHub build 1837/commit 3b25f25e49b42d0489c04ac805674fc1450ca579] May 17 2026 14:28:34
            [JSBSim-ML v2.0]

JSBSim startup beginning ...

Engine location ignored, only thruster location is used.
Engine orientation ignored, only thruster orientation is used.
Engine location ignored, only thruster location is used.
Engine orientation ignored, only thruster orientation is used.
  break 진입틱 B1_EnergyFighter_06/red t=27.95 → ✓ Δ+4.2
Engine location ignored, only thruster location is used.
Engine orientation ignored, only thruster orientation is used.
Engine location ignored, only thruster location is used.
Engine orientation ignored, only thruster orientation is used.
  break 진입틱 B1_EnergyFighter_08/red t=27.95 → ✓ Δ+4.2
Engine location ignored, only thruster location is used.
Engine orientation ignored, only thruster orientation is used.
Engine location ignored, only thruster location is used.
Engine orientation ignored, only thruster orientation is used.
  break 진입틱 B1_EnergyFighter_11/red t=27.95 → ✓ Δ+4.2
Engine location ignored, only thruster location is used.
Engine orientation ignored, only thruster orientation is used.
Engine location ignored, only thruster location is used.
Engine orientation ignored, only thruster orientation is used.
  break 진입틱 C3_Lufbery_04/red t=27.95 → ✓ Δ+4.2
Engine location ignored, only thruster location is used.
Engine orientation ignored, only thruster orientation is used.
Engine location ignored, only thruster location is used.
Engine orientation ignored, only thruster orientation is used.
  break 진입틱 C3_Lufbery_06/red t=27.95 → ✗ Δ+0.0
Engine location ignored, only thruster location is used.
Engine orientation ignored, only thruster orientation is used.
Engine location ignored, only thruster location is used.
Engine orientation ignored, only thruster orientation is used.
  break 진입틱 C3_Lufbery_08/red t=27.95 → ✗ Δ+0.0
  분리실패 → B1_EnergyFighter_06/red 제외 재시도
  분리실패 → B1_EnergyFighter_08/red 제외 재시도
  분리실패 → B1_EnergyFighter_11/red 제외 재시도
  분리불가 → 승리 쌍둥이 ['C3_Lufbery_00/blue', 'C3_Lufbery_00/red', 'C3_Lufbery_04/blue', 'C3_Lufbery_06/blue', 'C3_Lufbery_08/blue'] 공동발화 허용 재시도
  [분리불가] break ⊃ ['C3_Lufbery_04/red']
  분리실패 → D3_Scissors_01/red 제외 재시도
  분리실패 → D3_Scissors_02/red 제외 재시도
  분리실패 → C3_Lufbery_06/red 제외 재시도
  분리실패 → C3_Lufbery_08/red 제외 재시도
  분리실패 → D1_Reactive_06/red 제외 재시도
  분리실패 → B1_EnergyFighter_08/red 제외 재시도
  분리실패 → B1_EnergyFighter_11/red 제외 재시도
  분리실패 → C3_Lufbery_04/red 제외 재시도
  분리불가 → 승리 쌍둥이 ['B1_EnergyFighter_00/blue', 'B1_EnergyFighter_00/red', 'B1_EnergyFighter_06/blue', 'B1_EnergyFighter_08/blue', 'B1_EnergyFighter_11/blue'] 공동발화 허용 재시도
  [분리불가] dive ⊃ ['B1_EnergyFighter_06/red']
  분리실패 → D3_Scissors_01/red 제외 재시도
  분리실패 → D3_Scissors_02/red 제외 재시도
  분리실패 → C3_Lufbery_06/red 제외 재시도
  분리실패 → C3_Lufbery_08/red 제외 재시도
  분리실패 → D1_Reactive_06/red 제외 재시도
  분리실패 → B1_EnergyFighter_08/red 제외 재시도
  분리실패 → B1_EnergyFighter_11/red 제외 재시도
  분리실패 → C3_Lufbery_04/red 제외 재시도
  분리불가 → 승리 쌍둥이 ['B1_EnergyFighter_00/blue', 'B1_EnergyFighter_00/red', 'B1_EnergyFighter_06/blue', 'B1_EnergyFighter_08/blue', 'B1_EnergyFighter_11/blue'] 공동발화 허용 재시도
  [분리불가] extend ⊃ ['B1_EnergyFighter_06/red']
  분리실패 → C3_Lufbery_06/red 제외 재시도
  분리실패 → C3_Lufbery_08/red 제외 재시도
  분리실패 → D3_Scissors_01/red 제외 재시도
  분리실패 → D3_Scissors_02/red 제외 재시도
  분리실패 → B1_EnergyFighter_06/red 제외 재시도
  분리실패 → B1_EnergyFighter_08/red 제외 재시도
  분리실패 → B1_EnergyFighter_11/red 제외 재시도
  분리실패 → C3_Lufbery_04/red 제외 재시도
Engine location ignored, only thruster location is used.
Engine orientation ignored, only thruster orientation is used.
Engine location ignored, only thruster location is used.
Engine orientation ignored, only thruster orientation is used.
  gun_pure 진입틱 D1_Reactive_06/red t=27.85 → ✓ Δ+11.1
[규칙 1] gun_pure d6 ⊃ ['D1_Reactive_06/red']
  분리실패 → C3_Lufbery_06/red 제외 재시도
  분리실패 → C3_Lufbery_08/red 제외 재시도
  분리실패 → D3_Scissors_01/red 제외 재시도
  분리실패 → D3_Scissors_02/red 제외 재시도
  분리실패 → B1_EnergyFighter_06/red 제외 재시도
  분리실패 → B1_EnergyFighter_08/red 제외 재시도
  분리실패 → B1_EnergyFighter_11/red 제외 재시도
  분리불가 → 승리 쌍둥이 ['C3_Lufbery_00/blue', 'C3_Lufbery_00/red', 'C3_Lufbery_04/blue', 'C3_Lufbery_06/blue', 'C3_Lufbery_08/blue'] 공동발화 허용 재시도
  [분리불가] gun_pure ⊃ ['C3_Lufbery_04/red']
[미해결 반례] B1_EnergyFighter_08/red — 증인 소진
[미해결 반례] C3_Lufbery_08/red — 증인 소진
[미해결 반례] D3_Scissors_02/red — 증인 소진
[미해결 반례] D3_Scissors_01/red — 증인 소진
[미해결 반례] C3_Lufbery_04/red — 증인 소진
[미해결 반례] C3_Lufbery_06/red — 증인 소진
[미해결 반례] B1_EnergyFighter_06/red — 증인 소진
[미해결 반례] B1_EnergyFighter_11/red — 증인 소진

규칙 1개 저장: C:\Users\USER\Desktop\AI-pilot\core2\research\data\blueteam\daemon_t1s8b_r1_relt.json
미피복: 없음(전 반례 피복)
