#CONFIG basefn=gun20 surgical=1 rulebox=rules_r0.json rulesel=0 refuse=auto
=== 루프19 점수-장부 게이트: refuse=auto scope=subset (near>1.0 floor8.0 edge12.0 hot45.0 rng4500 pursue<0.6@12s) ===
  상대/측                          결과      HPΔ     거부     첫발화     장부오차  cond


     JSBSim Flight Dynamics Model v1.3.1 [GitHub build 1837/commit 3b25f25e49b42d0489c04ac805674fc1450ca579] May 17 2026 14:28:34
            [JSBSim-ML v2.0]

JSBSim startup beginning ...

Engine location ignored, only thruster location is used.
Engine orientation ignored, only thruster orientation is used.
Engine location ignored, only thruster location is used.
Engine orientation ignored, only thruster orientation is used.
  A1_PurePursuer_00/blue         패    -41.2     19     47s     +0.0  포기1  health_zero@51s
Engine location ignored, only thruster location is used.
Engine orientation ignored, only thruster orientation is used.
Engine location ignored, only thruster location is used.
Engine orientation ignored, only thruster orientation is used.
  A1_PurePursuer_00/red          패    -93.9      0       -     -0.1  포기0  health_zero@34s
Engine location ignored, only thruster location is used.
Engine orientation ignored, only thruster orientation is used.
Engine location ignored, only thruster location is used.
Engine orientation ignored, only thruster orientation is used.
  A1_PurePursuer_02/blue         패    -41.2     19     47s     +0.0  포기1  health_zero@51s
Engine location ignored, only thruster location is used.
Engine orientation ignored, only thruster orientation is used.
Engine location ignored, only thruster location is used.
Engine orientation ignored, only thruster orientation is used.
  A1_PurePursuer_02/red          패    -93.9      0       -     -0.1  포기0  health_zero@34s
Engine location ignored, only thruster location is used.
Engine orientation ignored, only thruster orientation is used.
Engine location ignored, only thruster location is used.
Engine orientation ignored, only thruster orientation is used.
  A1_PurePursuer_05/blue         패    -41.2     19     47s     +0.0  포기1  health_zero@51s
Engine location ignored, only thruster location is used.
Engine orientation ignored, only thruster orientation is used.
Engine location ignored, only thruster location is used.
Engine orientation ignored, only thruster orientation is used.
  A1_PurePursuer_05/red          패    -93.9      0       -     -0.1  포기0  health_zero@34s
Engine location ignored, only thruster location is used.
Engine orientation ignored, only thruster orientation is used.
Engine location ignored, only thruster location is used.
Engine orientation ignored, only thruster orientation is used.
  A1_PurePursuer_07/blue         패    -41.2     19     47s     +0.0  포기1  health_zero@51s
Engine location ignored, only thruster location is used.
Engine orientation ignored, only thruster orientation is used.
Engine location ignored, only thruster location is used.
Engine orientation ignored, only thruster orientation is used.
  A1_PurePursuer_07/red          패    -93.9      0       -     -0.1  포기0  health_zero@34s
Engine location ignored, only thruster location is used.
Engine orientation ignored, only thruster orientation is used.
Engine location ignored, only thruster location is used.
Engine orientation ignored, only thruster orientation is used.
  A1_PurePursuer_09/blue         패    -41.2     19     47s     +0.0  포기1  health_zero@51s
Engine location ignored, only thruster location is used.
Engine orientation ignored, only thruster orientation is used.
Engine location ignored, only thruster location is used.
Engine orientation ignored, only thruster orientation is used.
  A1_PurePursuer_09/red          패    -93.9      0       -     -0.1  포기0  health_zero@34s
Engine location ignored, only thruster location is used.
Engine orientation ignored, only thruster orientation is used.
Engine location ignored, only thruster location is used.
Engine orientation ignored, only thruster orientation is used.
  A2_GunTracker_00/blue          패    -43.9      2     49s     +0.5  포기1  health_zero@50s
Engine location ignored, only thruster location is used.
Engine orientation ignored, only thruster orientation is used.
Engine location ignored, only thruster location is used.
Engine orientation ignored, only thruster orientation is used.
  A2_GunTracker_00/red           패    -90.8      0       -     -0.2  포기0  health_zero@33s
Engine location ignored, only thruster location is used.
Engine orientation ignored, only thruster orientation is used.
Engine location ignored, only thruster location is used.
Engine orientation ignored, only thruster orientation is used.
  A2_GunTracker_03/blue          패    -43.1      2     47s     -1.2  포기1  health_zero@49s
Engine location ignored, only thruster location is used.
Engine orientation ignored, only thruster orientation is used.
Engine location ignored, only thruster location is used.
Engine orientation ignored, only thruster orientation is used.
  A2_GunTracker_03/red           패    -90.8      0       -     -0.2  포기0  health_zero@33s
Engine location ignored, only thruster location is used.
Engine orientation ignored, only thruster orientation is used.
Engine location ignored, only thruster location is used.
Engine orientation ignored, only thruster orientation is used.
  A2_GunTracker_06/blue          패    -44.8      2     49s     +0.8  포기1  health_zero@50s
Engine location ignored, only thruster location is used.
Engine orientation ignored, only thruster orientation is used.
Engine location ignored, only thruster location is used.
Engine orientation ignored, only thruster orientation is used.
  A2_GunTracker_06/red           패    -90.8      0       -     -0.2  포기0  health_zero@33s
Engine location ignored, only thruster location is used.
Engine orientation ignored, only thruster orientation is used.
Engine location ignored, only thruster location is used.
Engine orientation ignored, only thruster orientation is used.
  A2_GunTracker_08/blue          패    -40.1      2     49s     -0.7  포기1  health_zero@50s
Engine location ignored, only thruster location is used.
Engine orientation ignored, only thruster orientation is used.
Engine location ignored, only thruster location is used.
Engine orientation ignored, only thruster orientation is used.
  A2_GunTracker_08/red           패    -91.1      0       -     +0.1  포기0  health_zero@34s
Engine location ignored, only thruster location is used.
Engine orientation ignored, only thruster orientation is used.
Engine location ignored, only thruster location is used.
Engine orientation ignored, only thruster orientation is used.
  A2_GunTracker_11/blue          패    -39.8      2     48s     -0.4  포기1  health_zero@49s
Engine location ignored, only thruster location is used.
Engine orientation ignored, only thruster orientation is used.
Engine location ignored, only thruster location is used.
Engine orientation ignored, only thruster orientation is used.
  A2_GunTracker_11/red           패    -91.4      0       -     -0.1  포기0  health_zero@33s
Engine location ignored, only thruster location is used.
Engine orientation ignored, only thruster orientation is used.
Engine location ignored, only thruster location is used.
Engine orientation ignored, only thruster orientation is used.
  A3_LagAngler_00/blue           패     -0.5      4     52s     +0.4  포기1  stall@89s
Engine location ignored, only thruster location is used.
Engine orientation ignored, only thruster orientation is used.
Engine location ignored, only thruster location is used.
Engine orientation ignored, only thruster orientation is used.
  A3_LagAngler_00/red            승    +55.5      0       -     -1.2  포기0  health_zero@286s
Engine location ignored, only thruster location is used.
Engine orientation ignored, only thruster orientation is used.
Engine location ignored, only thruster location is used.
Engine orientation ignored, only thruster orientation is used.
  A3_LagAngler_03/blue           패     -0.5      4     52s     +0.4  포기1  stall@89s
Engine location ignored, only thruster location is used.
Engine orientation ignored, only thruster orientation is used.
Engine location ignored, only thruster location is used.
Engine orientation ignored, only thruster orientation is used.
  A3_LagAngler_03/red            승    +55.5      0       -     -1.2  포기0  health_zero@286s
Engine location ignored, only thruster location is used.
Engine orientation ignored, only thruster orientation is used.
Engine location ignored, only thruster location is used.
Engine orientation ignored, only thruster orientation is used.
  A3_LagAngler_06/blue           패     -0.5      4     52s     +0.4  포기1  stall@89s
Engine location ignored, only thruster location is used.
Engine orientation ignored, only thruster orientation is used.
Engine location ignored, only thruster location is used.
Engine orientation ignored, only thruster orientation is used.
  A3_LagAngler_06/red            승    +55.5      0       -     -1.2  포기0  health_zero@286s
Engine location ignored, only thruster location is used.
Engine orientation ignored, only thruster orientation is used.
Engine location ignored, only thruster location is used.
Engine orientation ignored, only thruster orientation is used.
  A3_LagAngler_08/blue           패    -43.0      0       -     -0.5  포기0  health_zero@51s
Engine location ignored, only thruster location is used.
Engine orientation ignored, only thruster orientation is used.
Engine location ignored, only thruster location is used.
Engine orientation ignored, only thruster orientation is used.
  A3_LagAngler_08/red            패    -97.2      0       -     -0.3  포기0  health_zero@35s
Engine location ignored, only thruster location is used.
Engine orientation ignored, only thruster orientation is used.
Engine location ignored, only thruster location is used.
Engine orientation ignored, only thruster orientation is used.
  A3_LagAngler_11/blue           패    -43.0      0       -     -0.5  포기0  health_zero@51s
Engine location ignored, only thruster location is used.
Engine orientation ignored, only thruster orientation is used.
Engine location ignored, only thruster location is used.
Engine orientation ignored, only thruster orientation is used.
  A3_LagAngler_11/red            패    -97.2      0       -     -0.3  포기0  health_zero@35s
Engine location ignored, only thruster location is used.
Engine orientation ignored, only thruster orientation is used.
Engine location ignored, only thruster location is used.
Engine orientation ignored, only thruster orientation is used.
  B1_EnergyFighter_00/blue       승    +42.4      0       -     +0.6  포기0  health_zero@37s
Engine location ignored, only thruster location is used.
Engine orientation ignored, only thruster orientation is used.
Engine location ignored, only thruster location is used.
Engine orientation ignored, only thruster orientation is used.
  B1_EnergyFighter_00/red        승     +6.5      0       -     +0.6  포기0  health_zero@36s
Engine location ignored, only thruster location is used.
Engine orientation ignored, only thruster orientation is used.
Engine location ignored, only thruster location is used.
Engine orientation ignored, only thruster orientation is used.
  B1_EnergyFighter_03/blue       승    +42.4      0       -     +0.6  포기0  health_zero@37s
Engine location ignored, only thruster location is used.
Engine orientation ignored, only thruster orientation is used.
Engine location ignored, only thruster location is used.
Engine orientation ignored, only thruster orientation is used.
  B1_EnergyFighter_03/red        승     +6.5      0       -     +0.6  포기0  health_zero@36s
Engine location ignored, only thruster location is used.
Engine orientation ignored, only thruster orientation is used.
Engine location ignored, only thruster location is used.
Engine orientation ignored, only thruster orientation is used.
  B1_EnergyFighter_06/blue       승    +52.8      0       -     +1.2  포기0  health_zero@37s
Engine location ignored, only thruster location is used.
Engine orientation ignored, only thruster orientation is used.
Engine location ignored, only thruster location is used.
Engine orientation ignored, only thruster orientation is used.
  B1_EnergyFighter_06/red        승     +6.6      0       -     +0.6  포기0  health_zero@36s
Engine location ignored, only thruster location is used.
Engine orientation ignored, only thruster orientation is used.
Engine location ignored, only thruster location is used.
Engine orientation ignored, only thruster orientation is used.
  B1_EnergyFighter_08/blue       승    +52.8      0       -     +1.2  포기0  health_zero@37s
Engine location ignored, only thruster location is used.
Engine orientation ignored, only thruster orientation is used.
Engine location ignored, only thruster location is used.
Engine orientation ignored, only thruster orientation is used.
  B1_EnergyFighter_08/red        승     +6.6      0       -     +0.6  포기0  health_zero@36s
Engine location ignored, only thruster location is used.
Engine orientation ignored, only thruster orientation is used.
Engine location ignored, only thruster location is used.
Engine orientation ignored, only thruster orientation is used.
  B1_EnergyFighter_11/blue       승    +52.8      0       -     +1.2  포기0  health_zero@37s
Engine location ignored, only thruster location is used.
Engine orientation ignored, only thruster orientation is used.
Engine location ignored, only thruster location is used.
Engine orientation ignored, only thruster orientation is used.
  B1_EnergyFighter_11/red        승     +6.6      0       -     +0.6  포기0  health_zero@36s
Engine location ignored, only thruster location is used.
Engine orientation ignored, only thruster orientation is used.
Engine location ignored, only thruster location is used.
Engine orientation ignored, only thruster orientation is used.
  B2_Extender_00/blue            승    +72.1      0       -     +0.0  포기0  health_zero@101s
Engine location ignored, only thruster location is used.
Engine orientation ignored, only thruster orientation is used.
Engine location ignored, only thruster location is used.
Engine orientation ignored, only thruster orientation is used.
  B2_Extender_00/red             승    +44.6      0       -     +0.0  포기0  health_zero@43s
Engine location ignored, only thruster location is used.
Engine orientation ignored, only thruster orientation is used.
Engine location ignored, only thruster location is used.
Engine orientation ignored, only thruster orientation is used.
  B2_Extender_02/blue            승    +73.3      0       -     +0.6  포기0  health_zero@181s
Engine location ignored, only thruster location is used.
Engine orientation ignored, only thruster orientation is used.
Engine location ignored, only thruster location is used.
Engine orientation ignored, only thruster orientation is used.
  B2_Extender_02/red             승     +6.1      0       -     +0.6  포기0  health_zero@36s
Engine location ignored, only thruster location is used.
Engine orientation ignored, only thruster orientation is used.
Engine location ignored, only thruster location is used.
Engine orientation ignored, only thruster orientation is used.
  B2_Extender_04/blue            승    +57.4      0       -     -0.6  포기0  health_zero@182s
Engine location ignored, only thruster location is used.
Engine orientation ignored, only thruster orientation is used.
Engine location ignored, only thruster location is used.
Engine orientation ignored, only thruster orientation is used.
  B2_Extender_04/red             승     +6.1      0       -     +0.6  포기0  health_zero@36s
Engine location ignored, only thruster location is used.
Engine orientation ignored, only thruster orientation is used.
Engine location ignored, only thruster location is used.
Engine orientation ignored, only thruster orientation is used.
  B2_Extender_06/blue            승    +41.9      0       -     +1.2  포기0  health_zero@170s
Engine location ignored, only thruster location is used.
Engine orientation ignored, only thruster orientation is used.
Engine location ignored, only thruster location is used.
Engine orientation ignored, only thruster orientation is used.
  B2_Extender_06/red             승    +34.4      0       -     +0.6  포기0  health_zero@189s
Engine location ignored, only thruster location is used.
Engine orientation ignored, only thruster orientation is used.
Engine location ignored, only thruster location is used.
Engine orientation ignored, only thruster orientation is used.
  B2_Extender_08/blue            승    +81.9      0       -     +1.2  포기0  health_zero@174s
Engine location ignored, only thruster location is used.
Engine orientation ignored, only thruster orientation is used.
Engine location ignored, only thruster location is used.
Engine orientation ignored, only thruster orientation is used.
  B2_Extender_08/red             승     +6.1      0       -     +0.6  포기0  health_zero@36s
Engine location ignored, only thruster location is used.
Engine orientation ignored, only thruster orientation is used.
Engine location ignored, only thruster location is used.
Engine orientation ignored, only thruster orientation is used.
  C1_TwoCircleRate_00/blue       승    +36.7      0       -     +0.0  포기0  health_zero@58s
Engine location ignored, only thruster location is used.
Engine orientation ignored, only thruster orientation is used.
Engine location ignored, only thruster location is used.
Engine orientation ignored, only thruster orientation is used.
  C1_TwoCircleRate_00/red        승     +6.6      0       -     +0.6  포기0  health_zero@36s
Engine location ignored, only thruster location is used.
Engine orientation ignored, only thruster orientation is used.
Engine location ignored, only thruster location is used.
Engine orientation ignored, only thruster orientation is used.
  C1_TwoCircleRate_01/blue       승    +36.7      0       -     +0.0  포기0  health_zero@58s
Engine location ignored, only thruster location is used.
Engine orientation ignored, only thruster orientation is used.
Engine location ignored, only thruster location is used.
Engine orientation ignored, only thruster orientation is used.
  C1_TwoCircleRate_01/red        승     +6.6      0       -     +0.6  포기0  health_zero@36s
Engine location ignored, only thruster location is used.
Engine orientation ignored, only thruster orientation is used.
Engine location ignored, only thruster location is used.
Engine orientation ignored, only thruster orientation is used.
  C1_TwoCircleRate_03/blue       승    +15.3      0       -     +0.6  포기0  health_zero@38s
Engine location ignored, only thruster location is used.
Engine orientation ignored, only thruster orientation is used.
Engine location ignored, only thruster location is used.
Engine orientation ignored, only thruster orientation is used.
  C1_TwoCircleRate_03/red        승     +6.7      0       -     +0.6  포기0  health_zero@36s
Engine location ignored, only thruster location is used.
Engine orientation ignored, only thruster orientation is used.
Engine location ignored, only thruster location is used.
Engine orientation ignored, only thruster orientation is used.
  C1_TwoCircleRate_04/blue       승    +15.3      0       -     +0.6  포기0  health_zero@38s
Engine location ignored, only thruster location is used.
Engine orientation ignored, only thruster orientation is used.
Engine location ignored, only thruster location is used.
Engine orientation ignored, only thruster orientation is used.
  C1_TwoCircleRate_04/red        승     +6.7      0       -     +0.6  포기0  health_zero@36s
Engine location ignored, only thruster location is used.
Engine orientation ignored, only thruster orientation is used.
Engine location ignored, only thruster location is used.
Engine orientation ignored, only thruster orientation is used.
  C1_TwoCircleRate_05/blue       승    +15.3      0       -     +0.6  포기0  health_zero@38s
Engine location ignored, only thruster location is used.
Engine orientation ignored, only thruster orientation is used.
Engine location ignored, only thruster location is used.
Engine orientation ignored, only thruster orientation is used.
  C1_TwoCircleRate_05/red        승     +6.7      0       -     +0.6  포기0  health_zero@36s
Engine location ignored, only thruster location is used.
Engine orientation ignored, only thruster orientation is used.
Engine location ignored, only thruster location is used.
Engine orientation ignored, only thruster orientation is used.
  C2_OneCircleRad_00/blue        승    +36.7      0       -     +0.0  포기0  health_zero@58s
Engine location ignored, only thruster location is used.
Engine orientation ignored, only thruster orientation is used.
Engine location ignored, only thruster location is used.
Engine orientation ignored, only thruster orientation is used.
  C2_OneCircleRad_00/red         승     +6.6      0       -     +0.6  포기0  health_zero@36s
Engine location ignored, only thruster location is used.
Engine orientation ignored, only thruster orientation is used.
Engine location ignored, only thruster location is used.
Engine orientation ignored, only thruster orientation is used.
  C2_OneCircleRad_01/blue        승    +36.7      0       -     +0.0  포기0  health_zero@58s
Engine location ignored, only thruster location is used.
Engine orientation ignored, only thruster orientation is used.
Engine location ignored, only thruster location is used.
Engine orientation ignored, only thruster orientation is used.
  C2_OneCircleRad_01/red         승     +6.6      0       -     +0.6  포기0  health_zero@36s
Engine location ignored, only thruster location is used.
Engine orientation ignored, only thruster orientation is used.
Engine location ignored, only thruster location is used.
Engine orientation ignored, only thruster orientation is used.
  C2_OneCircleRad_03/blue        승    +15.3      0       -     +0.6  포기0  health_zero@38s
Engine location ignored, only thruster location is used.
Engine orientation ignored, only thruster orientation is used.
Engine location ignored, only thruster location is used.
Engine orientation ignored, only thruster orientation is used.
  C2_OneCircleRad_03/red         승     +6.7      0       -     +0.6  포기0  health_zero@36s
Engine location ignored, only thruster location is used.
Engine orientation ignored, only thruster orientation is used.
Engine location ignored, only thruster location is used.
Engine orientation ignored, only thruster orientation is used.
  C2_OneCircleRad_04/blue        승    +15.3      0       -     +0.6  포기0  health_zero@38s
Engine location ignored, only thruster location is used.
Engine orientation ignored, only thruster orientation is used.
Engine location ignored, only thruster location is used.
Engine orientation ignored, only thruster orientation is used.
  C2_OneCircleRad_04/red         승     +6.7      0       -     +0.6  포기0  health_zero@36s
Engine location ignored, only thruster location is used.
Engine orientation ignored, only thruster orientation is used.
Engine location ignored, only thruster location is used.
Engine orientation ignored, only thruster orientation is used.
  C2_OneCircleRad_05/blue        승    +15.3      0       -     +0.6  포기0  health_zero@38s
Engine location ignored, only thruster location is used.
Engine orientation ignored, only thruster orientation is used.
Engine location ignored, only thruster location is used.
Engine orientation ignored, only thruster orientation is used.
  C2_OneCircleRad_05/red         승     +6.7      0       -     +0.6  포기0  health_zero@36s
Engine location ignored, only thruster location is used.
Engine orientation ignored, only thruster orientation is used.
Engine location ignored, only thruster location is used.
Engine orientation ignored, only thruster orientation is used.
  C3_Lufbery_00/blue             승    +42.4      0       -     +0.6  포기0  health_zero@37s
Engine location ignored, only thruster location is used.
Engine orientation ignored, only thruster orientation is used.
Engine location ignored, only thruster location is used.
Engine orientation ignored, only thruster orientation is used.
  C3_Lufbery_00/red              승     +6.5      0       -     +0.6  포기0  health_zero@36s
Engine location ignored, only thruster location is used.
Engine orientation ignored, only thruster orientation is used.
Engine location ignored, only thruster location is used.
Engine orientation ignored, only thruster orientation is used.
  C3_Lufbery_02/blue             승    +42.4      0       -     +0.6  포기0  health_zero@37s
Engine location ignored, only thruster location is used.
Engine orientation ignored, only thruster orientation is used.
Engine location ignored, only thruster location is used.
Engine orientation ignored, only thruster orientation is used.
  C3_Lufbery_02/red              승     +6.5      0       -     +0.6  포기0  health_zero@36s
Engine location ignored, only thruster location is used.
Engine orientation ignored, only thruster orientation is used.
Engine location ignored, only thruster location is used.
Engine orientation ignored, only thruster orientation is used.
  C3_Lufbery_04/blue             승    +52.8      0       -     +1.2  포기0  health_zero@37s
Engine location ignored, only thruster location is used.
Engine orientation ignored, only thruster orientation is used.
Engine location ignored, only thruster location is used.
Engine orientation ignored, only thruster orientation is used.
  C3_Lufbery_04/red              승     +6.6      0       -     +0.6  포기0  health_zero@36s
Engine location ignored, only thruster location is used.
Engine orientation ignored, only thruster orientation is used.
Engine location ignored, only thruster location is used.
Engine orientation ignored, only thruster orientation is used.
  C3_Lufbery_06/blue             승    +60.9      0       -     +1.2  포기0  health_zero@36s
Engine location ignored, only thruster location is used.
Engine orientation ignored, only thruster orientation is used.
Engine location ignored, only thruster location is used.
Engine orientation ignored, only thruster orientation is used.
  C3_Lufbery_06/red              승     +6.6      0       -     +0.6  포기0  health_zero@36s
Engine location ignored, only thruster location is used.
Engine orientation ignored, only thruster orientation is used.
Engine location ignored, only thruster location is used.
Engine orientation ignored, only thruster orientation is used.
  C3_Lufbery_08/blue             승    +60.9      0       -     +1.2  포기0  health_zero@36s
Engine location ignored, only thruster location is used.
Engine orientation ignored, only thruster orientation is used.
Engine location ignored, only thruster location is used.
Engine orientation ignored, only thruster orientation is used.
  C3_Lufbery_08/red              승     +6.6      0       -     +0.6  포기0  health_zero@36s
Engine location ignored, only thruster location is used.
Engine orientation ignored, only thruster orientation is used.
Engine location ignored, only thruster location is used.
Engine orientation ignored, only thruster orientation is used.
  D1_Reactive_00/blue            승    +78.0      0       -     +0.0  포기0  health_zero@143s
Engine location ignored, only thruster location is used.
Engine orientation ignored, only thruster orientation is used.
Engine location ignored, only thruster location is used.
Engine orientation ignored, only thruster orientation is used.
  D1_Reactive_00/red             승     +6.4      0       -     +0.6  포기0  health_zero@36s
Engine location ignored, only thruster location is used.
Engine orientation ignored, only thruster orientation is used.
Engine location ignored, only thruster location is used.
Engine orientation ignored, only thruster orientation is used.
  D1_Reactive_03/blue            승    +78.0      0       -     +0.0  포기0  health_zero@143s
Engine location ignored, only thruster location is used.
Engine orientation ignored, only thruster orientation is used.
Engine location ignored, only thruster location is used.
Engine orientation ignored, only thruster orientation is used.
  D1_Reactive_03/red             승     +6.4      0       -     +0.6  포기0  health_zero@36s
Engine location ignored, only thruster location is used.
Engine orientation ignored, only thruster orientation is used.
Engine location ignored, only thruster location is used.
Engine orientation ignored, only thruster orientation is used.
  D1_Reactive_06/blue            승    +76.6      0       -     +0.0  포기0  health_zero@88s
Engine location ignored, only thruster location is used.
Engine orientation ignored, only thruster orientation is used.
Engine location ignored, only thruster location is used.
Engine orientation ignored, only thruster orientation is used.
  D1_Reactive_06/red             승     +6.4      0       -     +0.6  포기0  health_zero@36s
Engine location ignored, only thruster location is used.
Engine orientation ignored, only thruster orientation is used.
Engine location ignored, only thruster location is used.
Engine orientation ignored, only thruster orientation is used.
  D1_Reactive_08/blue            승    +57.0      0       -     +1.2  포기0  health_zero@62s
Engine location ignored, only thruster location is used.
Engine orientation ignored, only thruster orientation is used.
Engine location ignored, only thruster location is used.
Engine orientation ignored, only thruster orientation is used.
  D1_Reactive_08/red             승     +6.5      0       -     +0.6  포기0  health_zero@36s
Engine location ignored, only thruster location is used.
Engine orientation ignored, only thruster orientation is used.
Engine location ignored, only thruster location is used.
Engine orientation ignored, only thruster orientation is used.
  D1_Reactive_11/blue            승    +57.0      0       -     +1.2  포기0  health_zero@62s
Engine location ignored, only thruster location is used.
Engine orientation ignored, only thruster orientation is used.
Engine location ignored, only thruster location is used.
Engine orientation ignored, only thruster orientation is used.
  D1_Reactive_11/red             승     +6.5      0       -     +0.6  포기0  health_zero@36s
Engine location ignored, only thruster location is used.
Engine orientation ignored, only thruster orientation is used.
Engine location ignored, only thruster location is used.
Engine orientation ignored, only thruster orientation is used.
  D2_LastDitch_00/blue           승    +28.3      0       -     +0.0  포기0  health_zero@93s
Engine location ignored, only thruster location is used.
Engine orientation ignored, only thruster orientation is used.
Engine location ignored, only thruster location is used.
Engine orientation ignored, only thruster orientation is used.
  D2_LastDitch_00/red            승    +39.5      0       -     +0.0  포기0  health_zero@79s
Engine location ignored, only thruster location is used.
Engine orientation ignored, only thruster orientation is used.
Engine location ignored, only thruster location is used.
Engine orientation ignored, only thruster orientation is used.
  D2_LastDitch_01/blue           승    +28.3      0       -     +0.0  포기0  health_zero@93s
Engine location ignored, only thruster location is used.
Engine orientation ignored, only thruster orientation is used.
Engine location ignored, only thruster location is used.
Engine orientation ignored, only thruster orientation is used.
  D2_LastDitch_01/red            승    +39.5      0       -     +0.0  포기0  health_zero@79s
Engine location ignored, only thruster location is used.
Engine orientation ignored, only thruster orientation is used.
Engine location ignored, only thruster location is used.
Engine orientation ignored, only thruster orientation is used.
  D2_LastDitch_03/blue           승    +20.3      0       -     +0.0  포기0  health_zero@83s
Engine location ignored, only thruster location is used.
Engine orientation ignored, only thruster orientation is used.
Engine location ignored, only thruster location is used.
Engine orientation ignored, only thruster orientation is used.
  D2_LastDitch_03/red            승    +34.4      0       -     +0.0  포기0  health_zero@59s
Engine location ignored, only thruster location is used.
Engine orientation ignored, only thruster orientation is used.
Engine location ignored, only thruster location is used.
Engine orientation ignored, only thruster orientation is used.
  D2_LastDitch_04/blue           패    -29.0      0       -     +0.4  포기0  health_zero@116s
Engine location ignored, only thruster location is used.
Engine orientation ignored, only thruster orientation is used.
Engine location ignored, only thruster location is used.
Engine orientation ignored, only thruster orientation is used.
  D2_LastDitch_04/red            승    +88.9      0       -     -0.6  포기0  health_zero@82s
Engine location ignored, only thruster location is used.
Engine orientation ignored, only thruster orientation is used.
Engine location ignored, only thruster location is used.
Engine orientation ignored, only thruster orientation is used.
  D2_LastDitch_05/blue           패    -29.0      0       -     +0.4  포기0  health_zero@116s
Engine location ignored, only thruster location is used.
Engine orientation ignored, only thruster orientation is used.
Engine location ignored, only thruster location is used.
Engine orientation ignored, only thruster orientation is used.
  D2_LastDitch_05/red            승    +88.9      0       -     -0.6  포기0  health_zero@82s
Engine location ignored, only thruster location is used.
Engine orientation ignored, only thruster orientation is used.
Engine location ignored, only thruster location is used.
Engine orientation ignored, only thruster orientation is used.
  D3_Scissors_00/blue            승    +30.4      0       -     +0.6  포기0  health_zero@72s
Engine location ignored, only thruster location is used.
Engine orientation ignored, only thruster orientation is used.
Engine location ignored, only thruster location is used.
Engine orientation ignored, only thruster orientation is used.
  D3_Scissors_00/red             승     +2.0      0       -     +0.6  포기0  health_zero@63s
Engine location ignored, only thruster location is used.
Engine orientation ignored, only thruster orientation is used.
Engine location ignored, only thruster location is used.
Engine orientation ignored, only thruster orientation is used.
  D3_Scissors_01/blue            승    +52.3      0       -     +1.2  포기0  health_zero@46s
Engine location ignored, only thruster location is used.
Engine orientation ignored, only thruster orientation is used.
Engine location ignored, only thruster location is used.
Engine orientation ignored, only thruster orientation is used.
  D3_Scissors_01/red             패    -15.1      0       -     -0.7  포기0  health_zero@63s
Engine location ignored, only thruster location is used.
Engine orientation ignored, only thruster orientation is used.
Engine location ignored, only thruster location is used.
Engine orientation ignored, only thruster orientation is used.
  D3_Scissors_02/blue            승    +53.2      0       -     +0.0  포기0  health_zero@46s
Engine location ignored, only thruster location is used.
Engine orientation ignored, only thruster orientation is used.
Engine location ignored, only thruster location is used.
Engine orientation ignored, only thruster orientation is used.
  D3_Scissors_02/red             승    +10.1      0       -     +0.6  포기0  health_zero@39s
Engine location ignored, only thruster location is used.
Engine orientation ignored, only thruster orientation is used.
Engine location ignored, only thruster location is used.
Engine orientation ignored, only thruster orientation is used.
  E1_AdaptiveAce_00/blue         승    +42.0      0       -     +0.6  포기0  health_zero@58s
Engine location ignored, only thruster location is used.
Engine orientation ignored, only thruster orientation is used.
Engine location ignored, only thruster location is used.
Engine orientation ignored, only thruster orientation is used.
  E1_AdaptiveAce_00/red          승    +29.4      0       -     +1.2  포기0  health_zero@56s
Engine location ignored, only thruster location is used.
Engine orientation ignored, only thruster orientation is used.
Engine location ignored, only thruster location is used.
Engine orientation ignored, only thruster orientation is used.
  E1_AdaptiveAce_03/blue         승    +21.0      0       -     +1.2  포기0  health_zero@58s
Engine location ignored, only thruster location is used.
Engine orientation ignored, only thruster orientation is used.
Engine location ignored, only thruster location is used.
Engine orientation ignored, only thruster orientation is used.
  E1_AdaptiveAce_03/red          승    +41.4      0       -     +0.0  포기0  health_zero@53s
Engine location ignored, only thruster location is used.
Engine orientation ignored, only thruster orientation is used.
Engine location ignored, only thruster location is used.
Engine orientation ignored, only thruster orientation is used.
  E1_AdaptiveAce_06/blue         승    +21.0      0       -     +1.2  포기0  health_zero@58s
Engine location ignored, only thruster location is used.
Engine orientation ignored, only thruster orientation is used.
Engine location ignored, only thruster location is used.
Engine orientation ignored, only thruster orientation is used.
  E1_AdaptiveAce_06/red          승    +39.8      0       -     +0.6  포기0  health_zero@53s
Engine location ignored, only thruster location is used.
Engine orientation ignored, only thruster orientation is used.
Engine location ignored, only thruster location is used.
Engine orientation ignored, only thruster orientation is used.
  E1_AdaptiveAce_08/blue         승    +42.3      0       -     +0.6  포기0  health_zero@58s
Engine location ignored, only thruster location is used.
Engine orientation ignored, only thruster orientation is used.
Engine location ignored, only thruster location is used.
Engine orientation ignored, only thruster orientation is used.
  E1_AdaptiveAce_08/red          승    +29.4      0       -     +1.2  포기0  health_zero@56s
Engine location ignored, only thruster location is used.
Engine orientation ignored, only thruster orientation is used.
Engine location ignored, only thruster location is used.
Engine orientation ignored, only thruster orientation is used.
  E1_AdaptiveAce_11/blue         승    +21.0      0       -     +1.2  포기0  health_zero@58s
Engine location ignored, only thruster location is used.
Engine orientation ignored, only thruster orientation is used.
Engine location ignored, only thruster location is used.
Engine orientation ignored, only thruster orientation is used.
  E1_AdaptiveAce_11/red          승    +41.4      0       -     +0.0  포기0  health_zero@53s
Engine location ignored, only thruster location is used.
Engine orientation ignored, only thruster orientation is used.
Engine location ignored, only thruster location is used.
Engine orientation ignored, only thruster orientation is used.
  E2_Passive_00/blue             패    -82.1      0       -     -0.2  포기0  health_zero@145s
Engine location ignored, only thruster location is used.
Engine orientation ignored, only thruster orientation is used.
Engine location ignored, only thruster location is used.
Engine orientation ignored, only thruster orientation is used.
  E2_Passive_00/red              승    +13.2      0       -     +2.5  포기0  health_zero@54s
Engine location ignored, only thruster location is used.
Engine orientation ignored, only thruster orientation is used.
Engine location ignored, only thruster location is used.
Engine orientation ignored, only thruster orientation is used.
  E2_Passive_01/blue             패    -82.1      0       -     -0.2  포기0  health_zero@145s
Engine location ignored, only thruster location is used.
Engine orientation ignored, only thruster orientation is used.
Engine location ignored, only thruster location is used.
Engine orientation ignored, only thruster orientation is used.
  E2_Passive_01/red              승    +13.2      0       -     +2.5  포기0  health_zero@54s
Engine location ignored, only thruster location is used.
Engine orientation ignored, only thruster orientation is used.
Engine location ignored, only thruster location is used.
Engine orientation ignored, only thruster orientation is used.
  anchor_ace/blue                승    +49.9      0       -     +0.6  포기0  health_zero@59s
Engine location ignored, only thruster location is used.
Engine orientation ignored, only thruster orientation is used.
Engine location ignored, only thruster location is used.
Engine orientation ignored, only thruster orientation is used.
  anchor_ace/red                 승    +42.4      0       -     +1.2  포기0  health_zero@54s
Engine location ignored, only thruster location is used.
Engine orientation ignored, only thruster orientation is used.
Engine location ignored, only thruster location is used.
Engine orientation ignored, only thruster orientation is used.
  anchor_aggressive/blue         패    -41.2     19     47s     +0.0  포기1  health_zero@51s
Engine location ignored, only thruster location is used.
Engine orientation ignored, only thruster orientation is used.
Engine location ignored, only thruster location is used.
Engine orientation ignored, only thruster orientation is used.
  anchor_aggressive/red          패    -93.9      0       -     -0.1  포기0  health_zero@34s
Engine location ignored, only thruster location is used.
Engine orientation ignored, only thruster orientation is used.
Engine location ignored, only thruster location is used.
Engine orientation ignored, only thruster orientation is used.
  anchor_defensive/blue          승    +22.9      0       -     +0.0  포기0  health_zero@38s
Engine location ignored, only thruster location is used.
Engine orientation ignored, only thruster orientation is used.
Engine location ignored, only thruster location is used.
Engine orientation ignored, only thruster orientation is used.
  anchor_defensive/red           승     +6.5      0       -     +0.6  포기0  health_zero@36s
Engine location ignored, only thruster location is used.
Engine orientation ignored, only thruster orientation is used.
Engine location ignored, only thruster location is used.
Engine orientation ignored, only thruster orientation is used.
  anchor_simple/blue             패    -41.2     19     47s     +0.0  포기1  health_zero@51s
Engine location ignored, only thruster location is used.
Engine orientation ignored, only thruster orientation is used.
Engine location ignored, only thruster location is used.
Engine orientation ignored, only thruster orientation is used.
  anchor_simple/red              패    -93.9      0       -     -0.1  포기0  health_zero@34s
Engine location ignored, only thruster location is used.
Engine orientation ignored, only thruster orientation is used.
Engine location ignored, only thruster location is used.
Engine orientation ignored, only thruster orientation is used.
  official_attacker/blue         패    -17.1      2     53s     -0.2  포기1  health_zero@55s
Engine location ignored, only thruster location is used.
Engine orientation ignored, only thruster orientation is used.
Engine location ignored, only thruster location is used.
Engine orientation ignored, only thruster orientation is used.
  official_attacker/red          패    -94.0      0       -     +0.4  포기0  health_zero@35s
Engine location ignored, only thruster location is used.
Engine orientation ignored, only thruster orientation is used.
Engine location ignored, only thruster location is used.
Engine orientation ignored, only thruster orientation is used.
  official_energyfighter/blue    패    -70.8      0       -     -0.2  포기0  health_zero@45s
Engine location ignored, only thruster location is used.
Engine orientation ignored, only thruster orientation is used.
Engine location ignored, only thruster location is used.
Engine orientation ignored, only thruster orientation is used.
  official_energyfighter/red     승    +83.2      0       -     +0.6  포기0  health_zero@145s
Engine location ignored, only thruster location is used.
Engine orientation ignored, only thruster orientation is used.
Engine location ignored, only thruster location is used.
Engine orientation ignored, only thruster orientation is used.
  official_twocircle/blue        승     +5.2      0       -     +0.0  포기0  health_zero@123s
Engine location ignored, only thruster location is used.
Engine orientation ignored, only thruster orientation is used.
Engine location ignored, only thruster location is used.
Engine orientation ignored, only thruster orientation is used.
  official_twocircle/red         패    -15.0      6    129s     -0.6  포기1  health_zero@131s
Engine location ignored, only thruster location is used.
Engine orientation ignored, only thruster orientation is used.
Engine location ignored, only thruster location is used.
Engine orientation ignored, only thruster orientation is used.
  official_controlzone/blue      승    +18.2      0       -     +0.0  포기0  health_zero@35s
Engine location ignored, only thruster location is used.
Engine orientation ignored, only thruster orientation is used.
Engine location ignored, only thruster location is used.
Engine orientation ignored, only thruster orientation is used.
  official_controlzone/red       패     -3.1      2     35s     -0.0  포기1  health_zero@35s
Engine location ignored, only thruster location is used.
Engine orientation ignored, only thruster orientation is used.
Engine location ignored, only thruster location is used.
Engine orientation ignored, only thruster orientation is used.
  official_headon/blue           승    +20.8      0       -     +0.0  포기0  health_zero@35s
Engine location ignored, only thruster location is used.
Engine orientation ignored, only thruster orientation is used.
Engine location ignored, only thruster location is used.
Engine orientation ignored, only thruster orientation is used.
  official_headon/red            승    +26.9      0       -     +0.2  포기0  timeout@300s
Engine location ignored, only thruster location is used.
Engine orientation ignored, only thruster orientation is used.
Engine location ignored, only thruster location is used.
Engine orientation ignored, only thruster orientation is used.
  redteam_allround/blue          패    -71.1      0       -     -0.5  포기0  health_zero@63s
Engine location ignored, only thruster location is used.
Engine orientation ignored, only thruster orientation is used.
Engine location ignored, only thruster location is used.
Engine orientation ignored, only thruster orientation is used.
  redteam_allround/red           승    +21.0      0       -     +0.6  포기0  health_zero@106s
Engine location ignored, only thruster location is used.
Engine orientation ignored, only thruster orientation is used.
Engine location ignored, only thruster location is used.
Engine orientation ignored, only thruster orientation is used.
  redteam_energy/blue            패    -95.5      0       -     +0.1  포기0  health_zero@248s
Engine location ignored, only thruster location is used.
Engine orientation ignored, only thruster orientation is used.
Engine location ignored, only thruster location is used.
Engine orientation ignored, only thruster orientation is used.
  redteam_energy/red             패    -68.9      0       -     -0.1  포기0  health_zero@148s
Engine location ignored, only thruster location is used.
Engine orientation ignored, only thruster orientation is used.
Engine location ignored, only thruster location is used.
Engine orientation ignored, only thruster orientation is used.
  redteam_pressure/blue          패    -41.2     19     47s     +0.0  포기1  health_zero@51s
Engine location ignored, only thruster location is used.
Engine orientation ignored, only thruster orientation is used.
Engine location ignored, only thruster location is used.
Engine orientation ignored, only thruster orientation is used.
  redteam_pressure/red           패    -93.9      0       -     -0.1  포기0  health_zero@34s
Engine location ignored, only thruster location is used.
Engine orientation ignored, only thruster orientation is used.
Engine location ignored, only thruster location is used.
Engine orientation ignored, only thruster orientation is used.
  official_default/blue          승    +44.5      0       -     +0.0  포기0  health_zero@39s
Engine location ignored, only thruster location is used.
Engine orientation ignored, only thruster orientation is used.
Engine location ignored, only thruster location is used.
Engine orientation ignored, only thruster orientation is used.
  official_default/red           승     +6.6      0       -     +0.6  포기0  health_zero@36s
Engine location ignored, only thruster location is used.
Engine orientation ignored, only thruster orientation is used.
Engine location ignored, only thruster location is used.
Engine orientation ignored, only thruster orientation is used.
  agents/champion128/blue        패    -29.2      5     46s     +0.8  포기1  health_zero@66s
Engine location ignored, only thruster location is used.
Engine orientation ignored, only thruster orientation is used.
Engine location ignored, only thruster location is used.
Engine orientation ignored, only thruster orientation is used.
  agents/champion128/red         패     -6.3      2     34s     -0.0  포기1  health_zero@35s
Engine location ignored, only thruster location is used.
Engine orientation ignored, only thruster orientation is used.
Engine location ignored, only thruster location is used.
Engine orientation ignored, only thruster orientation is used.
  agents/champion128_f33/blue    승     +6.3      0       -     +0.6  포기0  health_zero@35s
Engine location ignored, only thruster location is used.
Engine orientation ignored, only thruster orientation is used.
Engine location ignored, only thruster location is used.
Engine orientation ignored, only thruster orientation is used.
  agents/champion128_f33/red     패     -6.3      2     34s     -0.0  포기1  health_zero@35s

  합계: 101승 0무 49패 / 150
  전환: 18 ['A3_LagAngler_00/red', 'A3_LagAngler_06/red', 'B1_EnergyFighter_00/red', 'B1_EnergyFighter_06/red', 'B1_EnergyFighter_11/red', 'B2_Extender_04/red', 'B2_Extender_08/blue', 'C1_TwoCircleRate_00/red', 'C2_OneCircleRad_00/red', 'C3_Lufbery_00/red', 'C3_Lufbery_04/red', 'C3_Lufbery_08/blue', 'C3_Lufbery_08/red', 'D1_Reactive_06/red', 'D1_Reactive_11/red', 'E1_AdaptiveAce_11/blue', 'E2_Passive_00/red', 'E2_Passive_01/red']
  회귀: 43 ['A1_PurePursuer_00/blue (Δ-41.2)', 'A1_PurePursuer_00/red (Δ-93.9)', 'A1_PurePursuer_02/blue (Δ-41.2)', 'A1_PurePursuer_02/red (Δ-93.9)', 'A1_PurePursuer_05/blue (Δ-41.2)', 'A1_PurePursuer_05/red (Δ-93.9)', 'A1_PurePursuer_07/blue (Δ-41.2)', 'A1_PurePursuer_07/red (Δ-93.9)', 'A1_PurePursuer_09/blue (Δ-41.2)', 'A1_PurePursuer_09/red (Δ-93.9)', 'A2_GunTracker_00/blue (Δ-43.9)', 'A2_GunTracker_00/red (Δ-90.8)', 'A2_GunTracker_03/blue (Δ-43.1)', 'A2_GunTracker_03/red (Δ-90.8)', 'A2_GunTracker_06/blue (Δ-44.8)', 'A2_GunTracker_06/red (Δ-90.8)', 'A2_GunTracker_08/blue (Δ-40.1)', 'A2_GunTracker_08/red (Δ-91.1)', 'A2_GunTracker_11/blue (Δ-39.8)', 'A3_LagAngler_03/blue (Δ-0.5)', 'A3_LagAngler_08/blue (Δ-43.0)', 'A3_LagAngler_08/red (Δ-97.2)', 'A3_LagAngler_11/blue (Δ-43.0)', 'A3_LagAngler_11/red (Δ-97.2)', 'D2_LastDitch_04/blue (Δ-29.0)', 'D2_LastDitch_05/blue (Δ-29.0)', 'anchor_aggressive/blue (Δ-41.2)', 'anchor_aggressive/red (Δ-93.9)', 'anchor_simple/blue (Δ-41.2)', 'anchor_simple/red (Δ-93.9)', 'official_attacker/blue (Δ-17.1)', 'official_attacker/red (Δ-94.0)', 'official_energyfighter/blue (Δ-70.8)', 'official_twocircle/red (Δ-15.0)', 'official_controlzone/red (Δ-3.1)', 'redteam_allround/blue (Δ-71.1)', 'redteam_energy/blue (Δ-95.5)', 'redteam_energy/red (Δ-68.9)', 'redteam_pressure/blue (Δ-41.2)', 'redteam_pressure/red (Δ-93.9)', 'agents/champion128/blue (Δ-29.2)', 'agents/champion128/red (Δ-6.3)', 'agents/champion128_f33/red (Δ-6.3)']
