표적 3개, 증인 139개


     JSBSim Flight Dynamics Model v1.3.1 [GitHub build 1837/commit 3b25f25e49b42d0489c04ac805674fc1450ca579] May 17 2026 14:28:34
            [JSBSim-ML v2.0]

JSBSim startup beginning ...

Engine location ignored, only thruster location is used.
Engine orientation ignored, only thruster orientation is used.
Engine location ignored, only thruster location is used.
Engine orientation ignored, only thruster orientation is used.
  break 진입틱 B1_EnergyFighter_00/red t=25.95 → ✓ Δ+23.1
Engine location ignored, only thruster location is used.
Engine orientation ignored, only thruster orientation is used.
Engine location ignored, only thruster location is used.
Engine orientation ignored, only thruster orientation is used.
  break 진입틱 C3_Lufbery_00/red t=25.95 → ✓ Δ+23.1
Engine location ignored, only thruster location is used.
Engine orientation ignored, only thruster orientation is used.
Engine location ignored, only thruster location is used.
Engine orientation ignored, only thruster orientation is used.
  break 진입틱 redteam_allround/red t=45.95 → ✓ Δ+13.0
[규칙 1] break d6 ⊃ ['B1_EnergyFighter_00/red', 'C3_Lufbery_00/red', 'redteam_allround/red']

규칙 1개 저장: C:\Users\USER\Desktop\AI-pilot\core2\research\data\blueteam\daemon_t1s9_r2_rel.json
미피복: 없음(전 반례 피복)
