표적 31개, 증인 1976개
  분리실패 → E2_Passive_01/red 제외 재시도
  분리실패 → E2_Passive_01/blue 제외 재시도
  분리실패 → official_controlzone/blue 제외 재시도
  분리실패 → official_headon/blue 제외 재시도
  분리실패 → official_controlzone/red 제외 재시도
  분리실패 → official_headon/red 제외 재시도
  분리실패 → D3_Scissors_01/red 제외 재시도
  분리실패 → D3_Scissors_02/red 제외 재시도
  분리실패 → D1_Reactive_06/red 제외 재시도
  분리실패 → C3_Lufbery_06/red 제외 재시도
  분리실패 → C3_Lufbery_08/red 제외 재시도
  분리실패 → C1_TwoCircleRate_03/red 제외 재시도
  분리실패 → C1_TwoCircleRate_04/red 제외 재시도
  분리실패 → C1_TwoCircleRate_05/red 제외 재시도
  분리실패 → C2_OneCircleRad_03/red 제외 재시도
  분리실패 → C2_OneCircleRad_04/red 제외 재시도
  분리실패 → C2_OneCircleRad_05/red 제외 재시도
  분리실패 → E1_AdaptiveAce_08/blue 제외 재시도
  분리실패 → B1_EnergyFighter_00/red 제외 재시도
  분리실패 → C3_Lufbery_00/red 제외 재시도
  분리실패 → B1_EnergyFighter_06/red 제외 재시도
  분리실패 → B1_EnergyFighter_08/red 제외 재시도
  분리실패 → B1_EnergyFighter_11/red 제외 재시도
  분리실패 → C3_Lufbery_04/red 제외 재시도


     JSBSim Flight Dynamics Model v1.3.1 [GitHub build 1837/commit 3b25f25e49b42d0489c04ac805674fc1450ca579] May 17 2026 14:28:34
            [JSBSim-ML v2.0]

JSBSim startup beginning ...

Engine location ignored, only thruster location is used.
Engine orientation ignored, only thruster orientation is used.
Engine location ignored, only thruster location is used.
Engine orientation ignored, only thruster orientation is used.
  break 진입틱 E1_AdaptiveAce_00/blue t=25.85 → ✓ Δ+34.4
Engine location ignored, only thruster location is used.
Engine orientation ignored, only thruster orientation is used.
Engine location ignored, only thruster location is used.
Engine orientation ignored, only thruster orientation is used.
  break 진입틱 E1_AdaptiveAce_06/blue t=25.25 → ✓ Δ+1.0
Engine location ignored, only thruster location is used.
Engine orientation ignored, only thruster orientation is used.
Engine location ignored, only thruster location is used.
Engine orientation ignored, only thruster orientation is used.
  break 진입틱 E1_AdaptiveAce_11/blue t=25.95 → ✓ Δ+18.4
Engine location ignored, only thruster location is used.
Engine orientation ignored, only thruster orientation is used.
Engine location ignored, only thruster location is used.
Engine orientation ignored, only thruster orientation is used.
  break 진입틱 E1_AdaptiveAce_11/red t=25.85 → ✓ Δ+19.9
Engine location ignored, only thruster location is used.
Engine orientation ignored, only thruster orientation is used.
Engine location ignored, only thruster location is used.
Engine orientation ignored, only thruster orientation is used.
  break 진입틱 anchor_ace/blue t=25.65 → ✓ Δ+20.2
Engine location ignored, only thruster location is used.
Engine orientation ignored, only thruster orientation is used.
Engine location ignored, only thruster location is used.
Engine orientation ignored, only thruster orientation is used.
  break 진입틱 redteam_allround/blue t=25.95 → ✓ Δ+23.2
Engine location ignored, only thruster location is used.
Engine orientation ignored, only thruster orientation is used.
Engine location ignored, only thruster location is used.
Engine orientation ignored, only thruster orientation is used.
  break 진입틱 redteam_allround/red t=25.95 → ✓ Δ+24.1
[규칙 1] break d6 ⊃ ['E1_AdaptiveAce_00/blue', 'E1_AdaptiveAce_06/blue', 'E1_AdaptiveAce_11/blue', 'E1_AdaptiveAce_11/red', 'anchor_ace/blue', 'redteam_allround/blue', 'redteam_allround/red']
  분리실패 → E2_Passive_01/red 제외 재시도
  분리실패 → E2_Passive_01/blue 제외 재시도
  분리실패 → official_controlzone/blue 제외 재시도
  분리실패 → official_headon/blue 제외 재시도
  분리실패 → official_controlzone/red 제외 재시도
  분리실패 → official_headon/red 제외 재시도
  분리실패 → D3_Scissors_01/red 제외 재시도
  분리실패 → D3_Scissors_02/red 제외 재시도
  분리실패 → D1_Reactive_06/red 제외 재시도
  분리실패 → C3_Lufbery_06/red 제외 재시도
  분리실패 → C3_Lufbery_08/red 제외 재시도
  분리실패 → C1_TwoCircleRate_03/red 제외 재시도
  분리실패 → C1_TwoCircleRate_04/red 제외 재시도
  분리실패 → C1_TwoCircleRate_05/red 제외 재시도
  분리실패 → C2_OneCircleRad_03/red 제외 재시도
  분리실패 → C2_OneCircleRad_04/red 제외 재시도
  분리실패 → C2_OneCircleRad_05/red 제외 재시도
  분리실패 → E1_AdaptiveAce_08/blue 제외 재시도
  분리실패 → B1_EnergyFighter_06/red 제외 재시도
  분리실패 → B1_EnergyFighter_08/red 제외 재시도
  분리실패 → B1_EnergyFighter_11/red 제외 재시도
  분리실패 → C3_Lufbery_04/red 제외 재시도
Engine location ignored, only thruster location is used.
Engine orientation ignored, only thruster orientation is used.
Engine location ignored, only thruster location is used.
Engine orientation ignored, only thruster orientation is used.
  break 진입틱 B1_EnergyFighter_00/red t=25.85 → ✗ Δ-12.8
Engine location ignored, only thruster location is used.
Engine orientation ignored, only thruster orientation is used.
Engine location ignored, only thruster location is used.
Engine orientation ignored, only thruster orientation is used.
  break 진입틱 C3_Lufbery_00/red t=25.85 → ✗ Δ-12.8
  분리실패 → official_controlzone/blue 제외 재시도
  분리실패 → official_headon/blue 제외 재시도
  분리실패 → official_controlzone/red 제외 재시도
  분리실패 → official_headon/red 제외 재시도
  분리실패 → E2_Passive_01/red 제외 재시도
  분리실패 → E2_Passive_01/blue 제외 재시도
  분리실패 → D3_Scissors_01/red 제외 재시도
  분리실패 → D3_Scissors_02/red 제외 재시도
  분리실패 → C3_Lufbery_06/red 제외 재시도
  분리실패 → C3_Lufbery_08/red 제외 재시도
  분리실패 → D1_Reactive_06/red 제외 재시도
  분리실패 → C1_TwoCircleRate_03/red 제외 재시도
  분리실패 → C1_TwoCircleRate_04/red 제외 재시도
  분리실패 → C1_TwoCircleRate_05/red 제외 재시도
  분리실패 → C2_OneCircleRad_03/red 제외 재시도
  분리실패 → C2_OneCircleRad_04/red 제외 재시도
  분리실패 → C2_OneCircleRad_05/red 제외 재시도
  분리실패 → E1_AdaptiveAce_08/blue 제외 재시도
  분리실패 → B1_EnergyFighter_06/red 제외 재시도
  분리실패 → B1_EnergyFighter_08/red 제외 재시도
  분리실패 → B1_EnergyFighter_11/red 제외 재시도
  분리실패 → C3_Lufbery_04/red 제외 재시도
Engine location ignored, only thruster location is used.
Engine orientation ignored, only thruster orientation is used.
Engine location ignored, only thruster location is used.
Engine orientation ignored, only thruster orientation is used.
  climb 진입틱 B1_EnergyFighter_00/red t=25.85 → ✓ Δ+5.0
Engine location ignored, only thruster location is used.
Engine orientation ignored, only thruster orientation is used.
Engine location ignored, only thruster location is used.
Engine orientation ignored, only thruster orientation is used.
  climb 진입틱 C3_Lufbery_00/red t=25.85 → ✓ Δ+5.0
[규칙 2] climb d6 ⊃ ['B1_EnergyFighter_00/red', 'C3_Lufbery_00/red']
  분리실패 → official_controlzone/blue 제외 재시도
  분리실패 → official_headon/blue 제외 재시도
  분리실패 → official_controlzone/red 제외 재시도
  분리실패 → official_headon/red 제외 재시도
  분리실패 → E2_Passive_01/red 제외 재시도
  분리실패 → E2_Passive_01/blue 제외 재시도
  분리실패 → D3_Scissors_01/red 제외 재시도
  분리실패 → D3_Scissors_02/red 제외 재시도
  분리실패 → C3_Lufbery_06/red 제외 재시도
  분리실패 → C3_Lufbery_08/red 제외 재시도
  분리실패 → D1_Reactive_06/red 제외 재시도
  분리실패 → C1_TwoCircleRate_03/red 제외 재시도
  분리실패 → C1_TwoCircleRate_04/red 제외 재시도
  분리실패 → C1_TwoCircleRate_05/red 제외 재시도
  분리실패 → C2_OneCircleRad_03/red 제외 재시도
  분리실패 → C2_OneCircleRad_04/red 제외 재시도
  분리실패 → C2_OneCircleRad_05/red 제외 재시도
  분리실패 → E1_AdaptiveAce_08/blue 제외 재시도
  분리실패 → B1_EnergyFighter_06/red 제외 재시도
  분리실패 → B1_EnergyFighter_08/red 제외 재시도
  분리실패 → B1_EnergyFighter_11/red 제외 재시도
  분리불가 → 승리 쌍둥이 ['C3_Lufbery_00/blue', 'C3_Lufbery_04/blue', 'C3_Lufbery_06/blue', 'C3_Lufbery_08/blue'] 공동발화 허용 재시도
  [분리불가] climb ⊃ ['C3_Lufbery_04/red']
  분리실패 → E2_Passive_01/red 제외 재시도
  분리실패 → E2_Passive_01/blue 제외 재시도
  분리실패 → C3_Lufbery_06/red 제외 재시도
  분리실패 → C3_Lufbery_08/red 제외 재시도
  분리실패 → official_controlzone/blue 제외 재시도
  분리실패 → official_headon/blue 제외 재시도
  분리실패 → official_controlzone/red 제외 재시도
  분리실패 → official_headon/red 제외 재시도
  분리실패 → D3_Scissors_01/red 제외 재시도
  분리실패 → D3_Scissors_02/red 제외 재시도
  분리실패 → B1_EnergyFighter_06/red 제외 재시도
  분리실패 → B1_EnergyFighter_08/red 제외 재시도
  분리실패 → B1_EnergyFighter_11/red 제외 재시도
  분리실패 → C3_Lufbery_04/red 제외 재시도
  분리실패 → D1_Reactive_06/red 제외 재시도
Engine location ignored, only thruster location is used.
Engine orientation ignored, only thruster orientation is used.
Engine location ignored, only thruster location is used.
Engine orientation ignored, only thruster orientation is used.
  e_extend 진입틱 C1_TwoCircleRate_03/red t=27.95 → ✓ Δ+54.8
Engine location ignored, only thruster location is used.
Engine orientation ignored, only thruster orientation is used.
Engine location ignored, only thruster location is used.
Engine orientation ignored, only thruster orientation is used.
  e_extend 진입틱 C1_TwoCircleRate_04/red t=27.95 → ✓ Δ+54.8
Engine location ignored, only thruster location is used.
Engine orientation ignored, only thruster orientation is used.
Engine location ignored, only thruster location is used.
Engine orientation ignored, only thruster orientation is used.
  e_extend 진입틱 C1_TwoCircleRate_05/red t=27.95 → ✓ Δ+54.8
Engine location ignored, only thruster location is used.
Engine orientation ignored, only thruster orientation is used.
Engine location ignored, only thruster location is used.
Engine orientation ignored, only thruster orientation is used.
  e_extend 진입틱 C2_OneCircleRad_03/red t=27.95 → ✓ Δ+54.8
Engine location ignored, only thruster location is used.
Engine orientation ignored, only thruster orientation is used.
Engine location ignored, only thruster location is used.
Engine orientation ignored, only thruster orientation is used.
  e_extend 진입틱 C2_OneCircleRad_04/red t=27.95 → ✓ Δ+54.8
Engine location ignored, only thruster location is used.
Engine orientation ignored, only thruster orientation is used.
Engine location ignored, only thruster location is used.
Engine orientation ignored, only thruster orientation is used.
  e_extend 진입틱 C2_OneCircleRad_05/red t=27.95 → ✓ Δ+54.8
Engine location ignored, only thruster location is used.
Engine orientation ignored, only thruster orientation is used.
Engine location ignored, only thruster location is used.
Engine orientation ignored, only thruster orientation is used.
  e_extend 진입틱 E1_AdaptiveAce_08/blue t=27.65 → ✓ Δ+43.0
[규칙 3] e_extend d6 ⊃ ['C1_TwoCircleRate_03/red', 'C1_TwoCircleRate_04/red', 'C1_TwoCircleRate_05/red', 'C2_OneCircleRad_03/red', 'C2_OneCircleRad_04/red', 'C2_OneCircleRad_05/red', 'E1_AdaptiveAce_08/blue']
  분리실패 → C3_Lufbery_06/red 제외 재시도
  분리실패 → C3_Lufbery_08/red 제외 재시도
  분리실패 → B1_EnergyFighter_06/red 제외 재시도
  분리실패 → B1_EnergyFighter_08/red 제외 재시도
  분리실패 → B1_EnergyFighter_11/red 제외 재시도
  분리실패 → C3_Lufbery_04/red 제외 재시도
  분리실패 → E2_Passive_01/red 제외 재시도
  분리실패 → E2_Passive_01/blue 제외 재시도
  분리실패 → official_controlzone/blue 제외 재시도
  분리실패 → official_headon/blue 제외 재시도
  분리실패 → official_controlzone/red 제외 재시도
  분리실패 → official_headon/red 제외 재시도
  분리실패 → D3_Scissors_01/red 제외 재시도
  분리실패 → D3_Scissors_02/red 제외 재시도
  분리불가 → 승리 쌍둥이 ['D1_Reactive_00/blue', 'D1_Reactive_00/red', 'D1_Reactive_06/blue', 'D1_Reactive_08/blue', 'D1_Reactive_08/red', 'D1_Reactive_11/blue', 'D1_Reactive_11/red'] 공동발화 허용 재시도
  [분리불가] e_extend ⊃ ['D1_Reactive_06/red']
  분리실패 → C3_Lufbery_06/red 제외 재시도
  분리실패 → C3_Lufbery_08/red 제외 재시도
  분리실패 → E2_Passive_01/red 제외 재시도
  분리실패 → E2_Passive_01/blue 제외 재시도
  분리실패 → official_controlzone/blue 제외 재시도
  분리실패 → official_controlzone/red 제외 재시도
  분리실패 → official_headon/red 제외 재시도
  분리실패 → official_headon/blue 제외 재시도
  분리실패 → D3_Scissors_01/red 제외 재시도
  분리실패 → D3_Scissors_02/red 제외 재시도
  분리실패 → D1_Reactive_06/red 제외 재시도
  분리실패 → B1_EnergyFighter_06/red 제외 재시도
  분리실패 → B1_EnergyFighter_08/red 제외 재시도
  분리실패 → B1_EnergyFighter_11/red 제외 재시도
  분리불가 → 승리 쌍둥이 ['C3_Lufbery_00/blue', 'C3_Lufbery_04/blue', 'C3_Lufbery_06/blue', 'C3_Lufbery_08/blue'] 공동발화 허용 재시도
  [분리불가] extend ⊃ ['C3_Lufbery_04/red']
  분리실패 → official_controlzone/red 제외 재시도
  분리실패 → official_controlzone/blue 제외 재시도
  분리실패 → official_headon/red 제외 재시도
  분리실패 → official_headon/blue 제외 재시도
  분리실패 → D3_Scissors_01/red 제외 재시도
  분리실패 → D3_Scissors_02/red 제외 재시도
  분리실패 → E2_Passive_01/red 제외 재시도
  분리실패 → E2_Passive_01/blue 제외 재시도
  분리실패 → B1_EnergyFighter_06/red 제외 재시도
  분리실패 → B1_EnergyFighter_08/red 제외 재시도
  분리실패 → B1_EnergyFighter_11/red 제외 재시도
  분리실패 → C3_Lufbery_04/red 제외 재시도
Engine location ignored, only thruster location is used.
Engine orientation ignored, only thruster orientation is used.
Engine location ignored, only thruster location is used.
Engine orientation ignored, only thruster orientation is used.
  gun_pure 진입틱 C3_Lufbery_06/red t=45.25 → ✓ Δ+6.2
Engine location ignored, only thruster location is used.
Engine orientation ignored, only thruster orientation is used.
Engine location ignored, only thruster location is used.
Engine orientation ignored, only thruster orientation is used.
  gun_pure 진입틱 C3_Lufbery_08/red t=45.25 → ✓ Δ+6.2
Engine location ignored, only thruster location is used.
Engine orientation ignored, only thruster orientation is used.
Engine location ignored, only thruster location is used.
Engine orientation ignored, only thruster orientation is used.
  gun_pure 진입틱 D1_Reactive_06/red t=27.95 → ✗ Δ-8.1
Engine location ignored, only thruster location is used.
Engine orientation ignored, only thruster orientation is used.
Engine location ignored, only thruster location is used.
Engine orientation ignored, only thruster orientation is used.
  gun_pure 진입틱 C3_Lufbery_06/red t=45.55 → ✗ Δ-0.3
Engine location ignored, only thruster location is used.
Engine orientation ignored, only thruster orientation is used.
Engine location ignored, only thruster location is used.
Engine orientation ignored, only thruster orientation is used.
  gun_pure 진입틱 C3_Lufbery_08/red t=45.55 → ✗ Δ-0.3
  분리실패 → E2_Passive_01/red 제외 재시도
  분리실패 → E2_Passive_01/blue 제외 재시도
  분리실패 → official_controlzone/blue 제외 재시도
  분리실패 → official_headon/blue 제외 재시도
  분리실패 → official_controlzone/red 제외 재시도
  분리실패 → official_headon/red 제외 재시도
  분리실패 → D3_Scissors_01/red 제외 재시도
  분리실패 → D3_Scissors_02/red 제외 재시도
  분리실패 → C3_Lufbery_06/red 제외 재시도
  분리실패 → C3_Lufbery_08/red 제외 재시도
  분리실패 → B1_EnergyFighter_06/red 제외 재시도
  분리실패 → B1_EnergyFighter_08/red 제외 재시도
  분리실패 → B1_EnergyFighter_11/red 제외 재시도
  분리실패 → C3_Lufbery_04/red 제외 재시도
Engine location ignored, only thruster location is used.
Engine orientation ignored, only thruster orientation is used.
Engine location ignored, only thruster location is used.
Engine orientation ignored, only thruster orientation is used.
  lag 진입틱 D1_Reactive_06/red t=27.85 → ✓ Δ+55.4
[규칙 4] lag d6 ⊃ ['D1_Reactive_06/red']
  분리실패 → E2_Passive_01/red 제외 재시도
  분리실패 → E2_Passive_01/blue 제외 재시도
  분리실패 → C3_Lufbery_06/red 제외 재시도
  분리실패 → C3_Lufbery_08/red 제외 재시도
  분리실패 → D3_Scissors_01/red 제외 재시도
  분리실패 → D3_Scissors_02/red 제외 재시도
  분리실패 → official_controlzone/blue 제외 재시도
  분리실패 → official_headon/blue 제외 재시도
  분리실패 → official_controlzone/red 제외 재시도
  분리실패 → official_headon/red 제외 재시도
  분리실패 → B1_EnergyFighter_06/red 제외 재시도
  분리실패 → B1_EnergyFighter_08/red 제외 재시도
  분리실패 → B1_EnergyFighter_11/red 제외 재시도
  분리불가 → 승리 쌍둥이 ['C3_Lufbery_00/blue', 'C3_Lufbery_04/blue', 'C3_Lufbery_06/blue', 'C3_Lufbery_08/blue'] 공동발화 허용 재시도
  [분리불가] lag ⊃ ['C3_Lufbery_04/red']
[미해결 반례] E2_Passive_01/red — 증인 소진
[미해결 반례] E2_Passive_01/blue — 증인 소진
  분리실패 → official_controlzone/red 제외 재시도
  분리실패 → official_controlzone/blue 제외 재시도
  분리실패 → C3_Lufbery_06/red 제외 재시도
  분리실패 → C3_Lufbery_08/red 제외 재시도
  분리실패 → official_headon/blue 제외 재시도
  분리실패 → official_headon/red 제외 재시도
  분리실패 → D3_Scissors_01/red 제외 재시도
  분리실패 → D3_Scissors_02/red 제외 재시도
  분리실패 → B1_EnergyFighter_06/red 제외 재시도
  분리실패 → B1_EnergyFighter_08/red 제외 재시도
  분리실패 → B1_EnergyFighter_11/red 제외 재시도
  분리불가 → 승리 쌍둥이 ['C3_Lufbery_00/blue', 'C3_Lufbery_04/blue', 'C3_Lufbery_06/blue', 'C3_Lufbery_08/blue'] 공동발화 허용 재시도
  [분리불가] dive ⊃ ['C3_Lufbery_04/red']
  분리실패 → D3_Scissors_01/red 제외 재시도
  분리실패 → official_headon/blue 제외 재시도
  분리실패 → C3_Lufbery_06/red 제외 재시도
  분리실패 → C3_Lufbery_08/red 제외 재시도
  분리실패 → official_controlzone/blue 제외 재시도
  분리실패 → official_controlzone/red 제외 재시도
  분리실패 → official_headon/red 제외 재시도
  분리실패 → D3_Scissors_02/red 제외 재시도
  분리실패 → B1_EnergyFighter_06/red 제외 재시도
  분리실패 → B1_EnergyFighter_08/red 제외 재시도
  분리실패 → B1_EnergyFighter_11/red 제외 재시도
  분리불가 → 승리 쌍둥이 ['C3_Lufbery_00/blue', 'C3_Lufbery_04/blue', 'C3_Lufbery_06/blue', 'C3_Lufbery_08/blue'] 공동발화 허용 재시도
  [분리불가] unload ⊃ ['C3_Lufbery_04/red']
[미해결 반례] C3_Lufbery_08/red — 증인 소진
[미해결 반례] D3_Scissors_02/red — 증인 소진
[미해결 반례] C3_Lufbery_06/red — 증인 소진
[미해결 반례] official_controlzone/red — 증인 소진
[미해결 반례] B1_EnergyFighter_06/red — 증인 소진
[미해결 반례] D3_Scissors_01/red — 증인 소진
[미해결 반례] official_headon/blue — 증인 소진
[미해결 반례] B1_EnergyFighter_08/red — 증인 소진
[미해결 반례] C3_Lufbery_04/red — 증인 소진
[미해결 반례] official_controlzone/blue — 증인 소진
[미해결 반례] B1_EnergyFighter_11/red — 증인 소진
[미해결 반례] official_headon/red — 증인 소진

규칙 4개 저장: C:\Users\USER\Desktop\AI-pilot\core2\research\data\blueteam\daemon_t2s9_r1_rel.json
미피복: 없음(전 반례 피복)
