표적 14개, 증인 757개
  분리실패 → E2_Passive_01/red 제외 재시도
  분리실패 → E2_Passive_01/blue 제외 재시도
  분리실패 → official_controlzone/blue 제외 재시도
  분리실패 → official_controlzone/red 제외 재시도
  분리실패 → D3_Scissors_01/red 제외 재시도
  분리실패 → D3_Scissors_02/red 제외 재시도
  분리실패 → official_headon/red 제외 재시도
  분리실패 → official_headon/blue 제외 재시도
  분리실패 → C3_Lufbery_06/red 제외 재시도
  분리실패 → C3_Lufbery_08/red 제외 재시도
  분리실패 → B1_EnergyFighter_06/red 제외 재시도
  분리실패 → B1_EnergyFighter_08/red 제외 재시도
  분리실패 → B1_EnergyFighter_11/red 제외 재시도
  분리불가 → 승리 쌍둥이 ['C3_Lufbery_00/blue', 'C3_Lufbery_00/red', 'C3_Lufbery_04/blue', 'C3_Lufbery_06/blue', 'C3_Lufbery_08/blue'] 공동발화 허용 재시도
  [분리불가] break ⊃ ['C3_Lufbery_04/red']
  분리실패 → official_controlzone/blue 제외 재시도
  분리실패 → official_controlzone/red 제외 재시도
  분리실패 → D3_Scissors_01/red 제외 재시도
  분리실패 → D3_Scissors_02/red 제외 재시도
  분리실패 → official_headon/red 제외 재시도
  분리실패 → official_headon/blue 제외 재시도
  분리실패 → E2_Passive_01/red 제외 재시도
  분리실패 → E2_Passive_01/blue 제외 재시도
  분리실패 → C3_Lufbery_06/red 제외 재시도
  분리실패 → C3_Lufbery_08/red 제외 재시도
  분리실패 → B1_EnergyFighter_06/red 제외 재시도
  분리실패 → B1_EnergyFighter_08/red 제외 재시도
  분리실패 → B1_EnergyFighter_11/red 제외 재시도
  분리불가 → 승리 쌍둥이 ['C3_Lufbery_00/blue', 'C3_Lufbery_00/red', 'C3_Lufbery_04/blue', 'C3_Lufbery_06/blue', 'C3_Lufbery_08/blue'] 공동발화 허용 재시도
  [분리불가] climb ⊃ ['C3_Lufbery_04/red']
  분리실패 → E2_Passive_01/red 제외 재시도
  분리실패 → C3_Lufbery_06/red 제외 재시도
  분리실패 → C3_Lufbery_08/red 제외 재시도
  분리실패 → E2_Passive_01/blue 제외 재시도
  분리실패 → B1_EnergyFighter_06/red 제외 재시도
  분리실패 → B1_EnergyFighter_08/red 제외 재시도
  분리실패 → B1_EnergyFighter_11/red 제외 재시도
  분리실패 → C3_Lufbery_04/red 제외 재시도


     JSBSim Flight Dynamics Model v1.3.1 [GitHub build 1837/commit 3b25f25e49b42d0489c04ac805674fc1450ca579] May 17 2026 14:28:34
            [JSBSim-ML v2.0]

JSBSim startup beginning ...

Engine location ignored, only thruster location is used.
Engine orientation ignored, only thruster orientation is used.
Engine location ignored, only thruster location is used.
Engine orientation ignored, only thruster orientation is used.
  e_extend 진입틱 D3_Scissors_01/red t=21.95 → ✓ Δ+64.2
Engine location ignored, only thruster location is used.
Engine orientation ignored, only thruster orientation is used.
Engine location ignored, only thruster location is used.
Engine orientation ignored, only thruster orientation is used.
  e_extend 진입틱 D3_Scissors_02/red t=21.95 → ✓ Δ+60.8
Engine location ignored, only thruster location is used.
Engine orientation ignored, only thruster orientation is used.
Engine location ignored, only thruster location is used.
Engine orientation ignored, only thruster orientation is used.
  e_extend 진입틱 official_controlzone/blue t=21.55 → ✓ Δ+4.5
Engine location ignored, only thruster location is used.
Engine orientation ignored, only thruster orientation is used.
Engine location ignored, only thruster location is used.
Engine orientation ignored, only thruster orientation is used.
  e_extend 진입틱 official_controlzone/red t=21.55 → ✓ Δ+4.7
Engine location ignored, only thruster location is used.
Engine orientation ignored, only thruster orientation is used.
Engine location ignored, only thruster location is used.
Engine orientation ignored, only thruster orientation is used.
  e_extend 진입틱 official_headon/blue t=21.55 → ✓ Δ+7.9
Engine location ignored, only thruster location is used.
Engine orientation ignored, only thruster orientation is used.
Engine location ignored, only thruster location is used.
Engine orientation ignored, only thruster orientation is used.
  e_extend 진입틱 official_headon/red t=21.55 → ✓ Δ+7.8
[규칙 1] e_extend d6 ⊃ ['D3_Scissors_01/red', 'D3_Scissors_02/red', 'official_controlzone/blue', 'official_controlzone/red', 'official_headon/blue', 'official_headon/red']
Engine location ignored, only thruster location is used.
Engine orientation ignored, only thruster orientation is used.
Engine location ignored, only thruster location is used.
Engine orientation ignored, only thruster orientation is used.
  e_extend 진입틱 B1_EnergyFighter_06/red t=33.95 → ✓ Δ+2.4
Engine location ignored, only thruster location is used.
Engine orientation ignored, only thruster orientation is used.
Engine location ignored, only thruster location is used.
Engine orientation ignored, only thruster orientation is used.
  e_extend 진입틱 B1_EnergyFighter_08/red t=33.95 → ✓ Δ+2.4
Engine location ignored, only thruster location is used.
Engine orientation ignored, only thruster orientation is used.
Engine location ignored, only thruster location is used.
Engine orientation ignored, only thruster orientation is used.
  e_extend 진입틱 B1_EnergyFighter_11/red t=33.95 → ✓ Δ+2.4
Engine location ignored, only thruster location is used.
Engine orientation ignored, only thruster orientation is used.
Engine location ignored, only thruster location is used.
Engine orientation ignored, only thruster orientation is used.
  e_extend 진입틱 C3_Lufbery_04/red t=33.95 → ✓ Δ+2.4
Engine location ignored, only thruster location is used.
Engine orientation ignored, only thruster orientation is used.
Engine location ignored, only thruster location is used.
Engine orientation ignored, only thruster orientation is used.
  e_extend 진입틱 C3_Lufbery_06/red t=33.95 → ✓ Δ+8.3
Engine location ignored, only thruster location is used.
Engine orientation ignored, only thruster orientation is used.
Engine location ignored, only thruster location is used.
Engine orientation ignored, only thruster orientation is used.
  e_extend 진입틱 C3_Lufbery_08/red t=33.95 → ✓ Δ+8.3
Engine location ignored, only thruster location is used.
Engine orientation ignored, only thruster orientation is used.
Engine location ignored, only thruster location is used.
Engine orientation ignored, only thruster orientation is used.
  e_extend 진입틱 E2_Passive_01/blue t=21.85 → ✓ Δ+18.3
Engine location ignored, only thruster location is used.
Engine orientation ignored, only thruster orientation is used.
Engine location ignored, only thruster location is used.
Engine orientation ignored, only thruster orientation is used.
  e_extend 진입틱 E2_Passive_01/red t=21.85 → ✓ Δ+18.6
[규칙 2] e_extend d6 ⊃ ['B1_EnergyFighter_06/red', 'B1_EnergyFighter_08/red', 'B1_EnergyFighter_11/red', 'C3_Lufbery_04/red', 'C3_Lufbery_06/red', 'C3_Lufbery_08/red', 'E2_Passive_01/blue', 'E2_Passive_01/red']

규칙 2개 저장: C:\Users\USER\Desktop\AI-pilot\core2\research\data\blueteam\daemon_t2s9_r1_relt.json
미피복: 없음(전 반례 피복)
