

     JSBSim Flight Dynamics Model v1.3.0 [GitHub build 1742/commit 01ea7816288dce9e9f6a1a6dc048014bc65d699e] Apr  9 2026 10:02:36
            [JSBSim-ML v2.0]

JSBSim startup beginning ...

Engine location ignored, only thruster location is used.
Engine orientation ignored, only thruster orientation is used.
Engine location ignored, only thruster location is used.
Engine orientation ignored, only thruster orientation is used.
=== 분기탐색 E1_AdaptiveAce_03/red  창[20,33]s step3 durs[4.0, 8.0] ===
  기준: 패 Δ-19.8 health_zero@37s
Engine location ignored, only thruster location is used.
Engine orientation ignored, only thruster orientation is used.
Engine location ignored, only thruster location is used.
Engine orientation ignored, only thruster orientation is used.
  t0= 20.0 gun_pure   d= 4.0 →   패 Δ  -26.5 health_zero@ 60s ticks80
Engine location ignored, only thruster location is used.
Engine orientation ignored, only thruster orientation is used.
Engine location ignored, only thruster location is used.
Engine orientation ignored, only thruster orientation is used.
  t0= 20.0 gun_pure   d= 8.0 →   패 Δ  -36.4 health_zero@145s ticks160
Engine location ignored, only thruster location is used.
Engine orientation ignored, only thruster orientation is used.
Engine location ignored, only thruster location is used.
Engine orientation ignored, only thruster orientation is used.
  t0= 20.0 extend     d= 4.0 → ★승 Δ  +33.1 health_zero@ 58s ticks80
Engine location ignored, only thruster location is used.
Engine orientation ignored, only thruster orientation is used.
Engine location ignored, only thruster location is used.
Engine orientation ignored, only thruster orientation is used.
  t0= 20.0 extend     d= 8.0 → ★승 Δ  +39.5 health_zero@ 56s ticks160
Engine location ignored, only thruster location is used.
Engine orientation ignored, only thruster orientation is used.
Engine location ignored, only thruster location is used.
Engine orientation ignored, only thruster orientation is used.
  t0= 20.0 dive       d= 4.0 → ★승 Δ  +33.2 health_zero@ 51s ticks80
Engine location ignored, only thruster location is used.
Engine orientation ignored, only thruster orientation is used.
Engine location ignored, only thruster location is used.
Engine orientation ignored, only thruster orientation is used.
  t0= 20.0 dive       d= 8.0 → ★승 Δ  +42.6 health_zero@ 50s ticks160
Engine location ignored, only thruster location is used.
Engine orientation ignored, only thruster orientation is used.
Engine location ignored, only thruster location is used.
Engine orientation ignored, only thruster orientation is used.
  t0= 20.0 break      d= 4.0 → ★승 Δ  +47.8 health_zero@ 43s ticks80
Engine location ignored, only thruster location is used.
Engine orientation ignored, only thruster orientation is used.
Engine location ignored, only thruster location is used.
Engine orientation ignored, only thruster orientation is used.
  t0= 20.0 break      d= 8.0 → ★승 Δ  +49.7 health_zero@ 43s ticks160
Engine location ignored, only thruster location is used.
Engine orientation ignored, only thruster orientation is used.
Engine location ignored, only thruster location is used.
Engine orientation ignored, only thruster orientation is used.
  t0= 23.0 gun_pure   d= 4.0 →   패 Δ  -20.4 health_zero@ 58s ticks80
Engine location ignored, only thruster location is used.
Engine orientation ignored, only thruster orientation is used.
Engine location ignored, only thruster location is used.
Engine orientation ignored, only thruster orientation is used.
  t0= 23.0 gun_pure   d= 8.0 →   패 Δ  -35.1 health_zero@285s ticks160
Engine location ignored, only thruster location is used.
Engine orientation ignored, only thruster orientation is used.
Engine location ignored, only thruster location is used.
Engine orientation ignored, only thruster orientation is used.
  t0= 23.0 extend     d= 4.0 → ★승 Δ  +39.8 health_zero@207s ticks80
Engine location ignored, only thruster location is used.
Engine orientation ignored, only thruster orientation is used.
Engine location ignored, only thruster location is used.
Engine orientation ignored, only thruster orientation is used.
  t0= 23.0 extend     d= 8.0 → ★승 Δ   +5.4 health_zero@186s ticks160
Engine location ignored, only thruster location is used.
Engine orientation ignored, only thruster orientation is used.
Engine location ignored, only thruster location is used.
Engine orientation ignored, only thruster orientation is used.
  t0= 23.0 dive       d= 4.0 → ★승 Δ  +36.3 health_zero@181s ticks80
Engine location ignored, only thruster location is used.
Engine orientation ignored, only thruster orientation is used.
Engine location ignored, only thruster location is used.
Engine orientation ignored, only thruster orientation is used.
  t0= 23.0 dive       d= 8.0 → ★승 Δ  +26.2 health_zero@ 70s ticks160
Engine location ignored, only thruster location is used.
Engine orientation ignored, only thruster orientation is used.
Engine location ignored, only thruster location is used.
Engine orientation ignored, only thruster orientation is used.
  t0= 23.0 break      d= 4.0 → ★승 Δ  +36.9 health_zero@ 90s ticks80
Engine location ignored, only thruster location is used.
Engine orientation ignored, only thruster orientation is used.
Engine location ignored, only thruster location is used.
Engine orientation ignored, only thruster orientation is used.
  t0= 23.0 break      d= 8.0 → ★승 Δ  +35.2 health_zero@105s ticks160
Engine location ignored, only thruster location is used.
Engine orientation ignored, only thruster orientation is used.
Engine location ignored, only thruster location is used.
Engine orientation ignored, only thruster orientation is used.
  t0= 26.0 gun_pure   d= 4.0 → ★승 Δ  +50.2 health_zero@109s ticks80
Engine location ignored, only thruster location is used.
Engine orientation ignored, only thruster orientation is used.
Engine location ignored, only thruster location is used.
Engine orientation ignored, only thruster orientation is used.
  t0= 26.0 gun_pure   d= 8.0 →   패 Δ  -55.9 health_zero@132s ticks160
Engine location ignored, only thruster location is used.
Engine orientation ignored, only thruster orientation is used.
Engine location ignored, only thruster location is used.
Engine orientation ignored, only thruster orientation is used.
  t0= 26.0 extend     d= 4.0 → ★승 Δ  +14.1 health_zero@243s ticks80
Engine location ignored, only thruster location is used.
Engine orientation ignored, only thruster orientation is used.
Engine location ignored, only thruster location is used.
Engine orientation ignored, only thruster orientation is used.
  t0= 26.0 extend     d= 8.0 → ★승 Δ   +7.0 stall@201s ticks160
Engine location ignored, only thruster location is used.
Engine orientation ignored, only thruster orientation is used.
Engine location ignored, only thruster location is used.
Engine orientation ignored, only thruster orientation is used.
  t0= 26.0 dive       d= 4.0 →   패 Δ   -0.1 health_zero@ 55s ticks80
Engine location ignored, only thruster location is used.
Engine orientation ignored, only thruster orientation is used.
Engine location ignored, only thruster location is used.
Engine orientation ignored, only thruster orientation is used.
  t0= 26.0 dive       d= 8.0 →   패 Δ   -6.3 health_zero@ 59s ticks160
Engine location ignored, only thruster location is used.
Engine orientation ignored, only thruster orientation is used.
Engine location ignored, only thruster location is used.
Engine orientation ignored, only thruster orientation is used.
  t0= 26.0 break      d= 4.0 → ★승 Δ   +8.2 health_zero@245s ticks80
Engine location ignored, only thruster location is used.
Engine orientation ignored, only thruster orientation is used.
Engine location ignored, only thruster location is used.
Engine orientation ignored, only thruster orientation is used.
  t0= 26.0 break      d= 8.0 → ★승 Δ  +36.4 health_zero@ 87s ticks160
Engine location ignored, only thruster location is used.
Engine orientation ignored, only thruster orientation is used.
Engine location ignored, only thruster location is used.
Engine orientation ignored, only thruster orientation is used.
  t0= 29.0 gun_pure   d= 4.0 → ★승 Δ  +33.4 timeout@300s ticks80
Engine location ignored, only thruster location is used.
Engine orientation ignored, only thruster orientation is used.
Engine location ignored, only thruster location is used.
Engine orientation ignored, only thruster orientation is used.
  t0= 29.0 gun_pure   d= 8.0 →   패 Δ   -1.8 health_zero@160s ticks160
Engine location ignored, only thruster location is used.
Engine orientation ignored, only thruster orientation is used.
Engine location ignored, only thruster location is used.
Engine orientation ignored, only thruster orientation is used.
  t0= 29.0 extend     d= 4.0 → ★승 Δ  +36.1 health_zero@ 84s ticks80
Engine location ignored, only thruster location is used.
Engine orientation ignored, only thruster orientation is used.
Engine location ignored, only thruster location is used.
Engine orientation ignored, only thruster orientation is used.
  t0= 29.0 extend     d= 8.0 → ★승 Δ  +36.9 health_zero@ 82s ticks160
Engine location ignored, only thruster location is used.
Engine orientation ignored, only thruster orientation is used.
Engine location ignored, only thruster location is used.
Engine orientation ignored, only thruster orientation is used.
  t0= 29.0 dive       d= 4.0 →   패 Δ  -17.0 health_zero@ 37s ticks80
Engine location ignored, only thruster location is used.
Engine orientation ignored, only thruster orientation is used.
Engine location ignored, only thruster location is used.
Engine orientation ignored, only thruster orientation is used.
  t0= 29.0 dive       d= 8.0 →   패 Δ  -12.8 health_zero@ 37s ticks160
Engine location ignored, only thruster location is used.
Engine orientation ignored, only thruster orientation is used.
Engine location ignored, only thruster location is used.
Engine orientation ignored, only thruster orientation is used.
  t0= 29.0 break      d= 4.0 → ★승 Δ  +12.3 health_zero@131s ticks80
Engine location ignored, only thruster location is used.
Engine orientation ignored, only thruster orientation is used.
Engine location ignored, only thruster location is used.
Engine orientation ignored, only thruster orientation is used.
  t0= 29.0 break      d= 8.0 → ★승 Δ  +21.6 health_zero@103s ticks160
Engine location ignored, only thruster location is used.
Engine orientation ignored, only thruster orientation is used.
Engine location ignored, only thruster location is used.
Engine orientation ignored, only thruster orientation is used.
  t0= 32.0 gun_pure   d= 4.0 →   패 Δ  -19.9 health_zero@ 92s ticks80
Engine location ignored, only thruster location is used.
Engine orientation ignored, only thruster orientation is used.
Engine location ignored, only thruster location is used.
Engine orientation ignored, only thruster orientation is used.
  t0= 32.0 gun_pure   d= 8.0 → ★승 Δ  +17.2 health_zero@ 94s ticks161
Engine location ignored, only thruster location is used.
Engine orientation ignored, only thruster orientation is used.
Engine location ignored, only thruster location is used.
Engine orientation ignored, only thruster orientation is used.
  t0= 32.0 extend     d= 4.0 → ★승 Δ  +15.0 health_zero@ 66s ticks80
Engine location ignored, only thruster location is used.
Engine orientation ignored, only thruster orientation is used.
Engine location ignored, only thruster location is used.
Engine orientation ignored, only thruster orientation is used.
  t0= 32.0 extend     d= 8.0 → ★승 Δ   +0.5 health_zero@ 62s ticks161
Engine location ignored, only thruster location is used.
Engine orientation ignored, only thruster orientation is used.
Engine location ignored, only thruster location is used.
Engine orientation ignored, only thruster orientation is used.
  t0= 32.0 dive       d= 4.0 →   패 Δ  -19.5 health_zero@ 37s ticks80
Engine location ignored, only thruster location is used.
Engine orientation ignored, only thruster orientation is used.
Engine location ignored, only thruster location is used.
Engine orientation ignored, only thruster orientation is used.
  t0= 32.0 dive       d= 8.0 →   패 Δ  -15.3 health_zero@ 37s ticks109
Engine location ignored, only thruster location is used.
Engine orientation ignored, only thruster orientation is used.
Engine location ignored, only thruster location is used.
Engine orientation ignored, only thruster orientation is used.
  t0= 32.0 break      d= 4.0 → ★승 Δ   +0.1 health_zero@216s ticks80
Engine location ignored, only thruster location is used.
Engine orientation ignored, only thruster orientation is used.
Engine location ignored, only thruster location is used.
Engine orientation ignored, only thruster orientation is used.
  t0= 32.0 break      d= 8.0 → ★승 Δ   +2.1 health_zero@ 65s ticks161

  승리 개입 27개: [(20.0, 'extend', 4.0, 33.1250000000001), (20.0, 'extend', 8.0, 39.479166666666735), (20.0, 'dive', 4.0, 33.22916666666728), (20.0, 'dive', 8.0, 42.60416666666721), (20.0, 'break', 4.0, 47.812500000000114), (20.0, 'break', 8.0, 49.68750000000013), (23.0, 'extend', 4.0, 39.791666666666636), (23.0, 'extend', 8.0, 5.41666666666634), (23.0, 'dive', 4.0, 36.25000000000009), (23.0, 'dive', 8.0, 26.249999999999886), (23.0, 'break', 4.0, 36.87500000000007), (23.0, 'break', 8.0, 35.208333333334004), (26.0, 'gun_pure', 4.0, 50.20833333333364), (26.0, 'extend', 4.0, 14.062499999999536), (26.0, 'extend', 8.0, 6.9791666666664085), (26.0, 'break', 4.0, 8.2291666666663), (26.0, 'break', 8.0, 36.354166666666686), (29.0, 'gun_pure', 4.0, 33.43749999999945), (29.0, 'extend', 4.0, 36.145833333333634), (29.0, 'extend', 8.0, 36.87500000000037), (29.0, 'break', 4.0, 12.291666666666384), (29.0, 'break', 8.0, 21.562499999999666), (32.0, 'gun_pure', 8.0, 17.18749999999992), (32.0, 'extend', 4.0, 14.99999999999994), (32.0, 'extend', 8.0, 0.5208333333333072), (32.0, 'break', 4.0, 0.10416666666671771), (32.0, 'break', 8.0, 2.083333333333385)]
