

     JSBSim Flight Dynamics Model v1.3.1 [GitHub build 1837/commit 3b25f25e49b42d0489c04ac805674fc1450ca579] May 17 2026 14:28:34
            [JSBSim-ML v2.0]

JSBSim startup beginning ...

Engine location ignored, only thruster location is used.
Engine orientation ignored, only thruster orientation is used.
Engine location ignored, only thruster location is used.
Engine orientation ignored, only thruster orientation is used.
#HARVEST acts=break,dive,extend,gun_pure durs=4.0,8.0 win=22,29 draw_ok=1
=== 분기탐색 A2_GunTracker_00/red  창[22,29]s step4 durs[4.0, 8.0] ===
  기준: 패 Δ-90.8 health_zero@33s
Engine location ignored, only thruster location is used.
Engine orientation ignored, only thruster orientation is used.
Engine location ignored, only thruster location is used.
Engine orientation ignored, only thruster orientation is used.
  t0= 22.0 gun_pure   d= 4.0 →   패 Δ  -90.8 health_zero@ 50s ticks80
Engine location ignored, only thruster location is used.
Engine orientation ignored, only thruster orientation is used.
Engine location ignored, only thruster location is used.
Engine orientation ignored, only thruster orientation is used.
  t0= 22.0 gun_pure   d= 8.0 →   패 Δ  -90.8 health_zero@116s ticks160
Engine location ignored, only thruster location is used.
Engine orientation ignored, only thruster orientation is used.
Engine location ignored, only thruster location is used.
Engine orientation ignored, only thruster orientation is used.
  t0= 22.0 dive       d= 4.0 → ★승 Δ   +4.0 health_zero@ 89s ticks80
Engine location ignored, only thruster location is used.
Engine orientation ignored, only thruster orientation is used.
Engine location ignored, only thruster location is used.
Engine orientation ignored, only thruster orientation is used.
  t0= 22.0 dive       d= 8.0 →   패 Δ  -90.8 health_zero@ 52s ticks160
Engine location ignored, only thruster location is used.
Engine orientation ignored, only thruster orientation is used.
Engine location ignored, only thruster location is used.
Engine orientation ignored, only thruster orientation is used.
  t0= 22.0 extend     d= 4.0 → ★승 Δ  +10.9 health_zero@135s ticks80
Engine location ignored, only thruster location is used.
Engine orientation ignored, only thruster orientation is used.
Engine location ignored, only thruster location is used.
Engine orientation ignored, only thruster orientation is used.
  t0= 22.0 extend     d= 8.0 →   패 Δ  -90.8 health_zero@103s ticks160
Engine location ignored, only thruster location is used.
Engine orientation ignored, only thruster orientation is used.
Engine location ignored, only thruster location is used.
Engine orientation ignored, only thruster orientation is used.
  t0= 22.0 break      d= 4.0 →   패 Δ  -90.8 health_zero@139s ticks80
Engine location ignored, only thruster location is used.
Engine orientation ignored, only thruster orientation is used.
Engine location ignored, only thruster location is used.
Engine orientation ignored, only thruster orientation is used.
  t0= 22.0 break      d= 8.0 → ★승 Δ  +24.2 health_zero@159s ticks160
Engine location ignored, only thruster location is used.
Engine orientation ignored, only thruster orientation is used.
Engine location ignored, only thruster location is used.
Engine orientation ignored, only thruster orientation is used.
  t0= 26.0 gun_pure   d= 4.0 →   패 Δ  -90.8 health_zero@106s ticks80
Engine location ignored, only thruster location is used.
Engine orientation ignored, only thruster orientation is used.
Engine location ignored, only thruster location is used.
Engine orientation ignored, only thruster orientation is used.
  t0= 26.0 gun_pure   d= 8.0 →   패 Δ  -90.8 health_zero@ 38s ticks160
Engine location ignored, only thruster location is used.
Engine orientation ignored, only thruster orientation is used.
Engine location ignored, only thruster location is used.
Engine orientation ignored, only thruster orientation is used.
  t0= 26.0 dive       d= 4.0 →   패 Δ  -90.8 health_zero@ 43s ticks80
Engine location ignored, only thruster location is used.
Engine orientation ignored, only thruster orientation is used.
Engine location ignored, only thruster location is used.
Engine orientation ignored, only thruster orientation is used.
  t0= 26.0 dive       d= 8.0 →   패 Δ  -90.8 health_zero@ 33s ticks144
Engine location ignored, only thruster location is used.
Engine orientation ignored, only thruster orientation is used.
Engine location ignored, only thruster location is used.
Engine orientation ignored, only thruster orientation is used.
  t0= 26.0 extend     d= 4.0 →   패 Δ  -90.8 health_zero@111s ticks80
Engine location ignored, only thruster location is used.
Engine orientation ignored, only thruster orientation is used.
Engine location ignored, only thruster location is used.
Engine orientation ignored, only thruster orientation is used.
  t0= 26.0 extend     d= 8.0 →   패 Δ  -41.1 health_zero@147s ticks160
Engine location ignored, only thruster location is used.
Engine orientation ignored, only thruster orientation is used.
Engine location ignored, only thruster location is used.
Engine orientation ignored, only thruster orientation is used.
  t0= 26.0 break      d= 4.0 →   패 Δ  -90.8 health_zero@ 49s ticks80
Engine location ignored, only thruster location is used.
Engine orientation ignored, only thruster orientation is used.
Engine location ignored, only thruster location is used.
Engine orientation ignored, only thruster orientation is used.
  t0= 26.0 break      d= 8.0 →   패 Δ  -80.6 health_zero@ 53s ticks160

  승리 개입 3개: [(22.0, 'dive', 4.0, 3.958333333333426), (22.0, 'extend', 4.0, 10.937500000000831), (22.0, 'break', 8.0, 24.166666666667446)]
