

     JSBSim Flight Dynamics Model v1.3.1 [GitHub build 1837/commit 3b25f25e49b42d0489c04ac805674fc1450ca579] May 17 2026 14:28:34
            [JSBSim-ML v2.0]

JSBSim startup beginning ...

Engine location ignored, only thruster location is used.
Engine orientation ignored, only thruster orientation is used.
Engine location ignored, only thruster location is used.
Engine orientation ignored, only thruster orientation is used.
#HARVEST acts=break,dive,extend,gun_pure durs=4.0,8.0 win=22,60 draw_ok=1
=== 분기탐색 A3_LagAngler_06/blue  창[22,60]s step6 durs[4.0, 8.0] ===
  기준: 패 Δ-0.5 stall@89s
Engine location ignored, only thruster location is used.
Engine orientation ignored, only thruster orientation is used.
Engine location ignored, only thruster location is used.
Engine orientation ignored, only thruster orientation is used.
  t0= 22.0 gun_pure   d= 4.0 → ★승 Δ  +42.0 health_zero@215s ticks80
Engine location ignored, only thruster location is used.
Engine orientation ignored, only thruster orientation is used.
Engine location ignored, only thruster location is used.
Engine orientation ignored, only thruster orientation is used.
  t0= 22.0 gun_pure   d= 8.0 → ★승 Δ   +9.4 health_zero@267s ticks160
Engine location ignored, only thruster location is used.
Engine orientation ignored, only thruster orientation is used.
Engine location ignored, only thruster location is used.
Engine orientation ignored, only thruster orientation is used.
  t0= 22.0 dive       d= 4.0 →   패 Δ   -8.0 health_zero@209s ticks80
Engine location ignored, only thruster location is used.
Engine orientation ignored, only thruster orientation is used.
Engine location ignored, only thruster location is used.
Engine orientation ignored, only thruster orientation is used.
  t0= 22.0 dive       d= 8.0 →   패 Δ -100.0 health_zero@296s ticks160
Engine location ignored, only thruster location is used.
Engine orientation ignored, only thruster orientation is used.
Engine location ignored, only thruster location is used.
Engine orientation ignored, only thruster orientation is used.
  t0= 22.0 extend     d= 4.0 → ★승 Δ  +12.3 health_zero@159s ticks80
Engine location ignored, only thruster location is used.
Engine orientation ignored, only thruster orientation is used.
Engine location ignored, only thruster location is used.
Engine orientation ignored, only thruster orientation is used.
  t0= 22.0 extend     d= 8.0 → ★승 Δ   +9.6 health_zero@159s ticks160
Engine location ignored, only thruster location is used.
Engine orientation ignored, only thruster orientation is used.
Engine location ignored, only thruster location is used.
Engine orientation ignored, only thruster orientation is used.
  t0= 22.0 break      d= 4.0 →   패 Δ  -26.6 timeout@300s ticks80
Engine location ignored, only thruster location is used.
Engine orientation ignored, only thruster orientation is used.
Engine location ignored, only thruster location is used.
Engine orientation ignored, only thruster orientation is used.
  t0= 22.0 break      d= 8.0 → ★승 Δ  +38.4 health_zero@139s ticks160
Engine location ignored, only thruster location is used.
Engine orientation ignored, only thruster orientation is used.
Engine location ignored, only thruster location is used.
Engine orientation ignored, only thruster orientation is used.
  t0= 28.0 gun_pure   d= 4.0 →   패 Δ  -34.0 timeout@300s ticks80
Engine location ignored, only thruster location is used.
Engine orientation ignored, only thruster orientation is used.
Engine location ignored, only thruster location is used.
Engine orientation ignored, only thruster orientation is used.
  t0= 28.0 gun_pure   d= 8.0 →   패 Δ  -34.0 timeout@300s ticks160
Engine location ignored, only thruster location is used.
Engine orientation ignored, only thruster orientation is used.
Engine location ignored, only thruster location is used.
Engine orientation ignored, only thruster orientation is used.
  t0= 28.0 dive       d= 4.0 →   패 Δ  -47.4 health_zero@ 51s ticks80
Engine location ignored, only thruster location is used.
Engine orientation ignored, only thruster orientation is used.
Engine location ignored, only thruster location is used.
Engine orientation ignored, only thruster orientation is used.
  t0= 28.0 dive       d= 8.0 →   패 Δ  -61.9 health_zero@ 54s ticks160
Engine location ignored, only thruster location is used.
Engine orientation ignored, only thruster orientation is used.
Engine location ignored, only thruster location is used.
Engine orientation ignored, only thruster orientation is used.
  t0= 28.0 extend     d= 4.0 → ★승 Δ  +33.4 health_zero@148s ticks80
Engine location ignored, only thruster location is used.
Engine orientation ignored, only thruster orientation is used.
Engine location ignored, only thruster location is used.
Engine orientation ignored, only thruster orientation is used.
  t0= 28.0 extend     d= 8.0 →   패 Δ   -9.0 timeout@300s ticks160
Engine location ignored, only thruster location is used.
Engine orientation ignored, only thruster orientation is used.
Engine location ignored, only thruster location is used.
Engine orientation ignored, only thruster orientation is used.
  t0= 28.0 break      d= 4.0 → ★승 Δ  +36.6 health_zero@201s ticks80
Engine location ignored, only thruster location is used.
Engine orientation ignored, only thruster orientation is used.
Engine location ignored, only thruster location is used.
Engine orientation ignored, only thruster orientation is used.
  t0= 28.0 break      d= 8.0 → ★승 Δ  +66.0 health_zero@115s ticks160
Engine location ignored, only thruster location is used.
Engine orientation ignored, only thruster orientation is used.
Engine location ignored, only thruster location is used.
Engine orientation ignored, only thruster orientation is used.
  t0= 34.0 gun_pure   d= 4.0 → ★승 Δ  +66.0 health_zero@117s ticks81
Engine location ignored, only thruster location is used.
Engine orientation ignored, only thruster orientation is used.
Engine location ignored, only thruster location is used.
Engine orientation ignored, only thruster orientation is used.
  t0= 34.0 gun_pure   d= 8.0 → ★승 Δ  +66.0 health_zero@117s ticks161
Engine location ignored, only thruster location is used.
Engine orientation ignored, only thruster orientation is used.
Engine location ignored, only thruster location is used.
Engine orientation ignored, only thruster orientation is used.
  t0= 34.0 dive       d= 4.0 → ★승 Δ  +49.9 health_zero@ 61s ticks81
Engine location ignored, only thruster location is used.
Engine orientation ignored, only thruster orientation is used.
Engine location ignored, only thruster location is used.
Engine orientation ignored, only thruster orientation is used.
  t0= 34.0 dive       d= 8.0 → ★승 Δ  +47.9 health_zero@ 77s ticks161
Engine location ignored, only thruster location is used.
Engine orientation ignored, only thruster orientation is used.
Engine location ignored, only thruster location is used.
Engine orientation ignored, only thruster orientation is used.
  t0= 34.0 extend     d= 4.0 → ★승 Δ  +49.3 health_zero@ 63s ticks81
Engine location ignored, only thruster location is used.
Engine orientation ignored, only thruster orientation is used.
Engine location ignored, only thruster location is used.
Engine orientation ignored, only thruster orientation is used.
  t0= 34.0 extend     d= 8.0 → ★승 Δ  +33.4 health_zero@ 66s ticks161
Engine location ignored, only thruster location is used.
Engine orientation ignored, only thruster orientation is used.
Engine location ignored, only thruster location is used.
Engine orientation ignored, only thruster orientation is used.
  t0= 34.0 break      d= 4.0 → ★승 Δ  +66.0 health_zero@ 89s ticks81
Engine location ignored, only thruster location is used.
Engine orientation ignored, only thruster orientation is used.
Engine location ignored, only thruster location is used.
Engine orientation ignored, only thruster orientation is used.
  t0= 34.0 break      d= 8.0 → ★승 Δ  +66.0 health_zero@ 89s ticks161
Engine location ignored, only thruster location is used.
Engine orientation ignored, only thruster orientation is used.
Engine location ignored, only thruster location is used.
Engine orientation ignored, only thruster orientation is used.
  t0= 40.0 gun_pure   d= 4.0 →   패 Δ   -1.9 stall@ 88s ticks80
Engine location ignored, only thruster location is used.
Engine orientation ignored, only thruster orientation is used.
Engine location ignored, only thruster location is used.
Engine orientation ignored, only thruster orientation is used.
  t0= 40.0 gun_pure   d= 8.0 →   패 Δ  -45.2 health_zero@ 53s ticks160
Engine location ignored, only thruster location is used.
Engine orientation ignored, only thruster orientation is used.
Engine location ignored, only thruster location is used.
Engine orientation ignored, only thruster orientation is used.
  t0= 40.0 dive       d= 4.0 → ★승 Δ  +20.8 timeout@300s ticks80
Engine location ignored, only thruster location is used.
Engine orientation ignored, only thruster orientation is used.
Engine location ignored, only thruster location is used.
Engine orientation ignored, only thruster orientation is used.
  t0= 40.0 dive       d= 8.0 → ★승 Δ  +20.8 timeout@300s ticks160
Engine location ignored, only thruster location is used.
Engine orientation ignored, only thruster orientation is used.
Engine location ignored, only thruster location is used.
Engine orientation ignored, only thruster orientation is used.
  t0= 40.0 extend     d= 4.0 → ★승 Δ  +20.8 timeout@300s ticks80
Engine location ignored, only thruster location is used.
Engine orientation ignored, only thruster orientation is used.
Engine location ignored, only thruster location is used.
Engine orientation ignored, only thruster orientation is used.
  t0= 40.0 extend     d= 8.0 → ★승 Δ  +20.8 timeout@300s ticks160
Engine location ignored, only thruster location is used.
Engine orientation ignored, only thruster orientation is used.
Engine location ignored, only thruster location is used.
Engine orientation ignored, only thruster orientation is used.
  t0= 40.0 break      d= 4.0 →   패 Δ  -45.2 health_zero@142s ticks80
Engine location ignored, only thruster location is used.
Engine orientation ignored, only thruster orientation is used.
Engine location ignored, only thruster location is used.
Engine orientation ignored, only thruster orientation is used.
  t0= 40.0 break      d= 8.0 →   패 Δ  -45.2 health_zero@248s ticks160
Engine location ignored, only thruster location is used.
Engine orientation ignored, only thruster orientation is used.
Engine location ignored, only thruster location is used.
Engine orientation ignored, only thruster orientation is used.
  t0= 46.0 gun_pure   d= 4.0 →   패 Δ  -38.8 timeout@300s ticks80
Engine location ignored, only thruster location is used.
Engine orientation ignored, only thruster orientation is used.
Engine location ignored, only thruster location is used.
Engine orientation ignored, only thruster orientation is used.
  t0= 46.0 gun_pure   d= 8.0 →   패 Δ  -45.2 health_zero@120s ticks160
Engine location ignored, only thruster location is used.
Engine orientation ignored, only thruster orientation is used.
Engine location ignored, only thruster location is used.
Engine orientation ignored, only thruster orientation is used.
  t0= 46.0 dive       d= 4.0 →   패 Δ  -45.2 health_zero@ 91s ticks80
Engine location ignored, only thruster location is used.
Engine orientation ignored, only thruster orientation is used.
Engine location ignored, only thruster location is used.
Engine orientation ignored, only thruster orientation is used.
  t0= 46.0 dive       d= 8.0 →   패 Δ  -45.2 health_zero@ 91s ticks160
Engine location ignored, only thruster location is used.
Engine orientation ignored, only thruster orientation is used.
Engine location ignored, only thruster location is used.
Engine orientation ignored, only thruster orientation is used.
  t0= 46.0 extend     d= 4.0 →   패 Δ  -45.2 health_zero@ 78s ticks80
Engine location ignored, only thruster location is used.
Engine orientation ignored, only thruster orientation is used.
Engine location ignored, only thruster location is used.
Engine orientation ignored, only thruster orientation is used.
  t0= 46.0 extend     d= 8.0 → ★승 Δ  +12.9 timeout@300s ticks160
Engine location ignored, only thruster location is used.
Engine orientation ignored, only thruster orientation is used.
Engine location ignored, only thruster location is used.
Engine orientation ignored, only thruster orientation is used.
  t0= 46.0 break      d= 4.0 → ★무 Δ   +9.2 stall@ 88s ticks80
Engine location ignored, only thruster location is used.
Engine orientation ignored, only thruster orientation is used.
Engine location ignored, only thruster location is used.
Engine orientation ignored, only thruster orientation is used.
  t0= 46.0 break      d= 8.0 → ★승 Δ  +10.3 timeout@300s ticks160
Engine location ignored, only thruster location is used.
Engine orientation ignored, only thruster orientation is used.
Engine location ignored, only thruster location is used.
Engine orientation ignored, only thruster orientation is used.
  t0= 52.0 gun_pure   d= 4.0 → ★승 Δ  +14.8 health_zero@249s ticks80
Engine location ignored, only thruster location is used.
Engine orientation ignored, only thruster orientation is used.
Engine location ignored, only thruster location is used.
Engine orientation ignored, only thruster orientation is used.
  t0= 52.0 gun_pure   d= 8.0 → ★승 Δ  +44.6 health_zero@ 75s ticks160
Engine location ignored, only thruster location is used.
Engine orientation ignored, only thruster orientation is used.
Engine location ignored, only thruster location is used.
Engine orientation ignored, only thruster orientation is used.
  t0= 52.0 dive       d= 4.0 → ★승 Δ  +39.2 health_zero@206s ticks80
Engine location ignored, only thruster location is used.
Engine orientation ignored, only thruster orientation is used.
Engine location ignored, only thruster location is used.
Engine orientation ignored, only thruster orientation is used.
  t0= 52.0 dive       d= 8.0 → ★승 Δ  +44.8 health_zero@229s ticks160
Engine location ignored, only thruster location is used.
Engine orientation ignored, only thruster orientation is used.
Engine location ignored, only thruster location is used.
Engine orientation ignored, only thruster orientation is used.
  t0= 52.0 extend     d= 4.0 → ★승 Δ  +17.0 health_zero@ 84s ticks80
Engine location ignored, only thruster location is used.
Engine orientation ignored, only thruster orientation is used.
Engine location ignored, only thruster location is used.
Engine orientation ignored, only thruster orientation is used.
  t0= 52.0 extend     d= 8.0 → ★승 Δ  +17.0 health_zero@ 84s ticks160
Engine location ignored, only thruster location is used.
Engine orientation ignored, only thruster orientation is used.
Engine location ignored, only thruster location is used.
Engine orientation ignored, only thruster orientation is used.
  t0= 52.0 break      d= 4.0 → ★승 Δ  +24.0 health_zero@ 92s ticks80
Engine location ignored, only thruster location is used.
Engine orientation ignored, only thruster orientation is used.
Engine location ignored, only thruster location is used.
Engine orientation ignored, only thruster orientation is used.
  t0= 52.0 break      d= 8.0 → ★승 Δ  +17.8 health_zero@ 87s ticks160
Engine location ignored, only thruster location is used.
Engine orientation ignored, only thruster orientation is used.
Engine location ignored, only thruster location is used.
Engine orientation ignored, only thruster orientation is used.
  t0= 58.0 gun_pure   d= 4.0 →   패 Δ   -0.5 timeout@300s ticks80
Engine location ignored, only thruster location is used.
Engine orientation ignored, only thruster orientation is used.
Engine location ignored, only thruster location is used.
Engine orientation ignored, only thruster orientation is used.
  t0= 58.0 gun_pure   d= 8.0 → ★승 Δ  +30.8 health_zero@114s ticks160
Engine location ignored, only thruster location is used.
Engine orientation ignored, only thruster orientation is used.
Engine location ignored, only thruster location is used.
Engine orientation ignored, only thruster orientation is used.
  t0= 58.0 dive       d= 4.0 → ★승 Δ  +17.2 health_zero@ 91s ticks80
Engine location ignored, only thruster location is used.
Engine orientation ignored, only thruster orientation is used.
Engine location ignored, only thruster location is used.
Engine orientation ignored, only thruster orientation is used.
  t0= 58.0 dive       d= 8.0 → ★승 Δ   +3.8 health_zero@ 87s ticks160
Engine location ignored, only thruster location is used.
Engine orientation ignored, only thruster orientation is used.
Engine location ignored, only thruster location is used.
Engine orientation ignored, only thruster orientation is used.
  t0= 58.0 extend     d= 4.0 → ★승 Δ   +5.2 health_zero@284s ticks80
Engine location ignored, only thruster location is used.
Engine orientation ignored, only thruster orientation is used.
Engine location ignored, only thruster location is used.
Engine orientation ignored, only thruster orientation is used.
  t0= 58.0 extend     d= 8.0 → ★승 Δ  +15.5 health_zero@ 91s ticks160
Engine location ignored, only thruster location is used.
Engine orientation ignored, only thruster orientation is used.
Engine location ignored, only thruster location is used.
Engine orientation ignored, only thruster orientation is used.
  t0= 58.0 break      d= 4.0 → ★승 Δ  +37.7 health_zero@286s ticks80
Engine location ignored, only thruster location is used.
Engine orientation ignored, only thruster orientation is used.
Engine location ignored, only thruster location is used.
Engine orientation ignored, only thruster orientation is used.
  t0= 58.0 break      d= 8.0 →   패 Δ   -0.5 timeout@300s ticks160

  승리 개입 36개: [(22.0, 'gun_pure', 4.0, 41.97916666666703), (22.0, 'gun_pure', 8.0, 9.37500000000075), (22.0, 'extend', 4.0, 12.291666666667112), (22.0, 'extend', 8.0, 9.58333333333389), (22.0, 'break', 8.0, 38.43750000000055), (28.0, 'extend', 4.0, 33.43750000000028), (28.0, 'break', 4.0, 36.56250000000052), (28.0, 'break', 8.0, 66.04166666666707), (34.0, 'gun_pure', 4.0, 66.04166666666707), (34.0, 'gun_pure', 8.0, 66.04166666666707), (34.0, 'dive', 4.0, 49.89583333333397), (34.0, 'dive', 8.0, 47.916666666667346), (34.0, 'extend', 4.0, 49.27083333333398), (34.0, 'extend', 8.0, 33.43750000000025), (34.0, 'break', 4.0, 66.04166666666707), (34.0, 'break', 8.0, 66.04166666666707), (40.0, 'dive', 4.0, 20.833333333333343), (40.0, 'dive', 8.0, 20.833333333333343), (40.0, 'extend', 4.0, 20.833333333333343), (40.0, 'extend', 8.0, 20.833333333333343), (46.0, 'extend', 8.0, 12.916666666666721), (46.0, 'break', 8.0, 10.312500000000114), (52.0, 'gun_pure', 4.0, 14.791666666667254), (52.0, 'gun_pure', 8.0, 44.58333333333409), (52.0, 'dive', 4.0, 39.166666666667545), (52.0, 'dive', 8.0, 44.79166666666742), (52.0, 'extend', 4.0, 16.979166666667307), (52.0, 'extend', 8.0, 16.97916666666729), (52.0, 'break', 4.0, 23.958333333333886), (52.0, 'break', 8.0, 17.812500000000632), (58.0, 'gun_pure', 8.0, 30.83333333333436), (58.0, 'dive', 4.0, 17.187500000000632), (58.0, 'dive', 8.0, 3.7500000000007834), (58.0, 'extend', 4.0, 5.208333333333809), (58.0, 'extend', 8.0, 15.520833333333966), (58.0, 'break', 4.0, 37.708333333334245)]
