

     JSBSim Flight Dynamics Model v1.3.1 [GitHub build 1837/commit 3b25f25e49b42d0489c04ac805674fc1450ca579] May 17 2026 14:28:34
            [JSBSim-ML v2.0]

JSBSim startup beginning ...

Engine location ignored, only thruster location is used.
Engine orientation ignored, only thruster orientation is used.
Engine location ignored, only thruster location is used.
Engine orientation ignored, only thruster orientation is used.
#HARVEST acts=break,dive,extend,gun_pure durs=4.0,8.0 win=22,60 draw_ok=1
=== 분기탐색 C3_Lufbery_04/blue  창[22,60]s step6 durs[4.0, 8.0] ===
  기준: 패 Δ-38.6 health_zero@248s
Engine location ignored, only thruster location is used.
Engine orientation ignored, only thruster orientation is used.
Engine location ignored, only thruster location is used.
Engine orientation ignored, only thruster orientation is used.
  t0= 22.0 gun_pure   d= 4.0 → ★승 Δ  +32.7 health_zero@ 62s ticks80
Engine location ignored, only thruster location is used.
Engine orientation ignored, only thruster orientation is used.
Engine location ignored, only thruster location is used.
Engine orientation ignored, only thruster orientation is used.
  t0= 22.0 gun_pure   d= 8.0 → ★승 Δ  +66.7 health_zero@ 67s ticks160
Engine location ignored, only thruster location is used.
Engine orientation ignored, only thruster orientation is used.
Engine location ignored, only thruster location is used.
Engine orientation ignored, only thruster orientation is used.
  t0= 22.0 dive       d= 4.0 → ★승 Δ  +24.6 health_zero@ 47s ticks80
Engine location ignored, only thruster location is used.
Engine orientation ignored, only thruster orientation is used.
Engine location ignored, only thruster location is used.
Engine orientation ignored, only thruster orientation is used.
  t0= 22.0 dive       d= 8.0 → ★승 Δ  +45.8 health_zero@ 48s ticks160
Engine location ignored, only thruster location is used.
Engine orientation ignored, only thruster orientation is used.
Engine location ignored, only thruster location is used.
Engine orientation ignored, only thruster orientation is used.
  t0= 22.0 extend     d= 4.0 → ★승 Δ  +26.6 health_zero@ 47s ticks80
Engine location ignored, only thruster location is used.
Engine orientation ignored, only thruster orientation is used.
Engine location ignored, only thruster location is used.
Engine orientation ignored, only thruster orientation is used.
  t0= 22.0 extend     d= 8.0 → ★승 Δ  +36.2 health_zero@ 48s ticks160
Engine location ignored, only thruster location is used.
Engine orientation ignored, only thruster orientation is used.
Engine location ignored, only thruster location is used.
Engine orientation ignored, only thruster orientation is used.
  t0= 22.0 break      d= 4.0 → ★승 Δ  +29.2 timeout@300s ticks80
Engine location ignored, only thruster location is used.
Engine orientation ignored, only thruster orientation is used.
Engine location ignored, only thruster location is used.
Engine orientation ignored, only thruster orientation is used.
  t0= 22.0 break      d= 8.0 → ★승 Δ  +30.2 timeout@300s ticks160
Engine location ignored, only thruster location is used.
Engine orientation ignored, only thruster orientation is used.
Engine location ignored, only thruster location is used.
Engine orientation ignored, only thruster orientation is used.
  t0= 28.0 gun_pure   d= 4.0 → ★승 Δ  +80.1 health_zero@102s ticks80
Engine location ignored, only thruster location is used.
Engine orientation ignored, only thruster orientation is used.
Engine location ignored, only thruster location is used.
Engine orientation ignored, only thruster orientation is used.
  t0= 28.0 gun_pure   d= 8.0 → ★승 Δ   +5.7 timeout@300s ticks160
Engine location ignored, only thruster location is used.
Engine orientation ignored, only thruster orientation is used.
Engine location ignored, only thruster location is used.
Engine orientation ignored, only thruster orientation is used.
  t0= 28.0 dive       d= 4.0 →   패 Δ  -80.4 health_zero@102s ticks80
Engine location ignored, only thruster location is used.
Engine orientation ignored, only thruster orientation is used.
Engine location ignored, only thruster location is used.
Engine orientation ignored, only thruster orientation is used.
  t0= 28.0 dive       d= 8.0 →   패 Δ  -80.4 health_zero@ 88s ticks160
Engine location ignored, only thruster location is used.
Engine orientation ignored, only thruster orientation is used.
Engine location ignored, only thruster location is used.
Engine orientation ignored, only thruster orientation is used.
  t0= 28.0 extend     d= 4.0 → ★승 Δ   -8.6 stall@158s ticks80
Engine location ignored, only thruster location is used.
Engine orientation ignored, only thruster orientation is used.
Engine location ignored, only thruster location is used.
Engine orientation ignored, only thruster orientation is used.
  t0= 28.0 extend     d= 8.0 → ★승 Δ  +34.4 health_zero@200s ticks160
Engine location ignored, only thruster location is used.
Engine orientation ignored, only thruster orientation is used.
Engine location ignored, only thruster location is used.
Engine orientation ignored, only thruster orientation is used.
  t0= 28.0 break      d= 4.0 → ★승 Δ   +2.9 stall@217s ticks80
Engine location ignored, only thruster location is used.
Engine orientation ignored, only thruster orientation is used.
Engine location ignored, only thruster location is used.
Engine orientation ignored, only thruster orientation is used.
  t0= 28.0 break      d= 8.0 → ★승 Δ   +4.3 timeout@300s ticks160
Engine location ignored, only thruster location is used.
Engine orientation ignored, only thruster orientation is used.
Engine location ignored, only thruster location is used.
Engine orientation ignored, only thruster orientation is used.
  t0= 34.0 gun_pure   d= 4.0 → ★승 Δ  +53.3 health_zero@174s ticks81
Engine location ignored, only thruster location is used.
Engine orientation ignored, only thruster orientation is used.
Engine location ignored, only thruster location is used.
Engine orientation ignored, only thruster orientation is used.
  t0= 34.0 gun_pure   d= 8.0 → ★승 Δ  +12.5 stall@ 93s ticks161
Engine location ignored, only thruster location is used.
Engine orientation ignored, only thruster orientation is used.
Engine location ignored, only thruster location is used.
Engine orientation ignored, only thruster orientation is used.
  t0= 34.0 dive       d= 4.0 → ★승 Δ  +55.3 health_zero@128s ticks81
Engine location ignored, only thruster location is used.
Engine orientation ignored, only thruster orientation is used.
Engine location ignored, only thruster location is used.
Engine orientation ignored, only thruster orientation is used.
  t0= 34.0 dive       d= 8.0 →   패 Δ  -51.0 health_zero@ 87s ticks161
Engine location ignored, only thruster location is used.
Engine orientation ignored, only thruster orientation is used.
Engine location ignored, only thruster location is used.
Engine orientation ignored, only thruster orientation is used.
  t0= 34.0 extend     d= 4.0 →   패 Δ  -38.2 timeout@300s ticks81
Engine location ignored, only thruster location is used.
Engine orientation ignored, only thruster orientation is used.
Engine location ignored, only thruster location is used.
Engine orientation ignored, only thruster orientation is used.
  t0= 34.0 extend     d= 8.0 → ★승 Δ  +17.9 timeout@300s ticks161
Engine location ignored, only thruster location is used.
Engine orientation ignored, only thruster orientation is used.
Engine location ignored, only thruster location is used.
Engine orientation ignored, only thruster orientation is used.
  t0= 34.0 break      d= 4.0 → ★승 Δ  +40.8 timeout@300s ticks81
Engine location ignored, only thruster location is used.
Engine orientation ignored, only thruster orientation is used.
Engine location ignored, only thruster location is used.
Engine orientation ignored, only thruster orientation is used.
  t0= 34.0 break      d= 8.0 → ★승 Δ  +18.7 timeout@300s ticks161
Engine location ignored, only thruster location is used.
Engine orientation ignored, only thruster orientation is used.
Engine location ignored, only thruster location is used.
Engine orientation ignored, only thruster orientation is used.
  t0= 40.0 gun_pure   d= 4.0 → ★승 Δ  +21.6 health_zero@ 62s ticks80
Engine location ignored, only thruster location is used.
Engine orientation ignored, only thruster orientation is used.
Engine location ignored, only thruster location is used.
Engine orientation ignored, only thruster orientation is used.
  t0= 40.0 gun_pure   d= 8.0 → ★승 Δ  +20.8 health_zero@273s ticks160
Engine location ignored, only thruster location is used.
Engine orientation ignored, only thruster orientation is used.
Engine location ignored, only thruster location is used.
Engine orientation ignored, only thruster orientation is used.
  t0= 40.0 dive       d= 4.0 →   패 Δ  -23.0 health_zero@172s ticks80
Engine location ignored, only thruster location is used.
Engine orientation ignored, only thruster orientation is used.
Engine location ignored, only thruster location is used.
Engine orientation ignored, only thruster orientation is used.
  t0= 40.0 dive       d= 8.0 → ★승 Δ  +40.2 health_zero@ 70s ticks160
Engine location ignored, only thruster location is used.
Engine orientation ignored, only thruster orientation is used.
Engine location ignored, only thruster location is used.
Engine orientation ignored, only thruster orientation is used.
  t0= 40.0 extend     d= 4.0 →   패 Δ  -18.9 health_zero@156s ticks80
Engine location ignored, only thruster location is used.
Engine orientation ignored, only thruster orientation is used.
Engine location ignored, only thruster location is used.
Engine orientation ignored, only thruster orientation is used.
  t0= 40.0 extend     d= 8.0 → ★승 Δ  +50.1 health_zero@ 70s ticks160
Engine location ignored, only thruster location is used.
Engine orientation ignored, only thruster orientation is used.
Engine location ignored, only thruster location is used.
Engine orientation ignored, only thruster orientation is used.
  t0= 40.0 break      d= 4.0 → ★승 Δ  +27.2 timeout@300s ticks80
Engine location ignored, only thruster location is used.
Engine orientation ignored, only thruster orientation is used.
Engine location ignored, only thruster location is used.
Engine orientation ignored, only thruster orientation is used.
  t0= 40.0 break      d= 8.0 →   패 Δ  -38.6 health_zero@244s ticks160
Engine location ignored, only thruster location is used.
Engine orientation ignored, only thruster orientation is used.
Engine location ignored, only thruster location is used.
Engine orientation ignored, only thruster orientation is used.
  t0= 46.0 gun_pure   d= 4.0 → ★승 Δ  +27.1 health_zero@ 63s ticks80
Engine location ignored, only thruster location is used.
Engine orientation ignored, only thruster orientation is used.
Engine location ignored, only thruster location is used.
Engine orientation ignored, only thruster orientation is used.
  t0= 46.0 gun_pure   d= 8.0 →   패 Δ  -38.6 health_zero@180s ticks160
Engine location ignored, only thruster location is used.
Engine orientation ignored, only thruster orientation is used.
Engine location ignored, only thruster location is used.
Engine orientation ignored, only thruster orientation is used.
  t0= 46.0 dive       d= 4.0 →   패 Δ  -38.6 health_zero@187s ticks80
Engine location ignored, only thruster location is used.
Engine orientation ignored, only thruster orientation is used.
Engine location ignored, only thruster location is used.
Engine orientation ignored, only thruster orientation is used.
  t0= 46.0 dive       d= 8.0 → ★승 Δ   +3.6 stall@116s ticks160
Engine location ignored, only thruster location is used.
Engine orientation ignored, only thruster orientation is used.
Engine location ignored, only thruster location is used.
Engine orientation ignored, only thruster orientation is used.
  t0= 46.0 extend     d= 4.0 →   패 Δ  -38.6 health_zero@172s ticks80
Engine location ignored, only thruster location is used.
Engine orientation ignored, only thruster orientation is used.
Engine location ignored, only thruster location is used.
Engine orientation ignored, only thruster orientation is used.
  t0= 46.0 extend     d= 8.0 → ★승 Δ   -3.1 stall@115s ticks160
Engine location ignored, only thruster location is used.
Engine orientation ignored, only thruster orientation is used.
Engine location ignored, only thruster location is used.
Engine orientation ignored, only thruster orientation is used.
  t0= 46.0 break      d= 4.0 →   패 Δ  -38.6 health_zero@197s ticks80
Engine location ignored, only thruster location is used.
Engine orientation ignored, only thruster orientation is used.
Engine location ignored, only thruster location is used.
Engine orientation ignored, only thruster orientation is used.
  t0= 46.0 break      d= 8.0 → ★승 Δ   -6.1 stall@204s ticks160
Engine location ignored, only thruster location is used.
Engine orientation ignored, only thruster orientation is used.
Engine location ignored, only thruster location is used.
Engine orientation ignored, only thruster orientation is used.
  t0= 52.0 gun_pure   d= 4.0 → ★승 Δ   +3.4 health_zero@120s ticks80
Engine location ignored, only thruster location is used.
Engine orientation ignored, only thruster orientation is used.
Engine location ignored, only thruster location is used.
Engine orientation ignored, only thruster orientation is used.
  t0= 52.0 gun_pure   d= 8.0 →   패 Δ  -38.6 health_zero@115s ticks160
Engine location ignored, only thruster location is used.
Engine orientation ignored, only thruster orientation is used.
Engine location ignored, only thruster location is used.
Engine orientation ignored, only thruster orientation is used.
  t0= 52.0 dive       d= 4.0 → ★승 Δ  +22.7 health_zero@246s ticks80
Engine location ignored, only thruster location is used.
Engine orientation ignored, only thruster orientation is used.
Engine location ignored, only thruster location is used.
Engine orientation ignored, only thruster orientation is used.
  t0= 52.0 dive       d= 8.0 →   패 Δ  -38.6 health_zero@170s ticks160
Engine location ignored, only thruster location is used.
Engine orientation ignored, only thruster orientation is used.
Engine location ignored, only thruster location is used.
Engine orientation ignored, only thruster orientation is used.
  t0= 52.0 extend     d= 4.0 →   패 Δ  -38.6 health_zero@155s ticks80
Engine location ignored, only thruster location is used.
Engine orientation ignored, only thruster orientation is used.
Engine location ignored, only thruster location is used.
Engine orientation ignored, only thruster orientation is used.
  t0= 52.0 extend     d= 8.0 → ★승 Δ   +7.1 stall@247s ticks160
Engine location ignored, only thruster location is used.
Engine orientation ignored, only thruster orientation is used.
Engine location ignored, only thruster location is used.
Engine orientation ignored, only thruster orientation is used.
  t0= 52.0 break      d= 4.0 →   패 Δ  -38.6 health_zero@276s ticks80
Engine location ignored, only thruster location is used.
Engine orientation ignored, only thruster orientation is used.
Engine location ignored, only thruster location is used.
Engine orientation ignored, only thruster orientation is used.
  t0= 52.0 break      d= 8.0 →   패 Δ  -31.1 timeout@300s ticks160
Engine location ignored, only thruster location is used.
Engine orientation ignored, only thruster orientation is used.
Engine location ignored, only thruster location is used.
Engine orientation ignored, only thruster orientation is used.
  t0= 58.0 gun_pure   d= 4.0 →   패 Δ  -38.6 health_zero@152s ticks80
Engine location ignored, only thruster location is used.
Engine orientation ignored, only thruster orientation is used.
Engine location ignored, only thruster location is used.
Engine orientation ignored, only thruster orientation is used.
  t0= 58.0 gun_pure   d= 8.0 →   패 Δ  -38.6 health_zero@215s ticks160
Engine location ignored, only thruster location is used.
Engine orientation ignored, only thruster orientation is used.
Engine location ignored, only thruster location is used.
Engine orientation ignored, only thruster orientation is used.
  t0= 58.0 dive       d= 4.0 →   패 Δ  -38.6 health_zero@112s ticks80
Engine location ignored, only thruster location is used.
Engine orientation ignored, only thruster orientation is used.
Engine location ignored, only thruster location is used.
Engine orientation ignored, only thruster orientation is used.
  t0= 58.0 dive       d= 8.0 →   패 Δ  -38.6 health_zero@ 93s ticks160
Engine location ignored, only thruster location is used.
Engine orientation ignored, only thruster orientation is used.
Engine location ignored, only thruster location is used.
Engine orientation ignored, only thruster orientation is used.
  t0= 58.0 extend     d= 4.0 →   패 Δ  -38.6 health_zero@196s ticks80
Engine location ignored, only thruster location is used.
Engine orientation ignored, only thruster orientation is used.
Engine location ignored, only thruster location is used.
Engine orientation ignored, only thruster orientation is used.
  t0= 58.0 extend     d= 8.0 →   패 Δ  -38.6 health_zero@155s ticks160
Engine location ignored, only thruster location is used.
Engine orientation ignored, only thruster orientation is used.
Engine location ignored, only thruster location is used.
Engine orientation ignored, only thruster orientation is used.
  t0= 58.0 break      d= 4.0 →   패 Δ  -37.3 health_zero@198s ticks80
Engine location ignored, only thruster location is used.
Engine orientation ignored, only thruster orientation is used.
Engine location ignored, only thruster location is used.
Engine orientation ignored, only thruster orientation is used.
  t0= 58.0 break      d= 8.0 → ★승 Δ  +50.7 timeout@300s ticks160

  승리 개입 33개: [(22.0, 'gun_pure', 4.0, 32.70833333333299), (22.0, 'gun_pure', 8.0, 66.6666666666659), (22.0, 'dive', 4.0, 24.583333333332583), (22.0, 'dive', 8.0, 45.83333333333299), (22.0, 'extend', 4.0, 26.56249999999918), (22.0, 'extend', 8.0, 36.24999999999924), (22.0, 'break', 4.0, 29.16666666666623), (22.0, 'break', 8.0, 30.20833333333219), (28.0, 'gun_pure', 4.0, 80.10416666666576), (28.0, 'gun_pure', 8.0, 5.729166666665961), (28.0, 'extend', 4.0, -8.645833333334693), (28.0, 'extend', 8.0, 34.374999999999524), (28.0, 'break', 4.0, 2.9166666666659538), (28.0, 'break', 8.0, 4.270833333332561), (34.0, 'gun_pure', 4.0, 53.33333333333194), (34.0, 'gun_pure', 8.0, 12.499999999998003), (34.0, 'dive', 4.0, 55.312499999998536), (34.0, 'extend', 8.0, 17.916666666665137), (34.0, 'break', 4.0, 40.83333333333189), (34.0, 'break', 8.0, 18.749999999997712), (40.0, 'gun_pure', 4.0, 21.562499999998266), (40.0, 'gun_pure', 8.0, 20.833333333331712), (40.0, 'dive', 8.0, 40.20833333333155), (40.0, 'extend', 8.0, 50.10416666666534), (40.0, 'break', 4.0, 27.18749999999804), (46.0, 'gun_pure', 4.0, 27.08333333333178), (46.0, 'dive', 8.0, 3.6458333333316517), (46.0, 'extend', 8.0, -3.1250000000017977), (46.0, 'break', 8.0, -6.145833333335062), (52.0, 'gun_pure', 4.0, 3.4374999999984714), (52.0, 'dive', 4.0, 22.708333333331716), (52.0, 'extend', 8.0, 7.083333333331794), (58.0, 'break', 8.0, 50.7291666666646)]
