

     JSBSim Flight Dynamics Model v1.3.1 [GitHub build 1837/commit 3b25f25e49b42d0489c04ac805674fc1450ca579] May 17 2026 14:28:34
            [JSBSim-ML v2.0]

JSBSim startup beginning ...

Engine location ignored, only thruster location is used.
Engine orientation ignored, only thruster orientation is used.
Engine location ignored, only thruster location is used.
Engine orientation ignored, only thruster orientation is used.
#HARVEST acts=break,dive,extend,gun_pure durs=4.0,8.0 win=22,60 draw_ok=1
=== 분기탐색 D3_Scissors_01/red  창[22,60]s step6 durs[4.0, 8.0] ===
  기준: 패 Δ-7.6 health_zero@299s
Engine location ignored, only thruster location is used.
Engine orientation ignored, only thruster orientation is used.
Engine location ignored, only thruster location is used.
Engine orientation ignored, only thruster orientation is used.
  t0= 22.0 gun_pure   d= 4.0 →   패 Δ  -32.2 health_zero@144s ticks80
Engine location ignored, only thruster location is used.
Engine orientation ignored, only thruster orientation is used.
Engine location ignored, only thruster location is used.
Engine orientation ignored, only thruster orientation is used.
  t0= 22.0 gun_pure   d= 8.0 → ★승 Δ  +29.2 health_zero@ 94s ticks160
Engine location ignored, only thruster location is used.
Engine orientation ignored, only thruster orientation is used.
Engine location ignored, only thruster location is used.
Engine orientation ignored, only thruster orientation is used.
  t0= 22.0 dive       d= 4.0 → ★승 Δ  +34.7 health_zero@ 62s ticks80
Engine location ignored, only thruster location is used.
Engine orientation ignored, only thruster orientation is used.
Engine location ignored, only thruster location is used.
Engine orientation ignored, only thruster orientation is used.
  t0= 22.0 dive       d= 8.0 → ★승 Δ  +34.7 health_zero@ 62s ticks160
Engine location ignored, only thruster location is used.
Engine orientation ignored, only thruster orientation is used.
Engine location ignored, only thruster location is used.
Engine orientation ignored, only thruster orientation is used.
  t0= 22.0 extend     d= 4.0 → ★승 Δ  +54.9 health_zero@ 68s ticks80
Engine location ignored, only thruster location is used.
Engine orientation ignored, only thruster orientation is used.
Engine location ignored, only thruster location is used.
Engine orientation ignored, only thruster orientation is used.
  t0= 22.0 extend     d= 8.0 → ★승 Δ  +33.8 health_zero@ 59s ticks160
Engine location ignored, only thruster location is used.
Engine orientation ignored, only thruster orientation is used.
Engine location ignored, only thruster location is used.
Engine orientation ignored, only thruster orientation is used.
  t0= 22.0 break      d= 4.0 → ★승 Δ   +4.4 health_zero@237s ticks80
Engine location ignored, only thruster location is used.
Engine orientation ignored, only thruster orientation is used.
Engine location ignored, only thruster location is used.
Engine orientation ignored, only thruster orientation is used.
  t0= 22.0 break      d= 8.0 →   패 Δ  -59.0 timeout@300s ticks160
Engine location ignored, only thruster location is used.
Engine orientation ignored, only thruster orientation is used.
Engine location ignored, only thruster location is used.
Engine orientation ignored, only thruster orientation is used.
  t0= 28.0 gun_pure   d= 4.0 → ★승 Δ  +12.8 health_zero@ 95s ticks80
Engine location ignored, only thruster location is used.
Engine orientation ignored, only thruster orientation is used.
Engine location ignored, only thruster location is used.
Engine orientation ignored, only thruster orientation is used.
  t0= 28.0 gun_pure   d= 8.0 → ★승 Δ  +82.2 health_zero@187s ticks160
Engine location ignored, only thruster location is used.
Engine orientation ignored, only thruster orientation is used.
Engine location ignored, only thruster location is used.
Engine orientation ignored, only thruster orientation is used.
  t0= 28.0 dive       d= 4.0 → ★승 Δ   +6.4 timeout@300s ticks80
Engine location ignored, only thruster location is used.
Engine orientation ignored, only thruster orientation is used.
Engine location ignored, only thruster location is used.
Engine orientation ignored, only thruster orientation is used.
  t0= 28.0 dive       d= 8.0 → ★승 Δ  +54.5 health_zero@199s ticks160
Engine location ignored, only thruster location is used.
Engine orientation ignored, only thruster orientation is used.
Engine location ignored, only thruster location is used.
Engine orientation ignored, only thruster orientation is used.
  t0= 28.0 extend     d= 4.0 → ★승 Δ  +70.8 health_zero@117s ticks80
Engine location ignored, only thruster location is used.
Engine orientation ignored, only thruster orientation is used.
Engine location ignored, only thruster location is used.
Engine orientation ignored, only thruster orientation is used.
  t0= 28.0 extend     d= 8.0 → ★승 Δ  +54.3 health_zero@147s ticks160
Engine location ignored, only thruster location is used.
Engine orientation ignored, only thruster orientation is used.
Engine location ignored, only thruster location is used.
Engine orientation ignored, only thruster orientation is used.
  t0= 28.0 break      d= 4.0 →   패 Δ  -31.1 timeout@300s ticks80
Engine location ignored, only thruster location is used.
Engine orientation ignored, only thruster orientation is used.
Engine location ignored, only thruster location is used.
Engine orientation ignored, only thruster orientation is used.
  t0= 28.0 break      d= 8.0 →   패 Δ  -72.2 timeout@300s ticks160
Engine location ignored, only thruster location is used.
Engine orientation ignored, only thruster orientation is used.
Engine location ignored, only thruster location is used.
Engine orientation ignored, only thruster orientation is used.
  t0= 34.0 gun_pure   d= 4.0 →   패 Δ  -64.9 health_zero@177s ticks81
Engine location ignored, only thruster location is used.
Engine orientation ignored, only thruster orientation is used.
Engine location ignored, only thruster location is used.
Engine orientation ignored, only thruster orientation is used.
  t0= 34.0 gun_pure   d= 8.0 → ★승 Δ   +8.3 health_zero@204s ticks161
Engine location ignored, only thruster location is used.
Engine orientation ignored, only thruster orientation is used.
Engine location ignored, only thruster location is used.
Engine orientation ignored, only thruster orientation is used.
  t0= 34.0 dive       d= 4.0 → ★승 Δ   +2.0 health_zero@187s ticks81
Engine location ignored, only thruster location is used.
Engine orientation ignored, only thruster orientation is used.
Engine location ignored, only thruster location is used.
Engine orientation ignored, only thruster orientation is used.
  t0= 34.0 dive       d= 8.0 → ★승 Δ  +18.3 health_zero@164s ticks161
Engine location ignored, only thruster location is used.
Engine orientation ignored, only thruster orientation is used.
Engine location ignored, only thruster location is used.
Engine orientation ignored, only thruster orientation is used.
  t0= 34.0 extend     d= 4.0 →   패 Δ  -80.5 health_zero@239s ticks81
Engine location ignored, only thruster location is used.
Engine orientation ignored, only thruster orientation is used.
Engine location ignored, only thruster location is used.
Engine orientation ignored, only thruster orientation is used.
  t0= 34.0 extend     d= 8.0 → ★승 Δ  +26.4 health_zero@195s ticks161
Engine location ignored, only thruster location is used.
Engine orientation ignored, only thruster orientation is used.
Engine location ignored, only thruster location is used.
Engine orientation ignored, only thruster orientation is used.
  t0= 34.0 break      d= 4.0 → ★승 Δ   +3.0 timeout@300s ticks81
Engine location ignored, only thruster location is used.
Engine orientation ignored, only thruster orientation is used.
Engine location ignored, only thruster location is used.
Engine orientation ignored, only thruster orientation is used.
  t0= 34.0 break      d= 8.0 →   패 Δ  -43.4 timeout@300s ticks161
Engine location ignored, only thruster location is used.
Engine orientation ignored, only thruster orientation is used.
Engine location ignored, only thruster location is used.
Engine orientation ignored, only thruster orientation is used.
  t0= 40.0 gun_pure   d= 4.0 → ★승 Δ  +43.9 health_zero@216s ticks80
Engine location ignored, only thruster location is used.
Engine orientation ignored, only thruster orientation is used.
Engine location ignored, only thruster location is used.
Engine orientation ignored, only thruster orientation is used.
  t0= 40.0 gun_pure   d= 8.0 → ★승 Δ  +79.1 health_zero@134s ticks160
Engine location ignored, only thruster location is used.
Engine orientation ignored, only thruster orientation is used.
Engine location ignored, only thruster location is used.
Engine orientation ignored, only thruster orientation is used.
  t0= 40.0 dive       d= 4.0 → ★승 Δ  +12.8 health_zero@125s ticks80
Engine location ignored, only thruster location is used.
Engine orientation ignored, only thruster orientation is used.
Engine location ignored, only thruster location is used.
Engine orientation ignored, only thruster orientation is used.
  t0= 40.0 dive       d= 8.0 → ★승 Δ   +9.9 health_zero@194s ticks160
Engine location ignored, only thruster location is used.
Engine orientation ignored, only thruster orientation is used.
Engine location ignored, only thruster location is used.
Engine orientation ignored, only thruster orientation is used.
  t0= 40.0 extend     d= 4.0 → ★승 Δ  +29.8 health_zero@134s ticks80
Engine location ignored, only thruster location is used.
Engine orientation ignored, only thruster orientation is used.
Engine location ignored, only thruster location is used.
Engine orientation ignored, only thruster orientation is used.
  t0= 40.0 extend     d= 8.0 → ★승 Δ  +12.9 timeout@300s ticks160
Engine location ignored, only thruster location is used.
Engine orientation ignored, only thruster orientation is used.
Engine location ignored, only thruster location is used.
Engine orientation ignored, only thruster orientation is used.
  t0= 40.0 break      d= 4.0 →   패 Δ  -60.6 health_zero@223s ticks80
Engine location ignored, only thruster location is used.
Engine orientation ignored, only thruster orientation is used.
Engine location ignored, only thruster location is used.
Engine orientation ignored, only thruster orientation is used.
  t0= 40.0 break      d= 8.0 →   패 Δ  -51.2 health_zero@160s ticks160
Engine location ignored, only thruster location is used.
Engine orientation ignored, only thruster orientation is used.
Engine location ignored, only thruster location is used.
Engine orientation ignored, only thruster orientation is used.
  t0= 46.0 gun_pure   d= 4.0 →   패 Δ  -31.4 timeout@300s ticks80
Engine location ignored, only thruster location is used.
Engine orientation ignored, only thruster orientation is used.
Engine location ignored, only thruster location is used.
Engine orientation ignored, only thruster orientation is used.
  t0= 46.0 gun_pure   d= 8.0 →   패 Δ  -63.1 health_zero@287s ticks160
Engine location ignored, only thruster location is used.
Engine orientation ignored, only thruster orientation is used.
Engine location ignored, only thruster location is used.
Engine orientation ignored, only thruster orientation is used.
  t0= 46.0 dive       d= 4.0 → ★승 Δ  +12.6 timeout@300s ticks80
Engine location ignored, only thruster location is used.
Engine orientation ignored, only thruster orientation is used.
Engine location ignored, only thruster location is used.
Engine orientation ignored, only thruster orientation is used.
  t0= 46.0 dive       d= 8.0 → ★승 Δ  +19.4 health_zero@145s ticks160
Engine location ignored, only thruster location is used.
Engine orientation ignored, only thruster orientation is used.
Engine location ignored, only thruster location is used.
Engine orientation ignored, only thruster orientation is used.
  t0= 46.0 extend     d= 4.0 → ★승 Δ  +65.1 health_zero@135s ticks80
Engine location ignored, only thruster location is used.
Engine orientation ignored, only thruster orientation is used.
Engine location ignored, only thruster location is used.
Engine orientation ignored, only thruster orientation is used.
  t0= 46.0 extend     d= 8.0 →   패 Δ  -80.5 health_zero@211s ticks160
Engine location ignored, only thruster location is used.
Engine orientation ignored, only thruster orientation is used.
Engine location ignored, only thruster location is used.
Engine orientation ignored, only thruster orientation is used.
  t0= 46.0 break      d= 4.0 → ★승 Δ  +68.2 health_zero@135s ticks80
Engine location ignored, only thruster location is used.
Engine orientation ignored, only thruster orientation is used.
Engine location ignored, only thruster location is used.
Engine orientation ignored, only thruster orientation is used.
  t0= 46.0 break      d= 8.0 → ★승 Δ  +65.0 health_zero@224s ticks160
Engine location ignored, only thruster location is used.
Engine orientation ignored, only thruster orientation is used.
Engine location ignored, only thruster location is used.
Engine orientation ignored, only thruster orientation is used.
  t0= 52.0 gun_pure   d= 4.0 →   패 Δ  -62.4 timeout@300s ticks80
Engine location ignored, only thruster location is used.
Engine orientation ignored, only thruster orientation is used.
Engine location ignored, only thruster location is used.
Engine orientation ignored, only thruster orientation is used.
  t0= 52.0 gun_pure   d= 8.0 → ★승 Δ  +49.6 health_zero@292s ticks160
Engine location ignored, only thruster location is used.
Engine orientation ignored, only thruster orientation is used.
Engine location ignored, only thruster location is used.
Engine orientation ignored, only thruster orientation is used.
  t0= 52.0 dive       d= 4.0 → ★승 Δ   +6.0 timeout@300s ticks80
Engine location ignored, only thruster location is used.
Engine orientation ignored, only thruster orientation is used.
Engine location ignored, only thruster location is used.
Engine orientation ignored, only thruster orientation is used.
  t0= 52.0 dive       d= 8.0 → ★승 Δ  +56.2 health_zero@126s ticks160
Engine location ignored, only thruster location is used.
Engine orientation ignored, only thruster orientation is used.
Engine location ignored, only thruster location is used.
Engine orientation ignored, only thruster orientation is used.
  t0= 52.0 extend     d= 4.0 → ★승 Δ  +44.5 health_zero@165s ticks80
Engine location ignored, only thruster location is used.
Engine orientation ignored, only thruster orientation is used.
Engine location ignored, only thruster location is used.
Engine orientation ignored, only thruster orientation is used.
  t0= 52.0 extend     d= 8.0 →   패 Δ  -26.4 timeout@300s ticks160
Engine location ignored, only thruster location is used.
Engine orientation ignored, only thruster orientation is used.
Engine location ignored, only thruster location is used.
Engine orientation ignored, only thruster orientation is used.
  t0= 52.0 break      d= 4.0 →   패 Δ  -21.4 timeout@300s ticks80
Engine location ignored, only thruster location is used.
Engine orientation ignored, only thruster orientation is used.
Engine location ignored, only thruster location is used.
Engine orientation ignored, only thruster orientation is used.
  t0= 52.0 break      d= 8.0 →   패 Δ  -39.6 timeout@300s ticks160
Engine location ignored, only thruster location is used.
Engine orientation ignored, only thruster orientation is used.
Engine location ignored, only thruster location is used.
Engine orientation ignored, only thruster orientation is used.
  t0= 58.0 gun_pure   d= 4.0 →   패 Δ   -7.9 timeout@300s ticks80
Engine location ignored, only thruster location is used.
Engine orientation ignored, only thruster orientation is used.
Engine location ignored, only thruster location is used.
Engine orientation ignored, only thruster orientation is used.
  t0= 58.0 gun_pure   d= 8.0 →   패 Δ  -33.6 health_zero@165s ticks160
Engine location ignored, only thruster location is used.
Engine orientation ignored, only thruster orientation is used.
Engine location ignored, only thruster location is used.
Engine orientation ignored, only thruster orientation is used.
  t0= 58.0 dive       d= 4.0 →   패 Δ  -80.5 health_zero@227s ticks80
Engine location ignored, only thruster location is used.
Engine orientation ignored, only thruster orientation is used.
Engine location ignored, only thruster location is used.
Engine orientation ignored, only thruster orientation is used.
  t0= 58.0 dive       d= 8.0 → ★승 Δ  +20.4 health_zero@227s ticks160
Engine location ignored, only thruster location is used.
Engine orientation ignored, only thruster orientation is used.
Engine location ignored, only thruster location is used.
Engine orientation ignored, only thruster orientation is used.
  t0= 58.0 extend     d= 4.0 →   패 Δ  -57.2 timeout@300s ticks80
Engine location ignored, only thruster location is used.
Engine orientation ignored, only thruster orientation is used.
Engine location ignored, only thruster location is used.
Engine orientation ignored, only thruster orientation is used.
  t0= 58.0 extend     d= 8.0 →   패 Δ  -65.9 health_zero@232s ticks160
Engine location ignored, only thruster location is used.
Engine orientation ignored, only thruster orientation is used.
Engine location ignored, only thruster location is used.
Engine orientation ignored, only thruster orientation is used.
  t0= 58.0 break      d= 4.0 →   패 Δ  -80.5 health_zero@203s ticks80
Engine location ignored, only thruster location is used.
Engine orientation ignored, only thruster orientation is used.
Engine location ignored, only thruster location is used.
Engine orientation ignored, only thruster orientation is used.
  t0= 58.0 break      d= 8.0 → ★승 Δ  +35.6 health_zero@197s ticks160

  승리 개입 34개: [(22.0, 'gun_pure', 8.0, 29.16666666666697), (22.0, 'dive', 4.0, 34.68749999999961), (22.0, 'dive', 8.0, 34.68749999999962), (22.0, 'extend', 4.0, 54.895833333332874), (22.0, 'extend', 8.0, 33.75), (22.0, 'break', 4.0, 4.374999999998577), (28.0, 'gun_pure', 4.0, 12.812499999999279), (28.0, 'gun_pure', 8.0, 82.18749999999919), (28.0, 'dive', 4.0, 6.354166666666561), (28.0, 'dive', 8.0, 54.47916666666525), (28.0, 'extend', 4.0, 70.8333333333321), (28.0, 'extend', 8.0, 54.270833333332156), (34.0, 'gun_pure', 8.0, 8.333333333333583), (34.0, 'dive', 4.0, 1.979166666665748), (34.0, 'dive', 8.0, 18.333333333331826), (34.0, 'extend', 8.0, 26.354166666664863), (34.0, 'break', 4.0, 3.020833333332156), (40.0, 'gun_pure', 4.0, 43.854166666665144), (40.0, 'gun_pure', 8.0, 79.06249999999905), (40.0, 'dive', 4.0, 12.81249999999819), (40.0, 'dive', 8.0, 9.895833333331604), (40.0, 'extend', 4.0, 29.791666666665414), (40.0, 'extend', 8.0, 12.916666666665964), (46.0, 'dive', 4.0, 12.604166666665131), (46.0, 'dive', 8.0, 19.374999999998437), (46.0, 'extend', 4.0, 65.10416666666521), (46.0, 'break', 4.0, 68.22916666666522), (46.0, 'break', 8.0, 64.99999999999841), (52.0, 'gun_pure', 8.0, 49.58333333333245), (52.0, 'dive', 4.0, 6.0416666666651295), (52.0, 'dive', 8.0, 56.24999999999854), (52.0, 'extend', 4.0, 44.47916666666548), (58.0, 'dive', 8.0, 20.416666666665094), (58.0, 'break', 8.0, 35.62499999999879)]
