표적 9개, 증인 158개
  분리실패 → E2_Passive_00/blue 제외 재시도
  분리실패 → E2_Passive_01/blue 제외 재시도
  분리실패 → E2_Passive_01/red 제외 재시도
  분리실패 → E2_Passive_00/red 제외 재시도
  분리실패 → E1_AdaptiveAce_11/blue 제외 재시도
  분리실패 → E1_AdaptiveAce_03/blue 제외 재시도
  분리실패 → D3_Scissors_01/red 제외 재시도
  분리실패 → D3_Scissors_02/red 제외 재시도
  분리불가 → 승리 쌍둥이 ['D3_Scissors_00/blue', 'D3_Scissors_01/blue', 'D3_Scissors_02/blue'] 공동발화 허용 재시도
  [분리불가] extend ⊃ ['D3_Scissors_00/red']
  분리실패 → D3_Scissors_01/red 제외 재시도
  분리실패 → D3_Scissors_02/red 제외 재시도
  분리실패 → D3_Scissors_00/red 제외 재시도
  분리실패 → E2_Passive_01/red 제외 재시도
  분리실패 → E2_Passive_00/red 제외 재시도
  분리실패 → E2_Passive_00/blue 제외 재시도
  분리실패 → E2_Passive_01/blue 제외 재시도
  분리실패 → E1_AdaptiveAce_03/blue 제외 재시도


     JSBSim Flight Dynamics Model v1.3.0 [GitHub build 1742/commit 01ea7816288dce9e9f6a1a6dc048014bc65d699e] Apr  9 2026 10:02:36
            [JSBSim-ML v2.0]

JSBSim startup beginning ...

Engine location ignored, only thruster location is used.
Engine orientation ignored, only thruster orientation is used.
Engine location ignored, only thruster location is used.
Engine orientation ignored, only thruster orientation is used.
  gun_pure 진입틱 E1_AdaptiveAce_11/blue t=25.55 → ✗ Δ-27.0
  분리실패 → E2_Passive_00/blue 제외 재시도
  분리실패 → E2_Passive_01/blue 제외 재시도
  분리실패 → E2_Passive_01/red 제외 재시도
  분리실패 → E2_Passive_00/red 제외 재시도
  분리실패 → E1_AdaptiveAce_11/blue 제외 재시도
  분리실패 → E1_AdaptiveAce_03/blue 제외 재시도
  분리실패 → D3_Scissors_01/red 제외 재시도
  분리실패 → D3_Scissors_02/red 제외 재시도
  분리불가 → 승리 쌍둥이 ['D3_Scissors_00/blue', 'D3_Scissors_01/blue', 'D3_Scissors_02/blue'] 공동발화 허용 재시도
  [분리불가] break ⊃ ['D3_Scissors_00/red']
[미해결 반례] E2_Passive_01/red — 증인 소진
[미해결 반례] E2_Passive_00/blue — 증인 소진
[미해결 반례] E2_Passive_00/red — 증인 소진
[미해결 반례] E2_Passive_01/blue — 증인 소진
  분리실패 → D3_Scissors_01/red 제외 재시도
  분리실패 → D3_Scissors_02/red 제외 재시도
  분리실패 → D3_Scissors_00/red 제외 재시도
  분리실패 → E1_AdaptiveAce_11/blue 제외 재시도
Engine location ignored, only thruster location is used.
Engine orientation ignored, only thruster orientation is used.
Engine location ignored, only thruster location is used.
Engine orientation ignored, only thruster orientation is used.
  dive 진입틱 E1_AdaptiveAce_03/blue t=27.85 → ✗ Δ-53.5
[미해결 반례] D3_Scissors_01/red — 증인 소진
[미해결 반례] D3_Scissors_02/red — 증인 소진
[미해결 반례] E1_AdaptiveAce_11/blue — 증인 소진
[미해결 반례] E1_AdaptiveAce_03/blue — 증인 소진
[미해결 반례] D3_Scissors_00/red — 증인 소진

규칙 0개 저장: C:\Users\USER\Desktop\AI-pilot\core2\port_measure\loop22_labels\lofo_D1_Reactive_abs.json
미피복: 없음(전 반례 피복)
