

     JSBSim Flight Dynamics Model v1.3.0 [GitHub build 1742/commit 01ea7816288dce9e9f6a1a6dc048014bc65d699e] Apr  9 2026 10:02:36
            [JSBSim-ML v2.0]

JSBSim startup beginning ...

Engine location ignored, only thruster location is used.
Engine orientation ignored, only thruster orientation is used.
Engine location ignored, only thruster location is used.
Engine orientation ignored, only thruster orientation is used.
=== 분기탐색 E1_AdaptiveAce_11/red  창[20,35]s step3 durs[4.0, 8.0] ===
  기준: 패 Δ-19.1 health_zero@37s
Engine location ignored, only thruster location is used.
Engine orientation ignored, only thruster orientation is used.
Engine location ignored, only thruster location is used.
Engine orientation ignored, only thruster orientation is used.
  t0= 20.0 gun_pure   d= 4.0 → ★승 Δ   +3.6 health_zero@165s ticks80
Engine location ignored, only thruster location is used.
Engine orientation ignored, only thruster orientation is used.
Engine location ignored, only thruster location is used.
Engine orientation ignored, only thruster orientation is used.
  t0= 20.0 gun_pure   d= 8.0 →   패 Δ  -35.0 health_zero@ 38s ticks160
Engine location ignored, only thruster location is used.
Engine orientation ignored, only thruster orientation is used.
Engine location ignored, only thruster location is used.
Engine orientation ignored, only thruster orientation is used.
  t0= 20.0 extend     d= 4.0 → ★승 Δ  +48.5 health_zero@ 44s ticks80
Engine location ignored, only thruster location is used.
Engine orientation ignored, only thruster orientation is used.
Engine location ignored, only thruster location is used.
Engine orientation ignored, only thruster orientation is used.
  t0= 20.0 extend     d= 8.0 → ★승 Δ  +48.6 health_zero@ 61s ticks160
Engine location ignored, only thruster location is used.
Engine orientation ignored, only thruster orientation is used.
Engine location ignored, only thruster location is used.
Engine orientation ignored, only thruster orientation is used.
  t0= 20.0 dive       d= 4.0 → ★승 Δ  +39.9 health_zero@ 51s ticks80
Engine location ignored, only thruster location is used.
Engine orientation ignored, only thruster orientation is used.
Engine location ignored, only thruster location is used.
Engine orientation ignored, only thruster orientation is used.
  t0= 20.0 dive       d= 8.0 → ★승 Δ  +42.0 health_zero@ 68s ticks160
Engine location ignored, only thruster location is used.
Engine orientation ignored, only thruster orientation is used.
Engine location ignored, only thruster location is used.
Engine orientation ignored, only thruster orientation is used.
  t0= 20.0 break      d= 4.0 → ★승 Δ  +48.5 health_zero@ 43s ticks80
Engine location ignored, only thruster location is used.
Engine orientation ignored, only thruster orientation is used.
Engine location ignored, only thruster location is used.
Engine orientation ignored, only thruster orientation is used.
  t0= 20.0 break      d= 8.0 → ★승 Δ  +47.8 health_zero@ 44s ticks160
Engine location ignored, only thruster location is used.
Engine orientation ignored, only thruster orientation is used.
Engine location ignored, only thruster location is used.
Engine orientation ignored, only thruster orientation is used.
  t0= 23.0 gun_pure   d= 4.0 →   패 Δ  -22.4 health_zero@ 58s ticks80
Engine location ignored, only thruster location is used.
Engine orientation ignored, only thruster orientation is used.
Engine location ignored, only thruster location is used.
Engine orientation ignored, only thruster orientation is used.
  t0= 23.0 gun_pure   d= 8.0 →   패 Δ   -9.2 health_zero@134s ticks160
Engine location ignored, only thruster location is used.
Engine orientation ignored, only thruster orientation is used.
Engine location ignored, only thruster location is used.
Engine orientation ignored, only thruster orientation is used.
  t0= 23.0 extend     d= 4.0 → ★승 Δ  +37.3 health_zero@229s ticks80
Engine location ignored, only thruster location is used.
Engine orientation ignored, only thruster orientation is used.
Engine location ignored, only thruster location is used.
Engine orientation ignored, only thruster orientation is used.
  t0= 23.0 extend     d= 8.0 → ★승 Δ   +4.9 health_zero@158s ticks160
Engine location ignored, only thruster location is used.
Engine orientation ignored, only thruster orientation is used.
Engine location ignored, only thruster location is used.
Engine orientation ignored, only thruster orientation is used.
  t0= 23.0 dive       d= 4.0 → ★승 Δ  +31.1 health_zero@ 86s ticks80
Engine location ignored, only thruster location is used.
Engine orientation ignored, only thruster orientation is used.
Engine location ignored, only thruster location is used.
Engine orientation ignored, only thruster orientation is used.
  t0= 23.0 dive       d= 8.0 → ★승 Δ  +24.5 health_zero@ 70s ticks160
Engine location ignored, only thruster location is used.
Engine orientation ignored, only thruster orientation is used.
Engine location ignored, only thruster location is used.
Engine orientation ignored, only thruster orientation is used.
  t0= 23.0 break      d= 4.0 → ★승 Δ  +32.2 health_zero@114s ticks80
Engine location ignored, only thruster location is used.
Engine orientation ignored, only thruster orientation is used.
Engine location ignored, only thruster location is used.
Engine orientation ignored, only thruster orientation is used.
  t0= 23.0 break      d= 8.0 → ★승 Δ  +30.3 health_zero@156s ticks160
Engine location ignored, only thruster location is used.
Engine orientation ignored, only thruster orientation is used.
Engine location ignored, only thruster location is used.
Engine orientation ignored, only thruster orientation is used.
  t0= 26.0 gun_pure   d= 4.0 → ★승 Δ  +49.4 health_zero@108s ticks80
Engine location ignored, only thruster location is used.
Engine orientation ignored, only thruster orientation is used.
Engine location ignored, only thruster location is used.
Engine orientation ignored, only thruster orientation is used.
  t0= 26.0 gun_pure   d= 8.0 → ★승 Δ  +50.5 health_zero@177s ticks160
Engine location ignored, only thruster location is used.
Engine orientation ignored, only thruster orientation is used.
Engine location ignored, only thruster location is used.
Engine orientation ignored, only thruster orientation is used.
  t0= 26.0 extend     d= 4.0 → ★승 Δ  +20.6 health_zero@273s ticks80
Engine location ignored, only thruster location is used.
Engine orientation ignored, only thruster orientation is used.
Engine location ignored, only thruster location is used.
Engine orientation ignored, only thruster orientation is used.
  t0= 26.0 extend     d= 8.0 →   패 Δ  -55.9 health_zero@207s ticks160
Engine location ignored, only thruster location is used.
Engine orientation ignored, only thruster orientation is used.
Engine location ignored, only thruster location is used.
Engine orientation ignored, only thruster orientation is used.
  t0= 26.0 dive       d= 4.0 →   패 Δ   -1.3 health_zero@ 55s ticks80
Engine location ignored, only thruster location is used.
Engine orientation ignored, only thruster orientation is used.
Engine location ignored, only thruster location is used.
Engine orientation ignored, only thruster orientation is used.
  t0= 26.0 dive       d= 8.0 →   패 Δ  -12.2 health_zero@ 58s ticks160
Engine location ignored, only thruster location is used.
Engine orientation ignored, only thruster orientation is used.
Engine location ignored, only thruster location is used.
Engine orientation ignored, only thruster orientation is used.
  t0= 26.0 break      d= 4.0 → ★승 Δ   +2.7 health_zero@252s ticks80
Engine location ignored, only thruster location is used.
Engine orientation ignored, only thruster orientation is used.
Engine location ignored, only thruster location is used.
Engine orientation ignored, only thruster orientation is used.
  t0= 26.0 break      d= 8.0 → ★승 Δ  +34.5 health_zero@ 87s ticks160
Engine location ignored, only thruster location is used.
Engine orientation ignored, only thruster orientation is used.
Engine location ignored, only thruster location is used.
Engine orientation ignored, only thruster orientation is used.
  t0= 29.0 gun_pure   d= 4.0 → ★승 Δ  +25.1 timeout@300s ticks80
Engine location ignored, only thruster location is used.
Engine orientation ignored, only thruster orientation is used.
Engine location ignored, only thruster location is used.
Engine orientation ignored, only thruster orientation is used.
  t0= 29.0 gun_pure   d= 8.0 →   패 Δ  -55.9 health_zero@121s ticks160
Engine location ignored, only thruster location is used.
Engine orientation ignored, only thruster orientation is used.
Engine location ignored, only thruster location is used.
Engine orientation ignored, only thruster orientation is used.
  t0= 29.0 extend     d= 4.0 → ★승 Δ  +39.9 health_zero@ 84s ticks80
Engine location ignored, only thruster location is used.
Engine orientation ignored, only thruster orientation is used.
Engine location ignored, only thruster location is used.
Engine orientation ignored, only thruster orientation is used.
  t0= 29.0 extend     d= 8.0 → ★승 Δ  +34.7 health_zero@ 81s ticks160
Engine location ignored, only thruster location is used.
Engine orientation ignored, only thruster orientation is used.
Engine location ignored, only thruster location is used.
Engine orientation ignored, only thruster orientation is used.
  t0= 29.0 dive       d= 4.0 →   패 Δ  -17.4 health_zero@ 37s ticks80
Engine location ignored, only thruster location is used.
Engine orientation ignored, only thruster orientation is used.
Engine location ignored, only thruster location is used.
Engine orientation ignored, only thruster orientation is used.
  t0= 29.0 dive       d= 8.0 →   패 Δ  -13.0 health_zero@ 37s ticks160
Engine location ignored, only thruster location is used.
Engine orientation ignored, only thruster orientation is used.
Engine location ignored, only thruster location is used.
Engine orientation ignored, only thruster orientation is used.
  t0= 29.0 break      d= 4.0 → ★승 Δ   +5.0 health_zero@176s ticks80
Engine location ignored, only thruster location is used.
Engine orientation ignored, only thruster orientation is used.
Engine location ignored, only thruster location is used.
Engine orientation ignored, only thruster orientation is used.
  t0= 29.0 break      d= 8.0 → ★승 Δ  +20.6 health_zero@ 87s ticks160
Engine location ignored, only thruster location is used.
Engine orientation ignored, only thruster orientation is used.
Engine location ignored, only thruster location is used.
Engine orientation ignored, only thruster orientation is used.
  t0= 32.0 gun_pure   d= 4.0 → ★승 Δ  +13.6 health_zero@171s ticks80
Engine location ignored, only thruster location is used.
Engine orientation ignored, only thruster orientation is used.
Engine location ignored, only thruster location is used.
Engine orientation ignored, only thruster orientation is used.
  t0= 32.0 gun_pure   d= 8.0 → ★승 Δ   +5.8 health_zero@108s ticks161
Engine location ignored, only thruster location is used.
Engine orientation ignored, only thruster orientation is used.
Engine location ignored, only thruster location is used.
Engine orientation ignored, only thruster orientation is used.
  t0= 32.0 extend     d= 4.0 →   패 Δ   -8.2 health_zero@ 64s ticks80
Engine location ignored, only thruster location is used.
Engine orientation ignored, only thruster orientation is used.
Engine location ignored, only thruster location is used.
Engine orientation ignored, only thruster orientation is used.
  t0= 32.0 extend     d= 8.0 →   패 Δ   -9.1 health_zero@ 61s ticks161
Engine location ignored, only thruster location is used.
Engine orientation ignored, only thruster orientation is used.
Engine location ignored, only thruster location is used.
Engine orientation ignored, only thruster orientation is used.
  t0= 32.0 dive       d= 4.0 →   패 Δ  -17.2 health_zero@ 37s ticks80
Engine location ignored, only thruster location is used.
Engine orientation ignored, only thruster orientation is used.
Engine location ignored, only thruster location is used.
Engine orientation ignored, only thruster orientation is used.
  t0= 32.0 dive       d= 8.0 →   패 Δ  -15.4 health_zero@ 37s ticks104
Engine location ignored, only thruster location is used.
Engine orientation ignored, only thruster orientation is used.
Engine location ignored, only thruster location is used.
Engine orientation ignored, only thruster orientation is used.
  t0= 32.0 break      d= 4.0 →   패 Δ  -10.8 health_zero@ 37s ticks80
Engine location ignored, only thruster location is used.
Engine orientation ignored, only thruster orientation is used.
Engine location ignored, only thruster location is used.
Engine orientation ignored, only thruster orientation is used.
  t0= 32.0 break      d= 8.0 →   패 Δ  -11.4 health_zero@ 37s ticks108
Engine location ignored, only thruster location is used.
Engine orientation ignored, only thruster orientation is used.
Engine location ignored, only thruster location is used.
Engine orientation ignored, only thruster orientation is used.
  t0= 35.0 gun_pure   d= 4.0 →   패 Δ  -26.3 health_zero@ 37s ticks44
Engine location ignored, only thruster location is used.
Engine orientation ignored, only thruster orientation is used.
Engine location ignored, only thruster location is used.
Engine orientation ignored, only thruster orientation is used.
  t0= 35.0 gun_pure   d= 8.0 →   패 Δ  -26.3 health_zero@ 37s ticks44
Engine location ignored, only thruster location is used.
Engine orientation ignored, only thruster orientation is used.
Engine location ignored, only thruster location is used.
Engine orientation ignored, only thruster orientation is used.
  t0= 35.0 extend     d= 4.0 →   패 Δ  -20.8 health_zero@ 37s ticks44
Engine location ignored, only thruster location is used.
Engine orientation ignored, only thruster orientation is used.
Engine location ignored, only thruster location is used.
Engine orientation ignored, only thruster orientation is used.
  t0= 35.0 extend     d= 8.0 →   패 Δ  -20.8 health_zero@ 37s ticks44
Engine location ignored, only thruster location is used.
Engine orientation ignored, only thruster orientation is used.
Engine location ignored, only thruster location is used.
Engine orientation ignored, only thruster orientation is used.
  t0= 35.0 dive       d= 4.0 →   패 Δ  -13.8 health_zero@ 37s ticks43
Engine location ignored, only thruster location is used.
Engine orientation ignored, only thruster orientation is used.
Engine location ignored, only thruster location is used.
Engine orientation ignored, only thruster orientation is used.
  t0= 35.0 dive       d= 8.0 →   패 Δ  -13.8 health_zero@ 37s ticks43
Engine location ignored, only thruster location is used.
Engine orientation ignored, only thruster orientation is used.
Engine location ignored, only thruster location is used.
Engine orientation ignored, only thruster orientation is used.
  t0= 35.0 break      d= 4.0 →   패 Δ  -11.7 health_zero@ 37s ticks43
Engine location ignored, only thruster location is used.
Engine orientation ignored, only thruster orientation is used.
Engine location ignored, only thruster location is used.
Engine orientation ignored, only thruster orientation is used.
  t0= 35.0 break      d= 8.0 →   패 Δ  -11.7 health_zero@ 37s ticks43

  승리 개입 25개: [(20.0, 'gun_pure', 4.0, 3.6458333333334068), (20.0, 'extend', 4.0, 48.54166666666683), (20.0, 'extend', 8.0, 48.64583333333351), (20.0, 'dive', 4.0, 39.89583333333386), (20.0, 'dive', 8.0, 41.97916666666727), (20.0, 'break', 4.0, 48.541666666666835), (20.0, 'break', 8.0, 47.81250000000018), (23.0, 'extend', 4.0, 37.29166666666679), (23.0, 'extend', 8.0, 4.895833333332913), (23.0, 'dive', 4.0, 31.145833333333346), (23.0, 'dive', 8.0, 24.479166666667023), (23.0, 'break', 4.0, 32.18750000000012), (23.0, 'break', 8.0, 30.312500000000735), (26.0, 'gun_pure', 4.0, 49.3750000000003), (26.0, 'gun_pure', 8.0, 50.520833333333556), (26.0, 'extend', 4.0, 20.624999999999694), (26.0, 'break', 4.0, 2.7083333333329977), (26.0, 'break', 8.0, 34.47916666666667), (29.0, 'gun_pure', 4.0, 25.104166666666117), (29.0, 'extend', 4.0, 39.8958333333335), (29.0, 'extend', 8.0, 34.68750000000035), (29.0, 'break', 4.0, 4.999999999999694), (29.0, 'break', 8.0, 20.624999999999687), (32.0, 'gun_pure', 4.0, 13.645833333333394), (32.0, 'gun_pure', 8.0, 5.833333333333424)]
