

     JSBSim Flight Dynamics Model v1.3.0 [GitHub build 1742/commit 01ea7816288dce9e9f6a1a6dc048014bc65d699e] Apr  9 2026 10:02:36
            [JSBSim-ML v2.0]

JSBSim startup beginning ...

Engine location ignored, only thruster location is used.
Engine orientation ignored, only thruster orientation is used.
Engine location ignored, only thruster location is used.
Engine orientation ignored, only thruster orientation is used.
=== 분기탐색 D1_Reactive_06/red  창[20,60]s step8 durs[4.0, 8.0] ===
  기준: 패 Δ-39.5 health_zero@176s
Engine location ignored, only thruster location is used.
Engine orientation ignored, only thruster orientation is used.
Engine location ignored, only thruster location is used.
Engine orientation ignored, only thruster orientation is used.
  t0= 20.0 gun_pure   d= 4.0 → ★승 Δ  +45.4 health_zero@124s ticks80
Engine location ignored, only thruster location is used.
Engine orientation ignored, only thruster orientation is used.
Engine location ignored, only thruster location is used.
Engine orientation ignored, only thruster orientation is used.
  t0= 20.0 gun_pure   d= 8.0 → ★승 Δ  +50.0 health_zero@109s ticks160
Engine location ignored, only thruster location is used.
Engine orientation ignored, only thruster orientation is used.
Engine location ignored, only thruster location is used.
Engine orientation ignored, only thruster orientation is used.
  t0= 20.0 extend     d= 4.0 → ★승 Δ  +60.0 health_zero@ 65s ticks80
Engine location ignored, only thruster location is used.
Engine orientation ignored, only thruster orientation is used.
Engine location ignored, only thruster location is used.
Engine orientation ignored, only thruster orientation is used.
  t0= 20.0 extend     d= 8.0 → ★승 Δ  +19.3 health_zero@185s ticks160
Engine location ignored, only thruster location is used.
Engine orientation ignored, only thruster orientation is used.
Engine location ignored, only thruster location is used.
Engine orientation ignored, only thruster orientation is used.
  t0= 20.0 dive       d= 4.0 → ★승 Δ  +22.2 health_zero@ 59s ticks80
Engine location ignored, only thruster location is used.
Engine orientation ignored, only thruster orientation is used.
Engine location ignored, only thruster location is used.
Engine orientation ignored, only thruster orientation is used.
  t0= 20.0 dive       d= 8.0 → ★승 Δ  +31.6 health_zero@ 69s ticks160
Engine location ignored, only thruster location is used.
Engine orientation ignored, only thruster orientation is used.
Engine location ignored, only thruster location is used.
Engine orientation ignored, only thruster orientation is used.
  t0= 20.0 break      d= 4.0 → ★승 Δ  +17.7 health_zero@ 40s ticks80
Engine location ignored, only thruster location is used.
Engine orientation ignored, only thruster orientation is used.
Engine location ignored, only thruster location is used.
Engine orientation ignored, only thruster orientation is used.
  t0= 20.0 break      d= 8.0 → ★승 Δ  +25.5 health_zero@ 42s ticks160
Engine location ignored, only thruster location is used.
Engine orientation ignored, only thruster orientation is used.
Engine location ignored, only thruster location is used.
Engine orientation ignored, only thruster orientation is used.
  t0= 28.0 gun_pure   d= 4.0 → ★승 Δ  +52.1 health_zero@161s ticks80
Engine location ignored, only thruster location is used.
Engine orientation ignored, only thruster orientation is used.
Engine location ignored, only thruster location is used.
Engine orientation ignored, only thruster orientation is used.
  t0= 28.0 gun_pure   d= 8.0 →   패 Δ  -55.7 health_zero@ 89s ticks160
Engine location ignored, only thruster location is used.
Engine orientation ignored, only thruster orientation is used.
Engine location ignored, only thruster location is used.
Engine orientation ignored, only thruster orientation is used.
  t0= 28.0 extend     d= 4.0 → ★승 Δ  +64.2 health_zero@ 85s ticks80
Engine location ignored, only thruster location is used.
Engine orientation ignored, only thruster orientation is used.
Engine location ignored, only thruster location is used.
Engine orientation ignored, only thruster orientation is used.
  t0= 28.0 extend     d= 8.0 → ★승 Δ  +52.7 health_zero@122s ticks160
Engine location ignored, only thruster location is used.
Engine orientation ignored, only thruster orientation is used.
Engine location ignored, only thruster location is used.
Engine orientation ignored, only thruster orientation is used.
  t0= 28.0 dive       d= 4.0 →   패 Δ   -9.3 health_zero@183s ticks80
Engine location ignored, only thruster location is used.
Engine orientation ignored, only thruster orientation is used.
Engine location ignored, only thruster location is used.
Engine orientation ignored, only thruster orientation is used.
  t0= 28.0 dive       d= 8.0 → ★승 Δ  +20.4 health_zero@166s ticks160
Engine location ignored, only thruster location is used.
Engine orientation ignored, only thruster orientation is used.
Engine location ignored, only thruster location is used.
Engine orientation ignored, only thruster orientation is used.
  t0= 28.0 break      d= 4.0 → ★승 Δ  +52.9 health_zero@122s ticks80
Engine location ignored, only thruster location is used.
Engine orientation ignored, only thruster orientation is used.
Engine location ignored, only thruster location is used.
Engine orientation ignored, only thruster orientation is used.
  t0= 28.0 break      d= 8.0 → ★승 Δ  +56.7 health_zero@ 89s ticks160
Engine location ignored, only thruster location is used.
Engine orientation ignored, only thruster orientation is used.
Engine location ignored, only thruster location is used.
Engine orientation ignored, only thruster orientation is used.
  t0= 36.0 gun_pure   d= 4.0 →   패 Δ  -16.1 timeout@300s ticks81
Engine location ignored, only thruster location is used.
Engine orientation ignored, only thruster orientation is used.
Engine location ignored, only thruster location is used.
Engine orientation ignored, only thruster orientation is used.
  t0= 36.0 gun_pure   d= 8.0 →   패 Δ  -27.4 health_zero@ 65s ticks161
Engine location ignored, only thruster location is used.
Engine orientation ignored, only thruster orientation is used.
Engine location ignored, only thruster location is used.
Engine orientation ignored, only thruster orientation is used.
  t0= 36.0 extend     d= 4.0 → ★승 Δ  +42.7 health_zero@ 86s ticks81
Engine location ignored, only thruster location is used.
Engine orientation ignored, only thruster orientation is used.
Engine location ignored, only thruster location is used.
Engine orientation ignored, only thruster orientation is used.
  t0= 36.0 extend     d= 8.0 → ★승 Δ  +42.7 health_zero@ 87s ticks161
Engine location ignored, only thruster location is used.
Engine orientation ignored, only thruster orientation is used.
Engine location ignored, only thruster location is used.
Engine orientation ignored, only thruster orientation is used.
  t0= 36.0 dive       d= 4.0 → ★승 Δ  +40.5 health_zero@ 63s ticks81
Engine location ignored, only thruster location is used.
Engine orientation ignored, only thruster orientation is used.
Engine location ignored, only thruster location is used.
Engine orientation ignored, only thruster orientation is used.
  t0= 36.0 dive       d= 8.0 → ★승 Δ  +37.7 health_zero@ 63s ticks161
Engine location ignored, only thruster location is used.
Engine orientation ignored, only thruster orientation is used.
Engine location ignored, only thruster location is used.
Engine orientation ignored, only thruster orientation is used.
  t0= 36.0 break      d= 4.0 → ★승 Δ  +40.4 health_zero@ 91s ticks81
Engine location ignored, only thruster location is used.
Engine orientation ignored, only thruster orientation is used.
Engine location ignored, only thruster location is used.
Engine orientation ignored, only thruster orientation is used.
  t0= 36.0 break      d= 8.0 → ★승 Δ  +40.4 health_zero@ 89s ticks161
Engine location ignored, only thruster location is used.
Engine orientation ignored, only thruster orientation is used.
Engine location ignored, only thruster location is used.
Engine orientation ignored, only thruster orientation is used.
  t0= 44.0 gun_pure   d= 4.0 →   패 Δ  -22.7 timeout@300s ticks80
Engine location ignored, only thruster location is used.
Engine orientation ignored, only thruster orientation is used.
Engine location ignored, only thruster location is used.
Engine orientation ignored, only thruster orientation is used.
  t0= 44.0 gun_pure   d= 8.0 → ★승 Δ  +12.5 health_zero@200s ticks160
Engine location ignored, only thruster location is used.
Engine orientation ignored, only thruster orientation is used.
Engine location ignored, only thruster location is used.
Engine orientation ignored, only thruster orientation is used.
  t0= 44.0 extend     d= 4.0 → ★승 Δ  +39.0 health_zero@ 95s ticks80
Engine location ignored, only thruster location is used.
Engine orientation ignored, only thruster orientation is used.
Engine location ignored, only thruster location is used.
Engine orientation ignored, only thruster orientation is used.
  t0= 44.0 extend     d= 8.0 → ★승 Δ  +39.0 health_zero@ 94s ticks160
Engine location ignored, only thruster location is used.
Engine orientation ignored, only thruster orientation is used.
Engine location ignored, only thruster location is used.
Engine orientation ignored, only thruster orientation is used.
  t0= 44.0 dive       d= 4.0 →   패 Δ  -15.3 health_zero@ 69s ticks80
Engine location ignored, only thruster location is used.
Engine orientation ignored, only thruster orientation is used.
Engine location ignored, only thruster location is used.
Engine orientation ignored, only thruster orientation is used.
  t0= 44.0 dive       d= 8.0 → ★승 Δ   +5.0 health_zero@ 70s ticks160
Engine location ignored, only thruster location is used.
Engine orientation ignored, only thruster orientation is used.
Engine location ignored, only thruster location is used.
Engine orientation ignored, only thruster orientation is used.
  t0= 44.0 break      d= 4.0 → ★승 Δ  +19.2 timeout@300s ticks80
Engine location ignored, only thruster location is used.
Engine orientation ignored, only thruster orientation is used.
Engine location ignored, only thruster location is used.
Engine orientation ignored, only thruster orientation is used.
  t0= 44.0 break      d= 8.0 → ★승 Δ  +39.0 health_zero@235s ticks160
Engine location ignored, only thruster location is used.
Engine orientation ignored, only thruster orientation is used.
Engine location ignored, only thruster location is used.
Engine orientation ignored, only thruster orientation is used.
  t0= 52.0 gun_pure   d= 4.0 → ★승 Δ  +29.3 health_zero@224s ticks80
Engine location ignored, only thruster location is used.
Engine orientation ignored, only thruster orientation is used.
Engine location ignored, only thruster location is used.
Engine orientation ignored, only thruster orientation is used.
  t0= 52.0 gun_pure   d= 8.0 → ★승 Δ  +28.1 health_zero@238s ticks160
Engine location ignored, only thruster location is used.
Engine orientation ignored, only thruster orientation is used.
Engine location ignored, only thruster location is used.
Engine orientation ignored, only thruster orientation is used.
  t0= 52.0 extend     d= 4.0 → ★승 Δ  +39.0 health_zero@163s ticks80
Engine location ignored, only thruster location is used.
Engine orientation ignored, only thruster orientation is used.
Engine location ignored, only thruster location is used.
Engine orientation ignored, only thruster orientation is used.
  t0= 52.0 extend     d= 8.0 → ★승 Δ  +39.0 health_zero@145s ticks160
Engine location ignored, only thruster location is used.
Engine orientation ignored, only thruster orientation is used.
Engine location ignored, only thruster location is used.
Engine orientation ignored, only thruster orientation is used.
  t0= 52.0 dive       d= 4.0 → ★승 Δ  +31.8 health_zero@ 95s ticks80
Engine location ignored, only thruster location is used.
Engine orientation ignored, only thruster orientation is used.
Engine location ignored, only thruster location is used.
Engine orientation ignored, only thruster orientation is used.
  t0= 52.0 dive       d= 8.0 → ★승 Δ  +21.1 health_zero@ 75s ticks160
Engine location ignored, only thruster location is used.
Engine orientation ignored, only thruster orientation is used.
Engine location ignored, only thruster location is used.
Engine orientation ignored, only thruster orientation is used.
  t0= 52.0 break      d= 4.0 → ★승 Δ  +34.0 health_zero@239s ticks80
Engine location ignored, only thruster location is used.
Engine orientation ignored, only thruster orientation is used.
Engine location ignored, only thruster location is used.
Engine orientation ignored, only thruster orientation is used.
  t0= 52.0 break      d= 8.0 → ★승 Δ  +39.0 health_zero@160s ticks160
Engine location ignored, only thruster location is used.
Engine orientation ignored, only thruster orientation is used.
Engine location ignored, only thruster location is used.
Engine orientation ignored, only thruster orientation is used.
  t0= 60.0 gun_pure   d= 4.0 →   패 Δ  -19.5 timeout@300s ticks80
Engine location ignored, only thruster location is used.
Engine orientation ignored, only thruster orientation is used.
Engine location ignored, only thruster location is used.
Engine orientation ignored, only thruster orientation is used.
  t0= 60.0 gun_pure   d= 8.0 →   패 Δ   -0.5 timeout@300s ticks160
Engine location ignored, only thruster location is used.
Engine orientation ignored, only thruster orientation is used.
Engine location ignored, only thruster location is used.
Engine orientation ignored, only thruster orientation is used.
  t0= 60.0 extend     d= 4.0 → ★승 Δ  +39.0 health_zero@146s ticks80
Engine location ignored, only thruster location is used.
Engine orientation ignored, only thruster orientation is used.
Engine location ignored, only thruster location is used.
Engine orientation ignored, only thruster orientation is used.
  t0= 60.0 extend     d= 8.0 →   패 Δ   -9.5 health_zero@153s ticks160
Engine location ignored, only thruster location is used.
Engine orientation ignored, only thruster orientation is used.
Engine location ignored, only thruster location is used.
Engine orientation ignored, only thruster orientation is used.
  t0= 60.0 dive       d= 4.0 → ★승 Δ  +39.0 health_zero@191s ticks80
Engine location ignored, only thruster location is used.
Engine orientation ignored, only thruster orientation is used.
Engine location ignored, only thruster location is used.
Engine orientation ignored, only thruster orientation is used.
  t0= 60.0 dive       d= 8.0 → ★승 Δ  +27.0 health_zero@131s ticks160
Engine location ignored, only thruster location is used.
Engine orientation ignored, only thruster orientation is used.
Engine location ignored, only thruster location is used.
Engine orientation ignored, only thruster orientation is used.
  t0= 60.0 break      d= 4.0 → ★승 Δ  +39.0 health_zero@105s ticks80
Engine location ignored, only thruster location is used.
Engine orientation ignored, only thruster orientation is used.
Engine location ignored, only thruster location is used.
Engine orientation ignored, only thruster orientation is used.
  t0= 60.0 break      d= 8.0 → ★승 Δ  +36.4 health_zero@162s ticks160

  승리 개입 39개: [(20.0, 'gun_pure', 4.0, 45.416666666666714), (20.0, 'gun_pure', 8.0, 50.00000000000015), (20.0, 'extend', 4.0, 59.99999999999988), (20.0, 'extend', 8.0, 19.27083333333325), (20.0, 'dive', 4.0, 22.187500000000053), (20.0, 'dive', 8.0, 31.562500000000117), (20.0, 'break', 4.0, 17.70833333333327), (20.0, 'break', 8.0, 25.520833333333144), (28.0, 'gun_pure', 4.0, 52.08333333333345), (28.0, 'extend', 4.0, 64.16666666666654), (28.0, 'extend', 8.0, 52.708333333333464), (28.0, 'dive', 8.0, 20.41666666666635), (28.0, 'break', 4.0, 52.91666666666679), (28.0, 'break', 8.0, 56.66666666666671), (36.0, 'extend', 4.0, 42.708333333333265), (36.0, 'extend', 8.0, 42.708333333333265), (36.0, 'dive', 4.0, 40.520833333333236), (36.0, 'dive', 8.0, 37.7083333333333), (36.0, 'break', 4.0, 40.41666666666657), (36.0, 'break', 8.0, 40.41666666666657), (44.0, 'gun_pure', 8.0, 12.499999999999892), (44.0, 'extend', 4.0, 38.95833333333322), (44.0, 'extend', 8.0, 38.95833333333322), (44.0, 'dive', 8.0, 4.999999999999948), (44.0, 'break', 4.0, 19.16666666666586), (44.0, 'break', 8.0, 38.95833333333322), (52.0, 'gun_pure', 4.0, 29.27083333333335), (52.0, 'gun_pure', 8.0, 28.125), (52.0, 'extend', 4.0, 38.95833333333322), (52.0, 'extend', 8.0, 38.95833333333322), (52.0, 'dive', 4.0, 31.770833333333375), (52.0, 'dive', 8.0, 21.14583333333306), (52.0, 'break', 4.0, 33.958333333333336), (52.0, 'break', 8.0, 38.95833333333322), (60.0, 'extend', 4.0, 38.95833333333322), (60.0, 'dive', 4.0, 38.95833333333322), (60.0, 'dive', 8.0, 26.979166666666625), (60.0, 'break', 4.0, 38.95833333333322), (60.0, 'break', 8.0, 36.354166666666536)]
