

     JSBSim Flight Dynamics Model v1.3.0 [GitHub build 1742/commit 01ea7816288dce9e9f6a1a6dc048014bc65d699e] Apr  9 2026 10:02:36
            [JSBSim-ML v2.0]

JSBSim startup beginning ...

Engine location ignored, only thruster location is used.
Engine orientation ignored, only thruster orientation is used.
Engine location ignored, only thruster location is used.
Engine orientation ignored, only thruster orientation is used.
=== 분기탐색 C1_TwoCircleRate_00/blue  창[10,33]s step4 durs[4.0, 8.0] ===
  기준: 패 Δ-6.0 health_zero@37s
Engine location ignored, only thruster location is used.
Engine orientation ignored, only thruster orientation is used.
Engine location ignored, only thruster location is used.
Engine orientation ignored, only thruster orientation is used.
  t0= 10.0 gun_pure   d= 4.0 →   패 Δ  -40.5 health_zero@ 37s ticks80
Engine location ignored, only thruster location is used.
Engine orientation ignored, only thruster orientation is used.
Engine location ignored, only thruster location is used.
Engine orientation ignored, only thruster orientation is used.
  t0= 10.0 gun_pure   d= 8.0 →   패 Δ  -39.8 health_zero@ 38s ticks160
Engine location ignored, only thruster location is used.
Engine orientation ignored, only thruster orientation is used.
Engine location ignored, only thruster location is used.
Engine orientation ignored, only thruster orientation is used.
  t0= 10.0 dive       d= 4.0 →   패 Δ   -4.7 health_zero@ 59s ticks80
Engine location ignored, only thruster location is used.
Engine orientation ignored, only thruster orientation is used.
Engine location ignored, only thruster location is used.
Engine orientation ignored, only thruster orientation is used.
  t0= 10.0 dive       d= 8.0 → ★승 Δ +100.0 health_zero@ 79s ticks160
Engine location ignored, only thruster location is used.
Engine orientation ignored, only thruster orientation is used.
Engine location ignored, only thruster location is used.
Engine orientation ignored, only thruster orientation is used.
  t0= 10.0 extend     d= 4.0 →   패 Δ   -9.5 health_zero@ 54s ticks80
Engine location ignored, only thruster location is used.
Engine orientation ignored, only thruster orientation is used.
Engine location ignored, only thruster location is used.
Engine orientation ignored, only thruster orientation is used.
  t0= 10.0 extend     d= 8.0 → ★승 Δ   +5.3 health_zero@ 66s ticks160
Engine location ignored, only thruster location is used.
Engine orientation ignored, only thruster orientation is used.
Engine location ignored, only thruster location is used.
Engine orientation ignored, only thruster orientation is used.
  t0= 10.0 break      d= 4.0 →   패 Δ   -4.5 health_zero@ 38s ticks80
Engine location ignored, only thruster location is used.
Engine orientation ignored, only thruster orientation is used.
Engine location ignored, only thruster location is used.
Engine orientation ignored, only thruster orientation is used.
  t0= 10.0 break      d= 8.0 → ★승 Δ  +38.9 health_zero@ 36s ticks160
Engine location ignored, only thruster location is used.
Engine orientation ignored, only thruster orientation is used.
Engine location ignored, only thruster location is used.
Engine orientation ignored, only thruster orientation is used.
  t0= 14.0 gun_pure   d= 4.0 →   패 Δ  -10.4 health_zero@ 91s ticks80
Engine location ignored, only thruster location is used.
Engine orientation ignored, only thruster orientation is used.
Engine location ignored, only thruster location is used.
Engine orientation ignored, only thruster orientation is used.
  t0= 14.0 gun_pure   d= 8.0 → ★승 Δ  +13.7 health_zero@ 43s ticks160
Engine location ignored, only thruster location is used.
Engine orientation ignored, only thruster orientation is used.
Engine location ignored, only thruster location is used.
Engine orientation ignored, only thruster orientation is used.
  t0= 14.0 dive       d= 4.0 →   패 Δ  -18.3 health_zero@128s ticks80
Engine location ignored, only thruster location is used.
Engine orientation ignored, only thruster orientation is used.
Engine location ignored, only thruster location is used.
Engine orientation ignored, only thruster orientation is used.
  t0= 14.0 dive       d= 8.0 →   패 Δ   -2.7 health_zero@261s ticks160
Engine location ignored, only thruster location is used.
Engine orientation ignored, only thruster orientation is used.
Engine location ignored, only thruster location is used.
Engine orientation ignored, only thruster orientation is used.
  t0= 14.0 extend     d= 4.0 → ★승 Δ   +6.4 health_zero@ 89s ticks80
Engine location ignored, only thruster location is used.
Engine orientation ignored, only thruster orientation is used.
Engine location ignored, only thruster location is used.
Engine orientation ignored, only thruster orientation is used.
  t0= 14.0 extend     d= 8.0 →   패 Δ  -20.1 health_zero@118s ticks160
Engine location ignored, only thruster location is used.
Engine orientation ignored, only thruster orientation is used.
Engine location ignored, only thruster location is used.
Engine orientation ignored, only thruster orientation is used.
  t0= 14.0 break      d= 4.0 → ★승 Δ  +46.8 health_zero@136s ticks80
Engine location ignored, only thruster location is used.
Engine orientation ignored, only thruster orientation is used.
Engine location ignored, only thruster location is used.
Engine orientation ignored, only thruster orientation is used.
  t0= 14.0 break      d= 8.0 → ★승 Δ  +17.2 health_zero@144s ticks160
Engine location ignored, only thruster location is used.
Engine orientation ignored, only thruster orientation is used.
Engine location ignored, only thruster location is used.
Engine orientation ignored, only thruster orientation is used.
  t0= 18.0 gun_pure   d= 4.0 → ★승 Δ  +12.9 health_zero@ 41s ticks80
Engine location ignored, only thruster location is used.
Engine orientation ignored, only thruster orientation is used.
Engine location ignored, only thruster location is used.
Engine orientation ignored, only thruster orientation is used.
  t0= 18.0 gun_pure   d= 8.0 →   패 Δ  -18.9 health_zero@ 99s ticks160
Engine location ignored, only thruster location is used.
Engine orientation ignored, only thruster orientation is used.
Engine location ignored, only thruster location is used.
Engine orientation ignored, only thruster orientation is used.
  t0= 18.0 dive       d= 4.0 →   패 Δ   -6.8 health_zero@ 63s ticks80
Engine location ignored, only thruster location is used.
Engine orientation ignored, only thruster orientation is used.
Engine location ignored, only thruster location is used.
Engine orientation ignored, only thruster orientation is used.
  t0= 18.0 dive       d= 8.0 →   패 Δ   -6.9 health_zero@111s ticks160
Engine location ignored, only thruster location is used.
Engine orientation ignored, only thruster orientation is used.
Engine location ignored, only thruster location is used.
Engine orientation ignored, only thruster orientation is used.
  t0= 18.0 extend     d= 4.0 →   패 Δ   -4.1 health_zero@ 39s ticks80
Engine location ignored, only thruster location is used.
Engine orientation ignored, only thruster orientation is used.
Engine location ignored, only thruster location is used.
Engine orientation ignored, only thruster orientation is used.
  t0= 18.0 extend     d= 8.0 →   패 Δ  -16.5 health_zero@ 47s ticks160
Engine location ignored, only thruster location is used.
Engine orientation ignored, only thruster orientation is used.
Engine location ignored, only thruster location is used.
Engine orientation ignored, only thruster orientation is used.
  t0= 18.0 break      d= 4.0 → ★승 Δ   +1.4 health_zero@101s ticks80
Engine location ignored, only thruster location is used.
Engine orientation ignored, only thruster orientation is used.
Engine location ignored, only thruster location is used.
Engine orientation ignored, only thruster orientation is used.
  t0= 18.0 break      d= 8.0 →   패 Δ   -4.0 health_zero@ 91s ticks160
Engine location ignored, only thruster location is used.
Engine orientation ignored, only thruster orientation is used.
Engine location ignored, only thruster location is used.
Engine orientation ignored, only thruster orientation is used.
  t0= 22.0 gun_pure   d= 4.0 →   패 Δ   -4.8 health_zero@ 38s ticks80
Engine location ignored, only thruster location is used.
Engine orientation ignored, only thruster orientation is used.
Engine location ignored, only thruster location is used.
Engine orientation ignored, only thruster orientation is used.
  t0= 22.0 gun_pure   d= 8.0 →   패 Δ   -5.4 health_zero@ 38s ticks160
Engine location ignored, only thruster location is used.
Engine orientation ignored, only thruster orientation is used.
Engine location ignored, only thruster location is used.
Engine orientation ignored, only thruster orientation is used.
  t0= 22.0 dive       d= 4.0 →   패 Δ   -6.6 health_zero@ 51s ticks80
Engine location ignored, only thruster location is used.
Engine orientation ignored, only thruster orientation is used.
Engine location ignored, only thruster location is used.
Engine orientation ignored, only thruster orientation is used.
  t0= 22.0 dive       d= 8.0 → ★승 Δ   +2.1 health_zero@ 38s ticks160
Engine location ignored, only thruster location is used.
Engine orientation ignored, only thruster orientation is used.
Engine location ignored, only thruster location is used.
Engine orientation ignored, only thruster orientation is used.
  t0= 22.0 extend     d= 4.0 → ★승 Δ   +4.1 health_zero@ 47s ticks80
Engine location ignored, only thruster location is used.
Engine orientation ignored, only thruster orientation is used.
Engine location ignored, only thruster location is used.
Engine orientation ignored, only thruster orientation is used.
  t0= 22.0 extend     d= 8.0 → ★승 Δ   +5.0 health_zero@ 47s ticks160
Engine location ignored, only thruster location is used.
Engine orientation ignored, only thruster orientation is used.
Engine location ignored, only thruster location is used.
Engine orientation ignored, only thruster orientation is used.
  t0= 22.0 break      d= 4.0 → ★승 Δ   +3.3 health_zero@ 43s ticks80
Engine location ignored, only thruster location is used.
Engine orientation ignored, only thruster orientation is used.
Engine location ignored, only thruster location is used.
Engine orientation ignored, only thruster orientation is used.
  t0= 22.0 break      d= 8.0 → ★승 Δ   +4.5 health_zero@ 45s ticks160
Engine location ignored, only thruster location is used.
Engine orientation ignored, only thruster orientation is used.
Engine location ignored, only thruster location is used.
Engine orientation ignored, only thruster orientation is used.
  t0= 26.0 gun_pure   d= 4.0 →   패 Δ   -5.6 health_zero@ 37s ticks80
Engine location ignored, only thruster location is used.
Engine orientation ignored, only thruster orientation is used.
Engine location ignored, only thruster location is used.
Engine orientation ignored, only thruster orientation is used.
  t0= 26.0 gun_pure   d= 8.0 → ★승 Δ  +39.1 health_zero@296s ticks160
Engine location ignored, only thruster location is used.
Engine orientation ignored, only thruster orientation is used.
Engine location ignored, only thruster location is used.
Engine orientation ignored, only thruster orientation is used.
  t0= 26.0 dive       d= 4.0 →   패 Δ  -23.6 health_zero@136s ticks80
Engine location ignored, only thruster location is used.
Engine orientation ignored, only thruster orientation is used.
Engine location ignored, only thruster location is used.
Engine orientation ignored, only thruster orientation is used.
  t0= 26.0 dive       d= 8.0 →   패 Δ  -13.6 health_zero@260s ticks160
Engine location ignored, only thruster location is used.
Engine orientation ignored, only thruster orientation is used.
Engine location ignored, only thruster location is used.
Engine orientation ignored, only thruster orientation is used.
  t0= 26.0 extend     d= 4.0 →   패 Δ  -36.9 health_zero@ 70s ticks80
Engine location ignored, only thruster location is used.
Engine orientation ignored, only thruster orientation is used.
Engine location ignored, only thruster location is used.
Engine orientation ignored, only thruster orientation is used.
  t0= 26.0 extend     d= 8.0 → ★승 Δ  +17.6 health_zero@100s ticks160
Engine location ignored, only thruster location is used.
Engine orientation ignored, only thruster orientation is used.
Engine location ignored, only thruster location is used.
Engine orientation ignored, only thruster orientation is used.
  t0= 26.0 break      d= 4.0 →   패 Δ   -8.1 health_zero@ 38s ticks80
Engine location ignored, only thruster location is used.
Engine orientation ignored, only thruster orientation is used.
Engine location ignored, only thruster location is used.
Engine orientation ignored, only thruster orientation is used.
  t0= 26.0 break      d= 8.0 → ★승 Δ   +0.3 health_zero@ 38s ticks160
Engine location ignored, only thruster location is used.
Engine orientation ignored, only thruster orientation is used.
Engine location ignored, only thruster location is used.
Engine orientation ignored, only thruster orientation is used.
  t0= 30.0 gun_pure   d= 4.0 → ★승 Δ  +27.5 health_zero@124s ticks80
Engine location ignored, only thruster location is used.
Engine orientation ignored, only thruster orientation is used.
Engine location ignored, only thruster location is used.
Engine orientation ignored, only thruster orientation is used.
  t0= 30.0 gun_pure   d= 8.0 → ★승 Δ   +2.1 timeout@300s ticks161
Engine location ignored, only thruster location is used.
Engine orientation ignored, only thruster orientation is used.
Engine location ignored, only thruster location is used.
Engine orientation ignored, only thruster orientation is used.
  t0= 30.0 dive       d= 4.0 →   패 Δ  -26.9 health_zero@ 78s ticks80
Engine location ignored, only thruster location is used.
Engine orientation ignored, only thruster orientation is used.
Engine location ignored, only thruster location is used.
Engine orientation ignored, only thruster orientation is used.
  t0= 30.0 dive       d= 8.0 →   패 Δ  -36.9 health_zero@ 49s ticks161
Engine location ignored, only thruster location is used.
Engine orientation ignored, only thruster orientation is used.
Engine location ignored, only thruster location is used.
Engine orientation ignored, only thruster orientation is used.
  t0= 30.0 extend     d= 4.0 →   패 Δ   -4.3 health_zero@ 37s ticks80
Engine location ignored, only thruster location is used.
Engine orientation ignored, only thruster orientation is used.
Engine location ignored, only thruster location is used.
Engine orientation ignored, only thruster orientation is used.
  t0= 30.0 extend     d= 8.0 →   패 Δ   -4.3 health_zero@ 37s ticks149
Engine location ignored, only thruster location is used.
Engine orientation ignored, only thruster orientation is used.
Engine location ignored, only thruster location is used.
Engine orientation ignored, only thruster orientation is used.
  t0= 30.0 break      d= 4.0 →   패 Δ   -6.5 health_zero@ 37s ticks80
Engine location ignored, only thruster location is used.
Engine orientation ignored, only thruster orientation is used.
Engine location ignored, only thruster location is used.
Engine orientation ignored, only thruster orientation is used.
  t0= 30.0 break      d= 8.0 →   패 Δ   +0.0 health_zero@ 37s ticks145

  승리 개입 19개: [(10.0, 'dive', 8.0, 100.0), (10.0, 'extend', 8.0, 5.3125000000001705), (10.0, 'break', 8.0, 38.85416666666677), (14.0, 'gun_pure', 8.0, 13.749999999999995), (14.0, 'extend', 4.0, 6.354166666667044), (14.0, 'break', 4.0, 46.77083333333342), (14.0, 'break', 8.0, 17.187500000000238), (18.0, 'gun_pure', 4.0, 12.916666666666645), (18.0, 'break', 4.0, 1.3541666666665757), (22.0, 'dive', 8.0, 2.0833333333333246), (22.0, 'extend', 4.0, 4.062499999999891), (22.0, 'extend', 8.0, 4.999999999999884), (22.0, 'break', 4.0, 3.333333333333175), (22.0, 'break', 8.0, 4.4791666666665), (26.0, 'gun_pure', 8.0, 39.06249999999999), (26.0, 'extend', 8.0, 17.604166666666664), (26.0, 'break', 8.0, 0.3124999999998168), (30.0, 'gun_pure', 4.0, 27.499999999999694), (30.0, 'gun_pure', 8.0, 2.0833333333333286)]
