

     JSBSim Flight Dynamics Model v1.3.0 [GitHub build 1742/commit 01ea7816288dce9e9f6a1a6dc048014bc65d699e] Apr  9 2026 10:02:36
            [JSBSim-ML v2.0]

JSBSim startup beginning ...

Engine location ignored, only thruster location is used.
Engine orientation ignored, only thruster orientation is used.
Engine location ignored, only thruster location is used.
Engine orientation ignored, only thruster orientation is used.
=== 분기탐색 D2_LastDitch_04/blue  창[10,60]s step6 durs[4.0, 8.0] ===
  기준: 패 Δ-19.4 health_zero@98s
Engine location ignored, only thruster location is used.
Engine orientation ignored, only thruster orientation is used.
Engine location ignored, only thruster location is used.
Engine orientation ignored, only thruster orientation is used.
  t0= 10.0 gun_pure   d= 4.0 → ★승 Δ   +3.7 health_zero@105s ticks80
Engine location ignored, only thruster location is used.
Engine orientation ignored, only thruster orientation is used.
Engine location ignored, only thruster location is used.
Engine orientation ignored, only thruster orientation is used.
  t0= 10.0 gun_pure   d= 8.0 → ★승 Δ  +39.1 health_zero@129s ticks160
Engine location ignored, only thruster location is used.
Engine orientation ignored, only thruster orientation is used.
Engine location ignored, only thruster location is used.
Engine orientation ignored, only thruster orientation is used.
  t0= 10.0 dive       d= 4.0 → ★승 Δ  +12.7 health_zero@ 66s ticks80
Engine location ignored, only thruster location is used.
Engine orientation ignored, only thruster orientation is used.
Engine location ignored, only thruster location is used.
Engine orientation ignored, only thruster orientation is used.
  t0= 10.0 dive       d= 8.0 →   패 Δ   -4.0 health_zero@133s ticks160
Engine location ignored, only thruster location is used.
Engine orientation ignored, only thruster orientation is used.
Engine location ignored, only thruster location is used.
Engine orientation ignored, only thruster orientation is used.
  t0= 10.0 extend     d= 4.0 → ★승 Δ  +23.4 health_zero@ 70s ticks80
Engine location ignored, only thruster location is used.
Engine orientation ignored, only thruster orientation is used.
Engine location ignored, only thruster location is used.
Engine orientation ignored, only thruster orientation is used.
  t0= 10.0 extend     d= 8.0 → ★승 Δ  +22.5 health_zero@ 46s ticks160
Engine location ignored, only thruster location is used.
Engine orientation ignored, only thruster orientation is used.
Engine location ignored, only thruster location is used.
Engine orientation ignored, only thruster orientation is used.
  t0= 10.0 break      d= 4.0 → ★승 Δ  +38.5 health_zero@ 46s ticks80
Engine location ignored, only thruster location is used.
Engine orientation ignored, only thruster orientation is used.
Engine location ignored, only thruster location is used.
Engine orientation ignored, only thruster orientation is used.
  t0= 10.0 break      d= 8.0 → ★승 Δ  +30.7 health_zero@ 87s ticks160
Engine location ignored, only thruster location is used.
Engine orientation ignored, only thruster orientation is used.
Engine location ignored, only thruster location is used.
Engine orientation ignored, only thruster orientation is used.
  t0= 16.0 gun_pure   d= 4.0 → ★승 Δ  +18.6 health_zero@ 70s ticks80
Engine location ignored, only thruster location is used.
Engine orientation ignored, only thruster orientation is used.
Engine location ignored, only thruster location is used.
Engine orientation ignored, only thruster orientation is used.
  t0= 16.0 gun_pure   d= 8.0 →   패 Δ -100.0 health_zero@ 75s ticks160
Engine location ignored, only thruster location is used.
Engine orientation ignored, only thruster orientation is used.
Engine location ignored, only thruster location is used.
Engine orientation ignored, only thruster orientation is used.
  t0= 16.0 dive       d= 4.0 → ★승 Δ  +36.9 health_zero@ 65s ticks80
Engine location ignored, only thruster location is used.
Engine orientation ignored, only thruster orientation is used.
Engine location ignored, only thruster location is used.
Engine orientation ignored, only thruster orientation is used.
  t0= 16.0 dive       d= 8.0 →   패 Δ  -85.0 health_zero@ 73s ticks160
Engine location ignored, only thruster location is used.
Engine orientation ignored, only thruster orientation is used.
Engine location ignored, only thruster location is used.
Engine orientation ignored, only thruster orientation is used.
  t0= 16.0 extend     d= 4.0 → ★승 Δ  +23.1 health_zero@100s ticks80
Engine location ignored, only thruster location is used.
Engine orientation ignored, only thruster orientation is used.
Engine location ignored, only thruster location is used.
Engine orientation ignored, only thruster orientation is used.
  t0= 16.0 extend     d= 8.0 →   패 Δ   -1.4 health_zero@ 41s ticks160
Engine location ignored, only thruster location is used.
Engine orientation ignored, only thruster orientation is used.
Engine location ignored, only thruster location is used.
Engine orientation ignored, only thruster orientation is used.
  t0= 16.0 break      d= 4.0 → ★승 Δ   +3.3 health_zero@ 72s ticks80
Engine location ignored, only thruster location is used.
Engine orientation ignored, only thruster orientation is used.
Engine location ignored, only thruster location is used.
Engine orientation ignored, only thruster orientation is used.
  t0= 16.0 break      d= 8.0 →   패 Δ  -14.7 health_zero@ 63s ticks160
Engine location ignored, only thruster location is used.
Engine orientation ignored, only thruster orientation is used.
Engine location ignored, only thruster location is used.
Engine orientation ignored, only thruster orientation is used.
  t0= 22.0 gun_pure   d= 4.0 →   패 Δ -100.0 health_zero@ 80s ticks80
Engine location ignored, only thruster location is used.
Engine orientation ignored, only thruster orientation is used.
Engine location ignored, only thruster location is used.
Engine orientation ignored, only thruster orientation is used.
  t0= 22.0 gun_pure   d= 8.0 →   패 Δ -100.0 health_zero@246s ticks160
Engine location ignored, only thruster location is used.
Engine orientation ignored, only thruster orientation is used.
Engine location ignored, only thruster location is used.
Engine orientation ignored, only thruster orientation is used.
  t0= 22.0 dive       d= 4.0 →   패 Δ   -8.1 health_zero@ 92s ticks80
Engine location ignored, only thruster location is used.
Engine orientation ignored, only thruster orientation is used.
Engine location ignored, only thruster location is used.
Engine orientation ignored, only thruster orientation is used.
  t0= 22.0 dive       d= 8.0 →   패 Δ  -90.4 health_zero@ 62s ticks160
Engine location ignored, only thruster location is used.
Engine orientation ignored, only thruster orientation is used.
Engine location ignored, only thruster location is used.
Engine orientation ignored, only thruster orientation is used.
  t0= 22.0 extend     d= 4.0 → ★승 Δ  +95.9 health_zero@107s ticks80
Engine location ignored, only thruster location is used.
Engine orientation ignored, only thruster orientation is used.
Engine location ignored, only thruster location is used.
Engine orientation ignored, only thruster orientation is used.
  t0= 22.0 extend     d= 8.0 →   패 Δ  -11.0 health_zero@156s ticks160
Engine location ignored, only thruster location is used.
Engine orientation ignored, only thruster orientation is used.
Engine location ignored, only thruster location is used.
Engine orientation ignored, only thruster orientation is used.
  t0= 22.0 break      d= 4.0 → ★승 Δ  +77.3 health_zero@ 72s ticks80
Engine location ignored, only thruster location is used.
Engine orientation ignored, only thruster orientation is used.
Engine location ignored, only thruster location is used.
Engine orientation ignored, only thruster orientation is used.
  t0= 22.0 break      d= 8.0 → ★승 Δ  +78.1 health_zero@ 72s ticks160
Engine location ignored, only thruster location is used.
Engine orientation ignored, only thruster orientation is used.
Engine location ignored, only thruster location is used.
Engine orientation ignored, only thruster orientation is used.
  t0= 28.0 gun_pure   d= 4.0 → ★승 Δ   +0.5 health_zero@ 94s ticks80
Engine location ignored, only thruster location is used.
Engine orientation ignored, only thruster orientation is used.
Engine location ignored, only thruster location is used.
Engine orientation ignored, only thruster orientation is used.
  t0= 28.0 gun_pure   d= 8.0 →   패 Δ  -12.1 health_zero@ 71s ticks160
Engine location ignored, only thruster location is used.
Engine orientation ignored, only thruster orientation is used.
Engine location ignored, only thruster location is used.
Engine orientation ignored, only thruster orientation is used.
  t0= 28.0 dive       d= 4.0 →   패 Δ  -10.2 health_zero@139s ticks80
Engine location ignored, only thruster location is used.
Engine orientation ignored, only thruster orientation is used.
Engine location ignored, only thruster location is used.
Engine orientation ignored, only thruster orientation is used.
  t0= 28.0 dive       d= 8.0 →   패 Δ -100.0 health_zero@ 69s ticks160
Engine location ignored, only thruster location is used.
Engine orientation ignored, only thruster orientation is used.
Engine location ignored, only thruster location is used.
Engine orientation ignored, only thruster orientation is used.
  t0= 28.0 extend     d= 4.0 →   패 Δ  -14.6 health_zero@106s ticks80
Engine location ignored, only thruster location is used.
Engine orientation ignored, only thruster orientation is used.
Engine location ignored, only thruster location is used.
Engine orientation ignored, only thruster orientation is used.
  t0= 28.0 extend     d= 8.0 → ★승 Δ  +25.2 health_zero@133s ticks160
Engine location ignored, only thruster location is used.
Engine orientation ignored, only thruster orientation is used.
Engine location ignored, only thruster location is used.
Engine orientation ignored, only thruster orientation is used.
  t0= 28.0 break      d= 4.0 →   패 Δ -100.0 health_zero@ 95s ticks80
Engine location ignored, only thruster location is used.
Engine orientation ignored, only thruster orientation is used.
Engine location ignored, only thruster location is used.
Engine orientation ignored, only thruster orientation is used.
  t0= 28.0 break      d= 8.0 → ★승 Δ  +45.6 health_zero@ 95s ticks160
Engine location ignored, only thruster location is used.
Engine orientation ignored, only thruster orientation is used.
Engine location ignored, only thruster location is used.
Engine orientation ignored, only thruster orientation is used.
  t0= 34.0 gun_pure   d= 4.0 → ★승 Δ  +47.0 health_zero@ 93s ticks81
Engine location ignored, only thruster location is used.
Engine orientation ignored, only thruster orientation is used.
Engine location ignored, only thruster location is used.
Engine orientation ignored, only thruster orientation is used.
  t0= 34.0 gun_pure   d= 8.0 →   패 Δ -100.0 health_zero@190s ticks161
Engine location ignored, only thruster location is used.
Engine orientation ignored, only thruster orientation is used.
Engine location ignored, only thruster location is used.
Engine orientation ignored, only thruster orientation is used.
  t0= 34.0 dive       d= 4.0 →   패 Δ -100.0 health_zero@ 42s ticks81
Engine location ignored, only thruster location is used.
Engine orientation ignored, only thruster orientation is used.
Engine location ignored, only thruster location is used.
Engine orientation ignored, only thruster orientation is used.
  t0= 34.0 dive       d= 8.0 →   패 Δ -100.0 health_zero@ 42s ticks161
Engine location ignored, only thruster location is used.
Engine orientation ignored, only thruster orientation is used.
Engine location ignored, only thruster location is used.
Engine orientation ignored, only thruster orientation is used.
  t0= 34.0 extend     d= 4.0 →   패 Δ  -36.6 health_zero@110s ticks81
Engine location ignored, only thruster location is used.
Engine orientation ignored, only thruster orientation is used.
Engine location ignored, only thruster location is used.
Engine orientation ignored, only thruster orientation is used.
  t0= 34.0 extend     d= 8.0 →   패 Δ  -79.1 health_zero@130s ticks161
Engine location ignored, only thruster location is used.
Engine orientation ignored, only thruster orientation is used.
Engine location ignored, only thruster location is used.
Engine orientation ignored, only thruster orientation is used.
  t0= 34.0 break      d= 4.0 →   패 Δ  -13.9 health_zero@103s ticks81
Engine location ignored, only thruster location is used.
Engine orientation ignored, only thruster orientation is used.
Engine location ignored, only thruster location is used.
Engine orientation ignored, only thruster orientation is used.
  t0= 34.0 break      d= 8.0 → ★승 Δ  +60.6 health_zero@ 96s ticks161
Engine location ignored, only thruster location is used.
Engine orientation ignored, only thruster orientation is used.
Engine location ignored, only thruster location is used.
Engine orientation ignored, only thruster orientation is used.
  t0= 40.0 gun_pure   d= 4.0 →   패 Δ -100.0 health_zero@ 90s ticks80
Engine location ignored, only thruster location is used.
Engine orientation ignored, only thruster orientation is used.
Engine location ignored, only thruster location is used.
Engine orientation ignored, only thruster orientation is used.
  t0= 40.0 gun_pure   d= 8.0 → ★승 Δ  +24.8 health_zero@128s ticks160
Engine location ignored, only thruster location is used.
Engine orientation ignored, only thruster orientation is used.
Engine location ignored, only thruster location is used.
Engine orientation ignored, only thruster orientation is used.
  t0= 40.0 dive       d= 4.0 → ★승 Δ  +38.0 health_zero@100s ticks80
Engine location ignored, only thruster location is used.
Engine orientation ignored, only thruster orientation is used.
Engine location ignored, only thruster location is used.
Engine orientation ignored, only thruster orientation is used.
  t0= 40.0 dive       d= 8.0 →   패 Δ  -64.6 health_zero@111s ticks160
Engine location ignored, only thruster location is used.
Engine orientation ignored, only thruster orientation is used.
Engine location ignored, only thruster location is used.
Engine orientation ignored, only thruster orientation is used.
  t0= 40.0 extend     d= 4.0 →   패 Δ -100.0 health_zero@108s ticks80
Engine location ignored, only thruster location is used.
Engine orientation ignored, only thruster orientation is used.
Engine location ignored, only thruster location is used.
Engine orientation ignored, only thruster orientation is used.
  t0= 40.0 extend     d= 8.0 →   패 Δ  -42.7 health_zero@126s ticks160
Engine location ignored, only thruster location is used.
Engine orientation ignored, only thruster orientation is used.
Engine location ignored, only thruster location is used.
Engine orientation ignored, only thruster orientation is used.
  t0= 40.0 break      d= 4.0 →   패 Δ  -37.5 health_zero@101s ticks80
Engine location ignored, only thruster location is used.
Engine orientation ignored, only thruster orientation is used.
Engine location ignored, only thruster location is used.
Engine orientation ignored, only thruster orientation is used.
  t0= 40.0 break      d= 8.0 →   패 Δ  -52.3 health_zero@ 99s ticks160
Engine location ignored, only thruster location is used.
Engine orientation ignored, only thruster orientation is used.
Engine location ignored, only thruster location is used.
Engine orientation ignored, only thruster orientation is used.
  t0= 46.0 gun_pure   d= 4.0 →   패 Δ -100.0 health_zero@ 73s ticks80
Engine location ignored, only thruster location is used.
Engine orientation ignored, only thruster orientation is used.
Engine location ignored, only thruster location is used.
Engine orientation ignored, only thruster orientation is used.
  t0= 46.0 gun_pure   d= 8.0 →   패 Δ -100.0 health_zero@ 75s ticks160
Engine location ignored, only thruster location is used.
Engine orientation ignored, only thruster orientation is used.
Engine location ignored, only thruster location is used.
Engine orientation ignored, only thruster orientation is used.
  t0= 46.0 dive       d= 4.0 →   패 Δ  -47.8 health_zero@114s ticks80
Engine location ignored, only thruster location is used.
Engine orientation ignored, only thruster orientation is used.
Engine location ignored, only thruster location is used.
Engine orientation ignored, only thruster orientation is used.
  t0= 46.0 dive       d= 8.0 → ★승 Δ  +45.3 health_zero@138s ticks160
Engine location ignored, only thruster location is used.
Engine orientation ignored, only thruster orientation is used.
Engine location ignored, only thruster location is used.
Engine orientation ignored, only thruster orientation is used.
  t0= 46.0 extend     d= 4.0 → ★승 Δ   +9.2 timeout@300s ticks80
Engine location ignored, only thruster location is used.
Engine orientation ignored, only thruster orientation is used.
Engine location ignored, only thruster location is used.
Engine orientation ignored, only thruster orientation is used.
  t0= 46.0 extend     d= 8.0 →   패 Δ -100.0 health_zero@129s ticks160
Engine location ignored, only thruster location is used.
Engine orientation ignored, only thruster orientation is used.
Engine location ignored, only thruster location is used.
Engine orientation ignored, only thruster orientation is used.
  t0= 46.0 break      d= 4.0 → ★승 Δ   +4.3 health_zero@274s ticks80
Engine location ignored, only thruster location is used.
Engine orientation ignored, only thruster orientation is used.
Engine location ignored, only thruster location is used.
Engine orientation ignored, only thruster orientation is used.
  t0= 46.0 break      d= 8.0 → ★승 Δ  +42.2 timeout@300s ticks160
Engine location ignored, only thruster location is used.
Engine orientation ignored, only thruster orientation is used.
Engine location ignored, only thruster location is used.
Engine orientation ignored, only thruster orientation is used.
  t0= 52.0 gun_pure   d= 4.0 →   패 Δ  -26.4 health_zero@ 98s ticks80
Engine location ignored, only thruster location is used.
Engine orientation ignored, only thruster orientation is used.
Engine location ignored, only thruster location is used.
Engine orientation ignored, only thruster orientation is used.
  t0= 52.0 gun_pure   d= 8.0 → ★승 Δ  +91.1 health_zero@199s ticks160
Engine location ignored, only thruster location is used.
Engine orientation ignored, only thruster orientation is used.
Engine location ignored, only thruster location is used.
Engine orientation ignored, only thruster orientation is used.
  t0= 52.0 dive       d= 4.0 → ★승 Δ  +31.6 health_zero@154s ticks80
Engine location ignored, only thruster location is used.
Engine orientation ignored, only thruster orientation is used.
Engine location ignored, only thruster location is used.
Engine orientation ignored, only thruster orientation is used.
  t0= 52.0 dive       d= 8.0 → ★승 Δ  +66.8 health_zero@ 98s ticks160
Engine location ignored, only thruster location is used.
Engine orientation ignored, only thruster orientation is used.
Engine location ignored, only thruster location is used.
Engine orientation ignored, only thruster orientation is used.
  t0= 52.0 extend     d= 4.0 → ★승 Δ  +15.3 health_zero@151s ticks80
Engine location ignored, only thruster location is used.
Engine orientation ignored, only thruster orientation is used.
Engine location ignored, only thruster location is used.
Engine orientation ignored, only thruster orientation is used.
  t0= 52.0 extend     d= 8.0 → ★승 Δ  +76.2 health_zero@273s ticks160
Engine location ignored, only thruster location is used.
Engine orientation ignored, only thruster orientation is used.
Engine location ignored, only thruster location is used.
Engine orientation ignored, only thruster orientation is used.
  t0= 52.0 break      d= 4.0 → ★승 Δ  +20.7 health_zero@103s ticks80
Engine location ignored, only thruster location is used.
Engine orientation ignored, only thruster orientation is used.
Engine location ignored, only thruster location is used.
Engine orientation ignored, only thruster orientation is used.
  t0= 52.0 break      d= 8.0 → ★승 Δ  +43.6 health_zero@109s ticks160
Engine location ignored, only thruster location is used.
Engine orientation ignored, only thruster orientation is used.
Engine location ignored, only thruster location is used.
Engine orientation ignored, only thruster orientation is used.
  t0= 58.0 gun_pure   d= 4.0 →   패 Δ -100.0 health_zero@117s ticks80
Engine location ignored, only thruster location is used.
Engine orientation ignored, only thruster orientation is used.
Engine location ignored, only thruster location is used.
Engine orientation ignored, only thruster orientation is used.
  t0= 58.0 gun_pure   d= 8.0 →   패 Δ -100.0 health_zero@134s ticks160
Engine location ignored, only thruster location is used.
Engine orientation ignored, only thruster orientation is used.
Engine location ignored, only thruster location is used.
Engine orientation ignored, only thruster orientation is used.
  t0= 58.0 dive       d= 4.0 → ★승 Δ  +30.3 health_zero@ 98s ticks80
Engine location ignored, only thruster location is used.
Engine orientation ignored, only thruster orientation is used.
Engine location ignored, only thruster location is used.
Engine orientation ignored, only thruster orientation is used.
  t0= 58.0 dive       d= 8.0 →   패 Δ  -33.2 health_zero@103s ticks160
Engine location ignored, only thruster location is used.
Engine orientation ignored, only thruster orientation is used.
Engine location ignored, only thruster location is used.
Engine orientation ignored, only thruster orientation is used.
  t0= 58.0 extend     d= 4.0 →   패 Δ -100.0 health_zero@172s ticks80
Engine location ignored, only thruster location is used.
Engine orientation ignored, only thruster orientation is used.
Engine location ignored, only thruster location is used.
Engine orientation ignored, only thruster orientation is used.
  t0= 58.0 extend     d= 8.0 →   패 Δ -100.0 health_zero@245s ticks160
Engine location ignored, only thruster location is used.
Engine orientation ignored, only thruster orientation is used.
Engine location ignored, only thruster location is used.
Engine orientation ignored, only thruster orientation is used.
  t0= 58.0 break      d= 4.0 → ★승 Δ  +19.5 health_zero@141s ticks80
Engine location ignored, only thruster location is used.
Engine orientation ignored, only thruster orientation is used.
Engine location ignored, only thruster location is used.
Engine orientation ignored, only thruster orientation is used.
  t0= 58.0 break      d= 8.0 →   패 Δ  -20.1 health_zero@132s ticks160

  승리 개입 34개: [(10.0, 'gun_pure', 4.0, 3.749999999998828), (10.0, 'gun_pure', 8.0, 39.062500000000085), (10.0, 'dive', 4.0, 12.708333333333332), (10.0, 'extend', 4.0, 23.43750000000044), (10.0, 'extend', 8.0, 22.499999999999886), (10.0, 'break', 4.0, 38.54166666666713), (10.0, 'break', 8.0, 30.729166666667023), (16.0, 'gun_pure', 4.0, 18.645833333333478), (16.0, 'dive', 4.0, 36.8750000000001), (16.0, 'extend', 4.0, 23.12500000000027), (16.0, 'break', 4.0, 3.3333333333335284), (22.0, 'extend', 4.0, 95.93749999999982), (22.0, 'break', 4.0, 77.29166666666563), (22.0, 'break', 8.0, 78.124999999999), (28.0, 'gun_pure', 4.0, 0.5208333333336074), (28.0, 'extend', 8.0, 25.208333333332707), (28.0, 'break', 8.0, 45.62500000000036), (34.0, 'gun_pure', 4.0, 46.979166666665854), (34.0, 'break', 8.0, 60.62499999999999), (40.0, 'gun_pure', 8.0, 24.79166666666662), (40.0, 'dive', 4.0, 38.02083333333392), (46.0, 'dive', 8.0, 45.31249999999974), (46.0, 'extend', 4.0, 9.16666666666741), (46.0, 'break', 4.0, 4.270833333333544), (46.0, 'break', 8.0, 42.187499999999595), (52.0, 'gun_pure', 8.0, 91.14583333333339), (52.0, 'dive', 4.0, 31.56249999999923), (52.0, 'dive', 8.0, 66.77083333333339), (52.0, 'extend', 4.0, 15.312500000000176), (52.0, 'extend', 8.0, 76.24999999999892), (52.0, 'break', 4.0, 20.729166666666085), (52.0, 'break', 8.0, 43.64583333333303), (58.0, 'dive', 4.0, 30.312500000000245), (58.0, 'break', 4.0, 19.47916666666526)]
