표적 8개, 증인 141개
  분리실패 → E1_AdaptiveAce_03/blue 제외 재시도
  분리실패 → D3_Scissors_00/red 제외 재시도
  분리실패 → D3_Scissors_01/red 제외 재시도
  분리실패 → D3_Scissors_02/red 제외 재시도


     JSBSim Flight Dynamics Model v1.3.1 [GitHub build 1837/commit 3b25f25e49b42d0489c04ac805674fc1450ca579] May 17 2026 14:28:34
            [JSBSim-ML v2.0]

JSBSim startup beginning ...

Engine location ignored, only thruster location is used.
Engine orientation ignored, only thruster orientation is used.
Engine location ignored, only thruster location is used.
Engine orientation ignored, only thruster orientation is used.
  break 진입틱 E2_Passive_01/blue t=19.85 → ✓ Δ+8.8
Engine location ignored, only thruster location is used.
Engine orientation ignored, only thruster orientation is used.
Engine location ignored, only thruster location is used.
Engine orientation ignored, only thruster orientation is used.
  break 진입틱 E2_Passive_00/blue t=19.85 → ✓ Δ+8.8
Engine location ignored, only thruster location is used.
Engine orientation ignored, only thruster orientation is used.
Engine location ignored, only thruster location is used.
Engine orientation ignored, only thruster orientation is used.
  break 진입틱 E2_Passive_00/red t=19.85 → ✓ Δ+8.8
Engine location ignored, only thruster location is used.
Engine orientation ignored, only thruster orientation is used.
Engine location ignored, only thruster location is used.
Engine orientation ignored, only thruster orientation is used.
  break 진입틱 E2_Passive_01/red t=19.85 → ✓ Δ+8.8
[규칙 1] break d6 ⊃ ['E2_Passive_01/blue', 'E2_Passive_00/blue', 'E2_Passive_00/red', 'E2_Passive_01/red']
  분리실패 → D3_Scissors_00/red 제외 재시도
  분리실패 → D3_Scissors_01/red 제외 재시도
  분리실패 → D3_Scissors_02/red 제외 재시도
Engine location ignored, only thruster location is used.
Engine orientation ignored, only thruster orientation is used.
Engine location ignored, only thruster location is used.
Engine orientation ignored, only thruster orientation is used.
  break 진입틱 E1_AdaptiveAce_03/blue t=27.85 → ✓ Δ+6.3
[규칙 2] break d6 ⊃ ['E1_AdaptiveAce_03/blue']
  분리실패 → D3_Scissors_00/red 제외 재시도
  분리실패 → D3_Scissors_01/red 제외 재시도
  분리불가 → 승리 쌍둥이 ['D3_Scissors_00/blue', 'D3_Scissors_01/blue', 'D3_Scissors_02/blue'] 공동발화 허용 재시도
  [분리불가] break ⊃ ['D3_Scissors_02/red']
Engine location ignored, only thruster location is used.
Engine orientation ignored, only thruster orientation is used.
Engine location ignored, only thruster location is used.
Engine orientation ignored, only thruster orientation is used.
  extend 진입틱 D3_Scissors_00/red t=25.55 → ✓ Δ+33.5
Engine location ignored, only thruster location is used.
Engine orientation ignored, only thruster orientation is used.
Engine location ignored, only thruster location is used.
Engine orientation ignored, only thruster orientation is used.
  extend 진입틱 D3_Scissors_01/red t=25.55 → ✓ Δ+37.2
Engine location ignored, only thruster location is used.
Engine orientation ignored, only thruster orientation is used.
Engine location ignored, only thruster location is used.
Engine orientation ignored, only thruster orientation is used.
  extend 진입틱 D3_Scissors_02/red t=25.55 → ✗ Δ-3.4
  분리실패 → D3_Scissors_00/red 제외 재시도
  분리불가 → 승리 쌍둥이 ['D3_Scissors_00/blue', 'D3_Scissors_01/blue', 'D3_Scissors_02/blue'] 공동발화 허용 재시도
  [분리불가] extend ⊃ ['D3_Scissors_01/red']
Engine location ignored, only thruster location is used.
Engine orientation ignored, only thruster orientation is used.
Engine location ignored, only thruster location is used.
Engine orientation ignored, only thruster orientation is used.
  gun_pure 진입틱 D3_Scissors_00/red t=31.55 → ✓ Δ+7.6
Engine location ignored, only thruster location is used.
Engine orientation ignored, only thruster orientation is used.
Engine location ignored, only thruster location is used.
Engine orientation ignored, only thruster orientation is used.
  gun_pure 진입틱 D3_Scissors_01/red t=31.55 → ✓ Δ+22.5
Engine location ignored, only thruster location is used.
Engine orientation ignored, only thruster orientation is used.
Engine location ignored, only thruster location is used.
Engine orientation ignored, only thruster orientation is used.
  gun_pure 진입틱 D3_Scissors_02/red t=31.55 → ✓ Δ+14.6
[규칙 3] gun_pure d6 ⊃ ['D3_Scissors_00/red', 'D3_Scissors_01/red', 'D3_Scissors_02/red']

규칙 3개 저장: C:\Users\USER\Desktop\AI-pilot\core2\research\data\blueteam\daemon_f33_r1_relt.json
미피복: 없음(전 반례 피복)
