[r1] 98승 / 반례 30
[r1] 수확: official_twocircle/blue (@38s)
[r1] 수확: official_twocircle/red (@38s)
[r1] 수확: official_controlzone/blue (@35s)
[r1] 수확: official_controlzone/red (@35s)
[r1] 수확: official_headon/blue (@36s)
[r1] 수확: official_headon/red (@36s)
[r1] 문장 +10 (선두 배치) → C:\Users\USER\Desktop\AI-pilot\core2\research\replays\daemon_t1s7g\rules_r1.json
[r2] 122승 / 반례 6
[r2] 수확: official_controlzone/blue (@35s)
[r2] 수확: official_controlzone/red (@35s)
[r2] 수확: official_headon/blue (@36s)
[r2] 수확: official_headon/red (@36s)
[r2] 문장 +3 (선두 배치) → C:\Users\USER\Desktop\AI-pilot\core2\research\replays\daemon_t1s7g\rules_r2.json
[r3] 123승 / 반례 5
[r3] 수확: official_controlzone/blue (@35s)
[r3] 수확: official_controlzone/red (@35s)
[r3] 수확: official_headon/blue (@36s)
[r3] 수확: official_headon/red (@36s)
[r3] 문장 +1 (선두 배치) → C:\Users\USER\Desktop\AI-pilot\core2\research\replays\daemon_t1s7g\rules_r3.json
[r4] 123승 / 반례 5
[r4] 수확: official_controlzone/blue (@35s)
[r4] 수확: official_controlzone/red (@35s)
[r4] 수확: official_headon/blue (@36s)
[r4] 수확: official_headon/red (@36s)
[r4] 문장 +1 (선두 배치) → C:\Users\USER\Desktop\AI-pilot\core2\research\replays\daemon_t1s7g\rules_r4.json
[r5] 123승 / 반례 5
[r5] 수확: official_controlzone/blue (@35s)
[r5] 수확: official_controlzone/red (@35s)
[r5] 수확: official_headon/blue (@36s)
[r5] 수확: official_headon/red (@36s)
[r5] 문장 +1 (선두 배치) → C:\Users\USER\Desktop\AI-pilot\core2\research\replays\daemon_t1s7g\rules_r5.json
[r6] 123승 / 반례 5
[r6] 수확: official_controlzone/blue (@35s)
[r6] 수확: official_controlzone/red (@35s)
[r6] 수확: official_headon/blue (@36s)
[r6] 수확: official_headon/red (@36s)
[r6] 문장 +1 (선두 배치) → C:\Users\USER\Desktop\AI-pilot\core2\research\replays\daemon_t1s7g\rules_r6.json
최대 라운드 도달 — 미수렴
