[r1] 90승 / 반례 38
[r1] 재수확(조건 불일치): B1_EnergyFighter_00/red
[r1] 수확: B1_EnergyFighter_00/red (@38s)
[r1] 재수확(조건 불일치): B1_EnergyFighter_03/red
[r1] 수확: B1_EnergyFighter_03/red (@38s)
[r1] 재수확(조건 불일치): B1_EnergyFighter_06/red
[r1] 수확: B1_EnergyFighter_06/red (@38s)
[r1] 재수확(조건 불일치): B1_EnergyFighter_08/red
[r1] 수확: B1_EnergyFighter_08/red (@38s)
[r1] 재수확(조건 불일치): B1_EnergyFighter_11/red
[r1] 수확: B1_EnergyFighter_11/red (@38s)
[r1] 재수확(조건 불일치): C1_TwoCircleRate_03/red
[r1] 수확: C1_TwoCircleRate_03/red (@59s)
[r1] 재수확(조건 불일치): C1_TwoCircleRate_04/red
[r1] 수확: C1_TwoCircleRate_04/red (@59s)
[r1] 재수확(조건 불일치): C1_TwoCircleRate_05/red
[r1] 수확: C1_TwoCircleRate_05/red (@59s)
[r1] 재수확(조건 불일치): C2_OneCircleRad_03/red
[r1] 수확: C2_OneCircleRad_03/red (@59s)
[r1] 재수확(조건 불일치): C2_OneCircleRad_04/red
[r1] 수확: C2_OneCircleRad_04/red (@59s)
[r1] 재수확(조건 불일치): C2_OneCircleRad_05/red
[r1] 수확: C2_OneCircleRad_05/red (@59s)
[r1] 재수확(조건 불일치): C3_Lufbery_00/red
[r1] 수확: C3_Lufbery_00/red (@38s)
[r1] 재수확(조건 불일치): C3_Lufbery_02/red
[r1] 수확: C3_Lufbery_02/red (@38s)
[r1] 재수확(조건 불일치): C3_Lufbery_04/red
[r1] 수확: C3_Lufbery_04/red (@38s)
[r1] 재수확(조건 불일치): C3_Lufbery_06/red
[r1] 수확: C3_Lufbery_06/red (@55s)
[r1] 재수확(조건 불일치): C3_Lufbery_08/red
[r1] 수확: C3_Lufbery_08/red (@55s)
[r1] 재수확(조건 불일치): D1_Reactive_06/red
[r1] 수확: D1_Reactive_06/red (@156s)
[r1] 재수확(조건 불일치): D3_Scissors_00/red
[r1] 수확: D3_Scissors_00/red (@74s)
[r1] 재수확(조건 불일치): D3_Scissors_01/red
[r1] 수확: D3_Scissors_01/red (@74s)
[r1] 재수확(조건 불일치): D3_Scissors_02/red
[r1] 수확: D3_Scissors_02/red (@74s)
[r1] 재수확(조건 불일치): E1_AdaptiveAce_00/blue
[r1] 수확: E1_AdaptiveAce_00/blue (@38s)
[r1] 재수확(조건 불일치): E1_AdaptiveAce_03/blue
[r1] 수확: E1_AdaptiveAce_03/blue (@37s)
[r1] 재수확(조건 불일치): E1_AdaptiveAce_03/red
[r1] 수확: E1_AdaptiveAce_03/red (@37s)
[r1] 재수확(조건 불일치): E1_AdaptiveAce_06/blue
[r1] 수확: E1_AdaptiveAce_06/blue (@36s)
[r1] 재수확(조건 불일치): E1_AdaptiveAce_08/blue
[r1] 수확: E1_AdaptiveAce_08/blue (@101s)
[r1] 재수확(조건 불일치): E1_AdaptiveAce_11/blue
[r1] 수확: E1_AdaptiveAce_11/blue (@37s)
[r1] 재수확(조건 불일치): E1_AdaptiveAce_11/red
[r1] 수확: E1_AdaptiveAce_11/red (@37s)
[r1] 재수확(조건 불일치): E2_Passive_00/blue
[r1] 수확: E2_Passive_00/blue (@35s)
[r1] 재수확(조건 불일치): E2_Passive_00/red
[r1] 수확: E2_Passive_00/red (@35s)
[r1] 재수확(조건 불일치): E2_Passive_01/blue
[r1] 수확: E2_Passive_01/blue (@35s)
[r1] 재수확(조건 불일치): E2_Passive_01/red
[r1] 수확: E2_Passive_01/red (@35s)
[r1] 재수확(조건 불일치): anchor_ace/blue
[r1] 수확: anchor_ace/blue (@37s)
[r1] 수확: official_twocircle/blue (@38s)
[r1] 수확: official_twocircle/red (@38s)
[r1] 수확: official_controlzone/blue (@35s)
[r1] 수확: official_controlzone/red (@35s)
[r1] 수확: redteam_allround/blue (@39s)
[r1] 수확: redteam_allround/red (@39s)
[r1] 문장 +12 (선두 배치) → C:\Users\USER\Desktop\AI-pilot\core2\research\replays\daemon_t3full\rules_r1.json
[r2] 121승 / 반례 7
[r2] 재수확(조건 불일치): C1_TwoCircleRate_03/red
[r2] 수확: C1_TwoCircleRate_03/red (@152s)
[r2] 재수확(조건 불일치): C1_TwoCircleRate_04/red
[r2] 수확: C1_TwoCircleRate_04/red (@152s)
[r2] 재수확(조건 불일치): C1_TwoCircleRate_05/red
[r2] 수확: C1_TwoCircleRate_05/red (@152s)
[r2] 재수확(조건 불일치): C2_OneCircleRad_03/red
[r2] 수확: C2_OneCircleRad_03/red (@152s)
[r2] 재수확(조건 불일치): C2_OneCircleRad_04/red
[r2] 수확: C2_OneCircleRad_04/red (@152s)
[r2] 재수확(조건 불일치): C2_OneCircleRad_05/red
[r2] 수확: C2_OneCircleRad_05/red (@152s)
[r2] 재수확(조건 불일치): E1_AdaptiveAce_03/red
[r2] 수확: E1_AdaptiveAce_03/red (@37s)
[r2] 문장 +2 (선두 배치) → C:\Users\USER\Desktop\AI-pilot\core2\research\replays\daemon_t3full\rules_r2.json
[r3] 128승 / 반례 0
수렴: C:\Users\USER\Desktop\AI-pilot\core2\research\replays\daemon_t3full\rules_r2.json
지문: C:\Users\USER\Desktop\AI-pilot\core2\research\replays\daemon_t3full\rules_r2.fingerprint.json
