[r1] 96승 / 반례 32
[r1] 수확: official_controlzone/blue (@35s)
[r1] 수확: official_controlzone/red (@35s)
[r1] 수확: official_headon/blue (@36s)
[r1] 수확: official_headon/red (@36s)
[r1] 수확: redteam_allround/blue (@39s)
[r1] 수확: redteam_allround/red (@39s)
[r1] 문장 +6 (선두 배치) → C:\Users\USER\Desktop\AI-pilot\core2\research\replays\daemon_t1s8\rules_r1.json
[r2] 109승 / 반례 19
[r2] 수확: official_controlzone/blue (@35s)
[r2] 수확: official_controlzone/red (@35s)
[r2] 수확: official_headon/blue (@36s)
[r2] 수확: official_headon/red (@36s)
[r2] 수확: redteam_allround/blue (@39s)
[r2] 수확: redteam_allround/red (@39s)
[r2] 문장 +1 (선두 배치) → C:\Users\USER\Desktop\AI-pilot\core2\research\replays\daemon_t1s8\rules_r2.json
[r3] 110승 / 반례 18
[r3] 수확: official_controlzone/blue (@35s)
[r3] 수확: official_controlzone/red (@35s)
[r3] 수확: official_headon/blue (@36s)
[r3] 수확: official_headon/red (@36s)
[r3] 수확: redteam_allround/blue (@39s)
[r3] 수확: redteam_allround/red (@39s)
[r3] 신규 문장 0 — 증인 소진 18건, 중단
