[r1] 855승 / 반례 345  (격자 8칸 × 슬롯 150)
[r1] 재수확(조건 불일치): B1_EnergyFighter_06/red
[r1] 재수확(조건 불일치): B1_EnergyFighter_08/red
[r1] 재수확(조건 불일치): B1_EnergyFighter_11/red
[r1] 재수확(조건 불일치): C3_Lufbery_04/red
[r1] 재수확(조건 불일치): D1_Reactive_06/red
[r1] 재수확(조건 불일치): D1_Reactive_08/red
[r1] 재수확(조건 불일치): D1_Reactive_11/red
[r1] 재수확(조건 불일치): D3_Scissors_01/red
[r1] 재수확(조건 불일치): D3_Scissors_02/red
[r1] 재수확(조건 불일치): E1_AdaptiveAce_00/blue
[r1] 재수확(조건 불일치): E1_AdaptiveAce_08/blue
[r1] 재수확(조건 불일치): agents/champion128/blue@s3
[r1] 재수확(조건 불일치): agents/champion128/red@s3
[r1] 재수확(조건 불일치): agents/champion128_f33/red@s3
[r1] 재수확(조건 불일치): agents/champion128_f33/red@s7
[r1] 수확 236건 · 워커 32
[r1] 수확 1/236 C1_TwoCircleRate_00/blue@perch_defense (0.2분)
[r1] 수확 2/236 C1_TwoCircleRate_01/blue@perch_defense (0.2분)
[r1] 수확 3/236 C1_TwoCircleRate_03/blue@perch_defense (0.2분)
[r1] 수확 4/236 C1_TwoCircleRate_04/blue@perch_defense (0.2분)
[r1] 수확 5/236 C1_TwoCircleRate_05/blue@perch_defense (0.2분)
[r1] 수확 6/236 C2_OneCircleRad_00/blue@perch_defense (0.2분)
[r1] 수확 7/236 C2_OneCircleRad_01/blue@perch_defense (0.2분)
[r1] 수확 8/236 C2_OneCircleRad_04/blue@perch_defense (0.2분)
[r1] 수확 9/236 C2_OneCircleRad_05/blue@perch_defense (0.2분)
[r1] 수확 10/236 C2_OneCircleRad_03/blue@perch_defense (0.2분)
[r1] 수확 11/236 agents/champion128/blue@perch_defense (0.2분)
[r1] 수확 12/236 agents/champion128_f33/blue@perch_defense (0.2분)
[r1] 수확 13/236 A1_PurePursuer_02/blue@perch_defense@s11 (1.6분)
[r1] 수확 14/236 A1_PurePursuer_00/blue@perch_defense@s11 (1.6분)
[r1] 수확 15/236 A1_PurePursuer_09/blue@perch_defense@s11 (1.6분)
[r1] 수확 16/236 A1_PurePursuer_05/blue@perch_defense@s11 (1.6분)
[r1] 수확 17/236 A1_PurePursuer_07/blue@perch_defense@s11 (1.6분)
[r1] 수확 18/236 A2_GunTracker_03/blue@perch_defense@s11 (1.9분)
[r1] 수확 19/236 A2_GunTracker_00/blue@perch_defense@s11 (1.9분)
[r1] 수확 20/236 A2_GunTracker_06/blue@perch_defense@s11 (1.9분)
[r1] 수확 21/236 A2_GunTracker_11/blue@perch_defense@s11 (2.0분)
[r1] 수확 22/236 A2_GunTracker_08/blue@perch_defense@s11 (2.0분)
[r1] 수확 23/236 C3_Lufbery_04/blue@perch_defense (2.3분)
[r1] 수확 24/236 B1_EnergyFighter_08/blue@perch_defense (2.4분)
[r1] 수확 25/236 B1_EnergyFighter_11/blue@perch_defense (2.5분)
[r1] 수확 26/236 C1_TwoCircleRate_00/blue@perch_defense@s11 (2.6분)
[r1] 수확 27/236 C3_Lufbery_06/blue@perch_defense (2.6분)
[r1] 수확 28/236 B1_EnergyFighter_06/blue@perch_defense (2.6분)
[r1] 수확 29/236 B1_EnergyFighter_00/blue@perch_defense (2.7분)
[r1] 수확 30/236 C3_Lufbery_00/blue@perch_defense (2.7분)
[r1] 수확 31/236 B1_EnergyFighter_03/blue@perch_defense (2.7분)
[r1] 수확 32/236 C1_TwoCircleRate_01/blue@perch_defense@s11 (2.7분)
[r1] 수확 33/236 C1_TwoCircleRate_03/blue@perch_defense@s11 (2.7분)
[r1] 수확 34/236 C1_TwoCircleRate_04/blue@perch_defense@s11 (2.9분)
[r1] 수확 35/236 C1_TwoCircleRate_05/blue@perch_defense@s11 (2.9분)
[r1] 수확 36/236 C2_OneCircleRad_00/blue@perch_defense@s11 (2.9분)
[r1] 수확 37/236 C2_OneCircleRad_01/blue@perch_defense@s11 (2.9분)
[r1] 수확 38/236 C2_OneCircleRad_03/blue@perch_defense@s11 (2.9분)
[r1] 수확 39/236 C2_OneCircleRad_04/blue@perch_defense@s11 (3.0분)
[r1] 수확 40/236 C2_OneCircleRad_05/blue@perch_defense@s11 (3.0분)
[r1] 수확 41/236 A3_LagAngler_11/blue@perch_defense@s11 (3.7분)
[r1] 수확 42/236 B2_Extender_04/blue@perch_defense@s11 (3.7분)
[r1] 수확 43/236 A3_LagAngler_08/blue@perch_defense@s11 (3.7분)
[r1] 수확 44/236 B2_Extender_08/blue@perch_defense@s11 (3.7분)
[r1] 수확 45/236 B2_Extender_02/blue@perch_defense@s11 (3.8분)
[r1] 수확 46/236 D1_Reactive_08/red (4.2분)
[r1] 수확 47/236 D1_Reactive_11/red (4.2분)
[r1] 수확 48/236 D1_Reactive_08/blue@perch_defense@s11 (4.5분)
[r1] 수확 49/236 D1_Reactive_06/blue@perch_defense@s11 (4.5분)
[r1] 수확 50/236 D2_LastDitch_00/blue@perch_defense@s11 (4.5분)
[r1] 수확 51/236 agents/champion128/blue@perch_defense@s11 (4.5분)
[r1] 수확 52/236 D1_Reactive_11/blue@perch_defense@s11 (4.5분)
[r1] 수확 53/236 agents/champion128/red@s11 (4.6분)
[r1] 수확 54/236 agents/champion128_f33/blue@perch_defense@s11 (4.6분)
[r1] 수확 55/236 agents/champion128_f33/red@s11 (4.6분)
[r1] 수확 56/236 D1_Reactive_03/blue@perch_defense@s11 (4.7분)
[r1] 수확 57/236 D1_Reactive_00/blue@perch_defense@s11 (4.7분)
[r1] 수확 58/236 D1_Reactive_06/red (4.7분)
[r1] 수확 59/236 E1_AdaptiveAce_00/blue (5.0분)
[r1] 수확 60/236 E1_AdaptiveAce_08/blue (5.0분)
[r1] 수확 61/236 anchor_defensive/blue@perch_defense@s11 (5.2분)
[r1] 수확 62/236 D2_LastDitch_01/blue@perch_defense@s11 (5.2분)
[r1] 수확 63/236 D2_LastDitch_03/blue@perch_defense@s11 (5.3분)
[r1] 수확 64/236 D2_LastDitch_04/blue@perch_defense@s11 (5.3분)
[r1] 수확 65/236 D2_LastDitch_05/blue@perch_defense@s11 (5.3분)
[r1] 수확 66/236 E1_AdaptiveAce_00/blue@perch_defense@s11 (5.6분)
[r1] 수확 67/236 E1_AdaptiveAce_00/blue@perch_defense (5.6분)
[r1] 수확 68/236 E1_AdaptiveAce_06/blue@perch_defense (5.6분)
[r1] 수확 69/236 E1_AdaptiveAce_08/blue@perch_defense (5.7분)
[r1] 수확 70/236 E1_AdaptiveAce_06/blue@perch_defense@s11 (5.8분)
[r1] 수확 71/236 anchor_ace/blue@perch_defense (5.8분)
[r1] 수확 72/236 anchor_ace/blue@perch_defense@s11 (5.9분)
[r1] 수확 73/236 official_twocircle/blue@perch_defense@s11 (6.0분)
[r1] 수확 74/236 official_attacker/blue@perch_defense@s11 (6.0분)
[r1] 수확 75/236 E1_AdaptiveAce_08/blue@perch_defense@s11 (6.2분)
[r1] 수확 76/236 B1_EnergyFighter_06/red (6.2분)
[r1] 수확 77/236 E2_Passive_00/blue@perch_defense@s11 (6.2분)
[r1] 수확 78/236 E2_Passive_01/blue@perch_defense@s11 (6.2분)
[r1] 수확 79/236 anchor_aggressive/blue@perch_defense@s11 (6.3분)
[r1] 수확 80/236 C3_Lufbery_04/red (6.3분)
[r1] 수확 81/236 A2_GunTracker_03/blue@perch_defense (6.3분)
[r1] 수확 82/236 A2_GunTracker_11/blue@perch_defense (6.4분)
[r1] 수확 83/236 anchor_defensive/blue@perch_defense (6.4분)
[r1] 수확 84/236 anchor_simple/blue@perch_defense@s11 (6.4분)
[r1] 수확 85/236 B1_EnergyFighter_11/red (6.5분)
[r1] 수확 86/236 B1_EnergyFighter_08/red (6.5분)
[r1] 수확 87/236 official_energyfighter/blue@perch_defense@s11 (6.7분)
[r1] 수확 88/236 A2_GunTracker_03/blue@perch_defense@s3 (6.8분)
[r1] 수확 89/236 D3_Scissors_02/red (6.8분)
[r1] 수확 90/236 official_default/blue@perch_defense@s11 (6.9분)
[r1] 수확 91/236 A2_GunTracker_00/blue@perch_defense@s3 (7.0분)
[r1] 수확 92/236 A1_PurePursuer_00/blue@perch_defense@s3 (7.1분)
[r1] 수확 93/236 C1_TwoCircleRate_00/blue@perch_defense@s3 (7.1분)
[r1] 수확 94/236 A1_PurePursuer_02/blue@perch_defense@s3 (7.2분)
[r1] 수확 95/236 A2_GunTracker_06/blue@perch_defense@s3 (7.2분)
[r1] 수확 96/236 A1_PurePursuer_05/blue@perch_defense@s3 (7.2분)
[r1] 수확 97/236 C1_TwoCircleRate_01/blue@perch_defense@s3 (7.3분)
[r1] 수확 98/236 A1_PurePursuer_07/blue@perch_defense@s3 (7.3분)
[r1] 수확 99/236 A1_PurePursuer_09/blue@perch_defense@s3 (7.3분)
[r1] 수확 100/236 A2_GunTracker_11/blue@perch_defense@s3 (7.3분)
[r1] 수확 101/236 A2_GunTracker_08/blue@perch_defense@s3 (7.3분)
[r1] 수확 102/236 C1_TwoCircleRate_03/blue@perch_defense@s3 (7.4분)
[r1] 수확 103/236 C1_TwoCircleRate_04/blue@perch_defense@s3 (7.4분)
[r1] 수확 104/236 C1_TwoCircleRate_05/blue@perch_defense@s3 (7.4분)
[r1] 수확 105/236 C2_OneCircleRad_00/blue@perch_defense@s3 (7.4분)
[r1] 수확 106/236 C2_OneCircleRad_01/blue@perch_defense@s3 (7.5분)
[r1] 수확 107/236 C2_OneCircleRad_03/blue@perch_defense@s3 (7.5분)
[r1] 수확 108/236 C2_OneCircleRad_04/blue@perch_defense@s3 (7.5분)
[r1] 수확 109/236 C2_OneCircleRad_05/blue@perch_defense@s3 (7.6분)
[r1] 수확 110/236 D3_Scissors_01/red (7.6분)
[r1] 수확 111/236 A3_LagAngler_08/blue@perch_defense@s3 (7.8분)
[r1] 수확 112/236 A3_LagAngler_11/blue@perch_defense@s3 (7.9분)
[r1] 수확 113/236 redteam_allround/blue@perch_defense@s11 (8.8분)
[r1] 수확 114/236 D1_Reactive_06/blue@perch_defense@s3 (9.0분)
[r1] 수확 115/236 D1_Reactive_08/blue@perch_defense@s3 (9.1분)
[r1] 수확 116/236 D1_Reactive_11/blue@perch_defense@s3 (9.1분)
[r1] 수확 117/236 D1_Reactive_00/blue@perch_defense@s3 (9.2분)
[r1] 수확 118/236 D1_Reactive_03/blue@perch_defense@s3 (9.2분)
[r1] 수확 119/236 D2_LastDitch_00/blue@perch_defense@s3 (9.2분)
[r1] 수확 120/236 redteam_pressure/blue@perch_defense@s11 (9.3분)
[r1] 수확 121/236 D2_LastDitch_01/blue@perch_defense@s3 (9.6분)
[r1] 수확 122/236 D2_LastDitch_03/blue@perch_defense@s3 (9.6분)
[r1] 수확 123/236 redteam_energy/red@s11 (9.7분)
[r1] 수확 124/236 B2_Extender_08/blue@perch_defense@s3 (10.2분)
[r1] 수확 125/236 D2_LastDitch_04/blue@perch_defense@s3 (10.4분)
[r1] 수확 126/236 C3_Lufbery_06/blue@perch_defense@s11 (10.5분)
[r1] 수확 127/236 C3_Lufbery_08/blue@perch_defense@s11 (10.5분)
[r1] 수확 128/236 agents/champion128/blue@perch_defense@s3 (10.5분)
[r1] 수확 129/236 agents/champion128/blue@s3 (10.6분)
[r1] 수확 130/236 agents/champion128/red@s3 (10.6분)
[r1] 수확 131/236 official_headon/blue@perch_defense@s11 (10.6분)
[r1] 수확 132/236 agents/champion128_f33/blue@perch_defense@s3 (10.6분)
[r1] 수확 133/236 agents/champion128_f33/red@s3 (10.6분)
[r1] 수확 134/236 D2_LastDitch_05/blue@perch_defense@s3 (10.6분)
[r1] 수확 135/236 B2_Extender_04/blue@perch_defense@s3 (10.8분)
[r1] 수확 136/236 B2_Extender_02/blue@perch_defense@s3 (11.0분)
[r1] 수확 137/236 B2_Extender_00/blue@perch_defense (11.1분)
[r1] 수확 138/236 E2_Passive_00/blue@perch_defense@s3 (11.3분)
[r1] 수확 139/236 anchor_defensive/blue@perch_defense@s3 (11.4분)
[r1] 수확 140/236 E1_AdaptiveAce_06/blue@perch_defense@s3 (11.5분)
[r1] 수확 141/236 E1_AdaptiveAce_03/blue@perch_defense@s3 (11.9분)
[r1] 수확 142/236 E2_Passive_01/blue@perch_defense@s3 (12.0분)
[r1] 수확 143/236 anchor_ace/blue@perch_defense@s3 (12.0분)
[r1] 수확 144/236 E1_AdaptiveAce_11/blue@perch_defense@s3 (12.1분)
[r1] 수확 145/236 E1_AdaptiveAce_00/blue@perch_defense@s3 (12.2분)
[r1] 수확 146/236 anchor_aggressive/blue@perch_defense@s3 (12.2분)
[r1] 수확 147/236 anchor_simple/blue@perch_defense@s3 (12.4분)
[r1] 수확 148/236 A1_PurePursuer_00/blue@perch_defense@s7 (12.5분)
[r1] 수확 149/236 A1_PurePursuer_02/blue@perch_defense@s7 (12.6분)
[r1] 수확 150/236 A2_GunTracker_00/blue@perch_defense@s7 (12.6분)
[r1] 수확 151/236 A1_PurePursuer_05/blue@perch_defense@s7 (12.6분)
[r1] 수확 152/236 A1_PurePursuer_07/blue@perch_defense@s7 (12.8분)
[r1] 수확 153/236 A1_PurePursuer_09/blue@perch_defense@s7 (12.8분)
[r1] 수확 154/236 A2_GunTracker_03/blue@perch_defense@s7 (12.8분)
[r1] 수확 155/236 E1_AdaptiveAce_08/blue@perch_defense@s3 (12.8분)
[r1] 수확 156/236 official_energyfighter/blue@perch_defense@s3 (12.9분)
[r1] 수확 157/236 A2_GunTracker_06/blue@perch_defense@s7 (12.9분)
[r1] 수확 158/236 A2_GunTracker_08/blue@perch_defense@s7 (13.0분)
[r1] 수확 159/236 A2_GunTracker_11/blue@perch_defense@s7 (13.0분)
[r1] 수확 160/236 A3_LagAngler_08/blue@perch_defense@s7 (13.4분)
[r1] 수확 161/236 A3_LagAngler_11/blue@perch_defense@s7 (13.4분)
[r1] 수확 162/236 redteam_allround/blue@perch_defense@s3 (13.6분)
[r1] 수확 163/236 redteam_pressure/blue@perch_defense@s3 (13.8분)
[r1] 수확 164/236 B1_EnergyFighter_06/blue@perch_defense@s3 (14.0분)
[r1] 수확 165/236 A3_LagAngler_00/blue@perch_defense@s3 (14.1분)
[r1] 수확 166/236 A3_LagAngler_03/blue@perch_defense@s3 (14.1분)
[r1] 수확 167/236 A3_LagAngler_00/blue@perch_defense@s7 (14.2분)
[r1] 수확 168/236 B2_Extender_02/blue@perch_defense@s7 (14.2분)
[r1] 수확 169/236 A3_LagAngler_06/blue@perch_defense@s3 (14.3분)
[r1] 수확 170/236 A3_LagAngler_03/blue@perch_defense@s7 (14.3분)
[r1] 수확 171/236 A3_LagAngler_06/blue@perch_defense@s7 (14.3분)
[r1] 수확 172/236 B2_Extender_04/blue@perch_defense@s7 (14.4분)
[r1] 수확 173/236 B1_EnergyFighter_08/blue@perch_defense@s7 (14.6분)
[r1] 수확 174/236 B1_EnergyFighter_08/blue@perch_defense@s3 (14.6분)
[r1] 수확 175/236 B1_EnergyFighter_11/blue@perch_defense@s3 (14.6분)
[r1] 수확 176/236 B2_Extender_08/blue@perch_defense@s7 (14.6분)
[r1] 수확 177/236 official_twocircle/blue@perch_defense@s3 (14.7분)
[r1] 수확 178/236 B1_EnergyFighter_00/blue@perch_defense@s3 (14.9분)
[r1] 수확 179/236 D1_Reactive_00/blue@perch_defense@s7 (14.9분)
[r1] 수확 180/236 D1_Reactive_03/blue@perch_defense@s7 (14.9분)
[r1] 수확 181/236 B1_EnergyFighter_11/blue@perch_defense@s7 (15.0분)
[r1] 수확 182/236 D1_Reactive_06/blue@perch_defense@s7 (15.0분)
[r1] 수확 183/236 B1_EnergyFighter_03/blue@perch_defense@s3 (15.0분)
[r1] 수확 184/236 C3_Lufbery_06/blue@perch_defense@s3 (15.0분)
[r1] 수확 185/236 C3_Lufbery_04/blue@perch_defense@s3 (15.1분)
[r1] 수확 186/236 D1_Reactive_08/blue@perch_defense@s7 (15.1분)
[r1] 수확 187/236 D1_Reactive_11/blue@perch_defense@s7 (15.2분)
[r1] 수확 188/236 D2_LastDitch_00/blue@perch_defense@s7 (15.2분)
[r1] 수확 189/236 D2_LastDitch_01/blue@perch_defense@s7 (15.2분)
[r1] 수확 190/236 E2_Passive_00/red@perch_defense@s3 (15.3분)
[r1] 수확 191/236 D2_LastDitch_03/blue@perch_defense@s7 (15.3분)
[r1] 수확 192/236 agents/champion128/blue@perch_defense@s7 (15.3분)
[r1] 수확 193/236 agents/champion128_f33/blue@perch_defense@s7 (15.3분)
[r1] 수확 194/236 official_default/blue@perch_defense@s3 (15.4분)
[r1] 수확 195/236 agents/champion128_f33/red@s7 (15.4분)
[r1] 수확 196/236 C3_Lufbery_08/blue@perch_defense@s3 (15.4분)
[r1] 수확 197/236 C3_Lufbery_08/blue@perch_defense@s7 (15.4분)
[r1] 수확 198/236 E1_AdaptiveAce_03/blue@perch_defense@s7 (15.5분)
[r1] 수확 199/236 D2_LastDitch_05/blue@perch_defense@s7 (15.5분)
[r1] 수확 200/236 D2_LastDitch_04/blue@perch_defense@s7 (15.5분)
[r1] 수확 201/236 C3_Lufbery_02/blue@perch_defense@s7 (15.5분)
[r1] 수확 202/236 E1_AdaptiveAce_00/blue@perch_defense@s7 (15.5분)
[r1] 수확 203/236 E1_AdaptiveAce_06/blue@perch_defense@s7 (15.6분)
[r1] 수확 204/236 E1_AdaptiveAce_11/blue@perch_defense@s7 (15.6분)
[r1] 수확 205/236 E1_AdaptiveAce_08/blue@perch_defense@s7 (15.7분)
[r1] 수확 206/236 E2_Passive_01/red@perch_defense@s3 (15.7분)
[r1] 수확 207/236 anchor_defensive/blue@perch_defense@s7 (15.7분)
[r1] 수확 208/236 E2_Passive_00/blue@perch_defense@s7 (15.7분)
[r1] 수확 209/236 E2_Passive_01/blue@perch_defense@s7 (15.7분)
[r1] 수확 210/236 anchor_ace/blue@perch_defense@s7 (15.7분)
[r1] 수확 211/236 C3_Lufbery_00/blue@perch_defense@s3 (15.8분)
[r1] 수확 212/236 anchor_aggressive/blue@perch_defense@s7 (15.8분)
[r1] 수확 213/236 anchor_simple/blue@perch_defense@s7 (15.8분)
[r1] 수확 214/236 C3_Lufbery_02/blue@perch_defense@s3 (15.8분)
[r1] 수확 215/236 official_attacker/blue@perch_defense@s7 (15.9분)
[r1] 수확 216/236 official_default/blue@perch_defense@s7 (15.9분)
[r1] 수확 217/236 official_headon/blue@perch_defense@s7 (15.9분)
[r1] 수확 218/236 redteam_allround/blue@perch_defense@s7 (15.9분)
[r1] 수확 219/236 official_energyfighter/blue@perch_defense@s7 (16.0분)
[r1] 수확 220/236 redteam_pressure/blue@perch_defense@s7 (16.0분)
[r1] 수확 221/236 D3_Scissors_02/blue@perch_defense@s3 (16.1분)
[r1] 수확 222/236 D3_Scissors_01/blue@perch_defense@s3 (16.4분)
[r1] 수확 223/236 redteam_energy/blue@perch_defense@s11 (17.0분)
[r1] 수확 224/236 D3_Scissors_00/blue@perch_defense@s3 (17.3분)
[r1] 수확 225/236 official_twocircle/blue@perch_defense@s7 (18.0분)
[r1] 수확 226/236 C3_Lufbery_06/blue@perch_defense@s7 (18.7분)
[r1] 수확 227/236 D3_Scissors_02/blue@perch_defense@s7 (19.7분)
[r1] 수확 228/236 D3_Scissors_01/blue@perch_defense@s7 (20.3분)
[r1] 수확 229/236 D3_Scissors_00/blue@perch_defense@s7 (20.4분)
[r1] 수확 230/236 B1_EnergyFighter_06/blue@perch_defense@s7 (20.9분)
[r1] 수확 231/236 C3_Lufbery_04/blue@perch_defense@s7 (22.4분)
[r1] 수확 232/236 B2_Extender_00/blue@perch_defense@s7 (23.1분)
[r1] 수확 233/236 B1_EnergyFighter_00/blue@perch_defense@s7 (23.4분)
[r1] 수확 234/236 B1_EnergyFighter_03/blue@perch_defense@s7 (23.5분)
[r1] 수확 235/236 C3_Lufbery_00/blue@perch_defense@s7 (24.4분)
[r1] 수확 236/236 redteam_energy/blue@perch_defense@s7 (26.3분)
[r1] 신규 문장 0 — 증인 소진 0건, 중단
