[r1] 855승 / 반례 345  (격자 8칸 × 슬롯 150)
[r1] 수확: A2_GunTracker_08/blue (@68s)
[r1] 재수확(조건 불일치): B1_EnergyFighter_06/red
[r1] 수확: B1_EnergyFighter_06/red (@225s)
[r1] 재수확(조건 불일치): B1_EnergyFighter_08/red
[r1] 수확: B1_EnergyFighter_08/red (@225s)
[r1] 재수확(조건 불일치): B1_EnergyFighter_11/red
[r1] 수확: B1_EnergyFighter_11/red (@225s)
[r1] 수확: C3_Lufbery_04/blue (@248s)
[r1] 재수확(조건 불일치): C3_Lufbery_04/red
[r1] 수확: C3_Lufbery_04/red (@225s)
[r1] 수확: D1_Reactive_06/blue (@300s)
[r1] 재수확(조건 불일치): D1_Reactive_06/red
[r1] 수확: D1_Reactive_06/red (@94s)
[r1] 수확: D1_Reactive_08/blue (@160s)
[r1] 재수확(조건 불일치): D1_Reactive_08/red
[r1] 수확: D1_Reactive_08/red (@149s)
[r1] 수확: D1_Reactive_11/blue (@160s)
[r1] 재수확(조건 불일치): D1_Reactive_11/red
[r1] 수확: D1_Reactive_11/red (@149s)
[r1] 재수확(조건 불일치): D3_Scissors_01/red
[r1] 수확: D3_Scissors_01/red (@299s)
[r1] 재수확(조건 불일치): D3_Scissors_02/red
[r1] 수확: D3_Scissors_02/red (@300s)
[r1] 재수확(조건 불일치): E1_AdaptiveAce_00/blue
[r1] 수확: E1_AdaptiveAce_00/blue (@77s)
[r1] 수확: E1_AdaptiveAce_00/red (@77s)
[r1] 재수확(조건 불일치): E1_AdaptiveAce_08/blue
[r1] 수확: E1_AdaptiveAce_08/blue (@105s)
[r1] 수확: E1_AdaptiveAce_08/red (@104s)
[r1] 수확: official_controlzone/blue (@36s)
[r1] 수확: official_controlzone/red (@36s)
[r1] 수확: official_default/blue (@201s)
[r1] 수확: A1_PurePursuer_00/blue@s3 (@51s)
[r1] 수확: A1_PurePursuer_00/red@s3 (@34s)
[r1] 수확: A1_PurePursuer_02/blue@s3 (@51s)
[r1] 수확: A1_PurePursuer_02/red@s3 (@34s)
[r1] 수확: A1_PurePursuer_05/blue@s3 (@51s)
[r1] 수확: A1_PurePursuer_05/red@s3 (@34s)
[r1] 수확: A1_PurePursuer_07/blue@s3 (@51s)
[r1] 수확: A1_PurePursuer_07/red@s3 (@34s)
[r1] 수확: A1_PurePursuer_09/blue@s3 (@51s)
[r1] 수확: A1_PurePursuer_09/red@s3 (@34s)
[r1] 수확: A2_GunTracker_00/blue@s3 (@50s)
[r1] 수확: A2_GunTracker_00/red@s3 (@33s)
[r1] 수확: A2_GunTracker_03/blue@s3 (@49s)
[r1] 수확: A2_GunTracker_03/red@s3 (@33s)
[r1] 수확: A2_GunTracker_06/blue@s3 (@50s)
[r1] 수확: A2_GunTracker_06/red@s3 (@33s)
[r1] 수확: A2_GunTracker_08/blue@s3 (@50s)
[r1] 수확: A2_GunTracker_08/red@s3 (@34s)
[r1] 수확: A2_GunTracker_11/blue@s3 (@49s)
[r1] 수확: A2_GunTracker_11/red@s3 (@33s)
[r1] 수확: A3_LagAngler_00/blue@s3 (@89s)
[r1] 수확: A3_LagAngler_03/blue@s3 (@89s)
[r1] 수확: A3_LagAngler_06/blue@s3 (@89s)
[r1] 수확: A3_LagAngler_08/blue@s3 (@51s)
[r1] 수확: A3_LagAngler_08/red@s3 (@35s)
[r1] 수확: A3_LagAngler_11/blue@s3 (@51s)
[r1] 수확: A3_LagAngler_11/red@s3 (@35s)
[r1] 수확: D2_LastDitch_04/blue@s3 (@116s)
[r1] 수확: D2_LastDitch_05/blue@s3 (@116s)
[r1] 수확: D3_Scissors_01/red@s3 (@63s)
[r1] 수확: E2_Passive_00/blue@s3 (@145s)
[r1] 수확: E2_Passive_01/blue@s3 (@145s)
[r1] 수확: anchor_aggressive/blue@s3 (@51s)
[r1] 수확: anchor_aggressive/red@s3 (@34s)
[r1] 수확: anchor_simple/blue@s3 (@51s)
[r1] 수확: anchor_simple/red@s3 (@34s)
[r1] 수확: official_attacker/blue@s3 (@55s)
[r1] 수확: official_attacker/red@s3 (@35s)
[r1] 수확: official_energyfighter/blue@s3 (@45s)
[r1] 수확: official_twocircle/red@s3 (@131s)
[r1] 수확: official_controlzone/red@s3 (@35s)
[r1] 수확: redteam_allround/blue@s3 (@63s)
[r1] 수확: redteam_energy/blue@s3 (@248s)
[r1] 수확: redteam_energy/red@s3 (@148s)
[r1] 수확: redteam_pressure/blue@s3 (@51s)
[r1] 수확: redteam_pressure/red@s3 (@34s)
[r1] 수확: agents/champion128/blue@s3 (@66s)
[r1] 수확: agents/champion128/red@s3 (@35s)
[r1] 수확: agents/champion128_f33/red@s3 (@35s)
[r1] 수확: A1_PurePursuer_00/blue@s7 (@300s)
[r1] 수확: A1_PurePursuer_00/red@s7 (@50s)
[r1] 수확: A1_PurePursuer_02/blue@s7 (@300s)
[r1] 수확: A1_PurePursuer_02/red@s7 (@50s)
[r1] 수확: A1_PurePursuer_05/blue@s7 (@300s)
[r1] 수확: A1_PurePursuer_05/red@s7 (@50s)
[r1] 수확: A1_PurePursuer_07/blue@s7 (@300s)
[r1] 수확: A1_PurePursuer_07/red@s7 (@50s)
[r1] 수확: A1_PurePursuer_09/blue@s7 (@300s)
[r1] 수확: A1_PurePursuer_09/red@s7 (@50s)
[r1] 수확: A2_GunTracker_00/blue@s7 (@34s)
[r1] 수확: A2_GunTracker_00/red@s7 (@52s)
[r1] 수확: A2_GunTracker_03/blue@s7 (@34s)
[r1] 수확: A2_GunTracker_06/blue@s7 (@34s)
[r1] 수확: A2_GunTracker_06/red@s7 (@52s)
[r1] 수확: A2_GunTracker_08/blue@s7 (@34s)
[r1] 수확: A2_GunTracker_08/red@s7 (@51s)
[r1] 수확: A2_GunTracker_11/blue@s7 (@34s)
[r1] 수확: A3_LagAngler_00/blue@s7 (@300s)
[r1] 수확: A3_LagAngler_00/red@s7 (@300s)
[r1] 수확: A3_LagAngler_03/blue@s7 (@300s)
[r1] 수확: A3_LagAngler_03/red@s7 (@300s)
[r1] 수확: A3_LagAngler_06/blue@s7 (@300s)
[r1] 수확: A3_LagAngler_06/red@s7 (@300s)
[r1] 수확: A3_LagAngler_08/blue@s7 (@138s)
[r1] 수확: A3_LagAngler_08/red@s7 (@50s)
[r1] 수확: A3_LagAngler_11/blue@s7 (@138s)
[r1] 수확: A3_LagAngler_11/red@s7 (@50s)
[r1] 수확: D1_Reactive_00/blue@s7 (@201s)
[r1] 수확: D1_Reactive_03/blue@s7 (@201s)
[r1] 수확: D2_LastDitch_03/blue@s7 (@99s)
[r1] 수확: E2_Passive_00/blue@s7 (@30s)
[r1] 수확: E2_Passive_01/blue@s7 (@30s)
[r1] 수확: anchor_aggressive/blue@s7 (@300s)
[r1] 수확: anchor_aggressive/red@s7 (@50s)
[r1] 수확: anchor_simple/blue@s7 (@300s)
[r1] 수확: anchor_simple/red@s7 (@50s)
[r1] 수확: official_attacker/blue@s7 (@53s)
[r1] 수확: official_twocircle/red@s7 (@33s)
[r1] 수확: redteam_allround/blue@s7 (@225s)
[r1] 수확: redteam_energy/red@s7 (@122s)
[r1] 수확: redteam_pressure/blue@s7 (@300s)
[r1] 수확: redteam_pressure/red@s7 (@50s)
[r1] 수확: agents/champion128_f33/red@s7 (@101s)
[r1] 수확: A2_GunTracker_08/blue@s11 (@214s)
[r1] 수확: B2_Extender_00/red@s11 (@158s)
[r1] 수확: B2_Extender_08/red@s11 (@219s)
[r1] 수확: E2_Passive_00/red@s11 (@43s)
[r1] 수확: E2_Passive_01/red@s11 (@43s)
[r1] 수확: official_attacker/blue@s11 (@94s)
[r1] 수확: official_energyfighter/red@s11 (@35s)
[r1] 수확: official_twocircle/red@s11 (@35s)
[r1] 수확: official_headon/blue@s11 (@162s)
[r1] 수확: official_headon/red@s11 (@300s)
Traceback (most recent call last):
  File "<frozen runpy>", line 198, in _run_module_as_main
  File "<frozen runpy>", line 88, in _run_code
  File "C:\Users\USER\Desktop\AI-pilot\core2\research\cegis_daemon.py", line 360, in <module>
    raise SystemExit(main())
                     ~~~~^^
  File "C:\Users\USER\Desktop\AI-pilot\core2\research\cegis_daemon.py", line 259, in main
    I.claim_generation_dir(work)
    ~~~~~~~~~~~~~~~~~~~~~~^^^^^^
  File "C:\Users\USER\Desktop\AI-pilot\core2\research\pipeline_invariants.py", line 180, in claim_generation_dir
    raise FileExistsError(
        f"세대 폴더가 비어있지 않음: {path} — 새 세대명을 쓰거나 기존을 "
        "이름 변경 보존하십시오 (v2 세대 소실 사고 재발 방지)")
FileExistsError: 세대 폴더가 비어있지 않음: C:\Users\USER\Desktop\AI-pilot\core2\research\campaigns\daemon_g39 — 새 세대명을 쓰거나 기존을 이름 변경 보존하십시오 (v2 세대 소실 사고 재발 방지)
