[M1 불변식] 실행 — 파이프라인 함정 기계검사(항상 실행)
........                                                                 [100%]
8 passed in 12.59s
[플레인 기저] 실행 — gun20 기저 128판 + 구름 덤프
[폐루프(데몬)] 실행 — F-좌표 문장 귀납·무인 수렴
[다이어트] 실행 — 발화 스케줄 불변 증명 하의 축 축소
[YAML 번역] 실행 — agents/champion128_t1.yaml 재생성(항상 — 문장 정본과 동기화)
9문장 → agents/champion128_t1.yaml
[게이트] 실행 — YAML 128판 실측 + 패리티(항상 실행)
— 게이트 통계:
판수 112  112승 0무 0패
격추승 108 / 판정 4
HPΔ 평균 +34.4  중앙 +34.6  최소 +0.3  최대 +77.1
격추 시각 평균 71s  중앙 44s
— 패리티(YAML vs 연구):
framework_t1s9_gate.log 112판  vs  framework_t1s9_research.log 112판  — 불일치 0건
[검증(val)] 실행 — roster/val_s9.txt 홀드아웃 성적(훈련 미유입)
— 검증(홀드아웃) 통계:
판수 36  31승 2무 3패
격추승 36 / 판정 0
HPΔ 평균 +30.5  중앙 +29.6  최소 -18.6  최대 +83.1
격추 시각 평균 65s  중앙 44s
비승리: ['E1_AdaptiveAce_03/red', 'official_twocircle/blue', 'official_twocircle/red', 'agents/champion128_f33/blue', 'agents/champion128_f33/red']

완료 — 문장 정본 research\data\blueteam\induced_rules_t1s9_slim.json, 실행형 agents/champion128_t1.yaml, 게이트 로그 research\replays\logs\framework_t1s9_gate.log
