단위 1개 × 슬롯 150 = 총 150판   워커 1
  [1/1] headon s0 (5.9분 경과)

국면           시드     판     승    무    패
headon        0   150   119    0   31
합계                150   119    0   31   승률 79.3%  불패율 79.3%

패배가 나온 슬롯 31개 (IC 중 몇 번 졌나):
  A1_PurePursuer_00/red                  패   1/1    무   0  승   0
  A1_PurePursuer_02/red                  패   1/1    무   0  승   0
  A1_PurePursuer_05/red                  패   1/1    무   0  승   0
  A1_PurePursuer_07/red                  패   1/1    무   0  승   0
  A1_PurePursuer_09/red                  패   1/1    무   0  승   0
  A2_GunTracker_00/red                   패   1/1    무   0  승   0
  A2_GunTracker_03/red                   패   1/1    무   0  승   0
  A2_GunTracker_06/red                   패   1/1    무   0  승   0
  A2_GunTracker_08/red                   패   1/1    무   0  승   0
  A3_LagAngler_00/blue                   패   1/1    무   0  승   0
  A3_LagAngler_03/blue                   패   1/1    무   0  승   0
  A3_LagAngler_06/blue                   패   1/1    무   0  승   0
  A3_LagAngler_08/red                    패   1/1    무   0  승   0
  A3_LagAngler_11/red                    패   1/1    무   0  승   0
  D2_LastDitch_03/blue                   패   1/1    무   0  승   0
  D3_Scissors_00/blue                    패   1/1    무   0  승   0
  D3_Scissors_01/blue                    패   1/1    무   0  승   0
  D3_Scissors_02/blue                    패   1/1    무   0  승   0
  E2_Passive_00/blue                     패   1/1    무   0  승   0
  E2_Passive_01/blue                     패   1/1    무   0  승   0
  anchor_aggressive/red                  패   1/1    무   0  승   0
  anchor_simple/red                      패   1/1    무   0  승   0
  official_attacker/blue                 패   1/1    무   0  승   0
  official_twocircle/red                 패   1/1    무   0  승   0
  official_controlzone/blue              패   1/1    무   0  승   0
  … 외 6개
