#CONFIG basefn=gun20 surgical=1 rulebox=induced_rules_t3full_verified.json rulesel=0 refuse=auto
=== 루프19 점수-장부 게이트: refuse=auto scope=subset (near>1.0 floor8.0 edge12.0 hot45.0 rng4500 pursue<0.6@12s) ===
  상대/측                          결과      HPΔ     거부     첫발화     장부오차  cond


     JSBSim Flight Dynamics Model v1.3.1 [GitHub build 1837/commit 3b25f25e49b42d0489c04ac805674fc1450ca579] May 17 2026 14:28:34
            [JSBSim-ML v2.0]

JSBSim startup beginning ...

Engine location ignored, only thruster location is used.
Engine orientation ignored, only thruster orientation is used.
Engine location ignored, only thruster location is used.
Engine orientation ignored, only thruster orientation is used.
  A1_PurePursuer_00/blue         승    +19.2      0       -     +0.0  포기0  health_zero@33s
Engine location ignored, only thruster location is used.
Engine orientation ignored, only thruster orientation is used.
Engine location ignored, only thruster location is used.
Engine orientation ignored, only thruster orientation is used.
  A1_PurePursuer_00/red          승    +19.1      0       -     +0.0  포기0  health_zero@33s
Engine location ignored, only thruster location is used.
Engine orientation ignored, only thruster orientation is used.
Engine location ignored, only thruster location is used.
Engine orientation ignored, only thruster orientation is used.
  A1_PurePursuer_02/blue         승    +19.2      0       -     +0.0  포기0  health_zero@33s
Engine location ignored, only thruster location is used.
Engine orientation ignored, only thruster orientation is used.
Engine location ignored, only thruster location is used.
Engine orientation ignored, only thruster orientation is used.
  A1_PurePursuer_02/red          승    +19.1      0       -     +0.0  포기0  health_zero@33s
Engine location ignored, only thruster location is used.
Engine orientation ignored, only thruster orientation is used.
Engine location ignored, only thruster location is used.
Engine orientation ignored, only thruster orientation is used.
  A1_PurePursuer_05/blue         승    +19.2      0       -     +0.0  포기0  health_zero@33s
Engine location ignored, only thruster location is used.
Engine orientation ignored, only thruster orientation is used.
Engine location ignored, only thruster location is used.
Engine orientation ignored, only thruster orientation is used.
  A1_PurePursuer_05/red          승    +19.1      0       -     +0.0  포기0  health_zero@33s
Engine location ignored, only thruster location is used.
Engine orientation ignored, only thruster orientation is used.
Engine location ignored, only thruster location is used.
Engine orientation ignored, only thruster orientation is used.
  A1_PurePursuer_07/blue         승    +19.2      0       -     +0.0  포기0  health_zero@33s
Engine location ignored, only thruster location is used.
Engine orientation ignored, only thruster orientation is used.
Engine location ignored, only thruster location is used.
Engine orientation ignored, only thruster orientation is used.
  A1_PurePursuer_07/red          승    +19.1      0       -     +0.0  포기0  health_zero@33s
Engine location ignored, only thruster location is used.
Engine orientation ignored, only thruster orientation is used.
Engine location ignored, only thruster location is used.
Engine orientation ignored, only thruster orientation is used.
  A1_PurePursuer_09/blue         승    +19.2      0       -     +0.0  포기0  health_zero@33s
Engine location ignored, only thruster location is used.
Engine orientation ignored, only thruster orientation is used.
Engine location ignored, only thruster location is used.
Engine orientation ignored, only thruster orientation is used.
  A1_PurePursuer_09/red          승    +19.1      0       -     +0.0  포기0  health_zero@33s
Engine location ignored, only thruster location is used.
Engine orientation ignored, only thruster orientation is used.
Engine location ignored, only thruster location is used.
Engine orientation ignored, only thruster orientation is used.
  A2_GunTracker_00/blue          패     -4.2      0       -     +0.2  포기0  health_zero@55s
Engine location ignored, only thruster location is used.
Engine orientation ignored, only thruster orientation is used.
Engine location ignored, only thruster location is used.
Engine orientation ignored, only thruster orientation is used.
  A2_GunTracker_00/red           패     -4.3      0       -     +0.1  포기0  health_zero@55s
Engine location ignored, only thruster location is used.
Engine orientation ignored, only thruster orientation is used.
Engine location ignored, only thruster location is used.
Engine orientation ignored, only thruster orientation is used.
  A2_GunTracker_03/blue          패     -5.9      0       -     -0.3  포기0  health_zero@55s
Engine location ignored, only thruster location is used.
Engine orientation ignored, only thruster orientation is used.
Engine location ignored, only thruster location is used.
Engine orientation ignored, only thruster orientation is used.
  A2_GunTracker_03/red           패     -6.0      0       -     +0.2  포기0  health_zero@55s
Engine location ignored, only thruster location is used.
Engine orientation ignored, only thruster orientation is used.
Engine location ignored, only thruster location is used.
Engine orientation ignored, only thruster orientation is used.
  A2_GunTracker_06/blue          패     -4.2      0       -     +0.2  포기0  health_zero@55s
Engine location ignored, only thruster location is used.
Engine orientation ignored, only thruster orientation is used.
Engine location ignored, only thruster location is used.
Engine orientation ignored, only thruster orientation is used.
  A2_GunTracker_06/red           패     -4.3      0       -     +0.1  포기0  health_zero@55s
Engine location ignored, only thruster location is used.
Engine orientation ignored, only thruster orientation is used.
Engine location ignored, only thruster location is used.
Engine orientation ignored, only thruster orientation is used.
  A2_GunTracker_08/blue          패     -3.8      0       -     +0.6  포기0  health_zero@55s
Engine location ignored, only thruster location is used.
Engine orientation ignored, only thruster orientation is used.
Engine location ignored, only thruster location is used.
Engine orientation ignored, only thruster orientation is used.
  A2_GunTracker_08/red           패     -4.2      0       -     +0.2  포기0  health_zero@55s
Engine location ignored, only thruster location is used.
Engine orientation ignored, only thruster orientation is used.
Engine location ignored, only thruster location is used.
Engine orientation ignored, only thruster orientation is used.
  A2_GunTracker_11/blue          패     -4.9      0       -     +0.1  포기0  health_zero@55s
Engine location ignored, only thruster location is used.
Engine orientation ignored, only thruster orientation is used.
Engine location ignored, only thruster location is used.
Engine orientation ignored, only thruster orientation is used.
  A2_GunTracker_11/red           패     -5.8      0       -     +0.4  포기0  health_zero@55s
Engine location ignored, only thruster location is used.
Engine orientation ignored, only thruster orientation is used.
Engine location ignored, only thruster location is used.
Engine orientation ignored, only thruster orientation is used.
  A3_LagAngler_00/blue           승    +32.1      0       -     +0.6  포기0  health_zero@33s
Engine location ignored, only thruster location is used.
Engine orientation ignored, only thruster orientation is used.
Engine location ignored, only thruster location is used.
Engine orientation ignored, only thruster orientation is used.
  A3_LagAngler_00/red            승    +31.9      0       -     +0.6  포기0  health_zero@33s
Engine location ignored, only thruster location is used.
Engine orientation ignored, only thruster orientation is used.
Engine location ignored, only thruster location is used.
Engine orientation ignored, only thruster orientation is used.
  A3_LagAngler_03/blue           승    +32.1      0       -     +0.6  포기0  health_zero@33s
Engine location ignored, only thruster location is used.
Engine orientation ignored, only thruster orientation is used.
Engine location ignored, only thruster location is used.
Engine orientation ignored, only thruster orientation is used.
  A3_LagAngler_03/red            승    +31.9      0       -     +0.6  포기0  health_zero@33s
Engine location ignored, only thruster location is used.
Engine orientation ignored, only thruster orientation is used.
Engine location ignored, only thruster location is used.
Engine orientation ignored, only thruster orientation is used.
  A3_LagAngler_06/blue           승    +32.1      0       -     +0.6  포기0  health_zero@33s
Engine location ignored, only thruster location is used.
Engine orientation ignored, only thruster orientation is used.
Engine location ignored, only thruster location is used.
Engine orientation ignored, only thruster orientation is used.
  A3_LagAngler_06/red            승    +31.9      0       -     +0.6  포기0  health_zero@33s
Engine location ignored, only thruster location is used.
Engine orientation ignored, only thruster orientation is used.
Engine location ignored, only thruster location is used.
Engine orientation ignored, only thruster orientation is used.
  A3_LagAngler_08/blue           승    +32.8      0       -     +0.6  포기0  health_zero@33s
Engine location ignored, only thruster location is used.
Engine orientation ignored, only thruster orientation is used.
Engine location ignored, only thruster location is used.
Engine orientation ignored, only thruster orientation is used.
  A3_LagAngler_08/red            승    +31.0      0       -     +0.6  포기0  health_zero@33s
Engine location ignored, only thruster location is used.
Engine orientation ignored, only thruster orientation is used.
Engine location ignored, only thruster location is used.
Engine orientation ignored, only thruster orientation is used.
  A3_LagAngler_11/blue           승    +32.8      0       -     +0.6  포기0  health_zero@33s
Engine location ignored, only thruster location is used.
Engine orientation ignored, only thruster orientation is used.
Engine location ignored, only thruster location is used.
Engine orientation ignored, only thruster orientation is used.
  A3_LagAngler_11/red            승    +31.0      0       -     +0.6  포기0  health_zero@33s
Engine location ignored, only thruster location is used.
Engine orientation ignored, only thruster orientation is used.
Engine location ignored, only thruster location is used.
Engine orientation ignored, only thruster orientation is used.
  B1_EnergyFighter_00/blue       승     +8.5      1     36s     -1.1  포기0  timeout@300s
Engine location ignored, only thruster location is used.
Engine orientation ignored, only thruster orientation is used.
Engine location ignored, only thruster location is used.
Engine orientation ignored, only thruster orientation is used.
  B1_EnergyFighter_00/red        승     +8.0      1     36s     -1.1  포기0  timeout@300s
Engine location ignored, only thruster location is used.
Engine orientation ignored, only thruster orientation is used.
Engine location ignored, only thruster location is used.
Engine orientation ignored, only thruster orientation is used.
  B1_EnergyFighter_03/blue       승     +8.5      1     36s     -1.1  포기0  timeout@300s
Engine location ignored, only thruster location is used.
Engine orientation ignored, only thruster orientation is used.
Engine location ignored, only thruster location is used.
Engine orientation ignored, only thruster orientation is used.
  B1_EnergyFighter_03/red        승     +8.0      1     36s     -1.1  포기0  timeout@300s
Engine location ignored, only thruster location is used.
Engine orientation ignored, only thruster orientation is used.
Engine location ignored, only thruster location is used.
Engine orientation ignored, only thruster orientation is used.
  B1_EnergyFighter_06/blue       승    +22.1    673    106s     +0.1  포기1  timeout@300s
Engine location ignored, only thruster location is used.
Engine orientation ignored, only thruster orientation is used.
Engine location ignored, only thruster location is used.
Engine orientation ignored, only thruster orientation is used.
  B1_EnergyFighter_06/red        패    -40.8    586    105s     -0.8  포기1  health_zero@225s
Engine location ignored, only thruster location is used.
Engine orientation ignored, only thruster orientation is used.
Engine location ignored, only thruster location is used.
Engine orientation ignored, only thruster orientation is used.
  B1_EnergyFighter_08/blue       승    +22.1    673    106s     +0.1  포기1  timeout@300s
Engine location ignored, only thruster location is used.
Engine orientation ignored, only thruster orientation is used.
Engine location ignored, only thruster location is used.
Engine orientation ignored, only thruster orientation is used.
  B1_EnergyFighter_08/red        패    -40.8    586    105s     -0.8  포기1  health_zero@225s
Engine location ignored, only thruster location is used.
Engine orientation ignored, only thruster orientation is used.
Engine location ignored, only thruster location is used.
Engine orientation ignored, only thruster orientation is used.
  B1_EnergyFighter_11/blue       승    +22.1    673    106s     +0.1  포기1  timeout@300s
Engine location ignored, only thruster location is used.
Engine orientation ignored, only thruster orientation is used.
Engine location ignored, only thruster location is used.
Engine orientation ignored, only thruster orientation is used.
  B1_EnergyFighter_11/red        패    -40.8    586    105s     -0.8  포기1  health_zero@225s
Engine location ignored, only thruster location is used.
Engine orientation ignored, only thruster orientation is used.
Engine location ignored, only thruster location is used.
Engine orientation ignored, only thruster orientation is used.
  B2_Extender_00/blue            승    +34.7      0       -     -0.4  포기0  timeout@300s
Engine location ignored, only thruster location is used.
Engine orientation ignored, only thruster orientation is used.
Engine location ignored, only thruster location is used.
Engine orientation ignored, only thruster orientation is used.
  B2_Extender_00/red             승    +31.1      0       -     -0.8  포기0  timeout@300s
Engine location ignored, only thruster location is used.
Engine orientation ignored, only thruster orientation is used.
Engine location ignored, only thruster location is used.
Engine orientation ignored, only thruster orientation is used.
  B2_Extender_02/blue            승    +86.1      0       -     -0.6  포기0  health_zero@157s
Engine location ignored, only thruster location is used.
Engine orientation ignored, only thruster orientation is used.
Engine location ignored, only thruster location is used.
Engine orientation ignored, only thruster orientation is used.
  B2_Extender_02/red             승    +68.1      0       -     -1.2  포기0  health_zero@158s
Engine location ignored, only thruster location is used.
Engine orientation ignored, only thruster orientation is used.
Engine location ignored, only thruster location is used.
Engine orientation ignored, only thruster orientation is used.
  B2_Extender_04/blue            승    +86.1      0       -     +0.6  포기0  health_zero@288s
Engine location ignored, only thruster location is used.
Engine orientation ignored, only thruster orientation is used.
Engine location ignored, only thruster location is used.
Engine orientation ignored, only thruster orientation is used.
  B2_Extender_04/red             승    +86.6      0       -     -0.6  포기0  health_zero@199s
Engine location ignored, only thruster location is used.
Engine orientation ignored, only thruster orientation is used.
Engine location ignored, only thruster location is used.
Engine orientation ignored, only thruster orientation is used.
  B2_Extender_06/blue            승    +28.9      0       -     -0.6  포기0  health_zero@66s
Engine location ignored, only thruster location is used.
Engine orientation ignored, only thruster orientation is used.
Engine location ignored, only thruster location is used.
Engine orientation ignored, only thruster orientation is used.
  B2_Extender_06/red             승    +36.1      0       -     -0.6  포기0  health_zero@67s
Engine location ignored, only thruster location is used.
Engine orientation ignored, only thruster orientation is used.
Engine location ignored, only thruster location is used.
Engine orientation ignored, only thruster orientation is used.
  B2_Extender_08/blue            승    +86.0      0       -     +0.0  포기0  health_zero@106s
Engine location ignored, only thruster location is used.
Engine orientation ignored, only thruster orientation is used.
Engine location ignored, only thruster location is used.
Engine orientation ignored, only thruster orientation is used.
  B2_Extender_08/red             승    +81.4      0       -     +0.0  포기0  health_zero@112s
Engine location ignored, only thruster location is used.
Engine orientation ignored, only thruster orientation is used.
Engine location ignored, only thruster location is used.
Engine orientation ignored, only thruster orientation is used.
  C1_TwoCircleRate_00/blue       승    +13.6     18     37s     -1.9  포기0  health_zero@198s
Engine location ignored, only thruster location is used.
Engine orientation ignored, only thruster orientation is used.
Engine location ignored, only thruster location is used.
Engine orientation ignored, only thruster orientation is used.
  C1_TwoCircleRate_00/red        패     -8.5     17     37s     -0.9  포기0  timeout@300s
Engine location ignored, only thruster location is used.
Engine orientation ignored, only thruster orientation is used.
Engine location ignored, only thruster location is used.
Engine orientation ignored, only thruster orientation is used.
  C1_TwoCircleRate_01/blue       승    +13.6     18     37s     -1.9  포기0  health_zero@198s
Engine location ignored, only thruster location is used.
Engine orientation ignored, only thruster orientation is used.
Engine location ignored, only thruster location is used.
Engine orientation ignored, only thruster orientation is used.
  C1_TwoCircleRate_01/red        패     -8.5     17     37s     -0.9  포기0  timeout@300s
Engine location ignored, only thruster location is used.
Engine orientation ignored, only thruster orientation is used.
Engine location ignored, only thruster location is used.
Engine orientation ignored, only thruster orientation is used.
  C1_TwoCircleRate_03/blue       패     -5.0     58     36s     -1.3  포기1  health_zero@114s
Engine location ignored, only thruster location is used.
Engine orientation ignored, only thruster orientation is used.
Engine location ignored, only thruster location is used.
Engine orientation ignored, only thruster orientation is used.
  C1_TwoCircleRate_03/red        패     -3.6     15     37s     -0.5  포기0  health_zero@73s
Engine location ignored, only thruster location is used.
Engine orientation ignored, only thruster orientation is used.
Engine location ignored, only thruster location is used.
Engine orientation ignored, only thruster orientation is used.
  C1_TwoCircleRate_04/blue       패     -5.0     58     36s     -1.3  포기1  health_zero@114s
Engine location ignored, only thruster location is used.
Engine orientation ignored, only thruster orientation is used.
Engine location ignored, only thruster location is used.
Engine orientation ignored, only thruster orientation is used.
  C1_TwoCircleRate_04/red        패     -3.6     15     37s     -0.5  포기0  health_zero@73s
Engine location ignored, only thruster location is used.
Engine orientation ignored, only thruster orientation is used.
Engine location ignored, only thruster location is used.
Engine orientation ignored, only thruster orientation is used.
  C1_TwoCircleRate_05/blue       패     -5.0     58     36s     -1.3  포기1  health_zero@114s
Engine location ignored, only thruster location is used.
Engine orientation ignored, only thruster orientation is used.
Engine location ignored, only thruster location is used.
Engine orientation ignored, only thruster orientation is used.
  C1_TwoCircleRate_05/red        패     -3.6     15     37s     -0.5  포기0  health_zero@73s
Engine location ignored, only thruster location is used.
Engine orientation ignored, only thruster orientation is used.
Engine location ignored, only thruster location is used.
Engine orientation ignored, only thruster orientation is used.
  C2_OneCircleRad_00/blue        승    +13.6     18     37s     -1.9  포기0  health_zero@198s
Engine location ignored, only thruster location is used.
Engine orientation ignored, only thruster orientation is used.
Engine location ignored, only thruster location is used.
Engine orientation ignored, only thruster orientation is used.
  C2_OneCircleRad_00/red         패     -8.5     17     37s     -0.9  포기0  timeout@300s
Engine location ignored, only thruster location is used.
Engine orientation ignored, only thruster orientation is used.
Engine location ignored, only thruster location is used.
Engine orientation ignored, only thruster orientation is used.
  C2_OneCircleRad_01/blue        승    +13.6     18     37s     -1.9  포기0  health_zero@198s
Engine location ignored, only thruster location is used.
Engine orientation ignored, only thruster orientation is used.
Engine location ignored, only thruster location is used.
Engine orientation ignored, only thruster orientation is used.
  C2_OneCircleRad_01/red         패     -8.5     17     37s     -0.9  포기0  timeout@300s
Engine location ignored, only thruster location is used.
Engine orientation ignored, only thruster orientation is used.
Engine location ignored, only thruster location is used.
Engine orientation ignored, only thruster orientation is used.
  C2_OneCircleRad_03/blue        패     -5.0     58     36s     -1.3  포기1  health_zero@114s
Engine location ignored, only thruster location is used.
Engine orientation ignored, only thruster orientation is used.
Engine location ignored, only thruster location is used.
Engine orientation ignored, only thruster orientation is used.
  C2_OneCircleRad_03/red         패     -3.6     15     37s     -0.5  포기0  health_zero@73s
Engine location ignored, only thruster location is used.
Engine orientation ignored, only thruster orientation is used.
Engine location ignored, only thruster location is used.
Engine orientation ignored, only thruster orientation is used.
  C2_OneCircleRad_04/blue        패     -5.0     58     36s     -1.3  포기1  health_zero@114s
Engine location ignored, only thruster location is used.
Engine orientation ignored, only thruster orientation is used.
Engine location ignored, only thruster location is used.
Engine orientation ignored, only thruster orientation is used.
  C2_OneCircleRad_04/red         패     -3.6     15     37s     -0.5  포기0  health_zero@73s
Engine location ignored, only thruster location is used.
Engine orientation ignored, only thruster orientation is used.
Engine location ignored, only thruster location is used.
Engine orientation ignored, only thruster orientation is used.
  C2_OneCircleRad_05/blue        패     -5.0     58     36s     -1.3  포기1  health_zero@114s
Engine location ignored, only thruster location is used.
Engine orientation ignored, only thruster orientation is used.
Engine location ignored, only thruster location is used.
Engine orientation ignored, only thruster orientation is used.
  C2_OneCircleRad_05/red         패     -3.6     15     37s     -0.5  포기0  health_zero@73s
Engine location ignored, only thruster location is used.
Engine orientation ignored, only thruster orientation is used.
Engine location ignored, only thruster location is used.
Engine orientation ignored, only thruster orientation is used.
  C3_Lufbery_00/blue             승     +8.5      1     36s     -1.1  포기0  timeout@300s
Engine location ignored, only thruster location is used.
Engine orientation ignored, only thruster orientation is used.
Engine location ignored, only thruster location is used.
Engine orientation ignored, only thruster orientation is used.
  C3_Lufbery_00/red              승     +8.0      1     36s     -1.1  포기0  timeout@300s
Engine location ignored, only thruster location is used.
Engine orientation ignored, only thruster orientation is used.
Engine location ignored, only thruster location is used.
Engine orientation ignored, only thruster orientation is used.
  C3_Lufbery_02/blue             승     +8.5      1     36s     -1.1  포기0  timeout@300s
Engine location ignored, only thruster location is used.
Engine orientation ignored, only thruster orientation is used.
Engine location ignored, only thruster location is used.
Engine orientation ignored, only thruster orientation is used.
  C3_Lufbery_02/red              승     +8.0      1     36s     -1.1  포기0  timeout@300s
Engine location ignored, only thruster location is used.
Engine orientation ignored, only thruster orientation is used.
Engine location ignored, only thruster location is used.
Engine orientation ignored, only thruster orientation is used.
  C3_Lufbery_04/blue             패    -38.6    535    106s     +0.1  포기1  health_zero@248s
Engine location ignored, only thruster location is used.
Engine orientation ignored, only thruster orientation is used.
Engine location ignored, only thruster location is used.
Engine orientation ignored, only thruster orientation is used.
  C3_Lufbery_04/red              패    -40.8    586    105s     -0.8  포기1  health_zero@225s
Engine location ignored, only thruster location is used.
Engine orientation ignored, only thruster orientation is used.
Engine location ignored, only thruster location is used.
Engine orientation ignored, only thruster orientation is used.
  C3_Lufbery_06/blue             승    +15.7      0       -     -0.6  포기0  health_zero@166s
Engine location ignored, only thruster location is used.
Engine orientation ignored, only thruster orientation is used.
Engine location ignored, only thruster location is used.
Engine orientation ignored, only thruster orientation is used.
  C3_Lufbery_06/red              승    +29.7      0       -     -0.6  포기0  health_zero@150s
Engine location ignored, only thruster location is used.
Engine orientation ignored, only thruster orientation is used.
Engine location ignored, only thruster location is used.
Engine orientation ignored, only thruster orientation is used.
  C3_Lufbery_08/blue             승    +15.9      0       -     -1.9  포기0  health_zero@166s
Engine location ignored, only thruster location is used.
Engine orientation ignored, only thruster orientation is used.
Engine location ignored, only thruster location is used.
Engine orientation ignored, only thruster orientation is used.
  C3_Lufbery_08/red              승    +29.9      6    100s     +0.0  포기0  health_zero@149s
Engine location ignored, only thruster location is used.
Engine orientation ignored, only thruster orientation is used.
Engine location ignored, only thruster location is used.
Engine orientation ignored, only thruster orientation is used.
  D1_Reactive_00/blue            패    -69.1     22     39s     -0.3  포기1  health_zero@159s
Engine location ignored, only thruster location is used.
Engine orientation ignored, only thruster orientation is used.
Engine location ignored, only thruster location is used.
Engine orientation ignored, only thruster orientation is used.
  D1_Reactive_00/red             승    +58.4     19     39s     -1.2  포기1  health_zero@149s
Engine location ignored, only thruster location is used.
Engine orientation ignored, only thruster orientation is used.
Engine location ignored, only thruster location is used.
Engine orientation ignored, only thruster orientation is used.
  D1_Reactive_03/blue            패    -69.1     22     39s     -0.3  포기1  health_zero@159s
Engine location ignored, only thruster location is used.
Engine orientation ignored, only thruster orientation is used.
Engine location ignored, only thruster location is used.
Engine orientation ignored, only thruster orientation is used.
  D1_Reactive_03/red             승    +58.4     19     39s     -1.2  포기1  health_zero@149s
Engine location ignored, only thruster location is used.
Engine orientation ignored, only thruster orientation is used.
Engine location ignored, only thruster location is used.
Engine orientation ignored, only thruster orientation is used.
  D1_Reactive_06/blue            패    -44.6     20     38s     -1.5  포기1  health_zero@190s
Engine location ignored, only thruster location is used.
Engine orientation ignored, only thruster orientation is used.
Engine location ignored, only thruster location is used.
Engine orientation ignored, only thruster orientation is used.
  D1_Reactive_06/red             승    +49.8     17     38s     -1.2  포기1  health_zero@89s
Engine location ignored, only thruster location is used.
Engine orientation ignored, only thruster orientation is used.
Engine location ignored, only thruster location is used.
Engine orientation ignored, only thruster orientation is used.
  D1_Reactive_08/blue            패    -63.2     19     38s     -0.1  포기1  health_zero@193s
Engine location ignored, only thruster location is used.
Engine orientation ignored, only thruster orientation is used.
Engine location ignored, only thruster location is used.
Engine orientation ignored, only thruster orientation is used.
  D1_Reactive_08/red             패    -56.8     19     38s     -0.5  포기1  health_zero@231s
Engine location ignored, only thruster location is used.
Engine orientation ignored, only thruster orientation is used.
Engine location ignored, only thruster location is used.
Engine orientation ignored, only thruster orientation is used.
  D1_Reactive_11/blue            패    -63.2     19     38s     -0.1  포기1  health_zero@193s
Engine location ignored, only thruster location is used.
Engine orientation ignored, only thruster orientation is used.
Engine location ignored, only thruster location is used.
Engine orientation ignored, only thruster orientation is used.
  D1_Reactive_11/red             패    -56.8     19     38s     -0.5  포기1  health_zero@231s
Engine location ignored, only thruster location is used.
Engine orientation ignored, only thruster orientation is used.
Engine location ignored, only thruster location is used.
Engine orientation ignored, only thruster orientation is used.
  D2_LastDitch_00/blue           승    +45.6      3     20s     +1.2  포기0  health_zero@48s
Engine location ignored, only thruster location is used.
Engine orientation ignored, only thruster orientation is used.
Engine location ignored, only thruster location is used.
Engine orientation ignored, only thruster orientation is used.
  D2_LastDitch_00/red            패    -10.2      3     20s     +1.5  포기0  timeout@300s
Engine location ignored, only thruster location is used.
Engine orientation ignored, only thruster orientation is used.
Engine location ignored, only thruster location is used.
Engine orientation ignored, only thruster orientation is used.
  D2_LastDitch_01/blue           승    +45.6      3     20s     +1.2  포기0  health_zero@48s
Engine location ignored, only thruster location is used.
Engine orientation ignored, only thruster orientation is used.
Engine location ignored, only thruster location is used.
Engine orientation ignored, only thruster orientation is used.
  D2_LastDitch_01/red            패    -10.2      3     20s     +1.5  포기0  timeout@300s
Engine location ignored, only thruster location is used.
Engine orientation ignored, only thruster orientation is used.
Engine location ignored, only thruster location is used.
Engine orientation ignored, only thruster orientation is used.
  D2_LastDitch_03/blue           승     +0.3      3     20s     +1.2  포기0  health_zero@175s
Engine location ignored, only thruster location is used.
Engine orientation ignored, only thruster orientation is used.
Engine location ignored, only thruster location is used.
Engine orientation ignored, only thruster orientation is used.
  D2_LastDitch_03/red            패    -20.1      3     20s     +1.8  포기0  health_zero@119s
Engine location ignored, only thruster location is used.
Engine orientation ignored, only thruster orientation is used.
Engine location ignored, only thruster location is used.
Engine orientation ignored, only thruster orientation is used.
  D2_LastDitch_04/blue           승    +34.1      3     20s     +1.9  포기0  health_zero@99s
Engine location ignored, only thruster location is used.
Engine orientation ignored, only thruster orientation is used.
Engine location ignored, only thruster location is used.
Engine orientation ignored, only thruster orientation is used.
  D2_LastDitch_04/red            승    +36.5      3     20s     +2.5  포기0  health_zero@99s
Engine location ignored, only thruster location is used.
Engine orientation ignored, only thruster orientation is used.
Engine location ignored, only thruster location is used.
Engine orientation ignored, only thruster orientation is used.
  D2_LastDitch_05/blue           승    +34.1      3     20s     +1.9  포기0  health_zero@99s
Engine location ignored, only thruster location is used.
Engine orientation ignored, only thruster orientation is used.
Engine location ignored, only thruster location is used.
Engine orientation ignored, only thruster orientation is used.
  D2_LastDitch_05/red            승    +36.5      3     20s     +2.5  포기0  health_zero@99s
Engine location ignored, only thruster location is used.
Engine orientation ignored, only thruster orientation is used.
Engine location ignored, only thruster location is used.
Engine orientation ignored, only thruster orientation is used.
  D3_Scissors_00/blue            패    -36.0      0       -     -0.9  포기0  timeout@300s
Engine location ignored, only thruster location is used.
Engine orientation ignored, only thruster orientation is used.
Engine location ignored, only thruster location is used.
Engine orientation ignored, only thruster orientation is used.
  D3_Scissors_00/red             승    +65.3     18     42s     -1.2  포기1  health_zero@137s
Engine location ignored, only thruster location is used.
Engine orientation ignored, only thruster orientation is used.
Engine location ignored, only thruster location is used.
Engine orientation ignored, only thruster orientation is used.
  D3_Scissors_01/blue            승    +71.6     19     42s     +0.0  포기1  health_zero@248s
Engine location ignored, only thruster location is used.
Engine orientation ignored, only thruster orientation is used.
Engine location ignored, only thruster location is used.
Engine orientation ignored, only thruster orientation is used.
  D3_Scissors_01/red             패     -7.6     17     42s     +1.1  포기1  health_zero@299s
Engine location ignored, only thruster location is used.
Engine orientation ignored, only thruster orientation is used.
Engine location ignored, only thruster location is used.
Engine orientation ignored, only thruster orientation is used.
  D3_Scissors_02/blue            승    +70.0     19     42s     -1.9  포기1  health_zero@287s
Engine location ignored, only thruster location is used.
Engine orientation ignored, only thruster orientation is used.
Engine location ignored, only thruster location is used.
Engine orientation ignored, only thruster orientation is used.
  D3_Scissors_02/red             패    -37.2     17     42s     -0.9  포기1  timeout@300s
Engine location ignored, only thruster location is used.
Engine orientation ignored, only thruster orientation is used.
Engine location ignored, only thruster location is used.
Engine orientation ignored, only thruster orientation is used.
  E1_AdaptiveAce_00/blue         패    -42.0     19     37s     -0.6  포기1  timeout@300s
Engine location ignored, only thruster location is used.
Engine orientation ignored, only thruster orientation is used.
Engine location ignored, only thruster location is used.
Engine orientation ignored, only thruster orientation is used.
  E1_AdaptiveAce_00/red          승    +16.7     19     37s     +0.6  포기1  health_zero@146s
Engine location ignored, only thruster location is used.
Engine orientation ignored, only thruster orientation is used.
Engine location ignored, only thruster location is used.
Engine orientation ignored, only thruster orientation is used.
  E1_AdaptiveAce_03/blue         승    +36.0     15     37s     -0.6  포기0  health_zero@101s
Engine location ignored, only thruster location is used.
Engine orientation ignored, only thruster orientation is used.
Engine location ignored, only thruster location is used.
Engine orientation ignored, only thruster orientation is used.
  E1_AdaptiveAce_03/red          패    -15.0     17     37s     -0.0  포기1  health_zero@188s
Engine location ignored, only thruster location is used.
Engine orientation ignored, only thruster orientation is used.
Engine location ignored, only thruster location is used.
Engine orientation ignored, only thruster orientation is used.
  E1_AdaptiveAce_06/blue         승     +0.6     16     37s     -0.6  포기1  health_zero@127s
Engine location ignored, only thruster location is used.
Engine orientation ignored, only thruster orientation is used.
Engine location ignored, only thruster location is used.
Engine orientation ignored, only thruster orientation is used.
  E1_AdaptiveAce_06/red          패    -36.7     17     37s     -0.4  포기1  health_zero@126s
Engine location ignored, only thruster location is used.
Engine orientation ignored, only thruster orientation is used.
Engine location ignored, only thruster location is used.
Engine orientation ignored, only thruster orientation is used.
  E1_AdaptiveAce_08/blue         패    -42.0     19     37s     -0.6  포기1  timeout@300s
Engine location ignored, only thruster location is used.
Engine orientation ignored, only thruster orientation is used.
Engine location ignored, only thruster location is used.
Engine orientation ignored, only thruster orientation is used.
  E1_AdaptiveAce_08/red          승    +16.7     19     37s     +0.6  포기1  health_zero@146s
Engine location ignored, only thruster location is used.
Engine orientation ignored, only thruster orientation is used.
Engine location ignored, only thruster location is used.
Engine orientation ignored, only thruster orientation is used.
  E1_AdaptiveAce_11/blue         승    +36.0     15     37s     -0.6  포기0  health_zero@101s
Engine location ignored, only thruster location is used.
Engine orientation ignored, only thruster orientation is used.
Engine location ignored, only thruster location is used.
Engine orientation ignored, only thruster orientation is used.
  E1_AdaptiveAce_11/red          승    +21.4     17     37s     +0.0  포기1  health_zero@148s
Engine location ignored, only thruster location is used.
Engine orientation ignored, only thruster orientation is used.
Engine location ignored, only thruster location is used.
Engine orientation ignored, only thruster orientation is used.
  E2_Passive_00/blue             승    +30.2      2     21s     +0.6  포기0  health_zero@38s
Engine location ignored, only thruster location is used.
Engine orientation ignored, only thruster orientation is used.
Engine location ignored, only thruster location is used.
Engine orientation ignored, only thruster orientation is used.
  E2_Passive_00/red              승    +30.1      2     21s     +0.6  포기0  health_zero@38s
Engine location ignored, only thruster location is used.
Engine orientation ignored, only thruster orientation is used.
Engine location ignored, only thruster location is used.
Engine orientation ignored, only thruster orientation is used.
  E2_Passive_01/blue             승    +30.2      2     21s     +0.6  포기0  health_zero@38s
Engine location ignored, only thruster location is used.
Engine orientation ignored, only thruster orientation is used.
Engine location ignored, only thruster location is used.
Engine orientation ignored, only thruster orientation is used.
  E2_Passive_01/red              승    +30.1      2     21s     +0.6  포기0  health_zero@38s
Engine location ignored, only thruster location is used.
Engine orientation ignored, only thruster orientation is used.
Engine location ignored, only thruster location is used.
Engine orientation ignored, only thruster orientation is used.
  anchor_ace/blue                패    -39.1     18     36s     -0.3  포기0  health_zero@271s
Engine location ignored, only thruster location is used.
Engine orientation ignored, only thruster orientation is used.
Engine location ignored, only thruster location is used.
Engine orientation ignored, only thruster orientation is used.
  anchor_ace/red                 승    +33.0     17     37s     -0.6  포기0  health_zero@227s
Engine location ignored, only thruster location is used.
Engine orientation ignored, only thruster orientation is used.
Engine location ignored, only thruster location is used.
Engine orientation ignored, only thruster orientation is used.
  anchor_aggressive/blue         승    +19.2      0       -     +0.0  포기0  health_zero@33s
Engine location ignored, only thruster location is used.
Engine orientation ignored, only thruster orientation is used.
Engine location ignored, only thruster location is used.
Engine orientation ignored, only thruster orientation is used.
  anchor_aggressive/red          승    +19.1      0       -     +0.0  포기0  health_zero@33s
Engine location ignored, only thruster location is used.
Engine orientation ignored, only thruster orientation is used.
Engine location ignored, only thruster location is used.
Engine orientation ignored, only thruster orientation is used.
  anchor_defensive/blue          승    +15.0     57     37s     +0.0  포기1  health_zero@269s
Engine location ignored, only thruster location is used.
Engine orientation ignored, only thruster orientation is used.
Engine location ignored, only thruster location is used.
Engine orientation ignored, only thruster orientation is used.
  anchor_defensive/red           승    +15.8     54     37s     -0.6  포기0  health_zero@252s
Engine location ignored, only thruster location is used.
Engine orientation ignored, only thruster orientation is used.
Engine location ignored, only thruster location is used.
Engine orientation ignored, only thruster orientation is used.
  anchor_simple/blue             승    +19.2      0       -     +0.0  포기0  health_zero@33s
Engine location ignored, only thruster location is used.
Engine orientation ignored, only thruster orientation is used.
Engine location ignored, only thruster location is used.
Engine orientation ignored, only thruster orientation is used.
  anchor_simple/red              승    +19.1      0       -     +0.0  포기0  health_zero@33s
Engine location ignored, only thruster location is used.
Engine orientation ignored, only thruster orientation is used.
Engine location ignored, only thruster location is used.
Engine orientation ignored, only thruster orientation is used.
  official_attacker/blue         승    +68.4      0       -     +0.0  포기0  health_zero@32s
Engine location ignored, only thruster location is used.
Engine orientation ignored, only thruster orientation is used.
Engine location ignored, only thruster location is used.
Engine orientation ignored, only thruster orientation is used.
  official_attacker/red          승    +68.2      0       -     +0.6  포기0  health_zero@32s
Engine location ignored, only thruster location is used.
Engine orientation ignored, only thruster orientation is used.
Engine location ignored, only thruster location is used.
Engine orientation ignored, only thruster orientation is used.
  official_energyfighter/blue    승    +27.9      0       -     -0.6  포기0  health_zero@123s
Engine location ignored, only thruster location is used.
Engine orientation ignored, only thruster orientation is used.
Engine location ignored, only thruster location is used.
Engine orientation ignored, only thruster orientation is used.
  official_energyfighter/red     승    +24.5     25     59s     -1.2  포기0  health_zero@146s
Engine location ignored, only thruster location is used.
Engine orientation ignored, only thruster orientation is used.
Engine location ignored, only thruster location is used.
Engine orientation ignored, only thruster orientation is used.
  official_twocircle/blue        승    +16.4     54     69s     +0.6  포기1  health_zero@137s
Engine location ignored, only thruster location is used.
Engine orientation ignored, only thruster orientation is used.
Engine location ignored, only thruster location is used.
Engine orientation ignored, only thruster orientation is used.
  official_twocircle/red         승    +18.0     54     69s     -0.6  포기1  health_zero@140s
Engine location ignored, only thruster location is used.
Engine orientation ignored, only thruster orientation is used.
Engine location ignored, only thruster location is used.
Engine orientation ignored, only thruster orientation is used.
  official_controlzone/blue      패     -8.6      0       -     +0.1  포기0  health_zero@36s
Engine location ignored, only thruster location is used.
Engine orientation ignored, only thruster orientation is used.
Engine location ignored, only thruster location is used.
Engine orientation ignored, only thruster orientation is used.
  official_controlzone/red       패     -8.7      0       -     +0.0  포기0  health_zero@36s
Engine location ignored, only thruster location is used.
Engine orientation ignored, only thruster orientation is used.
Engine location ignored, only thruster location is used.
Engine orientation ignored, only thruster orientation is used.
  official_headon/blue           승     +9.2      0       -     -0.6  포기0  health_zero@37s
Engine location ignored, only thruster location is used.
Engine orientation ignored, only thruster orientation is used.
Engine location ignored, only thruster location is used.
Engine orientation ignored, only thruster orientation is used.
  official_headon/red            승     +9.2      0       -     -0.6  포기0  health_zero@37s
Engine location ignored, only thruster location is used.
Engine orientation ignored, only thruster orientation is used.
Engine location ignored, only thruster location is used.
Engine orientation ignored, only thruster orientation is used.
  redteam_allround/blue          승    +22.1      0       -     -1.2  포기0  health_zero@99s
Engine location ignored, only thruster location is used.
Engine orientation ignored, only thruster orientation is used.
Engine location ignored, only thruster location is used.
Engine orientation ignored, only thruster orientation is used.
  redteam_allround/red           승    +21.7      0       -     -1.9  포기0  health_zero@99s
Engine location ignored, only thruster location is used.
Engine orientation ignored, only thruster orientation is used.
Engine location ignored, only thruster location is used.
Engine orientation ignored, only thruster orientation is used.
  redteam_energy/blue            승    +33.8      0       -     +1.2  포기0  health_zero@45s
Engine location ignored, only thruster location is used.
Engine orientation ignored, only thruster orientation is used.
Engine location ignored, only thruster location is used.
Engine orientation ignored, only thruster orientation is used.
  redteam_energy/red             승    +33.1      0       -     +1.2  포기0  health_zero@45s
Engine location ignored, only thruster location is used.
Engine orientation ignored, only thruster orientation is used.
Engine location ignored, only thruster location is used.
Engine orientation ignored, only thruster orientation is used.
  redteam_pressure/blue          승    +19.2      0       -     +0.0  포기0  health_zero@33s
Engine location ignored, only thruster location is used.
Engine orientation ignored, only thruster orientation is used.
Engine location ignored, only thruster location is used.
Engine orientation ignored, only thruster orientation is used.
  redteam_pressure/red           승    +19.1      0       -     +0.0  포기0  health_zero@33s
Engine location ignored, only thruster location is used.
Engine orientation ignored, only thruster orientation is used.
Engine location ignored, only thruster location is used.
Engine orientation ignored, only thruster orientation is used.
  official_default/blue          승    +17.9     17     37s     -1.9  포기1  health_zero@257s
Engine location ignored, only thruster location is used.
Engine orientation ignored, only thruster orientation is used.
Engine location ignored, only thruster location is used.
Engine orientation ignored, only thruster orientation is used.
  official_default/red           승     +9.9     17     37s     -1.2  포기1  health_zero@206s
Engine location ignored, only thruster location is used.
Engine orientation ignored, only thruster orientation is used.
Engine location ignored, only thruster location is used.
Engine orientation ignored, only thruster orientation is used.
  agents/champion128/blue        무     +0.0      0       -     -0.6  포기0  health_zero@35s
Engine location ignored, only thruster location is used.
Engine orientation ignored, only thruster orientation is used.
Engine location ignored, only thruster location is used.
Engine orientation ignored, only thruster orientation is used.
  agents/champion128/red         무     +0.0      0       -     -0.6  포기0  health_zero@35s
Engine location ignored, only thruster location is used.
Engine orientation ignored, only thruster orientation is used.
Engine location ignored, only thruster location is used.
Engine orientation ignored, only thruster orientation is used.
  agents/champion128_f33/blue    무     +0.0      0       -     -0.6  포기0  health_zero@35s
Engine location ignored, only thruster location is used.
Engine orientation ignored, only thruster orientation is used.
Engine location ignored, only thruster location is used.
Engine orientation ignored, only thruster orientation is used.
  agents/champion128_f33/red     무     +0.0      0       -     -0.6  포기0  health_zero@35s

  합계: 95승 4무 51패 / 150
  전환: 16 ['A3_LagAngler_00/blue', 'A3_LagAngler_00/red', 'A3_LagAngler_06/blue', 'A3_LagAngler_06/red', 'B1_EnergyFighter_00/red', 'B2_Extender_04/red', 'B2_Extender_08/blue', 'C3_Lufbery_00/red', 'C3_Lufbery_08/blue', 'C3_Lufbery_08/red', 'D1_Reactive_06/red', 'E1_AdaptiveAce_11/blue', 'E2_Passive_00/blue', 'E2_Passive_00/red', 'E2_Passive_01/blue', 'E2_Passive_01/red']
  회귀: 47 ['A2_GunTracker_00/blue (Δ-4.2)', 'A2_GunTracker_00/red (Δ-4.3)', 'A2_GunTracker_03/blue (Δ-5.9)', 'A2_GunTracker_03/red (Δ-6.0)', 'A2_GunTracker_06/blue (Δ-4.2)', 'A2_GunTracker_06/red (Δ-4.3)', 'A2_GunTracker_08/blue (Δ-3.8)', 'A2_GunTracker_08/red (Δ-4.2)', 'A2_GunTracker_11/blue (Δ-4.9)', 'B1_EnergyFighter_08/red (Δ-40.8)', 'C1_TwoCircleRate_01/red (Δ-8.5)', 'C1_TwoCircleRate_03/blue (Δ-5.0)', 'C1_TwoCircleRate_03/red (Δ-3.6)', 'C1_TwoCircleRate_04/blue (Δ-5.0)', 'C1_TwoCircleRate_04/red (Δ-3.6)', 'C1_TwoCircleRate_05/blue (Δ-5.0)', 'C1_TwoCircleRate_05/red (Δ-3.6)', 'C2_OneCircleRad_01/red (Δ-8.5)', 'C2_OneCircleRad_03/blue (Δ-5.0)', 'C2_OneCircleRad_03/red (Δ-3.6)', 'C2_OneCircleRad_04/blue (Δ-5.0)', 'C2_OneCircleRad_04/red (Δ-3.6)', 'C2_OneCircleRad_05/blue (Δ-5.0)', 'C2_OneCircleRad_05/red (Δ-3.6)', 'C3_Lufbery_04/blue (Δ-38.6)', 'D1_Reactive_00/blue (Δ-69.1)', 'D1_Reactive_03/blue (Δ-69.1)', 'D1_Reactive_06/blue (Δ-44.6)', 'D1_Reactive_08/blue (Δ-63.2)', 'D1_Reactive_08/red (Δ-56.8)', 'D1_Reactive_11/blue (Δ-63.2)', 'D2_LastDitch_00/red (Δ-10.2)', 'D2_LastDitch_01/red (Δ-10.2)', 'D2_LastDitch_03/red (Δ-20.1)', 'D3_Scissors_00/blue (Δ-36.0)', 'D3_Scissors_02/red (Δ-37.2)', 'E1_AdaptiveAce_00/blue (Δ-42.0)', 'E1_AdaptiveAce_03/red (Δ-15.0)', 'E1_AdaptiveAce_06/red (Δ-36.7)', 'E1_AdaptiveAce_08/blue (Δ-42.0)', 'anchor_ace/blue (Δ-39.1)', 'official_controlzone/blue (Δ-8.6)', 'official_controlzone/red (Δ-8.7)', 'agents/champion128/blue (Δ+0.0)', 'agents/champion128/red (Δ+0.0)', 'agents/champion128_f33/blue (Δ+0.0)', 'agents/champion128_f33/red (Δ+0.0)']
