#CONFIG basefn=gun20 surgical=0 rulebox=none rulesel=0 refuse=auto
=== 루프19 점수-장부 게이트: refuse=auto scope=subset (near>1.0 floor8.0 edge12.0 hot45.0 rng4500 pursue<0.6@12s) ===
  상대/측                          결과      HPΔ     거부     첫발화     장부오차  cond


     JSBSim Flight Dynamics Model v1.3.1 [GitHub build 1837/commit 3b25f25e49b42d0489c04ac805674fc1450ca579] May 17 2026 14:28:34
            [JSBSim-ML v2.0]

JSBSim startup beginning ...

Engine location ignored, only thruster location is used.
Engine orientation ignored, only thruster orientation is used.
Engine location ignored, only thruster location is used.
Engine orientation ignored, only thruster orientation is used.
  debrief   : C:\Users\USER\Desktop\AI-pilot\core2\replays\canon\h0a_plain\champ_vs_A1_PurePursuer_00_blue_debrief.png
  A1_PurePursuer_00/blue         승    +63.1      0       -     +0.6  포기0  health_zero@33s
Engine location ignored, only thruster location is used.
Engine orientation ignored, only thruster orientation is used.
Engine location ignored, only thruster location is used.
Engine orientation ignored, only thruster orientation is used.
  debrief   : C:\Users\USER\Desktop\AI-pilot\core2\replays\canon\h0a_plain\champ_vs_A1_PurePursuer_00_red_debrief.png
  A1_PurePursuer_00/red          승    +62.9      0       -     +0.0  포기0  health_zero@33s
Engine location ignored, only thruster location is used.
Engine orientation ignored, only thruster orientation is used.
Engine location ignored, only thruster location is used.
Engine orientation ignored, only thruster orientation is used.
  debrief   : C:\Users\USER\Desktop\AI-pilot\core2\replays\canon\h0a_plain\champ_vs_A1_PurePursuer_02_blue_debrief.png
  A1_PurePursuer_02/blue         승    +63.1      0       -     +0.6  포기0  health_zero@33s
Engine location ignored, only thruster location is used.
Engine orientation ignored, only thruster orientation is used.
Engine location ignored, only thruster location is used.
Engine orientation ignored, only thruster orientation is used.
  debrief   : C:\Users\USER\Desktop\AI-pilot\core2\replays\canon\h0a_plain\champ_vs_A1_PurePursuer_02_red_debrief.png
  A1_PurePursuer_02/red          승    +62.9      0       -     +0.0  포기0  health_zero@33s
Engine location ignored, only thruster location is used.
Engine orientation ignored, only thruster orientation is used.
Engine location ignored, only thruster location is used.
Engine orientation ignored, only thruster orientation is used.
  debrief   : C:\Users\USER\Desktop\AI-pilot\core2\replays\canon\h0a_plain\champ_vs_A1_PurePursuer_05_blue_debrief.png
  A1_PurePursuer_05/blue         승    +63.1      0       -     +0.6  포기0  health_zero@33s
Engine location ignored, only thruster location is used.
Engine orientation ignored, only thruster orientation is used.
Engine location ignored, only thruster location is used.
Engine orientation ignored, only thruster orientation is used.
  debrief   : C:\Users\USER\Desktop\AI-pilot\core2\replays\canon\h0a_plain\champ_vs_A1_PurePursuer_05_red_debrief.png
  A1_PurePursuer_05/red          승    +62.9      0       -     +0.0  포기0  health_zero@33s
Engine location ignored, only thruster location is used.
Engine orientation ignored, only thruster orientation is used.
Engine location ignored, only thruster location is used.
Engine orientation ignored, only thruster orientation is used.
  debrief   : C:\Users\USER\Desktop\AI-pilot\core2\replays\canon\h0a_plain\champ_vs_A1_PurePursuer_07_blue_debrief.png
  A1_PurePursuer_07/blue         승    +63.1      0       -     +0.6  포기0  health_zero@33s
Engine location ignored, only thruster location is used.
Engine orientation ignored, only thruster orientation is used.
Engine location ignored, only thruster location is used.
Engine orientation ignored, only thruster orientation is used.
  debrief   : C:\Users\USER\Desktop\AI-pilot\core2\replays\canon\h0a_plain\champ_vs_A1_PurePursuer_07_red_debrief.png
  A1_PurePursuer_07/red          승    +62.9      0       -     +0.0  포기0  health_zero@33s
Engine location ignored, only thruster location is used.
Engine orientation ignored, only thruster orientation is used.
Engine location ignored, only thruster location is used.
Engine orientation ignored, only thruster orientation is used.
  debrief   : C:\Users\USER\Desktop\AI-pilot\core2\replays\canon\h0a_plain\champ_vs_A1_PurePursuer_09_blue_debrief.png
  A1_PurePursuer_09/blue         승    +63.1      0       -     +0.6  포기0  health_zero@33s
Engine location ignored, only thruster location is used.
Engine orientation ignored, only thruster orientation is used.
Engine location ignored, only thruster location is used.
Engine orientation ignored, only thruster orientation is used.
  debrief   : C:\Users\USER\Desktop\AI-pilot\core2\replays\canon\h0a_plain\champ_vs_A1_PurePursuer_09_red_debrief.png
  A1_PurePursuer_09/red          승    +62.9      0       -     +0.0  포기0  health_zero@33s
Engine location ignored, only thruster location is used.
Engine orientation ignored, only thruster orientation is used.
Engine location ignored, only thruster location is used.
Engine orientation ignored, only thruster orientation is used.
  debrief   : C:\Users\USER\Desktop\AI-pilot\core2\replays\canon\h0a_plain\champ_vs_A2_GunTracker_00_blue_debrief.png
  A2_GunTracker_00/blue          승    +57.8      0       -     -0.6  포기0  health_zero@34s
Engine location ignored, only thruster location is used.
Engine orientation ignored, only thruster orientation is used.
Engine location ignored, only thruster location is used.
Engine orientation ignored, only thruster orientation is used.
  debrief   : C:\Users\USER\Desktop\AI-pilot\core2\replays\canon\h0a_plain\champ_vs_A2_GunTracker_00_red_debrief.png
  A2_GunTracker_00/red           승    +58.2      0       -     -0.6  포기0  health_zero@34s
Engine location ignored, only thruster location is used.
Engine orientation ignored, only thruster orientation is used.
Engine location ignored, only thruster location is used.
Engine orientation ignored, only thruster orientation is used.
  debrief   : C:\Users\USER\Desktop\AI-pilot\core2\replays\canon\h0a_plain\champ_vs_A2_GunTracker_03_blue_debrief.png
  A2_GunTracker_03/blue          승    +61.5      0       -     -0.6  포기0  health_zero@34s
Engine location ignored, only thruster location is used.
Engine orientation ignored, only thruster orientation is used.
Engine location ignored, only thruster location is used.
Engine orientation ignored, only thruster orientation is used.
  debrief   : C:\Users\USER\Desktop\AI-pilot\core2\replays\canon\h0a_plain\champ_vs_A2_GunTracker_03_red_debrief.png
  A2_GunTracker_03/red           승    +61.5      0       -     +0.0  포기0  health_zero@34s
Engine location ignored, only thruster location is used.
Engine orientation ignored, only thruster orientation is used.
Engine location ignored, only thruster location is used.
Engine orientation ignored, only thruster orientation is used.
  debrief   : C:\Users\USER\Desktop\AI-pilot\core2\replays\canon\h0a_plain\champ_vs_A2_GunTracker_06_blue_debrief.png
  A2_GunTracker_06/blue          승    +57.8      0       -     -0.6  포기0  health_zero@34s
Engine location ignored, only thruster location is used.
Engine orientation ignored, only thruster orientation is used.
Engine location ignored, only thruster location is used.
Engine orientation ignored, only thruster orientation is used.
  debrief   : C:\Users\USER\Desktop\AI-pilot\core2\replays\canon\h0a_plain\champ_vs_A2_GunTracker_06_red_debrief.png
  A2_GunTracker_06/red           승    +58.2      0       -     -0.6  포기0  health_zero@34s
Engine location ignored, only thruster location is used.
Engine orientation ignored, only thruster orientation is used.
Engine location ignored, only thruster location is used.
Engine orientation ignored, only thruster orientation is used.
  debrief   : C:\Users\USER\Desktop\AI-pilot\core2\replays\canon\h0a_plain\champ_vs_A2_GunTracker_08_blue_debrief.png
  A2_GunTracker_08/blue          승    +61.0      0       -     +0.0  포기0  health_zero@35s
Engine location ignored, only thruster location is used.
Engine orientation ignored, only thruster orientation is used.
Engine location ignored, only thruster location is used.
Engine orientation ignored, only thruster orientation is used.
  debrief   : C:\Users\USER\Desktop\AI-pilot\core2\replays\canon\h0a_plain\champ_vs_A2_GunTracker_08_red_debrief.png
  A2_GunTracker_08/red           승    +61.9      0       -     +0.0  포기0  health_zero@35s
Engine location ignored, only thruster location is used.
Engine orientation ignored, only thruster orientation is used.
Engine location ignored, only thruster location is used.
Engine orientation ignored, only thruster orientation is used.
  debrief   : C:\Users\USER\Desktop\AI-pilot\core2\replays\canon\h0a_plain\champ_vs_A2_GunTracker_11_blue_debrief.png
  A2_GunTracker_11/blue          승    +62.1      0       -     +0.0  포기0  health_zero@34s
Engine location ignored, only thruster location is used.
Engine orientation ignored, only thruster orientation is used.
Engine location ignored, only thruster location is used.
Engine orientation ignored, only thruster orientation is used.
  debrief   : C:\Users\USER\Desktop\AI-pilot\core2\replays\canon\h0a_plain\champ_vs_A2_GunTracker_11_red_debrief.png
  A2_GunTracker_11/red           승    +62.5      0       -     -0.6  포기0  health_zero@35s
Engine location ignored, only thruster location is used.
Engine orientation ignored, only thruster orientation is used.
Engine location ignored, only thruster location is used.
Engine orientation ignored, only thruster orientation is used.
  debrief   : C:\Users\USER\Desktop\AI-pilot\core2\replays\canon\h0a_plain\champ_vs_A3_LagAngler_00_blue_debrief.png
  A3_LagAngler_00/blue           승    +75.9      0       -     +0.6  포기0  health_zero@297s
Engine location ignored, only thruster location is used.
Engine orientation ignored, only thruster orientation is used.
Engine location ignored, only thruster location is used.
Engine orientation ignored, only thruster orientation is used.
  debrief   : C:\Users\USER\Desktop\AI-pilot\core2\replays\canon\h0a_plain\champ_vs_A3_LagAngler_00_red_debrief.png
  A3_LagAngler_00/red            승    +40.6      0       -     -1.3  포기0  timeout@300s
Engine location ignored, only thruster location is used.
Engine orientation ignored, only thruster orientation is used.
Engine location ignored, only thruster location is used.
Engine orientation ignored, only thruster orientation is used.
  debrief   : C:\Users\USER\Desktop\AI-pilot\core2\replays\canon\h0a_plain\champ_vs_A3_LagAngler_03_blue_debrief.png
  A3_LagAngler_03/blue           승    +75.9      0       -     +0.6  포기0  health_zero@297s
Engine location ignored, only thruster location is used.
Engine orientation ignored, only thruster orientation is used.
Engine location ignored, only thruster location is used.
Engine orientation ignored, only thruster orientation is used.
  debrief   : C:\Users\USER\Desktop\AI-pilot\core2\replays\canon\h0a_plain\champ_vs_A3_LagAngler_03_red_debrief.png
  A3_LagAngler_03/red            승    +40.6      0       -     -1.3  포기0  timeout@300s
Engine location ignored, only thruster location is used.
Engine orientation ignored, only thruster orientation is used.
Engine location ignored, only thruster location is used.
Engine orientation ignored, only thruster orientation is used.
  debrief   : C:\Users\USER\Desktop\AI-pilot\core2\replays\canon\h0a_plain\champ_vs_A3_LagAngler_06_blue_debrief.png
  A3_LagAngler_06/blue           승    +75.9      0       -     +0.6  포기0  health_zero@297s
Engine location ignored, only thruster location is used.
Engine orientation ignored, only thruster orientation is used.
Engine location ignored, only thruster location is used.
Engine orientation ignored, only thruster orientation is used.
  debrief   : C:\Users\USER\Desktop\AI-pilot\core2\replays\canon\h0a_plain\champ_vs_A3_LagAngler_06_red_debrief.png
  A3_LagAngler_06/red            승    +40.6      0       -     -1.3  포기0  timeout@300s
Engine location ignored, only thruster location is used.
Engine orientation ignored, only thruster orientation is used.
Engine location ignored, only thruster location is used.
Engine orientation ignored, only thruster orientation is used.
  debrief   : C:\Users\USER\Desktop\AI-pilot\core2\replays\canon\h0a_plain\champ_vs_A3_LagAngler_08_blue_debrief.png
  A3_LagAngler_08/blue           승    +43.3      0       -     -0.6  포기0  health_zero@57s
Engine location ignored, only thruster location is used.
Engine orientation ignored, only thruster orientation is used.
Engine location ignored, only thruster location is used.
Engine orientation ignored, only thruster orientation is used.
  debrief   : C:\Users\USER\Desktop\AI-pilot\core2\replays\canon\h0a_plain\champ_vs_A3_LagAngler_08_red_debrief.png
  A3_LagAngler_08/red            승    +77.1      0       -     -0.6  포기0  health_zero@89s
Engine location ignored, only thruster location is used.
Engine orientation ignored, only thruster orientation is used.
Engine location ignored, only thruster location is used.
Engine orientation ignored, only thruster orientation is used.
  debrief   : C:\Users\USER\Desktop\AI-pilot\core2\replays\canon\h0a_plain\champ_vs_A3_LagAngler_11_blue_debrief.png
  A3_LagAngler_11/blue           승    +43.3      0       -     -0.6  포기0  health_zero@57s
Engine location ignored, only thruster location is used.
Engine orientation ignored, only thruster orientation is used.
Engine location ignored, only thruster location is used.
Engine orientation ignored, only thruster orientation is used.
  debrief   : C:\Users\USER\Desktop\AI-pilot\core2\replays\canon\h0a_plain\champ_vs_A3_LagAngler_11_red_debrief.png
  A3_LagAngler_11/red            승    +77.1      0       -     -0.6  포기0  health_zero@89s
Engine location ignored, only thruster location is used.
Engine orientation ignored, only thruster orientation is used.
Engine location ignored, only thruster location is used.
Engine orientation ignored, only thruster orientation is used.
  debrief   : C:\Users\USER\Desktop\AI-pilot\core2\replays\canon\h0a_plain\champ_vs_B1_EnergyFighter_00_blue_debrief.png
  B1_EnergyFighter_00/blue       승    +35.9      3     21s     +0.6  포기0  health_zero@37s
Engine location ignored, only thruster location is used.
Engine orientation ignored, only thruster orientation is used.
Engine location ignored, only thruster location is used.
Engine orientation ignored, only thruster orientation is used.
  debrief   : C:\Users\USER\Desktop\AI-pilot\core2\replays\canon\h0a_plain\champ_vs_B1_EnergyFighter_00_red_debrief.png
  B1_EnergyFighter_00/red        패    -16.4      2     21s     +0.5  포기1  health_zero@38s
Engine location ignored, only thruster location is used.
Engine orientation ignored, only thruster orientation is used.
Engine location ignored, only thruster location is used.
Engine orientation ignored, only thruster orientation is used.
  debrief   : C:\Users\USER\Desktop\AI-pilot\core2\replays\canon\h0a_plain\champ_vs_B1_EnergyFighter_03_blue_debrief.png
  B1_EnergyFighter_03/blue       승    +35.9      3     21s     +0.6  포기0  health_zero@37s
Engine location ignored, only thruster location is used.
Engine orientation ignored, only thruster orientation is used.
Engine location ignored, only thruster location is used.
Engine orientation ignored, only thruster orientation is used.
  debrief   : C:\Users\USER\Desktop\AI-pilot\core2\replays\canon\h0a_plain\champ_vs_B1_EnergyFighter_03_red_debrief.png
  B1_EnergyFighter_03/red        패    -16.4      2     21s     +0.5  포기1  health_zero@38s
Engine location ignored, only thruster location is used.
Engine orientation ignored, only thruster orientation is used.
Engine location ignored, only thruster location is used.
Engine orientation ignored, only thruster orientation is used.
  debrief   : C:\Users\USER\Desktop\AI-pilot\core2\replays\canon\h0a_plain\champ_vs_B1_EnergyFighter_06_blue_debrief.png
  B1_EnergyFighter_06/blue       승    +36.4      3     21s     -1.2  포기0  health_zero@37s
Engine location ignored, only thruster location is used.
Engine orientation ignored, only thruster orientation is used.
Engine location ignored, only thruster location is used.
Engine orientation ignored, only thruster orientation is used.
  debrief   : C:\Users\USER\Desktop\AI-pilot\core2\replays\canon\h0a_plain\champ_vs_B1_EnergyFighter_06_red_debrief.png
  B1_EnergyFighter_06/red        패     -8.4      2     21s     -0.3  포기1  health_zero@38s
Engine location ignored, only thruster location is used.
Engine orientation ignored, only thruster orientation is used.
Engine location ignored, only thruster location is used.
Engine orientation ignored, only thruster orientation is used.
  debrief   : C:\Users\USER\Desktop\AI-pilot\core2\replays\canon\h0a_plain\champ_vs_B1_EnergyFighter_08_blue_debrief.png
  B1_EnergyFighter_08/blue       승    +36.4      3     21s     -1.2  포기0  health_zero@37s
Engine location ignored, only thruster location is used.
Engine orientation ignored, only thruster orientation is used.
Engine location ignored, only thruster location is used.
Engine orientation ignored, only thruster orientation is used.
  debrief   : C:\Users\USER\Desktop\AI-pilot\core2\replays\canon\h0a_plain\champ_vs_B1_EnergyFighter_08_red_debrief.png
  B1_EnergyFighter_08/red        패     -8.4      2     21s     -0.3  포기1  health_zero@38s
Engine location ignored, only thruster location is used.
Engine orientation ignored, only thruster orientation is used.
Engine location ignored, only thruster location is used.
Engine orientation ignored, only thruster orientation is used.
  debrief   : C:\Users\USER\Desktop\AI-pilot\core2\replays\canon\h0a_plain\champ_vs_B1_EnergyFighter_11_blue_debrief.png
  B1_EnergyFighter_11/blue       승    +36.4      3     21s     -1.2  포기0  health_zero@37s
Engine location ignored, only thruster location is used.
Engine orientation ignored, only thruster orientation is used.
Engine location ignored, only thruster location is used.
Engine orientation ignored, only thruster orientation is used.
  debrief   : C:\Users\USER\Desktop\AI-pilot\core2\replays\canon\h0a_plain\champ_vs_B1_EnergyFighter_11_red_debrief.png
  B1_EnergyFighter_11/red        패     -8.4      2     21s     -0.3  포기1  health_zero@38s
Engine location ignored, only thruster location is used.
Engine orientation ignored, only thruster orientation is used.
Engine location ignored, only thruster location is used.
Engine orientation ignored, only thruster orientation is used.
  debrief   : C:\Users\USER\Desktop\AI-pilot\core2\replays\canon\h0a_plain\champ_vs_B2_Extender_00_blue_debrief.png
  B2_Extender_00/blue            승    +18.5      3     21s     -1.2  포기0  health_zero@45s
Engine location ignored, only thruster location is used.
Engine orientation ignored, only thruster orientation is used.
Engine location ignored, only thruster location is used.
Engine orientation ignored, only thruster orientation is used.
  debrief   : C:\Users\USER\Desktop\AI-pilot\core2\replays\canon\h0a_plain\champ_vs_B2_Extender_00_red_debrief.png
  B2_Extender_00/red             승    +37.6      1     21s     +0.6  포기0  health_zero@48s
Engine location ignored, only thruster location is used.
Engine orientation ignored, only thruster orientation is used.
Engine location ignored, only thruster location is used.
Engine orientation ignored, only thruster orientation is used.
  debrief   : C:\Users\USER\Desktop\AI-pilot\core2\replays\canon\h0a_plain\champ_vs_B2_Extender_02_blue_debrief.png
  B2_Extender_02/blue            승    +28.8      3     21s     -0.6  포기0  health_zero@45s
Engine location ignored, only thruster location is used.
Engine orientation ignored, only thruster orientation is used.
Engine location ignored, only thruster location is used.
Engine orientation ignored, only thruster orientation is used.
  debrief   : C:\Users\USER\Desktop\AI-pilot\core2\replays\canon\h0a_plain\champ_vs_B2_Extender_02_red_debrief.png
  B2_Extender_02/red             승    +30.4      1     21s     -0.6  포기0  health_zero@203s
Engine location ignored, only thruster location is used.
Engine orientation ignored, only thruster orientation is used.
Engine location ignored, only thruster location is used.
Engine orientation ignored, only thruster orientation is used.
  debrief   : C:\Users\USER\Desktop\AI-pilot\core2\replays\canon\h0a_plain\champ_vs_B2_Extender_04_blue_debrief.png
  B2_Extender_04/blue            승     +8.9      3     21s     -1.2  포기0  health_zero@45s
Engine location ignored, only thruster location is used.
Engine orientation ignored, only thruster orientation is used.
Engine location ignored, only thruster location is used.
Engine orientation ignored, only thruster orientation is used.
  debrief   : C:\Users\USER\Desktop\AI-pilot\core2\replays\canon\h0a_plain\champ_vs_B2_Extender_04_red_debrief.png
  B2_Extender_04/red             승    +47.8      1     21s     -1.2  포기0  health_zero@222s
Engine location ignored, only thruster location is used.
Engine orientation ignored, only thruster orientation is used.
Engine location ignored, only thruster location is used.
Engine orientation ignored, only thruster orientation is used.
  debrief   : C:\Users\USER\Desktop\AI-pilot\core2\replays\canon\h0a_plain\champ_vs_B2_Extender_06_blue_debrief.png
  B2_Extender_06/blue            승    +11.1      3     21s     +0.6  포기0  health_zero@46s
Engine location ignored, only thruster location is used.
Engine orientation ignored, only thruster orientation is used.
Engine location ignored, only thruster location is used.
Engine orientation ignored, only thruster orientation is used.
  debrief   : C:\Users\USER\Desktop\AI-pilot\core2\replays\canon\h0a_plain\champ_vs_B2_Extender_06_red_debrief.png
  B2_Extender_06/red             승    +45.3      1     21s     +0.0  포기0  health_zero@48s
Engine location ignored, only thruster location is used.
Engine orientation ignored, only thruster orientation is used.
Engine location ignored, only thruster location is used.
Engine orientation ignored, only thruster orientation is used.
  debrief   : C:\Users\USER\Desktop\AI-pilot\core2\replays\canon\h0a_plain\champ_vs_B2_Extender_08_blue_debrief.png
  B2_Extender_08/blue            승     +6.4      3     21s     +0.6  포기0  health_zero@47s
Engine location ignored, only thruster location is used.
Engine orientation ignored, only thruster orientation is used.
Engine location ignored, only thruster location is used.
Engine orientation ignored, only thruster orientation is used.
  debrief   : C:\Users\USER\Desktop\AI-pilot\core2\replays\canon\h0a_plain\champ_vs_B2_Extender_08_red_debrief.png
  B2_Extender_08/red             승    +64.2      1     21s     +0.6  포기0  health_zero@188s
Engine location ignored, only thruster location is used.
Engine orientation ignored, only thruster orientation is used.
Engine location ignored, only thruster location is used.
Engine orientation ignored, only thruster orientation is used.
  debrief   : C:\Users\USER\Desktop\AI-pilot\core2\replays\canon\h0a_plain\champ_vs_C1_TwoCircleRate_00_blue_debrief.png
  C1_TwoCircleRate_00/blue       승    +14.7      3     21s     +0.6  포기0  health_zero@41s
Engine location ignored, only thruster location is used.
Engine orientation ignored, only thruster orientation is used.
Engine location ignored, only thruster location is used.
Engine orientation ignored, only thruster orientation is used.
  debrief   : C:\Users\USER\Desktop\AI-pilot\core2\replays\canon\h0a_plain\champ_vs_C1_TwoCircleRate_00_red_debrief.png
  C1_TwoCircleRate_00/red        승    +15.9      3     21s     -1.2  포기1  health_zero@60s
Engine location ignored, only thruster location is used.
Engine orientation ignored, only thruster orientation is used.
Engine location ignored, only thruster location is used.
Engine orientation ignored, only thruster orientation is used.
  debrief   : C:\Users\USER\Desktop\AI-pilot\core2\replays\canon\h0a_plain\champ_vs_C1_TwoCircleRate_01_blue_debrief.png
  C1_TwoCircleRate_01/blue       승    +14.7      3     21s     +0.6  포기0  health_zero@41s
Engine location ignored, only thruster location is used.
Engine orientation ignored, only thruster orientation is used.
Engine location ignored, only thruster location is used.
Engine orientation ignored, only thruster orientation is used.
  debrief   : C:\Users\USER\Desktop\AI-pilot\core2\replays\canon\h0a_plain\champ_vs_C1_TwoCircleRate_01_red_debrief.png
  C1_TwoCircleRate_01/red        승    +15.9      3     21s     -1.2  포기1  health_zero@60s
Engine location ignored, only thruster location is used.
Engine orientation ignored, only thruster orientation is used.
Engine location ignored, only thruster location is used.
Engine orientation ignored, only thruster orientation is used.
  debrief   : C:\Users\USER\Desktop\AI-pilot\core2\replays\canon\h0a_plain\champ_vs_C1_TwoCircleRate_03_blue_debrief.png
  C1_TwoCircleRate_03/blue       승    +27.8      3     21s     +0.6  포기0  health_zero@44s
Engine location ignored, only thruster location is used.
Engine orientation ignored, only thruster orientation is used.
Engine location ignored, only thruster location is used.
Engine orientation ignored, only thruster orientation is used.
  debrief   : C:\Users\USER\Desktop\AI-pilot\core2\replays\canon\h0a_plain\champ_vs_C1_TwoCircleRate_03_red_debrief.png
  C1_TwoCircleRate_03/red        패     -8.6      3     21s     -1.1  포기1  health_zero@59s
Engine location ignored, only thruster location is used.
Engine orientation ignored, only thruster orientation is used.
Engine location ignored, only thruster location is used.
Engine orientation ignored, only thruster orientation is used.
  debrief   : C:\Users\USER\Desktop\AI-pilot\core2\replays\canon\h0a_plain\champ_vs_C1_TwoCircleRate_04_blue_debrief.png
  C1_TwoCircleRate_04/blue       승    +27.8      3     21s     +0.6  포기0  health_zero@44s
Engine location ignored, only thruster location is used.
Engine orientation ignored, only thruster orientation is used.
Engine location ignored, only thruster location is used.
Engine orientation ignored, only thruster orientation is used.
  debrief   : C:\Users\USER\Desktop\AI-pilot\core2\replays\canon\h0a_plain\champ_vs_C1_TwoCircleRate_04_red_debrief.png
  C1_TwoCircleRate_04/red        패     -8.6      3     21s     -1.1  포기1  health_zero@59s
Engine location ignored, only thruster location is used.
Engine orientation ignored, only thruster orientation is used.
Engine location ignored, only thruster location is used.
Engine orientation ignored, only thruster orientation is used.
  debrief   : C:\Users\USER\Desktop\AI-pilot\core2\replays\canon\h0a_plain\champ_vs_C1_TwoCircleRate_05_blue_debrief.png
  C1_TwoCircleRate_05/blue       승    +27.8      3     21s     +0.6  포기0  health_zero@44s
Engine location ignored, only thruster location is used.
Engine orientation ignored, only thruster orientation is used.
Engine location ignored, only thruster location is used.
Engine orientation ignored, only thruster orientation is used.
  debrief   : C:\Users\USER\Desktop\AI-pilot\core2\replays\canon\h0a_plain\champ_vs_C1_TwoCircleRate_05_red_debrief.png
  C1_TwoCircleRate_05/red        패     -8.6      3     21s     -1.1  포기1  health_zero@59s
Engine location ignored, only thruster location is used.
Engine orientation ignored, only thruster orientation is used.
Engine location ignored, only thruster location is used.
Engine orientation ignored, only thruster orientation is used.
  debrief   : C:\Users\USER\Desktop\AI-pilot\core2\replays\canon\h0a_plain\champ_vs_C2_OneCircleRad_00_blue_debrief.png
  C2_OneCircleRad_00/blue        승    +14.7      3     21s     +0.6  포기0  health_zero@41s
Engine location ignored, only thruster location is used.
Engine orientation ignored, only thruster orientation is used.
Engine location ignored, only thruster location is used.
Engine orientation ignored, only thruster orientation is used.
  debrief   : C:\Users\USER\Desktop\AI-pilot\core2\replays\canon\h0a_plain\champ_vs_C2_OneCircleRad_00_red_debrief.png
  C2_OneCircleRad_00/red         승    +15.9      3     21s     -1.2  포기1  health_zero@60s
Engine location ignored, only thruster location is used.
Engine orientation ignored, only thruster orientation is used.
Engine location ignored, only thruster location is used.
Engine orientation ignored, only thruster orientation is used.
  debrief   : C:\Users\USER\Desktop\AI-pilot\core2\replays\canon\h0a_plain\champ_vs_C2_OneCircleRad_01_blue_debrief.png
  C2_OneCircleRad_01/blue        승    +14.7      3     21s     +0.6  포기0  health_zero@41s
Engine location ignored, only thruster location is used.
Engine orientation ignored, only thruster orientation is used.
Engine location ignored, only thruster location is used.
Engine orientation ignored, only thruster orientation is used.
  debrief   : C:\Users\USER\Desktop\AI-pilot\core2\replays\canon\h0a_plain\champ_vs_C2_OneCircleRad_01_red_debrief.png
  C2_OneCircleRad_01/red         승    +15.9      3     21s     -1.2  포기1  health_zero@60s
Engine location ignored, only thruster location is used.
Engine orientation ignored, only thruster orientation is used.
Engine location ignored, only thruster location is used.
Engine orientation ignored, only thruster orientation is used.
  debrief   : C:\Users\USER\Desktop\AI-pilot\core2\replays\canon\h0a_plain\champ_vs_C2_OneCircleRad_03_blue_debrief.png
  C2_OneCircleRad_03/blue        승    +27.8      3     21s     +0.6  포기0  health_zero@44s
Engine location ignored, only thruster location is used.
Engine orientation ignored, only thruster orientation is used.
Engine location ignored, only thruster location is used.
Engine orientation ignored, only thruster orientation is used.
  debrief   : C:\Users\USER\Desktop\AI-pilot\core2\replays\canon\h0a_plain\champ_vs_C2_OneCircleRad_03_red_debrief.png
  C2_OneCircleRad_03/red         패     -8.6      3     21s     -1.1  포기1  health_zero@59s
Engine location ignored, only thruster location is used.
Engine orientation ignored, only thruster orientation is used.
Engine location ignored, only thruster location is used.
Engine orientation ignored, only thruster orientation is used.
  debrief   : C:\Users\USER\Desktop\AI-pilot\core2\replays\canon\h0a_plain\champ_vs_C2_OneCircleRad_04_blue_debrief.png
  C2_OneCircleRad_04/blue        승    +27.8      3     21s     +0.6  포기0  health_zero@44s
Engine location ignored, only thruster location is used.
Engine orientation ignored, only thruster orientation is used.
Engine location ignored, only thruster location is used.
Engine orientation ignored, only thruster orientation is used.
  debrief   : C:\Users\USER\Desktop\AI-pilot\core2\replays\canon\h0a_plain\champ_vs_C2_OneCircleRad_04_red_debrief.png
  C2_OneCircleRad_04/red         패     -8.6      3     21s     -1.1  포기1  health_zero@59s
Engine location ignored, only thruster location is used.
Engine orientation ignored, only thruster orientation is used.
Engine location ignored, only thruster location is used.
Engine orientation ignored, only thruster orientation is used.
  debrief   : C:\Users\USER\Desktop\AI-pilot\core2\replays\canon\h0a_plain\champ_vs_C2_OneCircleRad_05_blue_debrief.png
  C2_OneCircleRad_05/blue        승    +27.8      3     21s     +0.6  포기0  health_zero@44s
Engine location ignored, only thruster location is used.
Engine orientation ignored, only thruster orientation is used.
Engine location ignored, only thruster location is used.
Engine orientation ignored, only thruster orientation is used.
  debrief   : C:\Users\USER\Desktop\AI-pilot\core2\replays\canon\h0a_plain\champ_vs_C2_OneCircleRad_05_red_debrief.png
  C2_OneCircleRad_05/red         패     -8.6      3     21s     -1.1  포기1  health_zero@59s
Engine location ignored, only thruster location is used.
Engine orientation ignored, only thruster orientation is used.
Engine location ignored, only thruster location is used.
Engine orientation ignored, only thruster orientation is used.
  debrief   : C:\Users\USER\Desktop\AI-pilot\core2\replays\canon\h0a_plain\champ_vs_C3_Lufbery_00_blue_debrief.png
  C3_Lufbery_00/blue             승    +35.9      3     21s     +0.6  포기0  health_zero@37s
Engine location ignored, only thruster location is used.
Engine orientation ignored, only thruster orientation is used.
Engine location ignored, only thruster location is used.
Engine orientation ignored, only thruster orientation is used.
  debrief   : C:\Users\USER\Desktop\AI-pilot\core2\replays\canon\h0a_plain\champ_vs_C3_Lufbery_00_red_debrief.png
  C3_Lufbery_00/red              패    -16.4      2     21s     +0.5  포기1  health_zero@38s
Engine location ignored, only thruster location is used.
Engine orientation ignored, only thruster orientation is used.
Engine location ignored, only thruster location is used.
Engine orientation ignored, only thruster orientation is used.
  debrief   : C:\Users\USER\Desktop\AI-pilot\core2\replays\canon\h0a_plain\champ_vs_C3_Lufbery_02_blue_debrief.png
  C3_Lufbery_02/blue             승    +35.9      3     21s     +0.6  포기0  health_zero@37s
Engine location ignored, only thruster location is used.
Engine orientation ignored, only thruster orientation is used.
Engine location ignored, only thruster location is used.
Engine orientation ignored, only thruster orientation is used.
  debrief   : C:\Users\USER\Desktop\AI-pilot\core2\replays\canon\h0a_plain\champ_vs_C3_Lufbery_02_red_debrief.png
  C3_Lufbery_02/red              패    -16.4      2     21s     +0.5  포기1  health_zero@38s
Engine location ignored, only thruster location is used.
Engine orientation ignored, only thruster orientation is used.
Engine location ignored, only thruster location is used.
Engine orientation ignored, only thruster orientation is used.
  debrief   : C:\Users\USER\Desktop\AI-pilot\core2\replays\canon\h0a_plain\champ_vs_C3_Lufbery_04_blue_debrief.png
  C3_Lufbery_04/blue             승    +36.4      3     21s     -1.2  포기0  health_zero@37s
Engine location ignored, only thruster location is used.
Engine orientation ignored, only thruster orientation is used.
Engine location ignored, only thruster location is used.
Engine orientation ignored, only thruster orientation is used.
  debrief   : C:\Users\USER\Desktop\AI-pilot\core2\replays\canon\h0a_plain\champ_vs_C3_Lufbery_04_red_debrief.png
  C3_Lufbery_04/red              패     -8.4      2     21s     -0.3  포기1  health_zero@38s
Engine location ignored, only thruster location is used.
Engine orientation ignored, only thruster orientation is used.
Engine location ignored, only thruster location is used.
Engine orientation ignored, only thruster orientation is used.
  debrief   : C:\Users\USER\Desktop\AI-pilot\core2\replays\canon\h0a_plain\champ_vs_C3_Lufbery_06_blue_debrief.png
  C3_Lufbery_06/blue             승    +38.3      3     21s     -1.2  포기0  health_zero@37s
Engine location ignored, only thruster location is used.
Engine orientation ignored, only thruster orientation is used.
Engine location ignored, only thruster location is used.
Engine orientation ignored, only thruster orientation is used.
  debrief   : C:\Users\USER\Desktop\AI-pilot\core2\replays\canon\h0a_plain\champ_vs_C3_Lufbery_06_red_debrief.png
  C3_Lufbery_06/red              패     -0.3      3     21s     +0.3  포기1  health_zero@55s
Engine location ignored, only thruster location is used.
Engine orientation ignored, only thruster orientation is used.
Engine location ignored, only thruster location is used.
Engine orientation ignored, only thruster orientation is used.
  debrief   : C:\Users\USER\Desktop\AI-pilot\core2\replays\canon\h0a_plain\champ_vs_C3_Lufbery_08_blue_debrief.png
  C3_Lufbery_08/blue             승    +38.3      3     21s     -1.2  포기0  health_zero@37s
Engine location ignored, only thruster location is used.
Engine orientation ignored, only thruster orientation is used.
Engine location ignored, only thruster location is used.
Engine orientation ignored, only thruster orientation is used.
  debrief   : C:\Users\USER\Desktop\AI-pilot\core2\replays\canon\h0a_plain\champ_vs_C3_Lufbery_08_red_debrief.png
  C3_Lufbery_08/red              패     -0.3      3     21s     +0.3  포기1  health_zero@55s
Engine location ignored, only thruster location is used.
Engine orientation ignored, only thruster orientation is used.
Engine location ignored, only thruster location is used.
Engine orientation ignored, only thruster orientation is used.
  debrief   : C:\Users\USER\Desktop\AI-pilot\core2\replays\canon\h0a_plain\champ_vs_D1_Reactive_00_blue_debrief.png
  D1_Reactive_00/blue            승    +33.3      3     21s     +0.6  포기0  health_zero@43s
Engine location ignored, only thruster location is used.
Engine orientation ignored, only thruster orientation is used.
Engine location ignored, only thruster location is used.
Engine orientation ignored, only thruster orientation is used.
  debrief   : C:\Users\USER\Desktop\AI-pilot\core2\replays\canon\h0a_plain\champ_vs_D1_Reactive_00_red_debrief.png
  D1_Reactive_00/red             승    +49.1      5     21s     -0.6  포기1  health_zero@204s
Engine location ignored, only thruster location is used.
Engine orientation ignored, only thruster orientation is used.
Engine location ignored, only thruster location is used.
Engine orientation ignored, only thruster orientation is used.
  debrief   : C:\Users\USER\Desktop\AI-pilot\core2\replays\canon\h0a_plain\champ_vs_D1_Reactive_03_blue_debrief.png
  D1_Reactive_03/blue            승    +33.3      3     21s     +0.6  포기0  health_zero@43s
Engine location ignored, only thruster location is used.
Engine orientation ignored, only thruster orientation is used.
Engine location ignored, only thruster location is used.
Engine orientation ignored, only thruster orientation is used.
  debrief   : C:\Users\USER\Desktop\AI-pilot\core2\replays\canon\h0a_plain\champ_vs_D1_Reactive_03_red_debrief.png
  D1_Reactive_03/red             승    +49.1      5     21s     -0.6  포기1  health_zero@204s
Engine location ignored, only thruster location is used.
Engine orientation ignored, only thruster orientation is used.
Engine location ignored, only thruster location is used.
Engine orientation ignored, only thruster orientation is used.
  debrief   : C:\Users\USER\Desktop\AI-pilot\core2\replays\canon\h0a_plain\champ_vs_D1_Reactive_06_blue_debrief.png
  D1_Reactive_06/blue            승    +32.3      3     21s     -0.6  포기0  health_zero@43s
Engine location ignored, only thruster location is used.
Engine orientation ignored, only thruster orientation is used.
Engine location ignored, only thruster location is used.
Engine orientation ignored, only thruster orientation is used.
  debrief   : C:\Users\USER\Desktop\AI-pilot\core2\replays\canon\h0a_plain\champ_vs_D1_Reactive_06_red_debrief.png
  D1_Reactive_06/red             패    -13.8      3     21s     +0.6  포기1  health_zero@156s
Engine location ignored, only thruster location is used.
Engine orientation ignored, only thruster orientation is used.
Engine location ignored, only thruster location is used.
Engine orientation ignored, only thruster orientation is used.
  debrief   : C:\Users\USER\Desktop\AI-pilot\core2\replays\canon\h0a_plain\champ_vs_D1_Reactive_08_blue_debrief.png
  D1_Reactive_08/blue            승    +17.1      3     21s     +0.6  포기0  health_zero@46s
Engine location ignored, only thruster location is used.
Engine orientation ignored, only thruster orientation is used.
Engine location ignored, only thruster location is used.
Engine orientation ignored, only thruster orientation is used.
  debrief   : C:\Users\USER\Desktop\AI-pilot\core2\replays\canon\h0a_plain\champ_vs_D1_Reactive_08_red_debrief.png
  D1_Reactive_08/red             승    +25.4      3     21s     +0.0  포기1  health_zero@137s
Engine location ignored, only thruster location is used.
Engine orientation ignored, only thruster orientation is used.
Engine location ignored, only thruster location is used.
Engine orientation ignored, only thruster orientation is used.
  debrief   : C:\Users\USER\Desktop\AI-pilot\core2\replays\canon\h0a_plain\champ_vs_D1_Reactive_11_blue_debrief.png
  D1_Reactive_11/blue            승    +17.1      3     21s     +0.6  포기0  health_zero@46s
Engine location ignored, only thruster location is used.
Engine orientation ignored, only thruster orientation is used.
Engine location ignored, only thruster location is used.
Engine orientation ignored, only thruster orientation is used.
  debrief   : C:\Users\USER\Desktop\AI-pilot\core2\replays\canon\h0a_plain\champ_vs_D1_Reactive_11_red_debrief.png
  D1_Reactive_11/red             승    +25.4      3     21s     +0.0  포기1  health_zero@137s
Engine location ignored, only thruster location is used.
Engine orientation ignored, only thruster orientation is used.
Engine location ignored, only thruster location is used.
Engine orientation ignored, only thruster orientation is used.
  debrief   : C:\Users\USER\Desktop\AI-pilot\core2\replays\canon\h0a_plain\champ_vs_D2_LastDitch_00_blue_debrief.png
  D2_LastDitch_00/blue           승    +41.4      2     21s     -0.6  포기0  health_zero@73s
Engine location ignored, only thruster location is used.
Engine orientation ignored, only thruster orientation is used.
Engine location ignored, only thruster location is used.
Engine orientation ignored, only thruster orientation is used.
  debrief   : C:\Users\USER\Desktop\AI-pilot\core2\replays\canon\h0a_plain\champ_vs_D2_LastDitch_00_red_debrief.png
  D2_LastDitch_00/red            승    +37.0      0       -     +0.6  포기0  health_zero@74s
Engine location ignored, only thruster location is used.
Engine orientation ignored, only thruster orientation is used.
Engine location ignored, only thruster location is used.
Engine orientation ignored, only thruster orientation is used.
  debrief   : C:\Users\USER\Desktop\AI-pilot\core2\replays\canon\h0a_plain\champ_vs_D2_LastDitch_01_blue_debrief.png
  D2_LastDitch_01/blue           승    +41.4      2     21s     -0.6  포기0  health_zero@73s
Engine location ignored, only thruster location is used.
Engine orientation ignored, only thruster orientation is used.
Engine location ignored, only thruster location is used.
Engine orientation ignored, only thruster orientation is used.
  debrief   : C:\Users\USER\Desktop\AI-pilot\core2\replays\canon\h0a_plain\champ_vs_D2_LastDitch_01_red_debrief.png
  D2_LastDitch_01/red            승    +37.0      0       -     +0.6  포기0  health_zero@74s
Engine location ignored, only thruster location is used.
Engine orientation ignored, only thruster orientation is used.
Engine location ignored, only thruster location is used.
Engine orientation ignored, only thruster orientation is used.
  debrief   : C:\Users\USER\Desktop\AI-pilot\core2\replays\canon\h0a_plain\champ_vs_D2_LastDitch_03_blue_debrief.png
  D2_LastDitch_03/blue           승    +29.7      2     21s     +1.2  포기0  health_zero@60s
Engine location ignored, only thruster location is used.
Engine orientation ignored, only thruster orientation is used.
Engine location ignored, only thruster location is used.
Engine orientation ignored, only thruster orientation is used.
  debrief   : C:\Users\USER\Desktop\AI-pilot\core2\replays\canon\h0a_plain\champ_vs_D2_LastDitch_03_red_debrief.png
  D2_LastDitch_03/red            승    +25.1      0       -     +0.6  포기0  health_zero@61s
Engine location ignored, only thruster location is used.
Engine orientation ignored, only thruster orientation is used.
Engine location ignored, only thruster location is used.
Engine orientation ignored, only thruster orientation is used.
  debrief   : C:\Users\USER\Desktop\AI-pilot\core2\replays\canon\h0a_plain\champ_vs_D2_LastDitch_04_blue_debrief.png
  D2_LastDitch_04/blue           승    +22.2      2     21s     +0.0  포기0  health_zero@62s
Engine location ignored, only thruster location is used.
Engine orientation ignored, only thruster orientation is used.
Engine location ignored, only thruster location is used.
Engine orientation ignored, only thruster orientation is used.
  debrief   : C:\Users\USER\Desktop\AI-pilot\core2\replays\canon\h0a_plain\champ_vs_D2_LastDitch_04_red_debrief.png
  D2_LastDitch_04/red            승    +15.6      0       -     +0.0  포기0  health_zero@62s
Engine location ignored, only thruster location is used.
Engine orientation ignored, only thruster orientation is used.
Engine location ignored, only thruster location is used.
Engine orientation ignored, only thruster orientation is used.
  debrief   : C:\Users\USER\Desktop\AI-pilot\core2\replays\canon\h0a_plain\champ_vs_D2_LastDitch_05_blue_debrief.png
  D2_LastDitch_05/blue           승    +22.2      2     21s     +0.0  포기0  health_zero@62s
Engine location ignored, only thruster location is used.
Engine orientation ignored, only thruster orientation is used.
Engine location ignored, only thruster location is used.
Engine orientation ignored, only thruster orientation is used.
  debrief   : C:\Users\USER\Desktop\AI-pilot\core2\replays\canon\h0a_plain\champ_vs_D2_LastDitch_05_red_debrief.png
  D2_LastDitch_05/red            승    +15.6      0       -     +0.0  포기0  health_zero@62s
Engine location ignored, only thruster location is used.
Engine orientation ignored, only thruster orientation is used.
Engine location ignored, only thruster location is used.
Engine orientation ignored, only thruster orientation is used.
  debrief   : C:\Users\USER\Desktop\AI-pilot\core2\replays\canon\h0a_plain\champ_vs_D3_Scissors_00_blue_debrief.png
  D3_Scissors_00/blue            승    +19.9      3     21s     +0.0  포기0  health_zero@44s
Engine location ignored, only thruster location is used.
Engine orientation ignored, only thruster orientation is used.
Engine location ignored, only thruster location is used.
Engine orientation ignored, only thruster orientation is used.
  debrief   : C:\Users\USER\Desktop\AI-pilot\core2\replays\canon\h0a_plain\champ_vs_D3_Scissors_00_red_debrief.png
  D3_Scissors_00/red             패    -15.7      1     21s     -0.7  포기0  health_zero@74s
Engine location ignored, only thruster location is used.
Engine orientation ignored, only thruster orientation is used.
Engine location ignored, only thruster location is used.
Engine orientation ignored, only thruster orientation is used.
  debrief   : C:\Users\USER\Desktop\AI-pilot\core2\replays\canon\h0a_plain\champ_vs_D3_Scissors_01_blue_debrief.png
  D3_Scissors_01/blue            승    +18.9      3     21s     +0.0  포기0  health_zero@44s
Engine location ignored, only thruster location is used.
Engine orientation ignored, only thruster orientation is used.
Engine location ignored, only thruster location is used.
Engine orientation ignored, only thruster orientation is used.
  debrief   : C:\Users\USER\Desktop\AI-pilot\core2\replays\canon\h0a_plain\champ_vs_D3_Scissors_01_red_debrief.png
  D3_Scissors_01/red             패     -8.8      1     21s     -0.0  포기0  health_zero@74s
Engine location ignored, only thruster location is used.
Engine orientation ignored, only thruster orientation is used.
Engine location ignored, only thruster location is used.
Engine orientation ignored, only thruster orientation is used.
  debrief   : C:\Users\USER\Desktop\AI-pilot\core2\replays\canon\h0a_plain\champ_vs_D3_Scissors_02_blue_debrief.png
  D3_Scissors_02/blue            승    +22.4      3     21s     +0.0  포기0  health_zero@44s
Engine location ignored, only thruster location is used.
Engine orientation ignored, only thruster orientation is used.
Engine location ignored, only thruster location is used.
Engine orientation ignored, only thruster orientation is used.
  debrief   : C:\Users\USER\Desktop\AI-pilot\core2\replays\canon\h0a_plain\champ_vs_D3_Scissors_02_red_debrief.png
  D3_Scissors_02/red             패    -11.3      1     21s     -0.0  포기0  health_zero@74s
Engine location ignored, only thruster location is used.
Engine orientation ignored, only thruster orientation is used.
Engine location ignored, only thruster location is used.
Engine orientation ignored, only thruster orientation is used.
  debrief   : C:\Users\USER\Desktop\AI-pilot\core2\replays\canon\h0a_plain\champ_vs_E1_AdaptiveAce_00_blue_debrief.png
  E1_AdaptiveAce_00/blue         패    -33.8     20     21s     -0.6  포기1  health_zero@38s
Engine location ignored, only thruster location is used.
Engine orientation ignored, only thruster orientation is used.
Engine location ignored, only thruster location is used.
Engine orientation ignored, only thruster orientation is used.
  debrief   : C:\Users\USER\Desktop\AI-pilot\core2\replays\canon\h0a_plain\champ_vs_E1_AdaptiveAce_00_red_debrief.png
  E1_AdaptiveAce_00/red          승    +22.3     18     21s     -0.6  포기1  health_zero@62s
Engine location ignored, only thruster location is used.
Engine orientation ignored, only thruster orientation is used.
Engine location ignored, only thruster location is used.
Engine orientation ignored, only thruster orientation is used.
  debrief   : C:\Users\USER\Desktop\AI-pilot\core2\replays\canon\h0a_plain\champ_vs_E1_AdaptiveAce_03_blue_debrief.png
  E1_AdaptiveAce_03/blue         패    -22.6     20     21s     -0.1  포기1  health_zero@37s
Engine location ignored, only thruster location is used.
Engine orientation ignored, only thruster orientation is used.
Engine location ignored, only thruster location is used.
Engine orientation ignored, only thruster orientation is used.
  debrief   : C:\Users\USER\Desktop\AI-pilot\core2\replays\canon\h0a_plain\champ_vs_E1_AdaptiveAce_03_red_debrief.png
  E1_AdaptiveAce_03/red          패    -18.4     18     21s     -0.9  포기1  health_zero@37s
Engine location ignored, only thruster location is used.
Engine orientation ignored, only thruster orientation is used.
Engine location ignored, only thruster location is used.
Engine orientation ignored, only thruster orientation is used.
  debrief   : C:\Users\USER\Desktop\AI-pilot\core2\replays\canon\h0a_plain\champ_vs_E1_AdaptiveAce_06_blue_debrief.png
  E1_AdaptiveAce_06/blue         패    -21.7     19     21s     -0.4  포기1  health_zero@36s
Engine location ignored, only thruster location is used.
Engine orientation ignored, only thruster orientation is used.
Engine location ignored, only thruster location is used.
Engine orientation ignored, only thruster orientation is used.
  debrief   : C:\Users\USER\Desktop\AI-pilot\core2\replays\canon\h0a_plain\champ_vs_E1_AdaptiveAce_06_red_debrief.png
  E1_AdaptiveAce_06/red          승     +0.4      2     21s     +0.0  포기0  health_zero@231s
Engine location ignored, only thruster location is used.
Engine orientation ignored, only thruster orientation is used.
Engine location ignored, only thruster location is used.
Engine orientation ignored, only thruster orientation is used.
  debrief   : C:\Users\USER\Desktop\AI-pilot\core2\replays\canon\h0a_plain\champ_vs_E1_AdaptiveAce_08_blue_debrief.png
  E1_AdaptiveAce_08/blue         패    -14.5     20     21s     -0.7  포기1  health_zero@101s
Engine location ignored, only thruster location is used.
Engine orientation ignored, only thruster orientation is used.
Engine location ignored, only thruster location is used.
Engine orientation ignored, only thruster orientation is used.
  debrief   : C:\Users\USER\Desktop\AI-pilot\core2\replays\canon\h0a_plain\champ_vs_E1_AdaptiveAce_08_red_debrief.png
  E1_AdaptiveAce_08/red          승    +20.6     18     21s     +0.6  포기1  health_zero@62s
Engine location ignored, only thruster location is used.
Engine orientation ignored, only thruster orientation is used.
Engine location ignored, only thruster location is used.
Engine orientation ignored, only thruster orientation is used.
  debrief   : C:\Users\USER\Desktop\AI-pilot\core2\replays\canon\h0a_plain\champ_vs_E1_AdaptiveAce_11_blue_debrief.png
  E1_AdaptiveAce_11/blue         패    -19.2     19     21s     +0.2  포기1  health_zero@37s
Engine location ignored, only thruster location is used.
Engine orientation ignored, only thruster orientation is used.
Engine location ignored, only thruster location is used.
Engine orientation ignored, only thruster orientation is used.
  debrief   : C:\Users\USER\Desktop\AI-pilot\core2\replays\canon\h0a_plain\champ_vs_E1_AdaptiveAce_11_red_debrief.png
  E1_AdaptiveAce_11/red          패    -18.2     18     21s     -0.1  포기1  health_zero@37s
Engine location ignored, only thruster location is used.
Engine orientation ignored, only thruster orientation is used.
Engine location ignored, only thruster location is used.
Engine orientation ignored, only thruster orientation is used.
  debrief   : C:\Users\USER\Desktop\AI-pilot\core2\replays\canon\h0a_plain\champ_vs_E2_Passive_00_blue_debrief.png
  E2_Passive_00/blue             패     -9.9      3     21s     -0.5  포기0  health_zero@35s
Engine location ignored, only thruster location is used.
Engine orientation ignored, only thruster orientation is used.
Engine location ignored, only thruster location is used.
Engine orientation ignored, only thruster orientation is used.
  debrief   : C:\Users\USER\Desktop\AI-pilot\core2\replays\canon\h0a_plain\champ_vs_E2_Passive_00_red_debrief.png
  E2_Passive_00/red              패    -10.3      3     21s     -0.3  포기0  health_zero@35s
Engine location ignored, only thruster location is used.
Engine orientation ignored, only thruster orientation is used.
Engine location ignored, only thruster location is used.
Engine orientation ignored, only thruster orientation is used.
  debrief   : C:\Users\USER\Desktop\AI-pilot\core2\replays\canon\h0a_plain\champ_vs_E2_Passive_01_blue_debrief.png
  E2_Passive_01/blue             패     -9.9      3     21s     -0.5  포기0  health_zero@35s
Engine location ignored, only thruster location is used.
Engine orientation ignored, only thruster orientation is used.
Engine location ignored, only thruster location is used.
Engine orientation ignored, only thruster orientation is used.
  debrief   : C:\Users\USER\Desktop\AI-pilot\core2\replays\canon\h0a_plain\champ_vs_E2_Passive_01_red_debrief.png
  E2_Passive_01/red              패    -10.3      3     21s     -0.3  포기0  health_zero@35s
Engine location ignored, only thruster location is used.
Engine orientation ignored, only thruster orientation is used.
Engine location ignored, only thruster location is used.
Engine orientation ignored, only thruster orientation is used.
  debrief   : C:\Users\USER\Desktop\AI-pilot\core2\replays\canon\h0a_plain\champ_vs_anchor_ace_blue_debrief.png
  anchor_ace/blue                패    -33.8     20     21s     -0.6  포기1  health_zero@37s
Engine location ignored, only thruster location is used.
Engine orientation ignored, only thruster orientation is used.
Engine location ignored, only thruster location is used.
Engine orientation ignored, only thruster orientation is used.
  debrief   : C:\Users\USER\Desktop\AI-pilot\core2\replays\canon\h0a_plain\champ_vs_anchor_ace_red_debrief.png
  anchor_ace/red                 승     +4.0     19     21s     -1.2  포기1  health_zero@61s
Engine location ignored, only thruster location is used.
Engine orientation ignored, only thruster orientation is used.
Engine location ignored, only thruster location is used.
Engine orientation ignored, only thruster orientation is used.
  debrief   : C:\Users\USER\Desktop\AI-pilot\core2\replays\canon\h0a_plain\champ_vs_anchor_aggressive_blue_debrief.png
  anchor_aggressive/blue         승    +63.1      0       -     +0.6  포기0  health_zero@33s
Engine location ignored, only thruster location is used.
Engine orientation ignored, only thruster orientation is used.
Engine location ignored, only thruster location is used.
Engine orientation ignored, only thruster orientation is used.
  debrief   : C:\Users\USER\Desktop\AI-pilot\core2\replays\canon\h0a_plain\champ_vs_anchor_aggressive_red_debrief.png
  anchor_aggressive/red          승    +62.9      0       -     +0.0  포기0  health_zero@33s
Engine location ignored, only thruster location is used.
Engine orientation ignored, only thruster orientation is used.
Engine location ignored, only thruster location is used.
Engine orientation ignored, only thruster orientation is used.
  debrief   : C:\Users\USER\Desktop\AI-pilot\core2\replays\canon\h0a_plain\champ_vs_anchor_defensive_blue_debrief.png
  anchor_defensive/blue          승    +21.1      3     21s     +0.0  포기0  health_zero@42s
Engine location ignored, only thruster location is used.
Engine orientation ignored, only thruster orientation is used.
Engine location ignored, only thruster location is used.
Engine orientation ignored, only thruster orientation is used.
  debrief   : C:\Users\USER\Desktop\AI-pilot\core2\replays\canon\h0a_plain\champ_vs_anchor_defensive_red_debrief.png
  anchor_defensive/red           승    +24.1      1     21s     -0.6  포기0  health_zero@61s
Engine location ignored, only thruster location is used.
Engine orientation ignored, only thruster orientation is used.
Engine location ignored, only thruster location is used.
Engine orientation ignored, only thruster orientation is used.
  debrief   : C:\Users\USER\Desktop\AI-pilot\core2\replays\canon\h0a_plain\champ_vs_anchor_simple_blue_debrief.png
  anchor_simple/blue             승    +63.1      0       -     +0.6  포기0  health_zero@33s
Engine location ignored, only thruster location is used.
Engine orientation ignored, only thruster orientation is used.
Engine location ignored, only thruster location is used.
Engine orientation ignored, only thruster orientation is used.
  debrief   : C:\Users\USER\Desktop\AI-pilot\core2\replays\canon\h0a_plain\champ_vs_anchor_simple_red_debrief.png
  anchor_simple/red              승    +62.9      0       -     +0.0  포기0  health_zero@33s
Engine location ignored, only thruster location is used.
Engine orientation ignored, only thruster orientation is used.
Engine location ignored, only thruster location is used.
Engine orientation ignored, only thruster orientation is used.
  debrief   : C:\Users\USER\Desktop\AI-pilot\core2\replays\canon\h0a_plain\champ_vs_official_attacker_blue_debrief.png
  official_attacker/blue         승    +63.3      0       -     +0.6  포기0  health_zero@34s
Engine location ignored, only thruster location is used.
Engine orientation ignored, only thruster orientation is used.
Engine location ignored, only thruster location is used.
Engine orientation ignored, only thruster orientation is used.
  debrief   : C:\Users\USER\Desktop\AI-pilot\core2\replays\canon\h0a_plain\champ_vs_official_attacker_red_debrief.png
  official_attacker/red          승    +63.4      0       -     -1.2  포기0  health_zero@34s
Engine location ignored, only thruster location is used.
Engine orientation ignored, only thruster orientation is used.
Engine location ignored, only thruster location is used.
Engine orientation ignored, only thruster orientation is used.
  debrief   : C:\Users\USER\Desktop\AI-pilot\core2\replays\canon\h0a_plain\champ_vs_official_energyfighter_blue_debrief.png
  official_energyfighter/blue    승    +83.1      0       -     -0.6  포기0  health_zero@76s
Engine location ignored, only thruster location is used.
Engine orientation ignored, only thruster orientation is used.
Engine location ignored, only thruster location is used.
Engine orientation ignored, only thruster orientation is used.
  debrief   : C:\Users\USER\Desktop\AI-pilot\core2\replays\canon\h0a_plain\champ_vs_official_energyfighter_red_debrief.png
  official_energyfighter/red     승    +83.1      0       -     -1.9  포기0  health_zero@75s
Engine location ignored, only thruster location is used.
Engine orientation ignored, only thruster orientation is used.
Engine location ignored, only thruster location is used.
Engine orientation ignored, only thruster orientation is used.
  debrief   : C:\Users\USER\Desktop\AI-pilot\core2\replays\canon\h0a_plain\champ_vs_official_twocircle_blue_debrief.png
  official_twocircle/blue        패    -20.0      4     21s     -1.2  포기1  health_zero@38s
Engine location ignored, only thruster location is used.
Engine orientation ignored, only thruster orientation is used.
Engine location ignored, only thruster location is used.
Engine orientation ignored, only thruster orientation is used.
  debrief   : C:\Users\USER\Desktop\AI-pilot\core2\replays\canon\h0a_plain\champ_vs_official_twocircle_red_debrief.png
  official_twocircle/red         패    -19.0      4     21s     -0.8  포기1  health_zero@38s
Engine location ignored, only thruster location is used.
Engine orientation ignored, only thruster orientation is used.
Engine location ignored, only thruster location is used.
Engine orientation ignored, only thruster orientation is used.
  debrief   : C:\Users\USER\Desktop\AI-pilot\core2\replays\canon\h0a_plain\champ_vs_official_controlzone_blue_debrief.png
  official_controlzone/blue      패    -10.2      0       -     -0.2  포기0  health_zero@35s
Engine location ignored, only thruster location is used.
Engine orientation ignored, only thruster orientation is used.
Engine location ignored, only thruster location is used.
Engine orientation ignored, only thruster orientation is used.
  debrief   : C:\Users\USER\Desktop\AI-pilot\core2\replays\canon\h0a_plain\champ_vs_official_controlzone_red_debrief.png
  official_controlzone/red       패    -10.3      0       -     -0.3  포기0  health_zero@35s
Engine location ignored, only thruster location is used.
Engine orientation ignored, only thruster orientation is used.
Engine location ignored, only thruster location is used.
Engine orientation ignored, only thruster orientation is used.
  debrief   : C:\Users\USER\Desktop\AI-pilot\core2\replays\canon\h0a_plain\champ_vs_official_headon_blue_debrief.png
  official_headon/blue           무     +0.0      0       -     -0.6  포기0  health_zero@36s
Engine location ignored, only thruster location is used.
Engine orientation ignored, only thruster orientation is used.
Engine location ignored, only thruster location is used.
Engine orientation ignored, only thruster orientation is used.
  debrief   : C:\Users\USER\Desktop\AI-pilot\core2\replays\canon\h0a_plain\champ_vs_official_headon_red_debrief.png
  official_headon/red            무     +0.0      0       -     -0.6  포기0  health_zero@36s
Engine location ignored, only thruster location is used.
Engine orientation ignored, only thruster orientation is used.
Engine location ignored, only thruster location is used.
Engine orientation ignored, only thruster orientation is used.
  debrief   : C:\Users\USER\Desktop\AI-pilot\core2\replays\canon\h0a_plain\champ_vs_redteam_allround_blue_debrief.png
  redteam_allround/blue          패    -26.5      4     21s     -0.2  포기1  health_zero@39s
Engine location ignored, only thruster location is used.
Engine orientation ignored, only thruster orientation is used.
Engine location ignored, only thruster location is used.
Engine orientation ignored, only thruster orientation is used.
  debrief   : C:\Users\USER\Desktop\AI-pilot\core2\replays\canon\h0a_plain\champ_vs_redteam_allround_red_debrief.png
  redteam_allround/red           패    -26.9      4     21s     -1.9  포기1  health_zero@39s
Engine location ignored, only thruster location is used.
Engine orientation ignored, only thruster orientation is used.
Engine location ignored, only thruster location is used.
Engine orientation ignored, only thruster orientation is used.
  debrief   : C:\Users\USER\Desktop\AI-pilot\core2\replays\canon\h0a_plain\champ_vs_redteam_energy_blue_debrief.png
  redteam_energy/blue            승    +37.6      0       -     +0.0  포기0  health_zero@45s
Engine location ignored, only thruster location is used.
Engine orientation ignored, only thruster orientation is used.
Engine location ignored, only thruster location is used.
Engine orientation ignored, only thruster orientation is used.
  debrief   : C:\Users\USER\Desktop\AI-pilot\core2\replays\canon\h0a_plain\champ_vs_redteam_energy_red_debrief.png
  redteam_energy/red             승    +36.4      0       -     -0.6  포기0  health_zero@45s
Engine location ignored, only thruster location is used.
Engine orientation ignored, only thruster orientation is used.
Engine location ignored, only thruster location is used.
Engine orientation ignored, only thruster orientation is used.
  debrief   : C:\Users\USER\Desktop\AI-pilot\core2\replays\canon\h0a_plain\champ_vs_redteam_pressure_blue_debrief.png
  redteam_pressure/blue          승    +63.1      0       -     +0.6  포기0  health_zero@33s
Engine location ignored, only thruster location is used.
Engine orientation ignored, only thruster orientation is used.
Engine location ignored, only thruster location is used.
Engine orientation ignored, only thruster orientation is used.
  debrief   : C:\Users\USER\Desktop\AI-pilot\core2\replays\canon\h0a_plain\champ_vs_redteam_pressure_red_debrief.png
  redteam_pressure/red           승    +62.9      0       -     +0.0  포기0  health_zero@33s
Engine location ignored, only thruster location is used.
Engine orientation ignored, only thruster orientation is used.
Engine location ignored, only thruster location is used.
Engine orientation ignored, only thruster orientation is used.
  debrief   : C:\Users\USER\Desktop\AI-pilot\core2\replays\canon\h0a_plain\champ_vs_official_default_blue_debrief.png
  official_default/blue          승    +21.7      3     21s     +0.6  포기0  health_zero@41s
Engine location ignored, only thruster location is used.
Engine orientation ignored, only thruster orientation is used.
Engine location ignored, only thruster location is used.
Engine orientation ignored, only thruster orientation is used.
  debrief   : C:\Users\USER\Desktop\AI-pilot\core2\replays\canon\h0a_plain\champ_vs_official_default_red_debrief.png
  official_default/red           승    +31.0      1     21s     -0.6  포기0  health_zero@119s
Engine location ignored, only thruster location is used.
Engine orientation ignored, only thruster orientation is used.
Engine location ignored, only thruster location is used.
Engine orientation ignored, only thruster orientation is used.
Traceback (most recent call last):
  File "C:\Users\USER\Desktop\AI-pilot\core2\research\proto_ledger_gate.py", line 792, in <module>
    raise SystemExit(main())
                     ~~~~^^
  File "C:\Users\USER\Desktop\AI-pilot\core2\research\proto_ledger_gate.py", line 771, in main
    res, win, loss, led = pairing(stem, clf, side, replay=replay)
                          ~~~~~~~^^^^^^^^^^^^^^^^^^^^^^^^^^^^^^^^
  File "C:\Users\USER\Desktop\AI-pilot\core2\research\proto_ledger_gate.py", line 703, in pairing
    res = m.run()
  File "C:\Users\USER\Desktop\AI-pilot\core2\research\run_champion_match.py", line 89, in run
    r = super().run()
  File "C:\Users\USER\Desktop\AI-pilot\core2\aircombat\engine\match.py", line 78, in run
    writer = ACMIWriter(self.acmi_path) if self.acmi_path else None
             ~~~~~~~~~~^^^^^^^^^^^^^^^^
  File "C:\Users\USER\Desktop\AI-pilot\core2\aircombat\debrief\acmi.py", line 192, in __init__
    self._f = open(path, "w", encoding="utf-8-sig", newline="\n")
              ~~~~^^^^^^^^^^^^^^^^^^^^^^^^^^^^^^^^^^^^^^^^^^^^^^^
FileNotFoundError: [Errno 2] No such file or directory: 'C:\\Users\\USER\\Desktop\\AI-pilot\\core2\\replays\\canon\\h0a_plain\\champ_vs_agents/champion128_blue.acmi'
