
[발화판]
짝지은 슬롯 38개   평균 교전시간  플레인 49s / 최종 67s

기동            개수 플레인       개수 최종      분당 플레인       분당 최종       차이              95% CI     B우세/A우세
임멜만               16          15       0.619       0.489   -0.129  [-0.310, +0.024]     8/10    
스플릿S               0           3       0.000       0.105   +0.105  [+0.000, +0.244]     3/0     
루프                 0          12       0.000       0.180   +0.180  [+0.074, +0.311]     7/0       ←유의
급상승                0           6       0.000       0.156   +0.156  [+0.040, +0.295]     6/0       ←유의
급강하                0           0       0.000       0.000   +0.000  [+0.000, +0.000]     0/0     
배면기타              19          15       0.598       0.385   -0.213  [-0.481, +0.045]    12/10    
합계                35          51       1.217       1.316   +0.100  [-0.232, +0.429]    20/16    

해석: 차이는 분당 발생률의 대응표본 평균차(B−A). 신뢰구간이 0을 포함하면 조건 간 차이의 증거가 없다.
판당 상세 → research/results/h0a_maneuvers_발화판.csv

[휴면판(두 조건 동일 정책)]
짝지은 슬롯 108개   평균 교전시간  플레인 71s / 최종 71s

기동            개수 플레인       개수 최종      분당 플레인       분당 최종       차이              95% CI     B우세/A우세
임멜만               30          30       0.440       0.440   +0.000  [+0.000, +0.000]     0/0     
스플릿S              19          19       0.236       0.236   +0.000  [+0.000, +0.000]     0/0     
루프                13          13       0.062       0.062   +0.000  [+0.000, +0.000]     0/0     
급상승                8           8       0.074       0.074   +0.000  [+0.000, +0.000]     0/0     
급강하                1           1       0.003       0.003   +0.000  [+0.000, +0.000]     0/0     
배면기타              38          38       0.276       0.276   +0.000  [+0.000, +0.000]     0/0     
합계               109         109       1.092       1.092   +0.000  [+0.000, +0.000]     0/0     

해석: 차이는 분당 발생률의 대응표본 평균차(B−A). 신뢰구간이 0을 포함하면 조건 간 차이의 증거가 없다.
판당 상세 → research/results/h0a_maneuvers_휴면판.csv
