=== 루프19 점수-장부 게이트: refuse=auto scope=subset (near>1.0 floor8.0 edge12.0 hot45.0 rng4500 pursue<0.6@12s) ===
  상대/측                          결과      HPΔ     거부     첫발화     장부오차  cond


     JSBSim Flight Dynamics Model v1.3.0 [GitHub build 1742/commit 01ea7816288dce9e9f6a1a6dc048014bc65d699e] Apr  9 2026 10:02:36
            [JSBSim-ML v2.0]

JSBSim startup beginning ...

Engine location ignored, only thruster location is used.
Engine orientation ignored, only thruster orientation is used.
Engine location ignored, only thruster location is used.
Engine orientation ignored, only thruster orientation is used.
  anchor_ace/blue                패    -33.3     19     21s     -0.2  포기1  health_zero@36s
Engine location ignored, only thruster location is used.
Engine orientation ignored, only thruster orientation is used.
Engine location ignored, only thruster location is used.
Engine orientation ignored, only thruster orientation is used.
  anchor_ace/red                 승     +6.9     19     21s     +0.0  포기1  health_zero@61s
Engine location ignored, only thruster location is used.
Engine orientation ignored, only thruster orientation is used.
Engine location ignored, only thruster location is used.
Engine orientation ignored, only thruster orientation is used.
  B1_EnergyFighter_06/red        패     -3.3     32     21s     -0.2  포기1  health_zero@97s
Engine location ignored, only thruster location is used.
Engine orientation ignored, only thruster orientation is used.
Engine location ignored, only thruster location is used.
Engine orientation ignored, only thruster orientation is used.
  C1_TwoCircleRate_03/red        승     +2.0      3     21s     -1.2  포기1  health_zero@61s
Engine location ignored, only thruster location is used.
Engine orientation ignored, only thruster orientation is used.
Engine location ignored, only thruster location is used.
Engine orientation ignored, only thruster orientation is used.
  C2_OneCircleRad_03/red         승     +2.0      3     21s     -1.2  포기1  health_zero@61s
Engine location ignored, only thruster location is used.
Engine orientation ignored, only thruster orientation is used.
Engine location ignored, only thruster location is used.
Engine orientation ignored, only thruster orientation is used.
  C3_Lufbery_04/red              패     -3.3     32     21s     -0.2  포기1  health_zero@97s
Engine location ignored, only thruster location is used.
Engine orientation ignored, only thruster orientation is used.
Engine location ignored, only thruster location is used.
Engine orientation ignored, only thruster orientation is used.
  D1_Reactive_06/red             승    +39.6      3     21s     +0.0  포기1  health_zero@162s
Engine location ignored, only thruster location is used.
Engine orientation ignored, only thruster orientation is used.
Engine location ignored, only thruster location is used.
Engine orientation ignored, only thruster orientation is used.
  D3_Scissors_01/red             승     +5.3      1     21s     +1.2  포기0  health_zero@65s
Engine location ignored, only thruster location is used.
Engine orientation ignored, only thruster orientation is used.
Engine location ignored, only thruster location is used.
Engine orientation ignored, only thruster orientation is used.
  E1_AdaptiveAce_06/blue         패    -20.3     20     21s     +0.9  포기1  health_zero@36s
Engine location ignored, only thruster location is used.
Engine orientation ignored, only thruster orientation is used.
Engine location ignored, only thruster location is used.
Engine orientation ignored, only thruster orientation is used.
  E2_Passive_01/blue             패     -3.5     19     21s     +0.8  포기1  health_zero@35s
Engine location ignored, only thruster location is used.
Engine orientation ignored, only thruster orientation is used.
Engine location ignored, only thruster location is used.
Engine orientation ignored, only thruster orientation is used.
  E2_Passive_01/red              패     -2.2      2     34s     +0.9  포기1  health_zero@34s
Engine location ignored, only thruster location is used.
Engine orientation ignored, only thruster orientation is used.
Engine location ignored, only thruster location is used.
Engine orientation ignored, only thruster orientation is used.
  B1_EnergyFighter_00/red        패     -8.2      3     21s     -0.7  포기1  health_zero@38s
Engine location ignored, only thruster location is used.
Engine orientation ignored, only thruster orientation is used.
Engine location ignored, only thruster location is used.
Engine orientation ignored, only thruster orientation is used.
  B1_EnergyFighter_11/red        패     -3.3     32     21s     -0.2  포기1  health_zero@97s
Engine location ignored, only thruster location is used.
Engine orientation ignored, only thruster orientation is used.
Engine location ignored, only thruster location is used.
Engine orientation ignored, only thruster orientation is used.
  C1_TwoCircleRate_05/red        승     +2.0      3     21s     -1.2  포기1  health_zero@61s
Engine location ignored, only thruster location is used.
Engine orientation ignored, only thruster orientation is used.
Engine location ignored, only thruster location is used.
Engine orientation ignored, only thruster orientation is used.
  C2_OneCircleRad_05/red         승     +2.0      3     21s     -1.2  포기1  health_zero@61s
Engine location ignored, only thruster location is used.
Engine orientation ignored, only thruster orientation is used.
Engine location ignored, only thruster location is used.
Engine orientation ignored, only thruster orientation is used.
  C3_Lufbery_00/red              패     -8.2      3     21s     -0.7  포기1  health_zero@38s
Engine location ignored, only thruster location is used.
Engine orientation ignored, only thruster orientation is used.
Engine location ignored, only thruster location is used.
Engine orientation ignored, only thruster orientation is used.
  D1_Reactive_11/red             승    +26.4      3     21s     +0.0  포기1  health_zero@149s
Engine location ignored, only thruster location is used.
Engine orientation ignored, only thruster orientation is used.
Engine location ignored, only thruster location is used.
Engine orientation ignored, only thruster orientation is used.
  D3_Scissors_00/red             패    -17.4      1     21s     -0.5  포기0  health_zero@75s
Engine location ignored, only thruster location is used.
Engine orientation ignored, only thruster orientation is used.
Engine location ignored, only thruster location is used.
Engine orientation ignored, only thruster orientation is used.
  D3_Scissors_02/red             승    +12.7      1     21s     -0.6  포기0  health_zero@67s
Engine location ignored, only thruster location is used.
Engine orientation ignored, only thruster orientation is used.
Engine location ignored, only thruster location is used.
Engine orientation ignored, only thruster orientation is used.
  E1_AdaptiveAce_00/blue         승     +0.9     20     21s     +0.0  포기1  health_zero@64s
Engine location ignored, only thruster location is used.
Engine orientation ignored, only thruster orientation is used.
Engine location ignored, only thruster location is used.
Engine orientation ignored, only thruster orientation is used.
  E1_AdaptiveAce_11/blue         패    -25.0     19     21s     -0.0  포기1  health_zero@37s
Engine location ignored, only thruster location is used.
Engine orientation ignored, only thruster orientation is used.
Engine location ignored, only thruster location is used.
Engine orientation ignored, only thruster orientation is used.
  E1_AdaptiveAce_11/red          패    -17.8     17     21s     -0.3  포기1  health_zero@37s
Engine location ignored, only thruster location is used.
Engine orientation ignored, only thruster orientation is used.
Engine location ignored, only thruster location is used.
Engine orientation ignored, only thruster orientation is used.
  E2_Passive_00/blue             패     -3.5     19     21s     +0.8  포기1  health_zero@35s
Engine location ignored, only thruster location is used.
Engine orientation ignored, only thruster orientation is used.
Engine location ignored, only thruster location is used.
Engine orientation ignored, only thruster orientation is used.
  E2_Passive_00/red              패     -2.2      2     34s     +0.9  포기1  health_zero@34s
Engine location ignored, only thruster location is used.
Engine orientation ignored, only thruster orientation is used.
Engine location ignored, only thruster location is used.
Engine orientation ignored, only thruster orientation is used.
  anchor_simple/blue             승    +59.3      0       -     +0.0  포기0  health_zero@34s
Engine location ignored, only thruster location is used.
Engine orientation ignored, only thruster orientation is used.
Engine location ignored, only thruster location is used.
Engine orientation ignored, only thruster orientation is used.
  anchor_aggressive/red          승    +59.5      0       -     +1.9  포기0  health_zero@34s
Engine location ignored, only thruster location is used.
Engine orientation ignored, only thruster orientation is used.
Engine location ignored, only thruster location is used.
Engine orientation ignored, only thruster orientation is used.
  anchor_defensive/blue          승    +14.3     20     21s     -3.1  포기1  health_zero@97s
Engine location ignored, only thruster location is used.
Engine orientation ignored, only thruster orientation is used.
Engine location ignored, only thruster location is used.
Engine orientation ignored, only thruster orientation is used.
  A1_PurePursuer_05/blue         승    +59.3      0       -     +0.0  포기0  health_zero@34s

  합계: 14승 0무 14패 / 28
  전환: 3 ['D1_Reactive_06/red', 'D3_Scissors_01/red', 'D1_Reactive_11/red']
  회귀: 4 ['anchor_ace/blue (Δ-33.3)', 'E1_AdaptiveAce_06/blue (Δ-20.3)', 'D3_Scissors_00/red (Δ-17.4)', 'E1_AdaptiveAce_11/red (Δ-17.8)']
