=== 루프19 점수-장부 게이트: refuse=auto scope=subset (near>1.0 floor8.0 edge12.0 hot45.0 rng4500 pursue<0.6@12s) ===
  상대/측                          결과      HPΔ     거부     첫발화     장부오차  cond


     JSBSim Flight Dynamics Model v1.3.0 [GitHub build 1742/commit 01ea7816288dce9e9f6a1a6dc048014bc65d699e] Apr  9 2026 10:02:36
            [JSBSim-ML v2.0]

JSBSim startup beginning ...

Engine location ignored, only thruster location is used.
Engine orientation ignored, only thruster orientation is used.
Engine location ignored, only thruster location is used.
Engine orientation ignored, only thruster orientation is used.
  debrief   : C:\Users\USER\Desktop\AI-pilot\core2\port_measure\replays\ledger_auto\champ_vs_A1_PurePursuer_02_blue_debrief.png
  A1_PurePursuer_02/blue         승    +63.1      0       -     +0.6  포기0  health_zero@33s
Engine location ignored, only thruster location is used.
Engine orientation ignored, only thruster orientation is used.
Engine location ignored, only thruster location is used.
Engine orientation ignored, only thruster orientation is used.
  debrief   : C:\Users\USER\Desktop\AI-pilot\core2\port_measure\replays\ledger_auto\champ_vs_A1_PurePursuer_02_red_debrief.png
  A1_PurePursuer_02/red          승    +62.9      0       -     +0.0  포기0  health_zero@33s
Engine location ignored, only thruster location is used.
Engine orientation ignored, only thruster orientation is used.
Engine location ignored, only thruster location is used.
Engine orientation ignored, only thruster orientation is used.
  debrief   : C:\Users\USER\Desktop\AI-pilot\core2\port_measure\replays\ledger_auto\champ_vs_A1_PurePursuer_07_blue_debrief.png
  A1_PurePursuer_07/blue         승    +63.1      0       -     +0.6  포기0  health_zero@33s
Engine location ignored, only thruster location is used.
Engine orientation ignored, only thruster orientation is used.
Engine location ignored, only thruster location is used.
Engine orientation ignored, only thruster orientation is used.
  debrief   : C:\Users\USER\Desktop\AI-pilot\core2\port_measure\replays\ledger_auto\champ_vs_A1_PurePursuer_07_red_debrief.png
  A1_PurePursuer_07/red          승    +62.9      0       -     +0.0  포기0  health_zero@33s
Engine location ignored, only thruster location is used.
Engine orientation ignored, only thruster orientation is used.
Engine location ignored, only thruster location is used.
Engine orientation ignored, only thruster orientation is used.
  debrief   : C:\Users\USER\Desktop\AI-pilot\core2\port_measure\replays\ledger_auto\champ_vs_A2_GunTracker_03_blue_debrief.png
  A2_GunTracker_03/blue          승    +61.5      0       -     -0.6  포기0  health_zero@34s
Engine location ignored, only thruster location is used.
Engine orientation ignored, only thruster orientation is used.
Engine location ignored, only thruster location is used.
Engine orientation ignored, only thruster orientation is used.
  debrief   : C:\Users\USER\Desktop\AI-pilot\core2\port_measure\replays\ledger_auto\champ_vs_A2_GunTracker_03_red_debrief.png
  A2_GunTracker_03/red           승    +61.5      0       -     +0.0  포기0  health_zero@34s
Engine location ignored, only thruster location is used.
Engine orientation ignored, only thruster orientation is used.
Engine location ignored, only thruster location is used.
Engine orientation ignored, only thruster orientation is used.
  debrief   : C:\Users\USER\Desktop\AI-pilot\core2\port_measure\replays\ledger_auto\champ_vs_A2_GunTracker_08_blue_debrief.png
  A2_GunTracker_08/blue          승    +61.0      0       -     +0.0  포기0  health_zero@35s
Engine location ignored, only thruster location is used.
Engine orientation ignored, only thruster orientation is used.
Engine location ignored, only thruster location is used.
Engine orientation ignored, only thruster orientation is used.
  debrief   : C:\Users\USER\Desktop\AI-pilot\core2\port_measure\replays\ledger_auto\champ_vs_A2_GunTracker_08_red_debrief.png
  A2_GunTracker_08/red           승    +61.9      0       -     +0.0  포기0  health_zero@35s
Engine location ignored, only thruster location is used.
Engine orientation ignored, only thruster orientation is used.
Engine location ignored, only thruster location is used.
Engine orientation ignored, only thruster orientation is used.
  debrief   : C:\Users\USER\Desktop\AI-pilot\core2\port_measure\replays\ledger_auto\champ_vs_A3_LagAngler_03_blue_debrief.png
  A3_LagAngler_03/blue           승    +75.9      0       -     +0.6  포기0  health_zero@297s
Engine location ignored, only thruster location is used.
Engine orientation ignored, only thruster orientation is used.
Engine location ignored, only thruster location is used.
Engine orientation ignored, only thruster orientation is used.
  debrief   : C:\Users\USER\Desktop\AI-pilot\core2\port_measure\replays\ledger_auto\champ_vs_A3_LagAngler_03_red_debrief.png
  A3_LagAngler_03/red            승    +40.6      0       -     -1.3  포기0  timeout@300s
Engine location ignored, only thruster location is used.
Engine orientation ignored, only thruster orientation is used.
Engine location ignored, only thruster location is used.
Engine orientation ignored, only thruster orientation is used.
  debrief   : C:\Users\USER\Desktop\AI-pilot\core2\port_measure\replays\ledger_auto\champ_vs_A3_LagAngler_08_blue_debrief.png
  A3_LagAngler_08/blue           승    +27.8      0       -     -1.2  포기0  health_zero@164s
Engine location ignored, only thruster location is used.
Engine orientation ignored, only thruster orientation is used.
Engine location ignored, only thruster location is used.
Engine orientation ignored, only thruster orientation is used.
  debrief   : C:\Users\USER\Desktop\AI-pilot\core2\port_measure\replays\ledger_auto\champ_vs_A3_LagAngler_08_red_debrief.png
  A3_LagAngler_08/red            승    +77.1      0       -     +0.0  포기0  health_zero@89s
Engine location ignored, only thruster location is used.
Engine orientation ignored, only thruster orientation is used.
Engine location ignored, only thruster location is used.
Engine orientation ignored, only thruster orientation is used.
  debrief   : C:\Users\USER\Desktop\AI-pilot\core2\port_measure\replays\ledger_auto\champ_vs_B1_EnergyFighter_03_blue_debrief.png
  B1_EnergyFighter_03/blue       승    +37.2      3     21s     +0.6  포기0  health_zero@37s
Engine location ignored, only thruster location is used.
Engine orientation ignored, only thruster orientation is used.
Engine location ignored, only thruster location is used.
Engine orientation ignored, only thruster orientation is used.
  debrief   : C:\Users\USER\Desktop\AI-pilot\core2\port_measure\replays\ledger_auto\champ_vs_B1_EnergyFighter_03_red_debrief.png
  B1_EnergyFighter_03/red        승     +4.0      3     21s     -0.6  포기0  health_zero@38s
Engine location ignored, only thruster location is used.
Engine orientation ignored, only thruster orientation is used.
Engine location ignored, only thruster location is used.
Engine orientation ignored, only thruster orientation is used.
  debrief   : C:\Users\USER\Desktop\AI-pilot\core2\port_measure\replays\ledger_auto\champ_vs_B1_EnergyFighter_08_blue_debrief.png
  B1_EnergyFighter_08/blue       승    +37.1      3     21s     -0.6  포기0  health_zero@37s
Engine location ignored, only thruster location is used.
Engine orientation ignored, only thruster orientation is used.
Engine location ignored, only thruster location is used.
Engine orientation ignored, only thruster orientation is used.
  debrief   : C:\Users\USER\Desktop\AI-pilot\core2\port_measure\replays\ledger_auto\champ_vs_B1_EnergyFighter_08_red_debrief.png
  B1_EnergyFighter_08/red        승     +0.9      3     21s     -1.2  포기1  health_zero@38s
Engine location ignored, only thruster location is used.
Engine orientation ignored, only thruster orientation is used.
Engine location ignored, only thruster location is used.
Engine orientation ignored, only thruster orientation is used.
  debrief   : C:\Users\USER\Desktop\AI-pilot\core2\port_measure\replays\ledger_auto\champ_vs_B2_Extender_02_blue_debrief.png
  B2_Extender_02/blue            승    +28.8      3     21s     -0.6  포기0  health_zero@45s
Engine location ignored, only thruster location is used.
Engine orientation ignored, only thruster orientation is used.
Engine location ignored, only thruster location is used.
Engine orientation ignored, only thruster orientation is used.
  debrief   : C:\Users\USER\Desktop\AI-pilot\core2\port_measure\replays\ledger_auto\champ_vs_B2_Extender_02_red_debrief.png
  B2_Extender_02/red             승    +30.4      1     21s     -0.6  포기0  health_zero@203s
Engine location ignored, only thruster location is used.
Engine orientation ignored, only thruster orientation is used.
Engine location ignored, only thruster location is used.
Engine orientation ignored, only thruster orientation is used.
  debrief   : C:\Users\USER\Desktop\AI-pilot\core2\port_measure\replays\ledger_auto\champ_vs_B2_Extender_06_blue_debrief.png
  B2_Extender_06/blue            승    +11.1      3     21s     +0.6  포기0  health_zero@46s
Engine location ignored, only thruster location is used.
Engine orientation ignored, only thruster orientation is used.
Engine location ignored, only thruster location is used.
Engine orientation ignored, only thruster orientation is used.
  debrief   : C:\Users\USER\Desktop\AI-pilot\core2\port_measure\replays\ledger_auto\champ_vs_B2_Extender_06_red_debrief.png
  B2_Extender_06/red             승    +45.3      1     21s     +0.0  포기0  health_zero@48s
Engine location ignored, only thruster location is used.
Engine orientation ignored, only thruster orientation is used.
Engine location ignored, only thruster location is used.
Engine orientation ignored, only thruster orientation is used.
  debrief   : C:\Users\USER\Desktop\AI-pilot\core2\port_measure\replays\ledger_auto\champ_vs_C1_TwoCircleRate_01_blue_debrief.png
  C1_TwoCircleRate_01/blue       승    +14.7      3     21s     +0.6  포기0  health_zero@41s
Engine location ignored, only thruster location is used.
Engine orientation ignored, only thruster orientation is used.
Engine location ignored, only thruster location is used.
Engine orientation ignored, only thruster orientation is used.
  debrief   : C:\Users\USER\Desktop\AI-pilot\core2\port_measure\replays\ledger_auto\champ_vs_C1_TwoCircleRate_01_red_debrief.png
  C1_TwoCircleRate_01/red        승    +17.3      3     21s     -0.6  포기1  health_zero@61s
Engine location ignored, only thruster location is used.
Engine orientation ignored, only thruster orientation is used.
Engine location ignored, only thruster location is used.
Engine orientation ignored, only thruster orientation is used.
  debrief   : C:\Users\USER\Desktop\AI-pilot\core2\port_measure\replays\ledger_auto\champ_vs_C1_TwoCircleRate_04_blue_debrief.png
  C1_TwoCircleRate_04/blue       승    +27.8      3     21s     +0.6  포기0  health_zero@44s
Engine location ignored, only thruster location is used.
Engine orientation ignored, only thruster orientation is used.
Engine location ignored, only thruster location is used.
Engine orientation ignored, only thruster orientation is used.
  debrief   : C:\Users\USER\Desktop\AI-pilot\core2\port_measure\replays\ledger_auto\champ_vs_C1_TwoCircleRate_04_red_debrief.png
  C1_TwoCircleRate_04/red        승    +21.2      5     21s     +0.0  포기1  health_zero@67s
Engine location ignored, only thruster location is used.
Engine orientation ignored, only thruster orientation is used.
Engine location ignored, only thruster location is used.
Engine orientation ignored, only thruster orientation is used.
  debrief   : C:\Users\USER\Desktop\AI-pilot\core2\port_measure\replays\ledger_auto\champ_vs_C2_OneCircleRad_01_blue_debrief.png
  C2_OneCircleRad_01/blue        승    +14.7      3     21s     +0.6  포기0  health_zero@41s
Engine location ignored, only thruster location is used.
Engine orientation ignored, only thruster orientation is used.
Engine location ignored, only thruster location is used.
Engine orientation ignored, only thruster orientation is used.
  debrief   : C:\Users\USER\Desktop\AI-pilot\core2\port_measure\replays\ledger_auto\champ_vs_C2_OneCircleRad_01_red_debrief.png
  C2_OneCircleRad_01/red         승    +17.3      3     21s     -0.6  포기1  health_zero@61s
Engine location ignored, only thruster location is used.
Engine orientation ignored, only thruster orientation is used.
Engine location ignored, only thruster location is used.
Engine orientation ignored, only thruster orientation is used.
  debrief   : C:\Users\USER\Desktop\AI-pilot\core2\port_measure\replays\ledger_auto\champ_vs_C2_OneCircleRad_04_blue_debrief.png
  C2_OneCircleRad_04/blue        승    +27.8      3     21s     +0.6  포기0  health_zero@44s
Engine location ignored, only thruster location is used.
Engine orientation ignored, only thruster orientation is used.
Engine location ignored, only thruster location is used.
Engine orientation ignored, only thruster orientation is used.
  debrief   : C:\Users\USER\Desktop\AI-pilot\core2\port_measure\replays\ledger_auto\champ_vs_C2_OneCircleRad_04_red_debrief.png
  C2_OneCircleRad_04/red         승    +21.2      5     21s     +0.0  포기1  health_zero@67s
Engine location ignored, only thruster location is used.
Engine orientation ignored, only thruster orientation is used.
Engine location ignored, only thruster location is used.
Engine orientation ignored, only thruster orientation is used.
  debrief   : C:\Users\USER\Desktop\AI-pilot\core2\port_measure\replays\ledger_auto\champ_vs_C3_Lufbery_02_blue_debrief.png
  C3_Lufbery_02/blue             승    +37.2      3     21s     +0.6  포기0  health_zero@37s
Engine location ignored, only thruster location is used.
Engine orientation ignored, only thruster orientation is used.
Engine location ignored, only thruster location is used.
Engine orientation ignored, only thruster orientation is used.
  debrief   : C:\Users\USER\Desktop\AI-pilot\core2\port_measure\replays\ledger_auto\champ_vs_C3_Lufbery_02_red_debrief.png
  C3_Lufbery_02/red              승     +4.0      3     21s     -0.6  포기0  health_zero@38s
Engine location ignored, only thruster location is used.
Engine orientation ignored, only thruster orientation is used.
Engine location ignored, only thruster location is used.
Engine orientation ignored, only thruster orientation is used.
  debrief   : C:\Users\USER\Desktop\AI-pilot\core2\port_measure\replays\ledger_auto\champ_vs_C3_Lufbery_06_blue_debrief.png
  C3_Lufbery_06/blue             승    +38.0      3     21s     +0.0  포기0  health_zero@37s
Engine location ignored, only thruster location is used.
Engine orientation ignored, only thruster orientation is used.
Engine location ignored, only thruster location is used.
Engine orientation ignored, only thruster orientation is used.
  debrief   : C:\Users\USER\Desktop\AI-pilot\core2\port_measure\replays\ledger_auto\champ_vs_C3_Lufbery_06_red_debrief.png
  C3_Lufbery_06/red              승     +6.6     23     21s     +0.6  포기1  health_zero@72s
Engine location ignored, only thruster location is used.
Engine orientation ignored, only thruster orientation is used.
Engine location ignored, only thruster location is used.
Engine orientation ignored, only thruster orientation is used.
  debrief   : C:\Users\USER\Desktop\AI-pilot\core2\port_measure\replays\ledger_auto\champ_vs_D1_Reactive_03_blue_debrief.png
  D1_Reactive_03/blue            승    +33.3      3     21s     +0.6  포기0  health_zero@43s
Engine location ignored, only thruster location is used.
Engine orientation ignored, only thruster orientation is used.
Engine location ignored, only thruster location is used.
Engine orientation ignored, only thruster orientation is used.
  debrief   : C:\Users\USER\Desktop\AI-pilot\core2\port_measure\replays\ledger_auto\champ_vs_D1_Reactive_03_red_debrief.png
  D1_Reactive_03/red             승    +32.8      1     21s     +0.6  포기0  health_zero@232s
Engine location ignored, only thruster location is used.
Engine orientation ignored, only thruster orientation is used.
Engine location ignored, only thruster location is used.
Engine orientation ignored, only thruster orientation is used.
  debrief   : C:\Users\USER\Desktop\AI-pilot\core2\port_measure\replays\ledger_auto\champ_vs_D1_Reactive_08_blue_debrief.png
  D1_Reactive_08/blue            승    +17.1      3     21s     +0.6  포기0  health_zero@46s
Engine location ignored, only thruster location is used.
Engine orientation ignored, only thruster orientation is used.
Engine location ignored, only thruster location is used.
Engine orientation ignored, only thruster orientation is used.
  debrief   : C:\Users\USER\Desktop\AI-pilot\core2\port_measure\replays\ledger_auto\champ_vs_D1_Reactive_08_red_debrief.png
  D1_Reactive_08/red             승    +54.8      1     21s     +0.0  포기0  health_zero@106s
Engine location ignored, only thruster location is used.
Engine orientation ignored, only thruster orientation is used.
Engine location ignored, only thruster location is used.
Engine orientation ignored, only thruster orientation is used.
  debrief   : C:\Users\USER\Desktop\AI-pilot\core2\port_measure\replays\ledger_auto\champ_vs_D2_LastDitch_01_blue_debrief.png
  D2_LastDitch_01/blue           승    +41.4      2     21s     -0.6  포기0  health_zero@73s
Engine location ignored, only thruster location is used.
Engine orientation ignored, only thruster orientation is used.
Engine location ignored, only thruster location is used.
Engine orientation ignored, only thruster orientation is used.
  debrief   : C:\Users\USER\Desktop\AI-pilot\core2\port_measure\replays\ledger_auto\champ_vs_D2_LastDitch_01_red_debrief.png
  D2_LastDitch_01/red            승    +37.0      0       -     +0.6  포기0  health_zero@74s
Engine location ignored, only thruster location is used.
Engine orientation ignored, only thruster orientation is used.
Engine location ignored, only thruster location is used.
Engine orientation ignored, only thruster orientation is used.
  debrief   : C:\Users\USER\Desktop\AI-pilot\core2\port_measure\replays\ledger_auto\champ_vs_D2_LastDitch_04_blue_debrief.png
  D2_LastDitch_04/blue           승    +22.2      2     21s     +0.0  포기0  health_zero@62s
Engine location ignored, only thruster location is used.
Engine orientation ignored, only thruster orientation is used.
Engine location ignored, only thruster location is used.
Engine orientation ignored, only thruster orientation is used.
  debrief   : C:\Users\USER\Desktop\AI-pilot\core2\port_measure\replays\ledger_auto\champ_vs_D2_LastDitch_04_red_debrief.png
  D2_LastDitch_04/red            승    +15.6      0       -     +0.0  포기0  health_zero@62s
Engine location ignored, only thruster location is used.
Engine orientation ignored, only thruster orientation is used.
Engine location ignored, only thruster location is used.
Engine orientation ignored, only thruster orientation is used.
  debrief   : C:\Users\USER\Desktop\AI-pilot\core2\port_measure\replays\ledger_auto\champ_vs_E1_AdaptiveAce_03_blue_debrief.png
  E1_AdaptiveAce_03/blue         패    -16.1     21     21s     +0.1  포기1  health_zero@85s
Engine location ignored, only thruster location is used.
Engine orientation ignored, only thruster orientation is used.
Engine location ignored, only thruster location is used.
Engine orientation ignored, only thruster orientation is used.
  debrief   : C:\Users\USER\Desktop\AI-pilot\core2\port_measure\replays\ledger_auto\champ_vs_E1_AdaptiveAce_03_red_debrief.png
  E1_AdaptiveAce_03/red          승    +22.9     18     21s     +0.0  포기1  health_zero@105s
Engine location ignored, only thruster location is used.
Engine orientation ignored, only thruster orientation is used.
Engine location ignored, only thruster location is used.
Engine orientation ignored, only thruster orientation is used.
  debrief   : C:\Users\USER\Desktop\AI-pilot\core2\port_measure\replays\ledger_auto\champ_vs_E1_AdaptiveAce_08_blue_debrief.png
  E1_AdaptiveAce_08/blue         승    +37.9     21     21s     +0.0  포기1  health_zero@98s
Engine location ignored, only thruster location is used.
Engine orientation ignored, only thruster orientation is used.
Engine location ignored, only thruster location is used.
Engine orientation ignored, only thruster orientation is used.
  debrief   : C:\Users\USER\Desktop\AI-pilot\core2\port_measure\replays\ledger_auto\champ_vs_E1_AdaptiveAce_08_red_debrief.png
  E1_AdaptiveAce_08/red          승    +34.8     19     21s     +0.0  포기1  health_zero@114s

  합계: 43승 0무 1패 / 44
  전환: 0 []
  회귀: 1 ['E1_AdaptiveAce_03/blue (Δ-16.1)']
