표적 23개, 증인 522개
  분리실패 → E2_Passive_01/blue 제외 재시도
  분리실패 → E2_Passive_00/blue 제외 재시도
  분리실패 → E2_Passive_00/red 제외 재시도
  분리실패 → E2_Passive_01/red 제외 재시도
  분리실패 → D3_Scissors_02/red 제외 재시도
  분리실패 → D3_Scissors_01/red 제외 재시도
  분리실패 → D3_Scissors_00/red 제외 재시도
  분리실패 → D1_Reactive_06/red 제외 재시도
  분리실패 → D1_Reactive_11/red 제외 재시도
  분리실패 → C1_TwoCircleRate_03/red 제외 재시도
  분리실패 → C2_OneCircleRad_05/red 제외 재시도
  분리실패 → C2_OneCircleRad_03/red 제외 재시도
  분리실패 → C1_TwoCircleRate_05/red 제외 재시도
  분리실패 → E1_AdaptiveAce_06/blue 제외 재시도
  분리실패 → E1_AdaptiveAce_11/blue 제외 재시도
  분리실패 → C3_Lufbery_00/red 제외 재시도
  분리실패 → B1_EnergyFighter_00/red 제외 재시도
  분리실패 → B1_EnergyFighter_06/red 제외 재시도
  분리실패 → B1_EnergyFighter_11/red 제외 재시도
  분리실패 → C3_Lufbery_04/red 제외 재시도
  분리실패 → E1_AdaptiveAce_11/red 제외 재시도


     JSBSim Flight Dynamics Model v1.3.0 [GitHub build 1742/commit 01ea7816288dce9e9f6a1a6dc048014bc65d699e] Apr  9 2026 10:02:36
            [JSBSim-ML v2.0]

JSBSim startup beginning ...

Engine location ignored, only thruster location is used.
Engine orientation ignored, only thruster orientation is used.
Engine location ignored, only thruster location is used.
Engine orientation ignored, only thruster orientation is used.
  break 진입틱 E1_AdaptiveAce_00/blue t=29.05 → ✓ Δ+21.9
Engine location ignored, only thruster location is used.
Engine orientation ignored, only thruster orientation is used.
Engine location ignored, only thruster location is used.
Engine orientation ignored, only thruster orientation is used.
  break 진입틱 anchor_ace/blue t=28.85 → ✓ Δ+12.1
[규칙 1] break d6 ⊃ ['E1_AdaptiveAce_00/blue', 'anchor_ace/blue']
  분리실패 → E2_Passive_01/blue 제외 재시도
  분리실패 → E2_Passive_00/blue 제외 재시도
  분리실패 → E2_Passive_00/red 제외 재시도
  분리실패 → E2_Passive_01/red 제외 재시도
  분리실패 → D3_Scissors_02/red 제외 재시도
  분리실패 → D3_Scissors_01/red 제외 재시도
  분리실패 → D3_Scissors_00/red 제외 재시도
  분리실패 → D1_Reactive_06/red 제외 재시도
  분리실패 → D1_Reactive_11/red 제외 재시도
  분리실패 → E1_AdaptiveAce_06/blue 제외 재시도
  분리실패 → E1_AdaptiveAce_11/blue 제외 재시도
  분리실패 → C1_TwoCircleRate_03/red 제외 재시도
  분리실패 → C2_OneCircleRad_05/red 제외 재시도
  분리실패 → C2_OneCircleRad_03/red 제외 재시도
  분리실패 → C1_TwoCircleRate_05/red 제외 재시도
  분리실패 → B1_EnergyFighter_06/red 제외 재시도
  분리실패 → B1_EnergyFighter_11/red 제외 재시도
  분리실패 → C3_Lufbery_04/red 제외 재시도
  분리실패 → C3_Lufbery_00/red 제외 재시도
  분리실패 → B1_EnergyFighter_00/red 제외 재시도
Engine location ignored, only thruster location is used.
Engine orientation ignored, only thruster orientation is used.
Engine location ignored, only thruster location is used.
Engine orientation ignored, only thruster orientation is used.
  break 진입틱 E1_AdaptiveAce_11/red t=28.65 → ✓ Δ+22.1
[규칙 2] break d6 ⊃ ['E1_AdaptiveAce_11/red']
  분리실패 → E2_Passive_01/blue 제외 재시도
  분리실패 → E2_Passive_00/blue 제외 재시도
  분리실패 → E2_Passive_00/red 제외 재시도
  분리실패 → E2_Passive_01/red 제외 재시도
  분리실패 → D3_Scissors_02/red 제외 재시도
  분리실패 → D3_Scissors_01/red 제외 재시도
  분리실패 → D3_Scissors_00/red 제외 재시도
  분리실패 → D1_Reactive_06/red 제외 재시도
  분리실패 → E1_AdaptiveAce_11/blue 제외 재시도
  분리실패 → E1_AdaptiveAce_06/blue 제외 재시도
  분리실패 → D1_Reactive_11/red 제외 재시도
Engine location ignored, only thruster location is used.
Engine orientation ignored, only thruster orientation is used.
Engine location ignored, only thruster location is used.
Engine orientation ignored, only thruster orientation is used.
  break 진입틱 B1_EnergyFighter_06/red t=31.95 → ✓ Δ+0.9
Engine location ignored, only thruster location is used.
Engine orientation ignored, only thruster orientation is used.
Engine location ignored, only thruster location is used.
Engine orientation ignored, only thruster orientation is used.
  break 진입틱 C1_TwoCircleRate_03/red t=31.95 → ✓ Δ+21.2
Engine location ignored, only thruster location is used.
Engine orientation ignored, only thruster orientation is used.
Engine location ignored, only thruster location is used.
Engine orientation ignored, only thruster orientation is used.
  break 진입틱 C3_Lufbery_00/red t=31.85 → ✓ Δ+4.0
Engine location ignored, only thruster location is used.
Engine orientation ignored, only thruster orientation is used.
Engine location ignored, only thruster location is used.
Engine orientation ignored, only thruster orientation is used.
  break 진입틱 C2_OneCircleRad_05/red t=31.95 → ✓ Δ+21.2
Engine location ignored, only thruster location is used.
Engine orientation ignored, only thruster orientation is used.
Engine location ignored, only thruster location is used.
Engine orientation ignored, only thruster orientation is used.
  break 진입틱 B1_EnergyFighter_11/red t=31.95 → ✓ Δ+0.9
Engine location ignored, only thruster location is used.
Engine orientation ignored, only thruster orientation is used.
Engine location ignored, only thruster location is used.
Engine orientation ignored, only thruster orientation is used.
  break 진입틱 B1_EnergyFighter_00/red t=31.85 → ✓ Δ+4.0
Engine location ignored, only thruster location is used.
Engine orientation ignored, only thruster orientation is used.
Engine location ignored, only thruster location is used.
Engine orientation ignored, only thruster orientation is used.
  break 진입틱 C3_Lufbery_04/red t=31.95 → ✓ Δ+0.9
Engine location ignored, only thruster location is used.
Engine orientation ignored, only thruster orientation is used.
Engine location ignored, only thruster location is used.
Engine orientation ignored, only thruster orientation is used.
  break 진입틱 C2_OneCircleRad_03/red t=31.95 → ✓ Δ+21.2
Engine location ignored, only thruster location is used.
Engine orientation ignored, only thruster orientation is used.
Engine location ignored, only thruster location is used.
Engine orientation ignored, only thruster orientation is used.
  break 진입틱 C1_TwoCircleRate_05/red t=31.95 → ✓ Δ+21.2
[규칙 3] break d6 ⊃ ['B1_EnergyFighter_06/red', 'C1_TwoCircleRate_03/red', 'C3_Lufbery_00/red', 'C2_OneCircleRad_05/red', 'B1_EnergyFighter_11/red', 'B1_EnergyFighter_00/red', 'C3_Lufbery_04/red', 'C2_OneCircleRad_03/red', 'C1_TwoCircleRate_05/red']
  분리실패 → E2_Passive_01/blue 제외 재시도
  분리실패 → E2_Passive_00/blue 제외 재시도
  분리실패 → E2_Passive_00/red 제외 재시도
  분리실패 → E2_Passive_01/red 제외 재시도
  분리실패 → E1_AdaptiveAce_06/blue 제외 재시도
  분리실패 → E1_AdaptiveAce_11/blue 제외 재시도
  분리실패 → D1_Reactive_11/red 제외 재시도
  분리실패 → D3_Scissors_02/red 제외 재시도
  분리실패 → D1_Reactive_06/red 제외 재시도
  분리실패 → D3_Scissors_01/red 제외 재시도
  분리불가 → 승리 쌍둥이 ['D3_Scissors_00/blue', 'D3_Scissors_01/blue', 'D3_Scissors_02/blue'] 공동발화 허용 재시도
  [분리불가] break ⊃ ['D3_Scissors_00/red']
  분리실패 → E2_Passive_01/blue 제외 재시도
  분리실패 → E2_Passive_00/blue 제외 재시도
  분리실패 → E2_Passive_00/red 제외 재시도
  분리실패 → E2_Passive_01/red 제외 재시도
  분리실패 → D3_Scissors_02/red 제외 재시도
  분리실패 → D3_Scissors_01/red 제외 재시도
  분리실패 → D3_Scissors_00/red 제외 재시도
  분리실패 → D1_Reactive_06/red 제외 재시도
  분리실패 → D1_Reactive_11/red 제외 재시도
Engine location ignored, only thruster location is used.
Engine orientation ignored, only thruster orientation is used.
Engine location ignored, only thruster location is used.
Engine orientation ignored, only thruster orientation is used.
  extend 진입틱 E1_AdaptiveAce_11/blue t=28.75 → ✓ Δ+1.6
Engine location ignored, only thruster location is used.
Engine orientation ignored, only thruster orientation is used.
Engine location ignored, only thruster location is used.
Engine orientation ignored, only thruster orientation is used.
  extend 진입틱 E1_AdaptiveAce_06/blue t=28.05 → ✓ Δ+8.5
[규칙 4] extend d6 ⊃ ['E1_AdaptiveAce_11/blue', 'E1_AdaptiveAce_06/blue']
  분리실패 → E2_Passive_00/red 제외 재시도
  분리실패 → E2_Passive_01/red 제외 재시도
  분리실패 → E2_Passive_01/blue 제외 재시도
  분리실패 → E2_Passive_00/blue 제외 재시도
  분리실패 → D3_Scissors_02/red 제외 재시도
  분리실패 → D3_Scissors_01/red 제외 재시도
  분리실패 → D3_Scissors_00/red 제외 재시도
Engine location ignored, only thruster location is used.
Engine orientation ignored, only thruster orientation is used.
Engine location ignored, only thruster location is used.
Engine orientation ignored, only thruster orientation is used.
  extend 진입틱 D1_Reactive_11/red t=27.55 → ✓ Δ+55.2
Engine location ignored, only thruster location is used.
Engine orientation ignored, only thruster orientation is used.
Engine location ignored, only thruster location is used.
Engine orientation ignored, only thruster orientation is used.
  extend 진입틱 D1_Reactive_06/red t=27.55 → ✓ Δ+64.2
[규칙 5] extend d6 ⊃ ['D1_Reactive_11/red', 'D1_Reactive_06/red']
  분리실패 → E2_Passive_00/blue 제외 재시도
  분리실패 → E2_Passive_01/blue 제외 재시도
  분리실패 → E2_Passive_00/red 제외 재시도
  분리실패 → E2_Passive_01/red 제외 재시도
  분리실패 → D3_Scissors_01/red 제외 재시도
  분리실패 → D3_Scissors_02/red 제외 재시도
  분리불가 → 승리 쌍둥이 ['D3_Scissors_00/blue', 'D3_Scissors_01/blue', 'D3_Scissors_02/blue'] 공동발화 허용 재시도
  [분리불가] extend ⊃ ['D3_Scissors_00/red']
  분리실패 → D3_Scissors_01/red 제외 재시도
  분리실패 → D3_Scissors_02/red 제외 재시도
  분리실패 → D3_Scissors_00/red 제외 재시도
Engine location ignored, only thruster location is used.
Engine orientation ignored, only thruster orientation is used.
Engine location ignored, only thruster location is used.
Engine orientation ignored, only thruster orientation is used.
  gun_pure 진입틱 E2_Passive_00/blue t=25.65 → ✓ Δ+3.2
Engine location ignored, only thruster location is used.
Engine orientation ignored, only thruster orientation is used.
Engine location ignored, only thruster location is used.
Engine orientation ignored, only thruster orientation is used.
  gun_pure 진입틱 E2_Passive_00/red t=25.65 → ✓ Δ+2.7
Engine location ignored, only thruster location is used.
Engine orientation ignored, only thruster orientation is used.
Engine location ignored, only thruster location is used.
Engine orientation ignored, only thruster orientation is used.
  gun_pure 진입틱 E2_Passive_01/blue t=25.65 → ✓ Δ+3.2
Engine location ignored, only thruster location is used.
Engine orientation ignored, only thruster orientation is used.
Engine location ignored, only thruster location is used.
Engine orientation ignored, only thruster orientation is used.
  gun_pure 진입틱 E2_Passive_01/red t=25.65 → ✓ Δ+2.7
[규칙 6] gun_pure d6 ⊃ ['E2_Passive_00/blue', 'E2_Passive_00/red', 'E2_Passive_01/blue', 'E2_Passive_01/red']
Engine location ignored, only thruster location is used.
Engine orientation ignored, only thruster orientation is used.
Engine location ignored, only thruster location is used.
Engine orientation ignored, only thruster orientation is used.
  dive 진입틱 D3_Scissors_01/red t=25.55 → ✓ Δ+56.4
Engine location ignored, only thruster location is used.
Engine orientation ignored, only thruster orientation is used.
Engine location ignored, only thruster location is used.
Engine orientation ignored, only thruster orientation is used.
  dive 진입틱 D3_Scissors_02/red t=25.55 → ✓ Δ+3.9
Engine location ignored, only thruster location is used.
Engine orientation ignored, only thruster orientation is used.
Engine location ignored, only thruster location is used.
Engine orientation ignored, only thruster orientation is used.
  dive 진입틱 D3_Scissors_00/red t=25.55 → ✓ Δ+56.7
[규칙 7] dive d6 ⊃ ['D3_Scissors_01/red', 'D3_Scissors_02/red', 'D3_Scissors_00/red']

규칙 7개 저장: C:\Users\USER\Desktop\AI-pilot\core2\port_measure\loop22_labels\induced_rules_uprule.json
미피복: 없음(전 반례 피복)
