단위 20개 × 슬롯 150 = 총 3000판   워커 20
  [1/20] headon s16 (7.3분 경과)
  [2/20] headon s1 (7.6분 경과)
  [3/20] headon s6 (8.4분 경과)
  [4/20] headon s13 (9.8분 경과)
  [5/20] headon s18 (10.3분 경과)
  [6/20] headon s8 (10.4분 경과)
  [7/20] headon s4 (10.5분 경과)
  [8/20] headon s3 (10.6분 경과)
  [9/20] headon s7 (10.7분 경과)
  [10/20] headon s10 (11.5분 경과)
  [11/20] headon s11 (11.6분 경과)
  [12/20] headon s12 (11.8분 경과)
  [13/20] headon s19 (11.9분 경과)
  [14/20] headon s14 (12.8분 경과)
  [15/20] headon s20 (13.4분 경과)
  [16/20] headon s2 (14.7분 경과)
  [17/20] headon s9 (15.4분 경과)
  [18/20] headon s5 (16.4분 경과)
  [19/20] headon s17 (17.2분 경과)
  [20/20] headon s15 (18.2분 경과)

국면           시드     판     승    무    패
headon        1   150   121    0   29
headon        2   150    93    0   57
headon        3   150    93    1   56
headon        4   150   131    0   19
headon        5   150    95    0   55
headon        6   150   138    0   12
headon        7   150   123    0   27
headon        8   150   106    0   44
headon        9   150    92    0   58
headon       10   150    90    0   60
headon       11   150    98    0   52
headon       12   150    95    0   55
headon       13   150   112    0   38
headon       14   150   100    0   50
headon       15   150    79    0   71
headon       16   150   144    0    6
headon       17   150    92    2   56
headon       18   150   137    0   13
headon       19   150    74    0   76
headon       20   150    94    0   56
합계               3000  2107    3  890   승률 70.2%  불패율 70.3%

패배가 나온 슬롯 148개 (IC 중 몇 번 졌나):
  E2_Passive_00/blue                     패  17/20   무   0  승   3
  E2_Passive_01/blue                     패  17/20   무   0  승   3
  A2_GunTracker_03/blue                  패  16/20   무   0  승   4
  E2_Passive_00/red                      패  15/20   무   0  승   5
  E2_Passive_01/red                      패  15/20   무   0  승   5
  A2_GunTracker_00/blue                  패  14/20   무   0  승   6
  A3_LagAngler_08/blue                   패  14/20   무   0  승   6
  A3_LagAngler_11/blue                   패  14/20   무   0  승   6
  A1_PurePursuer_00/blue                 패  13/20   무   0  승   7
  A1_PurePursuer_02/blue                 패  13/20   무   0  승   7
  A1_PurePursuer_05/blue                 패  13/20   무   0  승   7
  A1_PurePursuer_07/blue                 패  13/20   무   0  승   7
  A1_PurePursuer_09/blue                 패  13/20   무   0  승   7
  A2_GunTracker_03/red                   패  13/20   무   0  승   7
  A2_GunTracker_11/blue                  패  13/20   무   0  승   7
  A3_LagAngler_08/red                    패  13/20   무   0  승   7
  A3_LagAngler_11/red                    패  13/20   무   0  승   7
  anchor_aggressive/blue                 패  13/20   무   0  승   7
  anchor_simple/blue                     패  13/20   무   0  승   7
  A2_GunTracker_06/blue                  패  12/20   무   0  승   8
  A2_GunTracker_08/blue                  패  12/20   무   0  승   8
  redteam_pressure/blue                  패  11/20   무   0  승   9
  agents/champion128/red                 패  11/20   무   0  승   9
  A2_GunTracker_11/red                   패  10/20   무   0  승  10
  official_attacker/blue                 패  10/20   무   0  승  10
  … 외 123개

슬롯별 집계 → research/results/ic_sweep_plain.csv
