상대/내진영                              결과     HPΔ  종료


     JSBSim Flight Dynamics Model v1.3.1 [GitHub build 1837/commit 3b25f25e49b42d0489c04ac805674fc1450ca579] May 17 2026 14:28:34
            [JSBSim-ML v2.0]

JSBSim startup beginning ...

Engine location ignored, only thruster location is used.
Engine orientation ignored, only thruster orientation is used.
Engine location ignored, only thruster location is used.
Engine orientation ignored, only thruster orientation is used.
  debrief   : replays/roster_f32_final_128_0\vs_A1_PurePursuer_00_blue_debrief.png
A1_PurePursuer_00/blue               승   +63.1  health_zero@33s
Engine location ignored, only thruster location is used.
Engine orientation ignored, only thruster orientation is used.
Engine location ignored, only thruster location is used.
Engine orientation ignored, only thruster orientation is used.
  debrief   : replays/roster_f32_final_128_0\vs_A1_PurePursuer_00_red_debrief.png
A1_PurePursuer_00/red                승   +62.9  health_zero@33s
Engine location ignored, only thruster location is used.
Engine orientation ignored, only thruster orientation is used.
Engine location ignored, only thruster location is used.
Engine orientation ignored, only thruster orientation is used.
  debrief   : replays/roster_f32_final_128_0\vs_A1_PurePursuer_02_blue_debrief.png
A1_PurePursuer_02/blue               승   +63.1  health_zero@33s
Engine location ignored, only thruster location is used.
Engine orientation ignored, only thruster orientation is used.
Engine location ignored, only thruster location is used.
Engine orientation ignored, only thruster orientation is used.
  debrief   : replays/roster_f32_final_128_0\vs_A1_PurePursuer_02_red_debrief.png
A1_PurePursuer_02/red                승   +62.9  health_zero@33s
Engine location ignored, only thruster location is used.
Engine orientation ignored, only thruster orientation is used.
Engine location ignored, only thruster location is used.
Engine orientation ignored, only thruster orientation is used.
  debrief   : replays/roster_f32_final_128_0\vs_A1_PurePursuer_05_blue_debrief.png
A1_PurePursuer_05/blue               승   +63.1  health_zero@33s
Engine location ignored, only thruster location is used.
Engine orientation ignored, only thruster orientation is used.
Engine location ignored, only thruster location is used.
Engine orientation ignored, only thruster orientation is used.
  debrief   : replays/roster_f32_final_128_0\vs_A1_PurePursuer_05_red_debrief.png
A1_PurePursuer_05/red                승   +62.9  health_zero@33s
Engine location ignored, only thruster location is used.
Engine orientation ignored, only thruster orientation is used.
Engine location ignored, only thruster location is used.
Engine orientation ignored, only thruster orientation is used.
  debrief   : replays/roster_f32_final_128_0\vs_A1_PurePursuer_07_blue_debrief.png
A1_PurePursuer_07/blue               승   +63.1  health_zero@33s
Engine location ignored, only thruster location is used.
Engine orientation ignored, only thruster orientation is used.
Engine location ignored, only thruster location is used.
Engine orientation ignored, only thruster orientation is used.
  debrief   : replays/roster_f32_final_128_0\vs_A1_PurePursuer_07_red_debrief.png
A1_PurePursuer_07/red                승   +62.9  health_zero@33s
Engine location ignored, only thruster location is used.
Engine orientation ignored, only thruster orientation is used.
Engine location ignored, only thruster location is used.
Engine orientation ignored, only thruster orientation is used.
  debrief   : replays/roster_f32_final_128_0\vs_A1_PurePursuer_09_blue_debrief.png
A1_PurePursuer_09/blue               승   +63.1  health_zero@33s
Engine location ignored, only thruster location is used.
Engine orientation ignored, only thruster orientation is used.
Engine location ignored, only thruster location is used.
Engine orientation ignored, only thruster orientation is used.
  debrief   : replays/roster_f32_final_128_0\vs_A1_PurePursuer_09_red_debrief.png
A1_PurePursuer_09/red                승   +62.9  health_zero@33s
Engine location ignored, only thruster location is used.
Engine orientation ignored, only thruster orientation is used.
Engine location ignored, only thruster location is used.
Engine orientation ignored, only thruster orientation is used.
  debrief   : replays/roster_f32_final_128_0\vs_A2_GunTracker_00_blue_debrief.png
A2_GunTracker_00/blue                승   +57.8  health_zero@34s
Engine location ignored, only thruster location is used.
Engine orientation ignored, only thruster orientation is used.
Engine location ignored, only thruster location is used.
Engine orientation ignored, only thruster orientation is used.
  debrief   : replays/roster_f32_final_128_0\vs_A2_GunTracker_00_red_debrief.png
A2_GunTracker_00/red                 승   +58.2  health_zero@34s
Engine location ignored, only thruster location is used.
Engine orientation ignored, only thruster orientation is used.
Engine location ignored, only thruster location is used.
Engine orientation ignored, only thruster orientation is used.
  debrief   : replays/roster_f32_final_128_0\vs_A2_GunTracker_03_blue_debrief.png
A2_GunTracker_03/blue                승   +61.5  health_zero@34s
Engine location ignored, only thruster location is used.
Engine orientation ignored, only thruster orientation is used.
Engine location ignored, only thruster location is used.
Engine orientation ignored, only thruster orientation is used.
  debrief   : replays/roster_f32_final_128_0\vs_A2_GunTracker_03_red_debrief.png
A2_GunTracker_03/red                 승   +61.5  health_zero@34s
Engine location ignored, only thruster location is used.
Engine orientation ignored, only thruster orientation is used.
Engine location ignored, only thruster location is used.
Engine orientation ignored, only thruster orientation is used.
  debrief   : replays/roster_f32_final_128_0\vs_A2_GunTracker_06_blue_debrief.png
A2_GunTracker_06/blue                승   +57.8  health_zero@34s
Engine location ignored, only thruster location is used.
Engine orientation ignored, only thruster orientation is used.
Engine location ignored, only thruster location is used.
Engine orientation ignored, only thruster orientation is used.
  debrief   : replays/roster_f32_final_128_0\vs_A2_GunTracker_06_red_debrief.png
A2_GunTracker_06/red                 승   +58.2  health_zero@34s
Engine location ignored, only thruster location is used.
Engine orientation ignored, only thruster orientation is used.
Engine location ignored, only thruster location is used.
Engine orientation ignored, only thruster orientation is used.
  debrief   : replays/roster_f32_final_128_0\vs_A2_GunTracker_08_blue_debrief.png
A2_GunTracker_08/blue                승   +61.0  health_zero@35s
Engine location ignored, only thruster location is used.
Engine orientation ignored, only thruster orientation is used.
Engine location ignored, only thruster location is used.
Engine orientation ignored, only thruster orientation is used.
  debrief   : replays/roster_f32_final_128_0\vs_A2_GunTracker_08_red_debrief.png
A2_GunTracker_08/red                 승   +61.9  health_zero@35s
Engine location ignored, only thruster location is used.
Engine orientation ignored, only thruster orientation is used.
Engine location ignored, only thruster location is used.
Engine orientation ignored, only thruster orientation is used.
  debrief   : replays/roster_f32_final_128_0\vs_A2_GunTracker_11_blue_debrief.png
A2_GunTracker_11/blue                승   +62.1  health_zero@34s
Engine location ignored, only thruster location is used.
Engine orientation ignored, only thruster orientation is used.
Engine location ignored, only thruster location is used.
Engine orientation ignored, only thruster orientation is used.
  debrief   : replays/roster_f32_final_128_0\vs_A2_GunTracker_11_red_debrief.png
A2_GunTracker_11/red                 승   +62.5  health_zero@35s
Engine location ignored, only thruster location is used.
Engine orientation ignored, only thruster orientation is used.
Engine location ignored, only thruster location is used.
Engine orientation ignored, only thruster orientation is used.
  debrief   : replays/roster_f32_final_128_0\vs_A3_LagAngler_00_blue_debrief.png
A3_LagAngler_00/blue                 승   +75.9  health_zero@297s
Engine location ignored, only thruster location is used.
Engine orientation ignored, only thruster orientation is used.
Engine location ignored, only thruster location is used.
Engine orientation ignored, only thruster orientation is used.
  debrief   : replays/roster_f32_final_128_0\vs_A3_LagAngler_00_red_debrief.png
A3_LagAngler_00/red                  승   +40.6  timeout@300s
Engine location ignored, only thruster location is used.
Engine orientation ignored, only thruster orientation is used.
Engine location ignored, only thruster location is used.
Engine orientation ignored, only thruster orientation is used.
  debrief   : replays/roster_f32_final_128_0\vs_A3_LagAngler_03_blue_debrief.png
A3_LagAngler_03/blue                 승   +75.9  health_zero@297s
Engine location ignored, only thruster location is used.
Engine orientation ignored, only thruster orientation is used.
Engine location ignored, only thruster location is used.
Engine orientation ignored, only thruster orientation is used.
  debrief   : replays/roster_f32_final_128_0\vs_A3_LagAngler_03_red_debrief.png
A3_LagAngler_03/red                  승   +40.6  timeout@300s
Engine location ignored, only thruster location is used.
Engine orientation ignored, only thruster orientation is used.
Engine location ignored, only thruster location is used.
Engine orientation ignored, only thruster orientation is used.
  debrief   : replays/roster_f32_final_128_0\vs_A3_LagAngler_06_blue_debrief.png
A3_LagAngler_06/blue                 승   +75.9  health_zero@297s
Engine location ignored, only thruster location is used.
Engine orientation ignored, only thruster orientation is used.
Engine location ignored, only thruster location is used.
Engine orientation ignored, only thruster orientation is used.
  debrief   : replays/roster_f32_final_128_0\vs_A3_LagAngler_06_red_debrief.png
A3_LagAngler_06/red                  승   +40.6  timeout@300s
Engine location ignored, only thruster location is used.
Engine orientation ignored, only thruster orientation is used.
Engine location ignored, only thruster location is used.
Engine orientation ignored, only thruster orientation is used.
  debrief   : replays/roster_f32_final_128_0\vs_A3_LagAngler_08_blue_debrief.png
A3_LagAngler_08/blue                 승   +43.3  health_zero@57s
Engine location ignored, only thruster location is used.
Engine orientation ignored, only thruster orientation is used.
Engine location ignored, only thruster location is used.
Engine orientation ignored, only thruster orientation is used.
  debrief   : replays/roster_f32_final_128_0\vs_A3_LagAngler_08_red_debrief.png
A3_LagAngler_08/red                  승   +77.1  health_zero@89s
Engine location ignored, only thruster location is used.
Engine orientation ignored, only thruster orientation is used.
Engine location ignored, only thruster location is used.
Engine orientation ignored, only thruster orientation is used.
  debrief   : replays/roster_f32_final_128_0\vs_A3_LagAngler_11_blue_debrief.png
A3_LagAngler_11/blue                 승   +43.3  health_zero@57s
Engine location ignored, only thruster location is used.
Engine orientation ignored, only thruster orientation is used.
Engine location ignored, only thruster location is used.
Engine orientation ignored, only thruster orientation is used.
  debrief   : replays/roster_f32_final_128_0\vs_A3_LagAngler_11_red_debrief.png
A3_LagAngler_11/red                  승   +77.1  health_zero@89s
Engine location ignored, only thruster location is used.
Engine orientation ignored, only thruster orientation is used.
Engine location ignored, only thruster location is used.
Engine orientation ignored, only thruster orientation is used.
  debrief   : replays/roster_f32_final_128_0\vs_B1_EnergyFighter_00_blue_debrief.png
B1_EnergyFighter_00/blue             승   +35.9  health_zero@37s
Engine location ignored, only thruster location is used.
Engine orientation ignored, only thruster orientation is used.
Engine location ignored, only thruster location is used.
Engine orientation ignored, only thruster orientation is used.
  debrief   : replays/roster_f32_final_128_0\vs_B1_EnergyFighter_00_red_debrief.png
B1_EnergyFighter_00/red              승    +3.9  health_zero@38s
Engine location ignored, only thruster location is used.
Engine orientation ignored, only thruster orientation is used.
Engine location ignored, only thruster location is used.
Engine orientation ignored, only thruster orientation is used.
  debrief   : replays/roster_f32_final_128_0\vs_B1_EnergyFighter_03_blue_debrief.png
B1_EnergyFighter_03/blue             승   +35.9  health_zero@37s
Engine location ignored, only thruster location is used.
Engine orientation ignored, only thruster orientation is used.
Engine location ignored, only thruster location is used.
Engine orientation ignored, only thruster orientation is used.
  debrief   : replays/roster_f32_final_128_0\vs_B1_EnergyFighter_03_red_debrief.png
B1_EnergyFighter_03/red              승    +3.9  health_zero@38s
Engine location ignored, only thruster location is used.
Engine orientation ignored, only thruster orientation is used.
Engine location ignored, only thruster location is used.
Engine orientation ignored, only thruster orientation is used.
  debrief   : replays/roster_f32_final_128_0\vs_B1_EnergyFighter_06_blue_debrief.png
B1_EnergyFighter_06/blue             승   +36.4  health_zero@37s
Engine location ignored, only thruster location is used.
Engine orientation ignored, only thruster orientation is used.
Engine location ignored, only thruster location is used.
Engine orientation ignored, only thruster orientation is used.
  debrief   : replays/roster_f32_final_128_0\vs_B1_EnergyFighter_06_red_debrief.png
B1_EnergyFighter_06/red              승    +0.3  health_zero@38s
Engine location ignored, only thruster location is used.
Engine orientation ignored, only thruster orientation is used.
Engine location ignored, only thruster location is used.
Engine orientation ignored, only thruster orientation is used.
  debrief   : replays/roster_f32_final_128_0\vs_B1_EnergyFighter_08_blue_debrief.png
B1_EnergyFighter_08/blue             승   +36.4  health_zero@37s
Engine location ignored, only thruster location is used.
Engine orientation ignored, only thruster orientation is used.
Engine location ignored, only thruster location is used.
Engine orientation ignored, only thruster orientation is used.
  debrief   : replays/roster_f32_final_128_0\vs_B1_EnergyFighter_08_red_debrief.png
B1_EnergyFighter_08/red              승    +0.3  health_zero@38s
Engine location ignored, only thruster location is used.
Engine orientation ignored, only thruster orientation is used.
Engine location ignored, only thruster location is used.
Engine orientation ignored, only thruster orientation is used.
  debrief   : replays/roster_f32_final_128_0\vs_B1_EnergyFighter_11_blue_debrief.png
B1_EnergyFighter_11/blue             승   +36.4  health_zero@37s
Engine location ignored, only thruster location is used.
Engine orientation ignored, only thruster orientation is used.
Engine location ignored, only thruster location is used.
Engine orientation ignored, only thruster orientation is used.
  debrief   : replays/roster_f32_final_128_0\vs_B1_EnergyFighter_11_red_debrief.png
B1_EnergyFighter_11/red              승    +0.3  health_zero@38s
Engine location ignored, only thruster location is used.
Engine orientation ignored, only thruster orientation is used.
Engine location ignored, only thruster location is used.
Engine orientation ignored, only thruster orientation is used.
  debrief   : replays/roster_f32_final_128_0\vs_B2_Extender_00_blue_debrief.png
B2_Extender_00/blue                  승   +18.5  health_zero@45s
Engine location ignored, only thruster location is used.
Engine orientation ignored, only thruster orientation is used.
Engine location ignored, only thruster location is used.
Engine orientation ignored, only thruster orientation is used.
  debrief   : replays/roster_f32_final_128_0\vs_B2_Extender_00_red_debrief.png
B2_Extender_00/red                   승   +37.6  health_zero@48s
Engine location ignored, only thruster location is used.
Engine orientation ignored, only thruster orientation is used.
Engine location ignored, only thruster location is used.
Engine orientation ignored, only thruster orientation is used.
  debrief   : replays/roster_f32_final_128_0\vs_B2_Extender_02_blue_debrief.png
B2_Extender_02/blue                  승   +28.8  health_zero@45s
Engine location ignored, only thruster location is used.
Engine orientation ignored, only thruster orientation is used.
Engine location ignored, only thruster location is used.
Engine orientation ignored, only thruster orientation is used.
  debrief   : replays/roster_f32_final_128_0\vs_B2_Extender_02_red_debrief.png
B2_Extender_02/red                   승   +30.4  health_zero@203s
Engine location ignored, only thruster location is used.
Engine orientation ignored, only thruster orientation is used.
Engine location ignored, only thruster location is used.
Engine orientation ignored, only thruster orientation is used.
  debrief   : replays/roster_f32_final_128_0\vs_B2_Extender_04_blue_debrief.png
B2_Extender_04/blue                  승    +8.9  health_zero@45s
Engine location ignored, only thruster location is used.
Engine orientation ignored, only thruster orientation is used.
Engine location ignored, only thruster location is used.
Engine orientation ignored, only thruster orientation is used.
  debrief   : replays/roster_f32_final_128_0\vs_B2_Extender_04_red_debrief.png
B2_Extender_04/red                   승   +47.8  health_zero@222s
Engine location ignored, only thruster location is used.
Engine orientation ignored, only thruster orientation is used.
Engine location ignored, only thruster location is used.
Engine orientation ignored, only thruster orientation is used.
  debrief   : replays/roster_f32_final_128_0\vs_B2_Extender_06_blue_debrief.png
B2_Extender_06/blue                  승   +11.1  health_zero@46s
Engine location ignored, only thruster location is used.
Engine orientation ignored, only thruster orientation is used.
Engine location ignored, only thruster location is used.
Engine orientation ignored, only thruster orientation is used.
  debrief   : replays/roster_f32_final_128_0\vs_B2_Extender_06_red_debrief.png
B2_Extender_06/red                   승   +45.3  health_zero@48s
Engine location ignored, only thruster location is used.
Engine orientation ignored, only thruster orientation is used.
Engine location ignored, only thruster location is used.
Engine orientation ignored, only thruster orientation is used.
  debrief   : replays/roster_f32_final_128_0\vs_B2_Extender_08_blue_debrief.png
B2_Extender_08/blue                  승    +6.4  health_zero@47s
Engine location ignored, only thruster location is used.
Engine orientation ignored, only thruster orientation is used.
Engine location ignored, only thruster location is used.
Engine orientation ignored, only thruster orientation is used.
  debrief   : replays/roster_f32_final_128_0\vs_B2_Extender_08_red_debrief.png
B2_Extender_08/red                   승   +64.2  health_zero@188s
Engine location ignored, only thruster location is used.
Engine orientation ignored, only thruster orientation is used.
Engine location ignored, only thruster location is used.
Engine orientation ignored, only thruster orientation is used.
  debrief   : replays/roster_f32_final_128_0\vs_C1_TwoCircleRate_00_blue_debrief.png
C1_TwoCircleRate_00/blue             승   +14.7  health_zero@41s
Engine location ignored, only thruster location is used.
Engine orientation ignored, only thruster orientation is used.
Engine location ignored, only thruster location is used.
Engine orientation ignored, only thruster orientation is used.
  debrief   : replays/roster_f32_final_128_0\vs_C1_TwoCircleRate_00_red_debrief.png
C1_TwoCircleRate_00/red              승   +15.9  health_zero@60s
Engine location ignored, only thruster location is used.
Engine orientation ignored, only thruster orientation is used.
Engine location ignored, only thruster location is used.
Engine orientation ignored, only thruster orientation is used.
  debrief   : replays/roster_f32_final_128_0\vs_C1_TwoCircleRate_01_blue_debrief.png
C1_TwoCircleRate_01/blue             승   +14.7  health_zero@41s
Engine location ignored, only thruster location is used.
Engine orientation ignored, only thruster orientation is used.
Engine location ignored, only thruster location is used.
Engine orientation ignored, only thruster orientation is used.
  debrief   : replays/roster_f32_final_128_0\vs_C1_TwoCircleRate_01_red_debrief.png
C1_TwoCircleRate_01/red              승   +15.9  health_zero@60s
Engine location ignored, only thruster location is used.
Engine orientation ignored, only thruster orientation is used.
Engine location ignored, only thruster location is used.
Engine orientation ignored, only thruster orientation is used.
  debrief   : replays/roster_f32_final_128_0\vs_C1_TwoCircleRate_03_blue_debrief.png
C1_TwoCircleRate_03/blue             승   +27.8  health_zero@44s
Engine location ignored, only thruster location is used.
Engine orientation ignored, only thruster orientation is used.
Engine location ignored, only thruster location is used.
Engine orientation ignored, only thruster orientation is used.
  debrief   : replays/roster_f32_final_128_0\vs_C1_TwoCircleRate_03_red_debrief.png
C1_TwoCircleRate_03/red              승   +18.0  health_zero@108s
Engine location ignored, only thruster location is used.
Engine orientation ignored, only thruster orientation is used.
Engine location ignored, only thruster location is used.
Engine orientation ignored, only thruster orientation is used.
  debrief   : replays/roster_f32_final_128_0\vs_C1_TwoCircleRate_04_blue_debrief.png
C1_TwoCircleRate_04/blue             승   +27.8  health_zero@44s
Engine location ignored, only thruster location is used.
Engine orientation ignored, only thruster orientation is used.
Engine location ignored, only thruster location is used.
Engine orientation ignored, only thruster orientation is used.
  debrief   : replays/roster_f32_final_128_0\vs_C1_TwoCircleRate_04_red_debrief.png
C1_TwoCircleRate_04/red              승   +18.0  health_zero@108s
Engine location ignored, only thruster location is used.
Engine orientation ignored, only thruster orientation is used.
Engine location ignored, only thruster location is used.
Engine orientation ignored, only thruster orientation is used.
  debrief   : replays/roster_f32_final_128_0\vs_C1_TwoCircleRate_05_blue_debrief.png
C1_TwoCircleRate_05/blue             승   +27.8  health_zero@44s
Engine location ignored, only thruster location is used.
Engine orientation ignored, only thruster orientation is used.
Engine location ignored, only thruster location is used.
Engine orientation ignored, only thruster orientation is used.
  debrief   : replays/roster_f32_final_128_0\vs_C1_TwoCircleRate_05_red_debrief.png
C1_TwoCircleRate_05/red              승   +18.0  health_zero@108s
Engine location ignored, only thruster location is used.
Engine orientation ignored, only thruster orientation is used.
Engine location ignored, only thruster location is used.
Engine orientation ignored, only thruster orientation is used.
  debrief   : replays/roster_f32_final_128_0\vs_C2_OneCircleRad_00_blue_debrief.png
C2_OneCircleRad_00/blue              승   +14.7  health_zero@41s
Engine location ignored, only thruster location is used.
Engine orientation ignored, only thruster orientation is used.
Engine location ignored, only thruster location is used.
Engine orientation ignored, only thruster orientation is used.
  debrief   : replays/roster_f32_final_128_0\vs_C2_OneCircleRad_00_red_debrief.png
C2_OneCircleRad_00/red               승   +15.9  health_zero@60s
Engine location ignored, only thruster location is used.
Engine orientation ignored, only thruster orientation is used.
Engine location ignored, only thruster location is used.
Engine orientation ignored, only thruster orientation is used.
  debrief   : replays/roster_f32_final_128_0\vs_C2_OneCircleRad_01_blue_debrief.png
C2_OneCircleRad_01/blue              승   +14.7  health_zero@41s
Engine location ignored, only thruster location is used.
Engine orientation ignored, only thruster orientation is used.
Engine location ignored, only thruster location is used.
Engine orientation ignored, only thruster orientation is used.
  debrief   : replays/roster_f32_final_128_0\vs_C2_OneCircleRad_01_red_debrief.png
C2_OneCircleRad_01/red               승   +15.9  health_zero@60s
Engine location ignored, only thruster location is used.
Engine orientation ignored, only thruster orientation is used.
Engine location ignored, only thruster location is used.
Engine orientation ignored, only thruster orientation is used.
  debrief   : replays/roster_f32_final_128_0\vs_C2_OneCircleRad_03_blue_debrief.png
C2_OneCircleRad_03/blue              승   +27.8  health_zero@44s
Engine location ignored, only thruster location is used.
Engine orientation ignored, only thruster orientation is used.
Engine location ignored, only thruster location is used.
Engine orientation ignored, only thruster orientation is used.
  debrief   : replays/roster_f32_final_128_0\vs_C2_OneCircleRad_03_red_debrief.png
C2_OneCircleRad_03/red               승   +18.0  health_zero@108s
Engine location ignored, only thruster location is used.
Engine orientation ignored, only thruster orientation is used.
Engine location ignored, only thruster location is used.
Engine orientation ignored, only thruster orientation is used.
  debrief   : replays/roster_f32_final_128_0\vs_C2_OneCircleRad_04_blue_debrief.png
C2_OneCircleRad_04/blue              승   +27.8  health_zero@44s
Engine location ignored, only thruster location is used.
Engine orientation ignored, only thruster orientation is used.
Engine location ignored, only thruster location is used.
Engine orientation ignored, only thruster orientation is used.
  debrief   : replays/roster_f32_final_128_0\vs_C2_OneCircleRad_04_red_debrief.png
C2_OneCircleRad_04/red               승   +18.0  health_zero@108s
Engine location ignored, only thruster location is used.
Engine orientation ignored, only thruster orientation is used.
Engine location ignored, only thruster location is used.
Engine orientation ignored, only thruster orientation is used.
  debrief   : replays/roster_f32_final_128_0\vs_C2_OneCircleRad_05_blue_debrief.png
C2_OneCircleRad_05/blue              승   +27.8  health_zero@44s
Engine location ignored, only thruster location is used.
Engine orientation ignored, only thruster orientation is used.
Engine location ignored, only thruster location is used.
Engine orientation ignored, only thruster orientation is used.
  debrief   : replays/roster_f32_final_128_0\vs_C2_OneCircleRad_05_red_debrief.png
C2_OneCircleRad_05/red               승   +18.0  health_zero@108s
Engine location ignored, only thruster location is used.
Engine orientation ignored, only thruster orientation is used.
Engine location ignored, only thruster location is used.
Engine orientation ignored, only thruster orientation is used.
  debrief   : replays/roster_f32_final_128_0\vs_C3_Lufbery_00_blue_debrief.png
C3_Lufbery_00/blue                   승   +35.9  health_zero@37s
Engine location ignored, only thruster location is used.
Engine orientation ignored, only thruster orientation is used.
Engine location ignored, only thruster location is used.
Engine orientation ignored, only thruster orientation is used.
  debrief   : replays/roster_f32_final_128_0\vs_C3_Lufbery_00_red_debrief.png
C3_Lufbery_00/red                    승    +3.9  health_zero@38s
Engine location ignored, only thruster location is used.
Engine orientation ignored, only thruster orientation is used.
Engine location ignored, only thruster location is used.
Engine orientation ignored, only thruster orientation is used.
  debrief   : replays/roster_f32_final_128_0\vs_C3_Lufbery_02_blue_debrief.png
C3_Lufbery_02/blue                   승   +35.9  health_zero@37s
Engine location ignored, only thruster location is used.
Engine orientation ignored, only thruster orientation is used.
Engine location ignored, only thruster location is used.
Engine orientation ignored, only thruster orientation is used.
  debrief   : replays/roster_f32_final_128_0\vs_C3_Lufbery_02_red_debrief.png
C3_Lufbery_02/red                    승    +3.9  health_zero@38s
Engine location ignored, only thruster location is used.
Engine orientation ignored, only thruster orientation is used.
Engine location ignored, only thruster location is used.
Engine orientation ignored, only thruster orientation is used.
  debrief   : replays/roster_f32_final_128_0\vs_C3_Lufbery_04_blue_debrief.png
C3_Lufbery_04/blue                   승   +36.4  health_zero@37s
Engine location ignored, only thruster location is used.
Engine orientation ignored, only thruster orientation is used.
Engine location ignored, only thruster location is used.
Engine orientation ignored, only thruster orientation is used.
  debrief   : replays/roster_f32_final_128_0\vs_C3_Lufbery_04_red_debrief.png
C3_Lufbery_04/red                    승    +0.3  health_zero@38s
Engine location ignored, only thruster location is used.
Engine orientation ignored, only thruster orientation is used.
Engine location ignored, only thruster location is used.
Engine orientation ignored, only thruster orientation is used.
  debrief   : replays/roster_f32_final_128_0\vs_C3_Lufbery_06_blue_debrief.png
C3_Lufbery_06/blue                   승   +38.3  health_zero@37s
Engine location ignored, only thruster location is used.
Engine orientation ignored, only thruster orientation is used.
Engine location ignored, only thruster location is used.
Engine orientation ignored, only thruster orientation is used.
  debrief   : replays/roster_f32_final_128_0\vs_C3_Lufbery_06_red_debrief.png
C3_Lufbery_06/red                    승    +6.6  health_zero@121s
Engine location ignored, only thruster location is used.
Engine orientation ignored, only thruster orientation is used.
Engine location ignored, only thruster location is used.
Engine orientation ignored, only thruster orientation is used.
  debrief   : replays/roster_f32_final_128_0\vs_C3_Lufbery_08_blue_debrief.png
C3_Lufbery_08/blue                   승   +38.3  health_zero@37s
Engine location ignored, only thruster location is used.
Engine orientation ignored, only thruster orientation is used.
Engine location ignored, only thruster location is used.
Engine orientation ignored, only thruster orientation is used.
  debrief   : replays/roster_f32_final_128_0\vs_C3_Lufbery_08_red_debrief.png
C3_Lufbery_08/red                    승    +6.6  health_zero@121s
Engine location ignored, only thruster location is used.
Engine orientation ignored, only thruster orientation is used.
Engine location ignored, only thruster location is used.
Engine orientation ignored, only thruster orientation is used.
  debrief   : replays/roster_f32_final_128_0\vs_D1_Reactive_00_blue_debrief.png
D1_Reactive_00/blue                  승   +33.3  health_zero@43s
Engine location ignored, only thruster location is used.
Engine orientation ignored, only thruster orientation is used.
Engine location ignored, only thruster location is used.
Engine orientation ignored, only thruster orientation is used.
  debrief   : replays/roster_f32_final_128_0\vs_D1_Reactive_00_red_debrief.png
D1_Reactive_00/red                   승   +49.1  health_zero@204s
Engine location ignored, only thruster location is used.
Engine orientation ignored, only thruster orientation is used.
Engine location ignored, only thruster location is used.
Engine orientation ignored, only thruster orientation is used.
  debrief   : replays/roster_f32_final_128_0\vs_D1_Reactive_03_blue_debrief.png
D1_Reactive_03/blue                  승   +33.3  health_zero@43s
Engine location ignored, only thruster location is used.
Engine orientation ignored, only thruster orientation is used.
Engine location ignored, only thruster location is used.
Engine orientation ignored, only thruster orientation is used.
  debrief   : replays/roster_f32_final_128_0\vs_D1_Reactive_03_red_debrief.png
D1_Reactive_03/red                   승   +49.1  health_zero@204s
Engine location ignored, only thruster location is used.
Engine orientation ignored, only thruster orientation is used.
Engine location ignored, only thruster location is used.
Engine orientation ignored, only thruster orientation is used.
  debrief   : replays/roster_f32_final_128_0\vs_D1_Reactive_06_blue_debrief.png
D1_Reactive_06/blue                  승   +32.3  health_zero@43s
Engine location ignored, only thruster location is used.
Engine orientation ignored, only thruster orientation is used.
Engine location ignored, only thruster location is used.
Engine orientation ignored, only thruster orientation is used.
  debrief   : replays/roster_f32_final_128_0\vs_D1_Reactive_06_red_debrief.png
D1_Reactive_06/red                   승   +38.7  health_zero@61s
Engine location ignored, only thruster location is used.
Engine orientation ignored, only thruster orientation is used.
Engine location ignored, only thruster location is used.
Engine orientation ignored, only thruster orientation is used.
  debrief   : replays/roster_f32_final_128_0\vs_D1_Reactive_08_blue_debrief.png
D1_Reactive_08/blue                  승   +17.1  health_zero@46s
Engine location ignored, only thruster location is used.
Engine orientation ignored, only thruster orientation is used.
Engine location ignored, only thruster location is used.
Engine orientation ignored, only thruster orientation is used.
  debrief   : replays/roster_f32_final_128_0\vs_D1_Reactive_08_red_debrief.png
D1_Reactive_08/red                   승   +20.6  health_zero@61s
Engine location ignored, only thruster location is used.
Engine orientation ignored, only thruster orientation is used.
Engine location ignored, only thruster location is used.
Engine orientation ignored, only thruster orientation is used.
  debrief   : replays/roster_f32_final_128_0\vs_D1_Reactive_11_blue_debrief.png
D1_Reactive_11/blue                  승   +17.1  health_zero@46s
Engine location ignored, only thruster location is used.
Engine orientation ignored, only thruster orientation is used.
Engine location ignored, only thruster location is used.
Engine orientation ignored, only thruster orientation is used.
  debrief   : replays/roster_f32_final_128_0\vs_D1_Reactive_11_red_debrief.png
D1_Reactive_11/red                   승   +20.6  health_zero@61s
Engine location ignored, only thruster location is used.
Engine orientation ignored, only thruster orientation is used.
Engine location ignored, only thruster location is used.
Engine orientation ignored, only thruster orientation is used.
  debrief   : replays/roster_f32_final_128_0\vs_D2_LastDitch_00_blue_debrief.png
D2_LastDitch_00/blue                 승   +41.4  health_zero@73s
Engine location ignored, only thruster location is used.
Engine orientation ignored, only thruster orientation is used.
Engine location ignored, only thruster location is used.
Engine orientation ignored, only thruster orientation is used.
  debrief   : replays/roster_f32_final_128_0\vs_D2_LastDitch_00_red_debrief.png
D2_LastDitch_00/red                  승   +37.0  health_zero@74s
Engine location ignored, only thruster location is used.
Engine orientation ignored, only thruster orientation is used.
Engine location ignored, only thruster location is used.
Engine orientation ignored, only thruster orientation is used.
  debrief   : replays/roster_f32_final_128_0\vs_D2_LastDitch_01_blue_debrief.png
D2_LastDitch_01/blue                 승   +41.4  health_zero@73s
Engine location ignored, only thruster location is used.
Engine orientation ignored, only thruster orientation is used.
Engine location ignored, only thruster location is used.
Engine orientation ignored, only thruster orientation is used.
  debrief   : replays/roster_f32_final_128_0\vs_D2_LastDitch_01_red_debrief.png
D2_LastDitch_01/red                  승   +37.0  health_zero@74s
Engine location ignored, only thruster location is used.
Engine orientation ignored, only thruster orientation is used.
Engine location ignored, only thruster location is used.
Engine orientation ignored, only thruster orientation is used.
  debrief   : replays/roster_f32_final_128_0\vs_D2_LastDitch_03_blue_debrief.png
D2_LastDitch_03/blue                 승   +29.7  health_zero@60s
Engine location ignored, only thruster location is used.
Engine orientation ignored, only thruster orientation is used.
Engine location ignored, only thruster location is used.
Engine orientation ignored, only thruster orientation is used.
  debrief   : replays/roster_f32_final_128_0\vs_D2_LastDitch_03_red_debrief.png
D2_LastDitch_03/red                  승   +25.1  health_zero@61s
Engine location ignored, only thruster location is used.
Engine orientation ignored, only thruster orientation is used.
Engine location ignored, only thruster location is used.
Engine orientation ignored, only thruster orientation is used.
  debrief   : replays/roster_f32_final_128_0\vs_D2_LastDitch_04_blue_debrief.png
D2_LastDitch_04/blue                 승   +22.2  health_zero@62s
Engine location ignored, only thruster location is used.
Engine orientation ignored, only thruster orientation is used.
Engine location ignored, only thruster location is used.
Engine orientation ignored, only thruster orientation is used.
  debrief   : replays/roster_f32_final_128_0\vs_D2_LastDitch_04_red_debrief.png
D2_LastDitch_04/red                  승   +15.6  health_zero@62s
Engine location ignored, only thruster location is used.
Engine orientation ignored, only thruster orientation is used.
Engine location ignored, only thruster location is used.
Engine orientation ignored, only thruster orientation is used.
  debrief   : replays/roster_f32_final_128_0\vs_D2_LastDitch_05_blue_debrief.png
D2_LastDitch_05/blue                 승   +22.2  health_zero@62s
Engine location ignored, only thruster location is used.
Engine orientation ignored, only thruster orientation is used.
Engine location ignored, only thruster location is used.
Engine orientation ignored, only thruster orientation is used.
  debrief   : replays/roster_f32_final_128_0\vs_D2_LastDitch_05_red_debrief.png
D2_LastDitch_05/red                  승   +15.6  health_zero@62s
Engine location ignored, only thruster location is used.
Engine orientation ignored, only thruster orientation is used.
Engine location ignored, only thruster location is used.
Engine orientation ignored, only thruster orientation is used.
  debrief   : replays/roster_f32_final_128_0\vs_D3_Scissors_00_blue_debrief.png
D3_Scissors_00/blue                  승   +19.9  health_zero@44s
Engine location ignored, only thruster location is used.
Engine orientation ignored, only thruster orientation is used.
Engine location ignored, only thruster location is used.
Engine orientation ignored, only thruster orientation is used.
  debrief   : replays/roster_f32_final_128_0\vs_D3_Scissors_00_red_debrief.png
D3_Scissors_00/red                   승   +56.7  health_zero@64s
Engine location ignored, only thruster location is used.
Engine orientation ignored, only thruster orientation is used.
Engine location ignored, only thruster location is used.
Engine orientation ignored, only thruster orientation is used.
  debrief   : replays/roster_f32_final_128_0\vs_D3_Scissors_01_blue_debrief.png
D3_Scissors_01/blue                  승   +18.9  health_zero@44s
Engine location ignored, only thruster location is used.
Engine orientation ignored, only thruster orientation is used.
Engine location ignored, only thruster location is used.
Engine orientation ignored, only thruster orientation is used.
  debrief   : replays/roster_f32_final_128_0\vs_D3_Scissors_01_red_debrief.png
D3_Scissors_01/red                   승   +56.4  health_zero@64s
Engine location ignored, only thruster location is used.
Engine orientation ignored, only thruster orientation is used.
Engine location ignored, only thruster location is used.
Engine orientation ignored, only thruster orientation is used.
  debrief   : replays/roster_f32_final_128_0\vs_D3_Scissors_02_blue_debrief.png
D3_Scissors_02/blue                  승   +22.4  health_zero@44s
Engine location ignored, only thruster location is used.
Engine orientation ignored, only thruster orientation is used.
Engine location ignored, only thruster location is used.
Engine orientation ignored, only thruster orientation is used.
  debrief   : replays/roster_f32_final_128_0\vs_D3_Scissors_02_red_debrief.png
D3_Scissors_02/red                   승    +3.9  health_zero@47s
Engine location ignored, only thruster location is used.
Engine orientation ignored, only thruster orientation is used.
Engine location ignored, only thruster location is used.
Engine orientation ignored, only thruster orientation is used.
  debrief   : replays/roster_f32_final_128_0\vs_E1_AdaptiveAce_00_blue_debrief.png
E1_AdaptiveAce_00/blue               승    +9.3  health_zero@68s
Engine location ignored, only thruster location is used.
Engine orientation ignored, only thruster orientation is used.
Engine location ignored, only thruster location is used.
Engine orientation ignored, only thruster orientation is used.
  debrief   : replays/roster_f32_final_128_0\vs_E1_AdaptiveAce_00_red_debrief.png
E1_AdaptiveAce_00/red                승   +22.3  health_zero@62s
Engine location ignored, only thruster location is used.
Engine orientation ignored, only thruster orientation is used.
Engine location ignored, only thruster location is used.
Engine orientation ignored, only thruster orientation is used.
  debrief   : replays/roster_f32_final_128_0\vs_E1_AdaptiveAce_03_blue_debrief.png
E1_AdaptiveAce_03/blue               승   +23.1  timeout@300s
Engine location ignored, only thruster location is used.
Engine orientation ignored, only thruster orientation is used.
Engine location ignored, only thruster location is used.
Engine orientation ignored, only thruster orientation is used.
  debrief   : replays/roster_f32_final_128_0\vs_E1_AdaptiveAce_03_red_debrief.png
E1_AdaptiveAce_03/red                승   +39.1  health_zero@70s
Engine location ignored, only thruster location is used.
Engine orientation ignored, only thruster orientation is used.
Engine location ignored, only thruster location is used.
Engine orientation ignored, only thruster orientation is used.
  debrief   : replays/roster_f32_final_128_0\vs_E1_AdaptiveAce_06_blue_debrief.png
E1_AdaptiveAce_06/blue               승   +33.3  health_zero@232s
Engine location ignored, only thruster location is used.
Engine orientation ignored, only thruster orientation is used.
Engine location ignored, only thruster location is used.
Engine orientation ignored, only thruster orientation is used.
  debrief   : replays/roster_f32_final_128_0\vs_E1_AdaptiveAce_06_red_debrief.png
E1_AdaptiveAce_06/red                승    +0.4  health_zero@231s
Engine location ignored, only thruster location is used.
Engine orientation ignored, only thruster orientation is used.
Engine location ignored, only thruster location is used.
Engine orientation ignored, only thruster orientation is used.
  debrief   : replays/roster_f32_final_128_0\vs_E1_AdaptiveAce_08_blue_debrief.png
E1_AdaptiveAce_08/blue               승   +20.3  health_zero@85s
Engine location ignored, only thruster location is used.
Engine orientation ignored, only thruster orientation is used.
Engine location ignored, only thruster location is used.
Engine orientation ignored, only thruster orientation is used.
  debrief   : replays/roster_f32_final_128_0\vs_E1_AdaptiveAce_08_red_debrief.png
E1_AdaptiveAce_08/red                승   +20.6  health_zero@62s
Engine location ignored, only thruster location is used.
Engine orientation ignored, only thruster orientation is used.
Engine location ignored, only thruster location is used.
Engine orientation ignored, only thruster orientation is used.
  debrief   : replays/roster_f32_final_128_0\vs_E1_AdaptiveAce_11_blue_debrief.png
E1_AdaptiveAce_11/blue               승   +23.9  health_zero@168s
Engine location ignored, only thruster location is used.
Engine orientation ignored, only thruster orientation is used.
Engine location ignored, only thruster location is used.
Engine orientation ignored, only thruster orientation is used.
  debrief   : replays/roster_f32_final_128_0\vs_E1_AdaptiveAce_11_red_debrief.png
E1_AdaptiveAce_11/red                승   +20.9  health_zero@166s
Engine location ignored, only thruster location is used.
Engine orientation ignored, only thruster orientation is used.
Engine location ignored, only thruster location is used.
Engine orientation ignored, only thruster orientation is used.
  debrief   : replays/roster_f32_final_128_0\vs_E2_Passive_00_blue_debrief.png
E2_Passive_00/blue                   승   +17.8  health_zero@35s
Engine location ignored, only thruster location is used.
Engine orientation ignored, only thruster orientation is used.
Engine location ignored, only thruster location is used.
Engine orientation ignored, only thruster orientation is used.
  debrief   : replays/roster_f32_final_128_0\vs_E2_Passive_00_red_debrief.png
E2_Passive_00/red                    승   +17.6  health_zero@35s
Engine location ignored, only thruster location is used.
Engine orientation ignored, only thruster orientation is used.
Engine location ignored, only thruster location is used.
Engine orientation ignored, only thruster orientation is used.
  debrief   : replays/roster_f32_final_128_0\vs_E2_Passive_01_blue_debrief.png
E2_Passive_01/blue                   승   +17.8  health_zero@35s
Engine location ignored, only thruster location is used.
Engine orientation ignored, only thruster orientation is used.
Engine location ignored, only thruster location is used.
Engine orientation ignored, only thruster orientation is used.
  debrief   : replays/roster_f32_final_128_0\vs_E2_Passive_01_red_debrief.png
E2_Passive_01/red                    승   +17.6  health_zero@35s
Engine location ignored, only thruster location is used.
Engine orientation ignored, only thruster orientation is used.
Engine location ignored, only thruster location is used.
Engine orientation ignored, only thruster orientation is used.
  debrief   : replays/roster_f32_final_128_0\vs_anchor_ace_blue_debrief.png
anchor_ace/blue                      승   +12.3  health_zero@117s
Engine location ignored, only thruster location is used.
Engine orientation ignored, only thruster orientation is used.
Engine location ignored, only thruster location is used.
Engine orientation ignored, only thruster orientation is used.
  debrief   : replays/roster_f32_final_128_0\vs_anchor_ace_red_debrief.png
anchor_ace/red                       승    +4.0  health_zero@61s
Engine location ignored, only thruster location is used.
Engine orientation ignored, only thruster orientation is used.
Engine location ignored, only thruster location is used.
Engine orientation ignored, only thruster orientation is used.
  debrief   : replays/roster_f32_final_128_0\vs_anchor_aggressive_blue_debrief.png
anchor_aggressive/blue               승   +63.1  health_zero@33s
Engine location ignored, only thruster location is used.
Engine orientation ignored, only thruster orientation is used.
Engine location ignored, only thruster location is used.
Engine orientation ignored, only thruster orientation is used.
  debrief   : replays/roster_f32_final_128_0\vs_anchor_aggressive_red_debrief.png
anchor_aggressive/red                승   +62.9  health_zero@33s
Engine location ignored, only thruster location is used.
Engine orientation ignored, only thruster orientation is used.
Engine location ignored, only thruster location is used.
Engine orientation ignored, only thruster orientation is used.
  debrief   : replays/roster_f32_final_128_0\vs_anchor_defensive_blue_debrief.png
anchor_defensive/blue                승   +21.1  health_zero@42s
Engine location ignored, only thruster location is used.
Engine orientation ignored, only thruster orientation is used.
Engine location ignored, only thruster location is used.
Engine orientation ignored, only thruster orientation is used.
  debrief   : replays/roster_f32_final_128_0\vs_anchor_defensive_red_debrief.png
anchor_defensive/red                 승    +2.0  health_zero@56s
Engine location ignored, only thruster location is used.
Engine orientation ignored, only thruster orientation is used.
Engine location ignored, only thruster location is used.
Engine orientation ignored, only thruster orientation is used.
  debrief   : replays/roster_f32_final_128_0\vs_anchor_simple_blue_debrief.png
anchor_simple/blue                   승   +63.1  health_zero@33s
Engine location ignored, only thruster location is used.
Engine orientation ignored, only thruster orientation is used.
Engine location ignored, only thruster location is used.
Engine orientation ignored, only thruster orientation is used.
  debrief   : replays/roster_f32_final_128_0\vs_anchor_simple_red_debrief.png
anchor_simple/red                    승   +62.9  health_zero@33s

합계: 128승 0무 0패 / 128
