표적 32개, 증인 913개
  분리실패 → E2_Passive_01/red 제외 재시도
  분리실패 → E2_Passive_01/blue 제외 재시도
  분리실패 → official_controlzone/blue 제외 재시도
  분리실패 → official_headon/blue 제외 재시도
  분리실패 → official_controlzone/red 제외 재시도
  분리실패 → official_headon/red 제외 재시도
  분리실패 → D3_Scissors_02/red 제외 재시도
  분리실패 → D1_Reactive_06/red 제외 재시도
  분리실패 → C1_TwoCircleRate_03/red 제외 재시도
  분리실패 → C1_TwoCircleRate_04/red 제외 재시도
  분리실패 → C1_TwoCircleRate_05/red 제외 재시도
  분리실패 → C2_OneCircleRad_03/red 제외 재시도
  분리실패 → C2_OneCircleRad_04/red 제외 재시도
  분리실패 → C2_OneCircleRad_05/red 제외 재시도
  분리실패 → redteam_allround/blue 제외 재시도
  분리실패 → B1_EnergyFighter_06/red 제외 재시도
  분리실패 → C3_Lufbery_06/red 제외 재시도
  분리실패 → C3_Lufbery_08/red 제외 재시도
  분리실패 → redteam_allround/red 제외 재시도
  분리실패 → B1_EnergyFighter_00/red 제외 재시도
  분리실패 → C3_Lufbery_00/red 제외 재시도
  분리실패 → B1_EnergyFighter_08/red 제외 재시도
  분리실패 → B1_EnergyFighter_11/red 제외 재시도
  분리실패 → C3_Lufbery_04/red 제외 재시도
  분리실패 → E1_AdaptiveAce_03/blue 제외 재시도
  분리실패 → E1_AdaptiveAce_03/red 제외 재시도
  분리실패 → E1_AdaptiveAce_11/red 제외 재시도
  분리실패 → E1_AdaptiveAce_11/blue 제외 재시도
  분리실패 → anchor_ace/blue 제외 재시도
  분리실패 → E1_AdaptiveAce_06/blue 제외 재시도


     JSBSim Flight Dynamics Model v1.3.1 [GitHub build 1837/commit 3b25f25e49b42d0489c04ac805674fc1450ca579] May 17 2026 14:28:34
            [JSBSim-ML v2.0]

JSBSim startup beginning ...

Engine location ignored, only thruster location is used.
Engine orientation ignored, only thruster orientation is used.
Engine location ignored, only thruster location is used.
Engine orientation ignored, only thruster orientation is used.
  break 진입틱 E1_AdaptiveAce_00/blue t=25.85 → ✓ Δ+34.4
[규칙 1] break d6 ⊃ ['E1_AdaptiveAce_00/blue']
  분리실패 → E2_Passive_01/red 제외 재시도
  분리실패 → E2_Passive_01/blue 제외 재시도
  분리실패 → official_controlzone/blue 제외 재시도
  분리실패 → official_controlzone/red 제외 재시도
  분리실패 → official_headon/red 제외 재시도
  분리실패 → official_headon/blue 제외 재시도
  분리실패 → D3_Scissors_02/red 제외 재시도
  분리실패 → D1_Reactive_06/red 제외 재시도
  분리실패 → C1_TwoCircleRate_03/red 제외 재시도
  분리실패 → C1_TwoCircleRate_04/red 제외 재시도
  분리실패 → C1_TwoCircleRate_05/red 제외 재시도
  분리실패 → C2_OneCircleRad_03/red 제외 재시도
  분리실패 → C2_OneCircleRad_04/red 제외 재시도
  분리실패 → C2_OneCircleRad_05/red 제외 재시도
  분리실패 → redteam_allround/blue 제외 재시도
  분리실패 → B1_EnergyFighter_06/red 제외 재시도
  분리실패 → C3_Lufbery_06/red 제외 재시도
  분리실패 → C3_Lufbery_08/red 제외 재시도
  분리실패 → redteam_allround/red 제외 재시도
  분리실패 → B1_EnergyFighter_00/red 제외 재시도
  분리실패 → C3_Lufbery_00/red 제외 재시도
  분리실패 → B1_EnergyFighter_08/red 제외 재시도
  분리실패 → B1_EnergyFighter_11/red 제외 재시도
  분리실패 → C3_Lufbery_04/red 제외 재시도
  분리실패 → E1_AdaptiveAce_03/blue 제외 재시도
  분리실패 → E1_AdaptiveAce_11/blue 제외 재시도
  분리실패 → E1_AdaptiveAce_03/red 제외 재시도
  분리실패 → E1_AdaptiveAce_11/red 제외 재시도
Engine location ignored, only thruster location is used.
Engine orientation ignored, only thruster orientation is used.
Engine location ignored, only thruster location is used.
Engine orientation ignored, only thruster orientation is used.
  break 진입틱 E1_AdaptiveAce_06/blue t=25.55 → ✗ Δ-35.5
Engine location ignored, only thruster location is used.
Engine orientation ignored, only thruster orientation is used.
Engine location ignored, only thruster location is used.
Engine orientation ignored, only thruster orientation is used.
  break 진입틱 anchor_ace/blue t=25.95 → ✓ Δ+19.5
[규칙 2] break d6 ⊃ ['anchor_ace/blue']
  분리실패 → E2_Passive_01/red 제외 재시도
  분리실패 → E2_Passive_01/blue 제외 재시도
  분리실패 → official_controlzone/blue 제외 재시도
  분리실패 → official_controlzone/red 제외 재시도
  분리실패 → official_headon/red 제외 재시도
  분리실패 → official_headon/blue 제외 재시도
  분리실패 → D3_Scissors_02/red 제외 재시도
  분리실패 → D1_Reactive_06/red 제외 재시도
  분리실패 → C1_TwoCircleRate_03/red 제외 재시도
  분리실패 → C1_TwoCircleRate_04/red 제외 재시도
  분리실패 → C1_TwoCircleRate_05/red 제외 재시도
  분리실패 → C2_OneCircleRad_03/red 제외 재시도
  분리실패 → C2_OneCircleRad_04/red 제외 재시도
  분리실패 → C2_OneCircleRad_05/red 제외 재시도
  분리실패 → redteam_allround/blue 제외 재시도
  분리실패 → redteam_allround/red 제외 재시도
  분리실패 → B1_EnergyFighter_06/red 제외 재시도
  분리실패 → C3_Lufbery_06/red 제외 재시도
  분리실패 → C3_Lufbery_08/red 제외 재시도
  분리실패 → B1_EnergyFighter_00/red 제외 재시도
  분리실패 → C3_Lufbery_00/red 제외 재시도
  분리실패 → B1_EnergyFighter_08/red 제외 재시도
  분리실패 → B1_EnergyFighter_11/red 제외 재시도
  분리실패 → C3_Lufbery_04/red 제외 재시도
  분리실패 → E1_AdaptiveAce_03/blue 제외 재시도
  분리실패 → E1_AdaptiveAce_11/blue 제외 재시도
Engine location ignored, only thruster location is used.
Engine orientation ignored, only thruster orientation is used.
Engine location ignored, only thruster location is used.
Engine orientation ignored, only thruster orientation is used.
  break 진입틱 E1_AdaptiveAce_03/red t=25.75 → ✓ Δ+20.2
Engine location ignored, only thruster location is used.
Engine orientation ignored, only thruster orientation is used.
Engine location ignored, only thruster location is used.
Engine orientation ignored, only thruster orientation is used.
  break 진입틱 E1_AdaptiveAce_06/blue t=25.65 → ✗ Δ-35.3
Engine location ignored, only thruster location is used.
Engine orientation ignored, only thruster orientation is used.
Engine location ignored, only thruster location is used.
Engine orientation ignored, only thruster orientation is used.
  break 진입틱 E1_AdaptiveAce_11/red t=25.75 → ✓ Δ+10.7
Engine location ignored, only thruster location is used.
Engine orientation ignored, only thruster orientation is used.
Engine location ignored, only thruster location is used.
Engine orientation ignored, only thruster orientation is used.
  break 진입틱 E1_AdaptiveAce_11/red t=25.65 → ✓ Δ+11.5
[규칙 3] break d6 ⊃ ['E1_AdaptiveAce_03/red', 'E1_AdaptiveAce_11/red']
  분리실패 → E2_Passive_01/red 제외 재시도
  분리실패 → E2_Passive_01/blue 제외 재시도
  분리실패 → official_controlzone/blue 제외 재시도
  분리실패 → official_controlzone/red 제외 재시도
  분리실패 → official_headon/red 제외 재시도
  분리실패 → official_headon/blue 제외 재시도
  분리실패 → D3_Scissors_02/red 제외 재시도
  분리실패 → D1_Reactive_06/red 제외 재시도
  분리실패 → C1_TwoCircleRate_03/red 제외 재시도
  분리실패 → C1_TwoCircleRate_04/red 제외 재시도
  분리실패 → C1_TwoCircleRate_05/red 제외 재시도
  분리실패 → C2_OneCircleRad_03/red 제외 재시도
  분리실패 → C2_OneCircleRad_04/red 제외 재시도
  분리실패 → C2_OneCircleRad_05/red 제외 재시도
  분리실패 → redteam_allround/blue 제외 재시도
  분리실패 → B1_EnergyFighter_06/red 제외 재시도
  분리실패 → C3_Lufbery_06/red 제외 재시도
  분리실패 → C3_Lufbery_08/red 제외 재시도
  분리실패 → redteam_allround/red 제외 재시도
  분리실패 → B1_EnergyFighter_00/red 제외 재시도
  분리실패 → C3_Lufbery_00/red 제외 재시도
  분리실패 → B1_EnergyFighter_08/red 제외 재시도
  분리실패 → B1_EnergyFighter_11/red 제외 재시도
  분리실패 → C3_Lufbery_04/red 제외 재시도
  분리실패 → E1_AdaptiveAce_03/blue 제외 재시도
  분리실패 → E1_AdaptiveAce_11/blue 제외 재시도
Engine location ignored, only thruster location is used.
Engine orientation ignored, only thruster orientation is used.
Engine location ignored, only thruster location is used.
Engine orientation ignored, only thruster orientation is used.
  break 진입틱 E1_AdaptiveAce_06/blue t=25.75 → ✗ Δ-35.0
  분리실패 → official_controlzone/red 제외 재시도
  분리실패 → official_controlzone/blue 제외 재시도
  분리실패 → D3_Scissors_01/red 제외 재시도
  분리실패 → D3_Scissors_02/red 제외 재시도
  분리실패 → E2_Passive_01/red 제외 재시도
  분리실패 → E2_Passive_01/blue 제외 재시도
  분리실패 → redteam_allround/blue 제외 재시도
  분리실패 → official_headon/red 제외 재시도
  분리실패 → official_headon/blue 제외 재시도
  분리실패 → D1_Reactive_06/red 제외 재시도
  분리실패 → C1_TwoCircleRate_03/red 제외 재시도
  분리실패 → C1_TwoCircleRate_04/red 제외 재시도
  분리실패 → C1_TwoCircleRate_05/red 제외 재시도
  분리실패 → C2_OneCircleRad_03/red 제외 재시도
  분리실패 → C2_OneCircleRad_04/red 제외 재시도
  분리실패 → C2_OneCircleRad_05/red 제외 재시도
  분리실패 → C3_Lufbery_06/red 제외 재시도
  분리실패 → C3_Lufbery_08/red 제외 재시도
  분리실패 → redteam_allround/red 제외 재시도
  분리실패 → B1_EnergyFighter_06/red 제외 재시도
  분리실패 → E1_AdaptiveAce_03/blue 제외 재시도
  분리실패 → B1_EnergyFighter_00/red 제외 재시도
  분리실패 → C3_Lufbery_00/red 제외 재시도
  분리실패 → B1_EnergyFighter_08/red 제외 재시도
  분리실패 → B1_EnergyFighter_11/red 제외 재시도
  분리실패 → C3_Lufbery_04/red 제외 재시도
  분리실패 → E1_AdaptiveAce_06/blue 제외 재시도
Engine location ignored, only thruster location is used.
Engine orientation ignored, only thruster orientation is used.
Engine location ignored, only thruster location is used.
Engine orientation ignored, only thruster orientation is used.
  extend 진입틱 E1_AdaptiveAce_11/blue t=25.55 → ✓ Δ+5.9
[규칙 4] extend d6 ⊃ ['E1_AdaptiveAce_11/blue']
  분리실패 → official_controlzone/red 제외 재시도
  분리실패 → official_controlzone/blue 제외 재시도
  분리실패 → D3_Scissors_01/red 제외 재시도
  분리실패 → D3_Scissors_02/red 제외 재시도
  분리실패 → E2_Passive_01/red 제외 재시도
  분리실패 → E2_Passive_01/blue 제외 재시도
  분리실패 → redteam_allround/blue 제외 재시도
  분리실패 → official_headon/red 제외 재시도
  분리실패 → official_headon/blue 제외 재시도
  분리실패 → D1_Reactive_06/red 제외 재시도
  분리실패 → C1_TwoCircleRate_03/red 제외 재시도
  분리실패 → C1_TwoCircleRate_04/red 제외 재시도
  분리실패 → C1_TwoCircleRate_05/red 제외 재시도
  분리실패 → C2_OneCircleRad_03/red 제외 재시도
  분리실패 → C2_OneCircleRad_04/red 제외 재시도
  분리실패 → C2_OneCircleRad_05/red 제외 재시도
  분리실패 → C3_Lufbery_06/red 제외 재시도
  분리실패 → C3_Lufbery_08/red 제외 재시도
  분리실패 → redteam_allround/red 제외 재시도
  분리실패 → B1_EnergyFighter_06/red 제외 재시도
  분리실패 → B1_EnergyFighter_08/red 제외 재시도
  분리실패 → B1_EnergyFighter_11/red 제외 재시도
  분리실패 → C3_Lufbery_04/red 제외 재시도
  분리실패 → B1_EnergyFighter_00/red 제외 재시도
  분리실패 → C3_Lufbery_00/red 제외 재시도
Engine location ignored, only thruster location is used.
Engine orientation ignored, only thruster orientation is used.
Engine location ignored, only thruster location is used.
Engine orientation ignored, only thruster orientation is used.
  extend 진입틱 E1_AdaptiveAce_03/blue t=23.55 → ✓ Δ+12.6
Engine location ignored, only thruster location is used.
Engine orientation ignored, only thruster orientation is used.
Engine location ignored, only thruster location is used.
Engine orientation ignored, only thruster orientation is used.
  extend 진입틱 E1_AdaptiveAce_06/blue t=23.55 → ✗ Δ-53.2
Engine location ignored, only thruster location is used.
Engine orientation ignored, only thruster orientation is used.
Engine location ignored, only thruster location is used.
Engine orientation ignored, only thruster orientation is used.
  extend 진입틱 E1_AdaptiveAce_03/blue t=23.85 → ✗ Δ-53.5
  분리실패 → D1_Reactive_06/red 제외 재시도
  분리실패 → C3_Lufbery_06/red 제외 재시도
  분리실패 → C3_Lufbery_08/red 제외 재시도
  분리실패 → official_controlzone/blue 제외 재시도
  분리실패 → official_controlzone/red 제외 재시도
  분리실패 → official_headon/red 제외 재시도
  분리실패 → official_headon/blue 제외 재시도
  분리실패 → E2_Passive_01/red 제외 재시도
  분리실패 → E2_Passive_01/blue 제외 재시도
  분리실패 → D3_Scissors_01/red 제외 재시도
  분리실패 → D3_Scissors_02/red 제외 재시도
  분리실패 → B1_EnergyFighter_06/red 제외 재시도
  분리실패 → redteam_allround/blue 제외 재시도
  분리실패 → E1_AdaptiveAce_03/blue 제외 재시도
  분리실패 → redteam_allround/red 제외 재시도
  분리실패 → C1_TwoCircleRate_03/red 제외 재시도
  분리실패 → C1_TwoCircleRate_04/red 제외 재시도
  분리실패 → C1_TwoCircleRate_05/red 제외 재시도
  분리실패 → C2_OneCircleRad_03/red 제외 재시도
  분리실패 → C2_OneCircleRad_04/red 제외 재시도
  분리실패 → C2_OneCircleRad_05/red 제외 재시도
  분리실패 → E1_AdaptiveAce_06/blue 제외 재시도
  분리실패 → B1_EnergyFighter_00/red 제외 재시도
  분리실패 → C3_Lufbery_00/red 제외 재시도
  분리실패 → B1_EnergyFighter_08/red 제외 재시도
  분리실패 → B1_EnergyFighter_11/red 제외 재시도
  분리불가 → 승리 쌍둥이 ['C3_Lufbery_00/blue', 'C3_Lufbery_04/blue', 'C3_Lufbery_06/blue', 'C3_Lufbery_08/blue'] 공동발화 허용 재시도
  [분리불가] gun_pure ⊃ ['C3_Lufbery_04/red']
[미해결 반례] E2_Passive_01/red — 증인 소진
[미해결 반례] E2_Passive_01/blue — 증인 소진
  분리실패 → official_controlzone/red 제외 재시도
  분리실패 → official_controlzone/blue 제외 재시도
  분리실패 → official_headon/blue 제외 재시도
  분리실패 → official_headon/red 제외 재시도
  분리실패 → D3_Scissors_01/red 제외 재시도
  분리실패 → D3_Scissors_02/red 제외 재시도
  분리실패 → E1_AdaptiveAce_03/blue 제외 재시도
  분리실패 → D1_Reactive_06/red 제외 재시도
  분리실패 → C3_Lufbery_06/red 제외 재시도
  분리실패 → C3_Lufbery_08/red 제외 재시도
  분리실패 → redteam_allround/blue 제외 재시도
  분리실패 → redteam_allround/red 제외 재시도
  분리실패 → E1_AdaptiveAce_06/blue 제외 재시도
  분리실패 → B1_EnergyFighter_00/red 제외 재시도
  분리실패 → C3_Lufbery_00/red 제외 재시도
  분리실패 → B1_EnergyFighter_08/red 제외 재시도
  분리실패 → B1_EnergyFighter_11/red 제외 재시도
  분리실패 → C3_Lufbery_04/red 제외 재시도
  분리실패 → B1_EnergyFighter_06/red 제외 재시도
Engine location ignored, only thruster location is used.
Engine orientation ignored, only thruster orientation is used.
Engine location ignored, only thruster location is used.
Engine orientation ignored, only thruster orientation is used.
  dive 진입틱 C1_TwoCircleRate_03/red t=23.95 → ✓ Δ+64.2
Engine location ignored, only thruster location is used.
Engine orientation ignored, only thruster orientation is used.
Engine location ignored, only thruster location is used.
Engine orientation ignored, only thruster orientation is used.
  dive 진입틱 C1_TwoCircleRate_04/red t=23.95 → ✓ Δ+64.2
Engine location ignored, only thruster location is used.
Engine orientation ignored, only thruster orientation is used.
Engine location ignored, only thruster location is used.
Engine orientation ignored, only thruster orientation is used.
  dive 진입틱 C1_TwoCircleRate_05/red t=23.95 → ✓ Δ+64.2
Engine location ignored, only thruster location is used.
Engine orientation ignored, only thruster orientation is used.
Engine location ignored, only thruster location is used.
Engine orientation ignored, only thruster orientation is used.
  dive 진입틱 C2_OneCircleRad_03/red t=23.95 → ✓ Δ+64.2
Engine location ignored, only thruster location is used.
Engine orientation ignored, only thruster orientation is used.
Engine location ignored, only thruster location is used.
Engine orientation ignored, only thruster orientation is used.
  dive 진입틱 C2_OneCircleRad_04/red t=23.95 → ✓ Δ+64.2
Engine location ignored, only thruster location is used.
Engine orientation ignored, only thruster orientation is used.
Engine location ignored, only thruster location is used.
Engine orientation ignored, only thruster orientation is used.
  dive 진입틱 C2_OneCircleRad_05/red t=23.95 → ✓ Δ+64.2
[규칙 5] dive d6 ⊃ ['C1_TwoCircleRate_03/red', 'C1_TwoCircleRate_04/red', 'C1_TwoCircleRate_05/red', 'C2_OneCircleRad_03/red', 'C2_OneCircleRad_04/red', 'C2_OneCircleRad_05/red']
  분리실패 → official_controlzone/red 제외 재시도
  분리실패 → official_controlzone/blue 제외 재시도
  분리실패 → official_headon/blue 제외 재시도
  분리실패 → official_headon/red 제외 재시도
  분리실패 → D3_Scissors_01/red 제외 재시도
  분리실패 → D3_Scissors_02/red 제외 재시도
  분리실패 → E1_AdaptiveAce_03/blue 제외 재시도
  분리실패 → C3_Lufbery_06/red 제외 재시도
  분리실패 → C3_Lufbery_08/red 제외 재시도
  분리실패 → D1_Reactive_06/red 제외 재시도
  분리실패 → redteam_allround/blue 제외 재시도
  분리실패 → redteam_allround/red 제외 재시도
  분리실패 → E1_AdaptiveAce_06/blue 제외 재시도
  분리실패 → B1_EnergyFighter_08/red 제외 재시도
  분리실패 → B1_EnergyFighter_11/red 제외 재시도
  분리실패 → C3_Lufbery_04/red 제외 재시도
  분리실패 → B1_EnergyFighter_00/red 제외 재시도
  분리실패 → C3_Lufbery_00/red 제외 재시도
  분리불가 → 승리 쌍둥이 ['B1_EnergyFighter_00/blue', 'B1_EnergyFighter_06/blue', 'B1_EnergyFighter_08/blue', 'B1_EnergyFighter_11/blue'] 공동발화 허용 재시도
  [분리불가] dive ⊃ ['B1_EnergyFighter_06/red']
[미해결 반례] C3_Lufbery_08/red — 증인 소진
[미해결 반례] D3_Scissors_02/red — 증인 소진
[미해결 반례] B1_EnergyFighter_06/red — 증인 소진
[미해결 반례] D3_Scissors_01/red — 증인 소진
[미해결 반례] E1_AdaptiveAce_03/blue — 증인 소진
[미해결 반례] B1_EnergyFighter_08/red — 증인 소진
[미해결 반례] E1_AdaptiveAce_06/blue — 증인 소진
[미해결 반례] C3_Lufbery_00/red — 증인 소진
[미해결 반례] C3_Lufbery_04/red — 증인 소진
[미해결 반례] B1_EnergyFighter_11/red — 증인 소진
[미해결 반례] C3_Lufbery_06/red — 증인 소진
[미해결 반례] D1_Reactive_06/red — 증인 소진
[미해결 반례] B1_EnergyFighter_00/red — 증인 소진
  분리실패 → redteam_allround/blue 제외 재시도
  분리실패 → redteam_allround/red 제외 재시도
  분리실패 → official_controlzone/red 제외 재시도
  분리실패 → official_controlzone/blue 제외 재시도
Engine location ignored, only thruster location is used.
Engine orientation ignored, only thruster orientation is used.
Engine location ignored, only thruster location is used.
Engine orientation ignored, only thruster orientation is used.
  climb 진입틱 official_headon/blue t=25.65 → ✓ Δ+27.9
Engine location ignored, only thruster location is used.
Engine orientation ignored, only thruster orientation is used.
Engine location ignored, only thruster location is used.
Engine orientation ignored, only thruster orientation is used.
  climb 진입틱 official_headon/red t=25.65 → ✓ Δ+27.9
[규칙 6] climb d6 ⊃ ['official_headon/blue', 'official_headon/red']
  분리실패 → redteam_allround/blue 제외 재시도
  분리실패 → redteam_allround/red 제외 재시도
  분리실패 → official_controlzone/red 제외 재시도
  분리불가 → 승리 쌍둥이 ['official_attacker/blue', 'official_attacker/red', 'official_default/blue', 'official_default/red'] 공동발화 허용 재시도
  [분리불가] climb ⊃ ['official_controlzone/blue']
  분리실패 → redteam_allround/blue 제외 재시도
  분리실패 → redteam_allround/red 제외 재시도
  분리실패 → official_controlzone/red 제외 재시도
  분리불가 → 승리 쌍둥이 ['official_attacker/blue', 'official_attacker/red', 'official_default/blue', 'official_default/red'] 공동발화 허용 재시도
  [분리불가] e_extend ⊃ ['official_controlzone/blue']
  분리실패 → redteam_allround/blue 제외 재시도
  분리실패 → redteam_allround/red 제외 재시도
  분리실패 → official_controlzone/red 제외 재시도
  분리불가 → 승리 쌍둥이 ['official_attacker/blue', 'official_attacker/red', 'official_default/blue', 'official_default/red'] 공동발화 허용 재시도
  [분리불가] lag ⊃ ['official_controlzone/blue']
  분리실패 → official_controlzone/red 제외 재시도
  분리실패 → official_controlzone/blue 제외 재시도
Engine location ignored, only thruster location is used.
Engine orientation ignored, only thruster orientation is used.
Engine location ignored, only thruster location is used.
Engine orientation ignored, only thruster orientation is used.
  unload 진입틱 redteam_allround/blue t=21.65 → ✓ Δ+40.2
Engine location ignored, only thruster location is used.
Engine orientation ignored, only thruster orientation is used.
Engine location ignored, only thruster location is used.
Engine orientation ignored, only thruster orientation is used.
  unload 진입틱 redteam_allround/red t=21.65 → ✓ Δ+39.8
[규칙 7] unload d6 ⊃ ['redteam_allround/blue', 'redteam_allround/red']
  분리실패 → official_controlzone/red 제외 재시도
  분리불가 → 승리 쌍둥이 ['official_attacker/blue', 'official_attacker/red', 'official_default/blue', 'official_default/red'] 공동발화 허용 재시도
  [분리불가] unload ⊃ ['official_controlzone/blue']
[미해결 반례] official_controlzone/red — 증인 소진
[미해결 반례] official_controlzone/blue — 증인 소진

규칙 7개 저장: C:\Users\USER\Desktop\AI-pilot\core2\research\data\blueteam\daemon_t1s8d_r1_rel.json
미피복: 없음(전 반례 피복)
