표적 30개, 증인 727개
  분리실패 → official_controlzone/blue 제외 재시도
  분리실패 → official_controlzone/red 제외 재시도
  분리실패 → E2_Passive_01/blue 제외 재시도
  분리실패 → E2_Passive_01/red 제외 재시도
  분리실패 → D3_Scissors_00/red 제외 재시도
  분리실패 → D3_Scissors_01/red 제외 재시도
  분리실패 → official_headon/blue 제외 재시도
  분리실패 → official_headon/red 제외 재시도
  분리실패 → D1_Reactive_06/red 제외 재시도
  분리실패 → E1_AdaptiveAce_11/blue 제외 재시도
  분리실패 → C3_Lufbery_06/red 제외 재시도
  분리실패 → C3_Lufbery_08/red 제외 재시도
  분리실패 → E1_AdaptiveAce_06/blue 제외 재시도
  분리실패 → C1_TwoCircleRate_03/red 제외 재시도
  분리실패 → C1_TwoCircleRate_04/red 제외 재시도
  분리실패 → C2_OneCircleRad_03/red 제외 재시도
  분리실패 → C2_OneCircleRad_04/red 제외 재시도
  분리실패 → C2_OneCircleRad_05/red 제외 재시도
  분리실패 → E1_AdaptiveAce_11/red 제외 재시도
  분리실패 → anchor_ace/blue 제외 재시도
  분리실패 → official_twocircle/blue 제외 재시도
  분리실패 → official_twocircle/red 제외 재시도


     JSBSim Flight Dynamics Model v1.3.1 [GitHub build 1837/commit 3b25f25e49b42d0489c04ac805674fc1450ca579] May 17 2026 14:28:34
            [JSBSim-ML v2.0]

JSBSim startup beginning ...

Engine location ignored, only thruster location is used.
Engine orientation ignored, only thruster orientation is used.
Engine location ignored, only thruster location is used.
Engine orientation ignored, only thruster orientation is used.
  break 진입틱 B1_EnergyFighter_03/red t=31.95 → ✓ Δ+3.9
Engine location ignored, only thruster location is used.
Engine orientation ignored, only thruster orientation is used.
Engine location ignored, only thruster location is used.
Engine orientation ignored, only thruster orientation is used.
  break 진입틱 B1_EnergyFighter_06/red t=32.05 → ✓ Δ+0.3
Engine location ignored, only thruster location is used.
Engine orientation ignored, only thruster orientation is used.
Engine location ignored, only thruster location is used.
Engine orientation ignored, only thruster orientation is used.
  break 진입틱 B1_EnergyFighter_08/red t=32.05 → ✓ Δ+0.3
Engine location ignored, only thruster location is used.
Engine orientation ignored, only thruster orientation is used.
Engine location ignored, only thruster location is used.
Engine orientation ignored, only thruster orientation is used.
  break 진입틱 B1_EnergyFighter_11/red t=32.05 → ✓ Δ+0.3
Engine location ignored, only thruster location is used.
Engine orientation ignored, only thruster orientation is used.
Engine location ignored, only thruster location is used.
Engine orientation ignored, only thruster orientation is used.
  break 진입틱 C3_Lufbery_00/red t=31.95 → ✓ Δ+3.9
Engine location ignored, only thruster location is used.
Engine orientation ignored, only thruster orientation is used.
Engine location ignored, only thruster location is used.
Engine orientation ignored, only thruster orientation is used.
  break 진입틱 C3_Lufbery_02/red t=31.95 → ✓ Δ+3.9
Engine location ignored, only thruster location is used.
Engine orientation ignored, only thruster orientation is used.
Engine location ignored, only thruster location is used.
Engine orientation ignored, only thruster orientation is used.
  break 진입틱 E1_AdaptiveAce_00/blue t=31.75 → ✓ Δ+14.0
Engine location ignored, only thruster location is used.
Engine orientation ignored, only thruster orientation is used.
Engine location ignored, only thruster location is used.
Engine orientation ignored, only thruster orientation is used.
  break 진입틱 E1_AdaptiveAce_08/blue t=31.85 → ✓ Δ+20.8
[규칙 1] break d6 ⊃ ['B1_EnergyFighter_03/red', 'B1_EnergyFighter_06/red', 'B1_EnergyFighter_08/red', 'B1_EnergyFighter_11/red', 'C3_Lufbery_00/red', 'C3_Lufbery_02/red', 'E1_AdaptiveAce_00/blue', 'E1_AdaptiveAce_08/blue']
  분리실패 → official_controlzone/blue 제외 재시도
  분리실패 → official_controlzone/red 제외 재시도
  분리실패 → E2_Passive_01/blue 제외 재시도
  분리실패 → E2_Passive_01/red 제외 재시도
  분리실패 → D1_Reactive_06/red 제외 재시도
  분리실패 → D3_Scissors_00/red 제외 재시도
  분리실패 → D3_Scissors_01/red 제외 재시도
  분리실패 → official_headon/blue 제외 재시도
  분리실패 → official_headon/red 제외 재시도
  분리실패 → E1_AdaptiveAce_11/blue 제외 재시도
  분리실패 → E1_AdaptiveAce_06/blue 제외 재시도
  분리실패 → C3_Lufbery_06/red 제외 재시도
  분리실패 → C3_Lufbery_08/red 제외 재시도
  분리실패 → E1_AdaptiveAce_11/red 제외 재시도
  분리실패 → C1_TwoCircleRate_03/red 제외 재시도
  분리실패 → C1_TwoCircleRate_04/red 제외 재시도
  분리실패 → C2_OneCircleRad_03/red 제외 재시도
  분리실패 → C2_OneCircleRad_04/red 제외 재시도
  분리실패 → C2_OneCircleRad_05/red 제외 재시도
Engine location ignored, only thruster location is used.
Engine orientation ignored, only thruster orientation is used.
Engine location ignored, only thruster location is used.
Engine orientation ignored, only thruster orientation is used.
  break 진입틱 anchor_ace/blue t=28.55 → ✓ Δ+13.3
Engine location ignored, only thruster location is used.
Engine orientation ignored, only thruster orientation is used.
Engine location ignored, only thruster location is used.
Engine orientation ignored, only thruster orientation is used.
  break 진입틱 official_twocircle/blue t=31.85 → ✓ Δ+26.8
Engine location ignored, only thruster location is used.
Engine orientation ignored, only thruster orientation is used.
Engine location ignored, only thruster location is used.
Engine orientation ignored, only thruster orientation is used.
  break 진입틱 official_twocircle/red t=31.85 → ✓ Δ+26.5
[규칙 2] break d6 ⊃ ['anchor_ace/blue', 'official_twocircle/blue', 'official_twocircle/red']
  분리실패 → official_controlzone/blue 제외 재시도
  분리실패 → E2_Passive_01/blue 제외 재시도
  분리실패 → E2_Passive_01/red 제외 재시도
  분리실패 → official_controlzone/red 제외 재시도
  분리실패 → D1_Reactive_06/red 제외 재시도
  분리실패 → D3_Scissors_00/red 제외 재시도
  분리실패 → D3_Scissors_01/red 제외 재시도
  분리실패 → E1_AdaptiveAce_11/blue 제외 재시도
  분리실패 → official_headon/blue 제외 재시도
  분리실패 → official_headon/red 제외 재시도
  분리실패 → E1_AdaptiveAce_06/blue 제외 재시도
  분리실패 → C3_Lufbery_06/red 제외 재시도
  분리실패 → C3_Lufbery_08/red 제외 재시도
  분리실패 → E1_AdaptiveAce_11/red 제외 재시도
Engine location ignored, only thruster location is used.
Engine orientation ignored, only thruster orientation is used.
Engine location ignored, only thruster location is used.
Engine orientation ignored, only thruster orientation is used.
  break 진입틱 C1_TwoCircleRate_03/red t=31.95 → ✓ Δ+18.0
Engine location ignored, only thruster location is used.
Engine orientation ignored, only thruster orientation is used.
Engine location ignored, only thruster location is used.
Engine orientation ignored, only thruster orientation is used.
  break 진입틱 C1_TwoCircleRate_04/red t=31.95 → ✓ Δ+18.0
Engine location ignored, only thruster location is used.
Engine orientation ignored, only thruster orientation is used.
Engine location ignored, only thruster location is used.
Engine orientation ignored, only thruster orientation is used.
  break 진입틱 C2_OneCircleRad_03/red t=31.95 → ✓ Δ+18.0
Engine location ignored, only thruster location is used.
Engine orientation ignored, only thruster orientation is used.
Engine location ignored, only thruster location is used.
Engine orientation ignored, only thruster orientation is used.
  break 진입틱 C2_OneCircleRad_04/red t=31.95 → ✓ Δ+18.0
Engine location ignored, only thruster location is used.
Engine orientation ignored, only thruster orientation is used.
Engine location ignored, only thruster location is used.
Engine orientation ignored, only thruster orientation is used.
  break 진입틱 C2_OneCircleRad_05/red t=31.95 → ✓ Δ+18.0
[규칙 3] break d6 ⊃ ['C1_TwoCircleRate_03/red', 'C1_TwoCircleRate_04/red', 'C2_OneCircleRad_03/red', 'C2_OneCircleRad_04/red', 'C2_OneCircleRad_05/red']
  분리실패 → official_controlzone/blue 제외 재시도
  분리실패 → E2_Passive_01/blue 제외 재시도
  분리실패 → E2_Passive_01/red 제외 재시도
  분리실패 → official_controlzone/red 제외 재시도
  분리실패 → E1_AdaptiveAce_06/blue 제외 재시도
  분리실패 → E1_AdaptiveAce_11/blue 제외 재시도
  분리실패 → E1_AdaptiveAce_11/red 제외 재시도
  분리실패 → D1_Reactive_06/red 제외 재시도
  분리실패 → D3_Scissors_00/red 제외 재시도
  분리실패 → D3_Scissors_01/red 제외 재시도
  분리실패 → official_headon/red 제외 재시도
  분리실패 → official_headon/blue 제외 재시도
  분리실패 → C3_Lufbery_06/red 제외 재시도
  분리불가 → 승리 쌍둥이 ['C3_Lufbery_00/blue', 'C3_Lufbery_02/blue', 'C3_Lufbery_06/blue', 'C3_Lufbery_08/blue'] 공동발화 허용 재시도
  [분리불가] break ⊃ ['C3_Lufbery_08/red']
  분리실패 → E2_Passive_01/red 제외 재시도
  분리실패 → E2_Passive_01/blue 제외 재시도
  분리실패 → official_controlzone/blue 제외 재시도
  분리실패 → official_headon/blue 제외 재시도
  분리실패 → official_controlzone/red 제외 재시도
  분리실패 → official_headon/red 제외 재시도
  분리실패 → D1_Reactive_06/red 제외 재시도
  분리실패 → D3_Scissors_00/red 제외 재시도
  분리실패 → D3_Scissors_01/red 제외 재시도
  분리실패 → E1_AdaptiveAce_11/red 제외 재시도
  분리실패 → E1_AdaptiveAce_11/blue 제외 재시도
  분리실패 → C3_Lufbery_06/red 제외 재시도
  분리실패 → C3_Lufbery_08/red 제외 재시도
Engine location ignored, only thruster location is used.
Engine orientation ignored, only thruster orientation is used.
Engine location ignored, only thruster location is used.
Engine orientation ignored, only thruster orientation is used.
  extend 진입틱 E1_AdaptiveAce_06/blue t=28.55 → ✓ Δ+8.8
[규칙 4] extend d6 ⊃ ['E1_AdaptiveAce_06/blue']
  분리실패 → E2_Passive_01/red 제외 재시도
  분리실패 → E2_Passive_01/blue 제외 재시도
  분리실패 → D1_Reactive_06/red 제외 재시도
  분리실패 → D3_Scissors_00/red 제외 재시도
  분리실패 → D3_Scissors_01/red 제외 재시도
  분리실패 → official_controlzone/red 제외 재시도
  분리실패 → official_headon/red 제외 재시도
  분리실패 → official_controlzone/blue 제외 재시도
  분리실패 → official_headon/blue 제외 재시도
  분리실패 → E1_AdaptiveAce_11/red 제외 재시도
  분리실패 → E1_AdaptiveAce_11/blue 제외 재시도
  분리실패 → C3_Lufbery_06/red 제외 재시도
  분리불가 → 승리 쌍둥이 ['C3_Lufbery_00/blue', 'C3_Lufbery_02/blue', 'C3_Lufbery_06/blue', 'C3_Lufbery_08/blue'] 공동발화 허용 재시도
  [분리불가] extend ⊃ ['C3_Lufbery_08/red']
  분리실패 → D3_Scissors_01/red 제외 재시도
  분리실패 → D3_Scissors_00/red 제외 재시도
  분리실패 → official_controlzone/blue 제외 재시도
  분리실패 → official_controlzone/red 제외 재시도
  분리실패 → E2_Passive_01/red 제외 재시도
  분리실패 → E2_Passive_01/blue 제외 재시도
  분리실패 → official_headon/red 제외 재시도
  분리실패 → official_headon/blue 제외 재시도
  분리실패 → D1_Reactive_06/red 제외 재시도
  분리실패 → E1_AdaptiveAce_11/blue 제외 재시도
  분리실패 → E1_AdaptiveAce_11/red 제외 재시도
Engine location ignored, only thruster location is used.
Engine orientation ignored, only thruster orientation is used.
Engine location ignored, only thruster location is used.
Engine orientation ignored, only thruster orientation is used.
  gun_pure 진입틱 C3_Lufbery_06/red t=33.85 → ✓ Δ+9.2
Engine location ignored, only thruster location is used.
Engine orientation ignored, only thruster orientation is used.
Engine location ignored, only thruster location is used.
Engine orientation ignored, only thruster orientation is used.
  gun_pure 진입틱 C3_Lufbery_08/red t=33.85 → ✓ Δ+9.2
[규칙 5] gun_pure d6 ⊃ ['C3_Lufbery_06/red', 'C3_Lufbery_08/red']
  분리실패 → D3_Scissors_01/red 제외 재시도
  분리실패 → D3_Scissors_00/red 제외 재시도
  분리실패 → official_controlzone/blue 제외 재시도
  분리실패 → official_controlzone/red 제외 재시도
  분리실패 → E2_Passive_01/red 제외 재시도
  분리실패 → E2_Passive_01/blue 제외 재시도
  분리실패 → D1_Reactive_06/red 제외 재시도
Engine location ignored, only thruster location is used.
Engine orientation ignored, only thruster orientation is used.
Engine location ignored, only thruster location is used.
Engine orientation ignored, only thruster orientation is used.
  gun_pure 진입틱 E1_AdaptiveAce_11/blue t=32.05 → ✗ Δ-8.2
Engine location ignored, only thruster location is used.
Engine orientation ignored, only thruster orientation is used.
Engine location ignored, only thruster location is used.
Engine orientation ignored, only thruster orientation is used.
  gun_pure 진입틱 E1_AdaptiveAce_11/red t=31.05 → ✓ Δ+26.7
Engine location ignored, only thruster location is used.
Engine orientation ignored, only thruster orientation is used.
Engine location ignored, only thruster location is used.
Engine orientation ignored, only thruster orientation is used.
  gun_pure 진입틱 official_headon/blue t=29.75 → ✗ Δ-27.9
Engine location ignored, only thruster location is used.
Engine orientation ignored, only thruster orientation is used.
Engine location ignored, only thruster location is used.
Engine orientation ignored, only thruster orientation is used.
  gun_pure 진입틱 official_headon/red t=29.75 → ✗ Δ-27.9
Engine location ignored, only thruster location is used.
Engine orientation ignored, only thruster orientation is used.
Engine location ignored, only thruster location is used.
Engine orientation ignored, only thruster orientation is used.
  gun_pure 진입틱 E1_AdaptiveAce_11/red t=31.85 → ✓ Δ+11.6
[규칙 6] gun_pure d6 ⊃ ['E1_AdaptiveAce_11/red']
  분리실패 → D3_Scissors_01/red 제외 재시도
  분리실패 → D3_Scissors_00/red 제외 재시도
  분리실패 → D1_Reactive_06/red 제외 재시도
  분리실패 → official_controlzone/blue 제외 재시도
  분리실패 → official_controlzone/red 제외 재시도
Engine location ignored, only thruster location is used.
Engine orientation ignored, only thruster orientation is used.
Engine location ignored, only thruster location is used.
Engine orientation ignored, only thruster orientation is used.
  gun_pure 진입틱 E1_AdaptiveAce_11/blue t=31.85 → ✓ Δ+17.9
Engine location ignored, only thruster location is used.
Engine orientation ignored, only thruster orientation is used.
Engine location ignored, only thruster location is used.
Engine orientation ignored, only thruster orientation is used.
  gun_pure 진입틱 E2_Passive_01/blue t=25.65 → ✓ Δ+3.2
Engine location ignored, only thruster location is used.
Engine orientation ignored, only thruster orientation is used.
Engine location ignored, only thruster location is used.
Engine orientation ignored, only thruster orientation is used.
  gun_pure 진입틱 E2_Passive_01/red t=25.65 → ✓ Δ+2.7
Engine location ignored, only thruster location is used.
Engine orientation ignored, only thruster orientation is used.
Engine location ignored, only thruster location is used.
Engine orientation ignored, only thruster orientation is used.
  gun_pure 진입틱 official_headon/blue t=29.25 → ✗ Δ-27.9
Engine location ignored, only thruster location is used.
Engine orientation ignored, only thruster orientation is used.
Engine location ignored, only thruster location is used.
Engine orientation ignored, only thruster orientation is used.
  gun_pure 진입틱 official_headon/red t=29.25 → ✗ Δ-27.9
[규칙 7] gun_pure d6 ⊃ ['E1_AdaptiveAce_11/blue', 'E2_Passive_01/blue', 'E2_Passive_01/red']
  분리실패 → D3_Scissors_00/red 제외 재시도
  분리실패 → D3_Scissors_01/red 제외 재시도
Engine location ignored, only thruster location is used.
Engine orientation ignored, only thruster orientation is used.
Engine location ignored, only thruster location is used.
Engine orientation ignored, only thruster orientation is used.
  dive 진입틱 D1_Reactive_06/red t=35.85 → ✓ Δ+38.6
Engine location ignored, only thruster location is used.
Engine orientation ignored, only thruster orientation is used.
Engine location ignored, only thruster location is used.
Engine orientation ignored, only thruster orientation is used.
  dive 진입틱 official_controlzone/blue t=13.65 → ✓ Δ+59.9
Engine location ignored, only thruster location is used.
Engine orientation ignored, only thruster orientation is used.
Engine location ignored, only thruster location is used.
Engine orientation ignored, only thruster orientation is used.
  dive 진입틱 official_controlzone/red t=13.65 → ✓ Δ+59.1
Engine location ignored, only thruster location is used.
Engine orientation ignored, only thruster orientation is used.
Engine location ignored, only thruster location is used.
Engine orientation ignored, only thruster orientation is used.
  dive 진입틱 official_headon/blue t=13.65 → ✓ Δ+51.4
Engine location ignored, only thruster location is used.
Engine orientation ignored, only thruster orientation is used.
Engine location ignored, only thruster location is used.
Engine orientation ignored, only thruster orientation is used.
  dive 진입틱 official_headon/red t=13.65 → ✓ Δ+62.7
[규칙 8] dive d6 ⊃ ['D1_Reactive_06/red', 'official_controlzone/blue', 'official_controlzone/red', 'official_headon/blue', 'official_headon/red']
  분리실패 → D3_Scissors_01/red 제외 재시도
Engine location ignored, only thruster location is used.
Engine orientation ignored, only thruster orientation is used.
Engine location ignored, only thruster location is used.
Engine orientation ignored, only thruster orientation is used.
  dive 진입틱 D3_Scissors_00/red t=55.15 → ✓ Δ+27.2
[규칙 9] dive d6 ⊃ ['D3_Scissors_00/red']
  분리불가 → 승리 쌍둥이 ['D3_Scissors_00/blue', 'D3_Scissors_01/blue'] 공동발화 허용 재시도
  [분리불가] dive ⊃ ['D3_Scissors_01/red']
  분리불가 → 승리 쌍둥이 ['D3_Scissors_00/blue', 'D3_Scissors_01/blue'] 공동발화 허용 재시도
  [분리불가] gun_pure ⊃ ['D3_Scissors_01/red']
[미해결 반례] D3_Scissors_01/red — 증인 소진

규칙 9개 저장: C:\Users\USER\Desktop\AI-pilot\core2\research\data\blueteam\daemon_t1s7g_r1_rel.json
미피복: 없음(전 반례 피복)
