표적 18개, 증인 322개
  분리실패 → E2_Passive_01/red 제외 재시도
  분리실패 → E2_Passive_01/blue 제외 재시도
  분리실패 → official_headon/red 제외 재시도
  분리실패 → official_headon/blue 제외 재시도
  분리실패 → official_controlzone/blue 제외 재시도
  분리실패 → official_controlzone/red 제외 재시도
  분리실패 → D3_Scissors_02/red 제외 재시도
  분리실패 → redteam_allround/blue 제외 재시도
  분리실패 → redteam_allround/red 제외 재시도
  분리실패 → D1_Reactive_06/red 제외 재시도
  분리실패 → B1_EnergyFighter_08/red 제외 재시도
  분리실패 → B1_EnergyFighter_11/red 제외 재시도
  분리실패 → C3_Lufbery_04/red 제외 재시도
  분리실패 → B1_EnergyFighter_06/red 제외 재시도
  분리실패 → C3_Lufbery_06/red 제외 재시도
  분리실패 → C3_Lufbery_08/red 제외 재시도


     JSBSim Flight Dynamics Model v1.3.1 [GitHub build 1837/commit 3b25f25e49b42d0489c04ac805674fc1450ca579] May 17 2026 14:28:34
            [JSBSim-ML v2.0]

JSBSim startup beginning ...

Engine location ignored, only thruster location is used.
Engine orientation ignored, only thruster orientation is used.
Engine location ignored, only thruster location is used.
Engine orientation ignored, only thruster orientation is used.
  break 진입틱 E1_AdaptiveAce_06/blue t=25.75 → ✗ Δ-35.0
  분리실패 → redteam_allround/blue 제외 재시도
  분리실패 → E2_Passive_01/red 제외 재시도
  분리실패 → E2_Passive_01/blue 제외 재시도
  분리실패 → official_controlzone/blue 제외 재시도
  분리실패 → official_controlzone/red 제외 재시도
  분리실패 → official_headon/red 제외 재시도
  분리실패 → official_headon/blue 제외 재시도
  분리실패 → D1_Reactive_06/red 제외 재시도
  분리실패 → D3_Scissors_01/red 제외 재시도
  분리실패 → D3_Scissors_02/red 제외 재시도
  분리실패 → C3_Lufbery_06/red 제외 재시도
  분리실패 → C3_Lufbery_08/red 제외 재시도
  분리실패 → redteam_allround/red 제외 재시도
  분리실패 → B1_EnergyFighter_08/red 제외 재시도
  분리실패 → B1_EnergyFighter_11/red 제외 재시도
  분리실패 → C3_Lufbery_04/red 제외 재시도
  분리실패 → E1_AdaptiveAce_06/blue 제외 재시도
  분리불가 → 승리 쌍둥이 ['B1_EnergyFighter_00/blue', 'B1_EnergyFighter_00/red', 'B1_EnergyFighter_06/blue', 'B1_EnergyFighter_08/blue', 'B1_EnergyFighter_11/blue'] 공동발화 허용 재시도
  [분리불가] extend ⊃ ['B1_EnergyFighter_06/red']
  분리실패 → C3_Lufbery_06/red 제외 재시도
  분리실패 → C3_Lufbery_08/red 제외 재시도
  분리실패 → official_controlzone/blue 제외 재시도
  분리실패 → official_controlzone/red 제외 재시도
  분리실패 → official_headon/red 제외 재시도
  분리실패 → official_headon/blue 제외 재시도
  분리실패 → E2_Passive_01/red 제외 재시도
  분리실패 → E2_Passive_01/blue 제외 재시도
  분리실패 → D3_Scissors_01/red 제외 재시도
  분리실패 → D3_Scissors_02/red 제외 재시도
  분리실패 → D1_Reactive_06/red 제외 재시도
  분리실패 → redteam_allround/blue 제외 재시도
  분리실패 → redteam_allround/red 제외 재시도
  분리실패 → B1_EnergyFighter_08/red 제외 재시도
  분리실패 → B1_EnergyFighter_11/red 제외 재시도
  분리실패 → C3_Lufbery_04/red 제외 재시도
  분리실패 → B1_EnergyFighter_06/red 제외 재시도
Engine location ignored, only thruster location is used.
Engine orientation ignored, only thruster orientation is used.
Engine location ignored, only thruster location is used.
Engine orientation ignored, only thruster orientation is used.
  gun_pure 진입틱 E1_AdaptiveAce_06/blue t=25.75 → ✗ Δ-29.1
[미해결 반례] E2_Passive_01/red — 증인 소진
[미해결 반례] official_controlzone/red — 증인 소진
[미해결 반례] E2_Passive_01/blue — 증인 소진
[미해결 반례] official_controlzone/blue — 증인 소진
  분리실패 → official_headon/blue 제외 재시도
  분리실패 → official_headon/red 제외 재시도
  분리실패 → D3_Scissors_01/red 제외 재시도
  분리실패 → D3_Scissors_02/red 제외 재시도
  분리실패 → C3_Lufbery_06/red 제외 재시도
  분리실패 → C3_Lufbery_08/red 제외 재시도
  분리실패 → D1_Reactive_06/red 제외 재시도
  분리실패 → redteam_allround/blue 제외 재시도
  분리실패 → redteam_allround/red 제외 재시도
  분리실패 → E1_AdaptiveAce_06/blue 제외 재시도
  분리실패 → B1_EnergyFighter_08/red 제외 재시도
  분리실패 → B1_EnergyFighter_11/red 제외 재시도
  분리실패 → C3_Lufbery_04/red 제외 재시도
  분리불가 → 승리 쌍둥이 ['B1_EnergyFighter_00/blue', 'B1_EnergyFighter_00/red', 'B1_EnergyFighter_06/blue', 'B1_EnergyFighter_08/blue', 'B1_EnergyFighter_11/blue'] 공동발화 허용 재시도
  [분리불가] dive ⊃ ['B1_EnergyFighter_06/red']
[미해결 반례] C3_Lufbery_08/red — 증인 소진
[미해결 반례] D3_Scissors_02/red — 증인 소진
[미해결 반례] C3_Lufbery_06/red — 증인 소진
[미해결 반례] redteam_allround/blue — 증인 소진
[미해결 반례] B1_EnergyFighter_06/red — 증인 소진
[미해결 반례] D3_Scissors_01/red — 증인 소진
[미해결 반례] redteam_allround/red — 증인 소진
[미해결 반례] official_headon/blue — 증인 소진
[미해결 반례] B1_EnergyFighter_08/red — 증인 소진
[미해결 반례] E1_AdaptiveAce_06/blue — 증인 소진
[미해결 반례] C3_Lufbery_04/red — 증인 소진
[미해결 반례] D1_Reactive_06/red — 증인 소진
[미해결 반례] B1_EnergyFighter_11/red — 증인 소진
[미해결 반례] official_headon/red — 증인 소진

규칙 0개 저장: C:\Users\USER\Desktop\AI-pilot\core2\research\data\blueteam\daemon_t1s8_r1_abs.json
미피복: 없음(전 반례 피복)
